yarn run v1.22.22
$ craco test --watchAll=false
FAIL src/__tests__/setup/dependencies.test.ts
  ● Starknet Dependencies › should import @starknet-react/chains without errors

    Jest encountered an unexpected token

    This usually means that you are trying to import a file which Jest cannot parse, e.g. it's not plain JavaScript.

    By default, if Jest sees a Babel config, it will use that to transform your files, ignoring "node_modules".

    Here's what you can do:
     • If you are trying to use ECMAScript Modules, see https://jestjs.io/docs/en/ecmascript-modules for how to enable it.
     • To have some of your "node_modules" files transformed, you can specify a custom "transformIgnorePatterns" in your config.
     • If you need a custom transformation specify a "transform" option in your config.
     • If you simply want to mock your non-JS modules (e.g. binary assets) you can stub them out with the "moduleNameMapper" config option.

    You'll find more details and examples of these config options in the docs:
    https://jestjs.io/docs/en/configuration.html

    Details:

    /Users/leonardosaturnino/Documents/GitHub/token-dashboard/node_modules/@starknet-react/chains/dist/index.js:142
    export {
    ^^^^^^

    SyntaxError: Unexpected token 'export'

      16 |
      17 |   it("should import @starknet-react/chains without errors", async () => {
    > 18 |     const chains = await import("@starknet-react/chains")
         |                    ^
      19 |     expect(chains).toBeDefined()
      20 |     expect(chains.mainnet).toBeDefined()
      21 |     // Note: goerli was deprecated, checking for sepolia instead

      at Runtime.createScriptFromCode (node_modules/jest-runtime/build/index.js:1350:14)
      at src/__tests__/setup/dependencies.test.ts:18:20
      at Object.<anonymous> (src/__tests__/setup/dependencies.test.ts:18:20)

  ● Starknet Dependencies › should import @starknet-react/core without errors

    Jest encountered an unexpected token

    This usually means that you are trying to import a file which Jest cannot parse, e.g. it's not plain JavaScript.

    By default, if Jest sees a Babel config, it will use that to transform your files, ignoring "node_modules".

    Here's what you can do:
     • If you are trying to use ECMAScript Modules, see https://jestjs.io/docs/en/ecmascript-modules for how to enable it.
     • To have some of your "node_modules" files transformed, you can specify a custom "transformIgnorePatterns" in your config.
     • If you need a custom transformation specify a "transform" option in your config.
     • If you simply want to mock your non-JS modules (e.g. binary assets) you can stub them out with the "moduleNameMapper" config option.

    You'll find more details and examples of these config options in the docs:
    https://jestjs.io/docs/en/configuration.html

    Details:

    /Users/leonardosaturnino/Documents/GitHub/token-dashboard/node_modules/@starknet-react/core/dist/index.js:6
    import EventEmitter from "eventemitter3";
    ^^^^^^

    SyntaxError: Cannot use import statement outside a module

      24 |
      25 |   it("should import @starknet-react/core without errors", async () => {
    > 26 |     const core = await import("@starknet-react/core")
         |                  ^
      27 |     expect(core).toBeDefined()
      28 |     expect(core.StarknetConfig).toBeDefined()
      29 |     expect(core.useAccount).toBeDefined()

      at Runtime.createScriptFromCode (node_modules/jest-runtime/build/index.js:1350:14)
      at src/__tests__/setup/dependencies.test.ts:26:18
      at Object.<anonymous> (src/__tests__/setup/dependencies.test.ts:26:18)

PASS src/pages/tBTC/Bridge/Minting/__tests__/InitiateMinting.StarkNet.test.tsx
FAIL src/components/Navbar/__tests__/NavbarComponent.test.tsx
  ● Console

    console.error
      Warning: React.jsx: type is invalid -- expected a string (for built-in components) or a class/function (for composite components) but got: undefined. You likely forgot to export your component from the file it's defined in, or you might have mixed up default and named imports.
      
      Check your code at NavbarComponent.test.tsx:69.

      67 |       <ChakraProvider>
      68 |         <MemoryRouter>
    > 69 |           <MockStarknetProvider value={starknetValue}>
         |           ^
      70 |             <NavbarComponent {...defaultProps} {...props} />
      71 |           </MockStarknetProvider>
      72 |         </MemoryRouter>

      at printWarning (node_modules/react/cjs/react-jsx-dev-runtime.development.js:117:30)
      at error (node_modules/react/cjs/react-jsx-dev-runtime.development.js:93:5)
      at jsxWithValidation (node_modules/react/cjs/react-jsx-dev-runtime.development.js:1152:7)
      at renderComponent (src/components/Navbar/__tests__/NavbarComponent.test.tsx:69:11)
      at Object.<anonymous> (src/components/Navbar/__tests__/NavbarComponent.test.tsx:82:5)

    console.error
      Error: Uncaught [Error: Element type is invalid: expected a string (for built-in components) or a class/function (for composite components) but got: undefined. You likely forgot to export your component from the file it's defined in, or you might have mixed up default and named imports.]
          at reportException (/Users/leonardosaturnino/Documents/GitHub/token-dashboard/node_modules/jsdom/lib/jsdom/living/helpers/runtime-script-errors.js:66:24)
          at innerInvokeEventListeners (/Users/leonardosaturnino/Documents/GitHub/token-dashboard/node_modules/jsdom/lib/jsdom/living/events/EventTarget-impl.js:341:9)
          at invokeEventListeners (/Users/leonardosaturnino/Documents/GitHub/token-dashboard/node_modules/jsdom/lib/jsdom/living/events/EventTarget-impl.js:274:3)
          at HTMLUnknownElementImpl._dispatch (/Users/leonardosaturnino/Documents/GitHub/token-dashboard/node_modules/jsdom/lib/jsdom/living/events/EventTarget-impl.js:221:9)
          at HTMLUnknownElementImpl.dispatchEvent (/Users/leonardosaturnino/Documents/GitHub/token-dashboard/node_modules/jsdom/lib/jsdom/living/events/EventTarget-impl.js:94:17)
          at HTMLUnknownElement.dispatchEvent (/Users/leonardosaturnino/Documents/GitHub/token-dashboard/node_modules/jsdom/lib/jsdom/living/generated/EventTarget.js:231:34)
          at Object.invokeGuardedCallbackDev (/Users/leonardosaturnino/Documents/GitHub/token-dashboard/node_modules/react-dom/cjs/react-dom.development.js:3994:16)
          at invokeGuardedCallback (/Users/leonardosaturnino/Documents/GitHub/token-dashboard/node_modules/react-dom/cjs/react-dom.development.js:4056:31)
          at beginWork$1 (/Users/leonardosaturnino/Documents/GitHub/token-dashboard/node_modules/react-dom/cjs/react-dom.development.js:23964:7)
          at performUnitOfWork (/Users/leonardosaturnino/Documents/GitHub/token-dashboard/node_modules/react-dom/cjs/react-dom.development.js:22779:12) Error: Element type is invalid: expected a string (for built-in components) or a class/function (for composite components) but got: undefined. You likely forgot to export your component from the file it's defined in, or you might have mixed up default and named imports.
          at createFiberFromTypeAndProps (/Users/leonardosaturnino/Documents/GitHub/token-dashboard/node_modules/react-dom/cjs/react-dom.development.js:25058:21)
          at createFiberFromElement (/Users/leonardosaturnino/Documents/GitHub/token-dashboard/node_modules/react-dom/cjs/react-dom.development.js:25086:15)
          at reconcileSingleElement (/Users/leonardosaturnino/Documents/GitHub/token-dashboard/node_modules/react-dom/cjs/react-dom.development.js:14052:23)
          at reconcileChildFibers (/Users/leonardosaturnino/Documents/GitHub/token-dashboard/node_modules/react-dom/cjs/react-dom.development.js:14112:35)
          at reconcileChildren (/Users/leonardosaturnino/Documents/GitHub/token-dashboard/node_modules/react-dom/cjs/react-dom.development.js:16990:28)
          at updateContextProvider (/Users/leonardosaturnino/Documents/GitHub/token-dashboard/node_modules/react-dom/cjs/react-dom.development.js:18699:3)
          at beginWork (/Users/leonardosaturnino/Documents/GitHub/token-dashboard/node_modules/react-dom/cjs/react-dom.development.js:19111:14)
          at HTMLUnknownElement.callCallback (/Users/leonardosaturnino/Documents/GitHub/token-dashboard/node_modules/react-dom/cjs/react-dom.development.js:3945:14)
          at HTMLUnknownElement.callTheUserObjectsOperation (/Users/leonardosaturnino/Documents/GitHub/token-dashboard/node_modules/jsdom/lib/jsdom/living/generated/EventListener.js:26:30)
          at innerInvokeEventListeners (/Users/leonardosaturnino/Documents/GitHub/token-dashboard/node_modules/jsdom/lib/jsdom/living/events/EventTarget-impl.js:338:25)
          at invokeEventListeners (/Users/leonardosaturnino/Documents/GitHub/token-dashboard/node_modules/jsdom/lib/jsdom/living/events/EventTarget-impl.js:274:3)
          at HTMLUnknownElementImpl._dispatch (/Users/leonardosaturnino/Documents/GitHub/token-dashboard/node_modules/jsdom/lib/jsdom/living/events/EventTarget-impl.js:221:9)
          at HTMLUnknownElementImpl.dispatchEvent (/Users/leonardosaturnino/Documents/GitHub/token-dashboard/node_modules/jsdom/lib/jsdom/living/events/EventTarget-impl.js:94:17)
          at HTMLUnknownElement.dispatchEvent (/Users/leonardosaturnino/Documents/GitHub/token-dashboard/node_modules/jsdom/lib/jsdom/living/generated/EventTarget.js:231:34)
          at Object.invokeGuardedCallbackDev (/Users/leonardosaturnino/Documents/GitHub/token-dashboard/node_modules/react-dom/cjs/react-dom.development.js:3994:16)
          at invokeGuardedCallback (/Users/leonardosaturnino/Documents/GitHub/token-dashboard/node_modules/react-dom/cjs/react-dom.development.js:4056:31)
          at beginWork$1 (/Users/leonardosaturnino/Documents/GitHub/token-dashboard/node_modules/react-dom/cjs/react-dom.development.js:23964:7)
          at performUnitOfWork (/Users/leonardosaturnino/Documents/GitHub/token-dashboard/node_modules/react-dom/cjs/react-dom.development.js:22779:12)
          at workLoopSync (/Users/leonardosaturnino/Documents/GitHub/token-dashboard/node_modules/react-dom/cjs/react-dom.development.js:22707:5)
          at renderRootSync (/Users/leonardosaturnino/Documents/GitHub/token-dashboard/node_modules/react-dom/cjs/react-dom.development.js:22670:7)
          at performSyncWorkOnRoot (/Users/leonardosaturnino/Documents/GitHub/token-dashboard/node_modules/react-dom/cjs/react-dom.development.js:22293:18)
          at scheduleUpdateOnFiber (/Users/leonardosaturnino/Documents/GitHub/token-dashboard/node_modules/react-dom/cjs/react-dom.development.js:21881:7)
          at updateContainer (/Users/leonardosaturnino/Documents/GitHub/token-dashboard/node_modules/react-dom/cjs/react-dom.development.js:25482:3)
          at /Users/leonardosaturnino/Documents/GitHub/token-dashboard/node_modules/react-dom/cjs/react-dom.development.js:26021:7
          at unbatchedUpdates (/Users/leonardosaturnino/Documents/GitHub/token-dashboard/node_modules/react-dom/cjs/react-dom.development.js:22431:12)
          at legacyRenderSubtreeIntoContainer (/Users/leonardosaturnino/Documents/GitHub/token-dashboard/node_modules/react-dom/cjs/react-dom.development.js:26020:5)
          at Object.render (/Users/leonardosaturnino/Documents/GitHub/token-dashboard/node_modules/react-dom/cjs/react-dom.development.js:26103:10)
          at /Users/leonardosaturnino/Documents/GitHub/token-dashboard/node_modules/@testing-library/react/dist/pure.js:101:25
          at batchedUpdates$1 (/Users/leonardosaturnino/Documents/GitHub/token-dashboard/node_modules/react-dom/cjs/react-dom.development.js:22380:12)
          at act (/Users/leonardosaturnino/Documents/GitHub/token-dashboard/node_modules/react-dom/cjs/react-dom-test-utils.development.js:1042:14)
          at render (/Users/leonardosaturnino/Documents/GitHub/token-dashboard/node_modules/@testing-library/react/dist/pure.js:97:26)
          at renderComponent (/Users/leonardosaturnino/Documents/GitHub/token-dashboard/src/components/Navbar/__tests__/NavbarComponent.test.tsx:66:12)
          at Object.<anonymous> (/Users/leonardosaturnino/Documents/GitHub/token-dashboard/src/components/Navbar/__tests__/NavbarComponent.test.tsx:82:5)
          at Promise.then.completed (/Users/leonardosaturnino/Documents/GitHub/token-dashboard/node_modules/jest-circus/build/utils.js:276:28)
          at new Promise (<anonymous>)
          at callAsyncCircusFn (/Users/leonardosaturnino/Documents/GitHub/token-dashboard/node_modules/jest-circus/build/utils.js:216:10)
          at _callCircusTest (/Users/leonardosaturnino/Documents/GitHub/token-dashboard/node_modules/jest-circus/build/run.js:212:40)
          at processTicksAndRejections (node:internal/process/task_queues:105:5)
          at _runTest (/Users/leonardosaturnino/Documents/GitHub/token-dashboard/node_modules/jest-circus/build/run.js:149:3)
          at _runTestsForDescribeBlock (/Users/leonardosaturnino/Documents/GitHub/token-dashboard/node_modules/jest-circus/build/run.js:63:9)
          at _runTestsForDescribeBlock (/Users/leonardosaturnino/Documents/GitHub/token-dashboard/node_modules/jest-circus/build/run.js:57:9)
          at run (/Users/leonardosaturnino/Documents/GitHub/token-dashboard/node_modules/jest-circus/build/run.js:25:3)
          at runAndTransformResultsToJestFormat (/Users/leonardosaturnino/Documents/GitHub/token-dashboard/node_modules/jest-circus/build/legacy-code-todo-rewrite/jestAdapterInit.js:176:21)
          at jestAdapter (/Users/leonardosaturnino/Documents/GitHub/token-dashboard/node_modules/jest-circus/build/legacy-code-todo-rewrite/jestAdapter.js:109:19)
          at runTestInternal (/Users/leonardosaturnino/Documents/GitHub/token-dashboard/node_modules/jest-runner/build/runTest.js:380:16)
          at runTest (/Users/leonardosaturnino/Documents/GitHub/token-dashboard/node_modules/jest-runner/build/runTest.js:472:34)
          at Object.worker (/Users/leonardosaturnino/Documents/GitHub/token-dashboard/node_modules/jest-runner/build/testWorker.js:133:12)

      at VirtualConsole.<anonymous> (node_modules/jsdom/lib/jsdom/virtual-console.js:29:45)
      at reportException (node_modules/jsdom/lib/jsdom/living/helpers/runtime-script-errors.js:70:28)
      at innerInvokeEventListeners (node_modules/jsdom/lib/jsdom/living/events/EventTarget-impl.js:341:9)
      at invokeEventListeners (node_modules/jsdom/lib/jsdom/living/events/EventTarget-impl.js:274:3)
      at HTMLUnknownElementImpl._dispatch (node_modules/jsdom/lib/jsdom/living/events/EventTarget-impl.js:221:9)
      at HTMLUnknownElementImpl.dispatchEvent (node_modules/jsdom/lib/jsdom/living/events/EventTarget-impl.js:94:17)
      at HTMLUnknownElement.dispatchEvent (node_modules/jsdom/lib/jsdom/living/generated/EventTarget.js:231:34)

    console.error
      The above error occurred in the <Location.Provider> component:
      
          at Router (/Users/leonardosaturnino/Documents/GitHub/packages/react-router/index.tsx:256:13)
          at MemoryRouter (/Users/leonardosaturnino/Documents/GitHub/packages/react-router/index.tsx:116:3)
          at EnvironmentProvider (/Users/leonardosaturnino/Documents/GitHub/token-dashboard/node_modules/@chakra-ui/react-env/dist/chakra-ui-react-env.cjs.dev.js:120:24)
          at ColorModeProvider (/Users/leonardosaturnino/Documents/GitHub/token-dashboard/node_modules/@chakra-ui/color-mode/dist/chakra-ui-color-mode.cjs.dev.js:228:21)
          at ThemeProvider (/Users/leonardosaturnino/Documents/GitHub/token-dashboard/node_modules/@emotion/react/dist/emotion-element-ae8cc4ba.cjs.dev.js:126:21)
          at ThemeProvider (/Users/leonardosaturnino/Documents/GitHub/token-dashboard/node_modules/@chakra-ui/system/dist/chakra-ui-system.cjs.dev.js:57:27)
          at /Users/leonardosaturnino/Documents/GitHub/token-dashboard/node_modules/@chakra-ui/hooks/dist/chakra-ui-hooks.cjs.dev.js:265:23
          at ChakraProvider (/Users/leonardosaturnino/Documents/GitHub/token-dashboard/node_modules/@chakra-ui/provider/dist/chakra-ui-provider.cjs.dev.js:40:24)
      
      Consider adding an error boundary to your tree to customize error handling behavior.
      Visit https://reactjs.org/link/error-boundaries to learn more about error boundaries.

      at logCapturedError (node_modules/react-dom/cjs/react-dom.development.js:20085:23)
      at update.callback (node_modules/react-dom/cjs/react-dom.development.js:20118:5)
      at callCallback (node_modules/react-dom/cjs/react-dom.development.js:12318:12)
      at commitUpdateQueue (node_modules/react-dom/cjs/react-dom.development.js:12339:9)
      at commitLifeCycles (node_modules/react-dom/cjs/react-dom.development.js:20736:11)
      at commitLayoutEffects (node_modules/react-dom/cjs/react-dom.development.js:23426:7)
      at HTMLUnknownElement.callCallback (node_modules/react-dom/cjs/react-dom.development.js:3945:14)
      at HTMLUnknownElement.callTheUserObjectsOperation (node_modules/jsdom/lib/jsdom/living/generated/EventListener.js:26:30)

    console.error
      Warning: React.jsx: type is invalid -- expected a string (for built-in components) or a class/function (for composite components) but got: undefined. You likely forgot to export your component from the file it's defined in, or you might have mixed up default and named imports.
      
      Check your code at NavbarComponent.test.tsx:69.

      67 |       <ChakraProvider>
      68 |         <MemoryRouter>
    > 69 |           <MockStarknetProvider value={starknetValue}>
         |           ^
      70 |             <NavbarComponent {...defaultProps} {...props} />
      71 |           </MockStarknetProvider>
      72 |         </MemoryRouter>

      at printWarning (node_modules/react/cjs/react-jsx-dev-runtime.development.js:117:30)
      at error (node_modules/react/cjs/react-jsx-dev-runtime.development.js:93:5)
      at jsxWithValidation (node_modules/react/cjs/react-jsx-dev-runtime.development.js:1152:7)
      at renderComponent (src/components/Navbar/__tests__/NavbarComponent.test.tsx:69:11)
      at Object.<anonymous> (src/components/Navbar/__tests__/NavbarComponent.test.tsx:90:5)

    console.error
      Error: Uncaught [Error: Element type is invalid: expected a string (for built-in components) or a class/function (for composite components) but got: undefined. You likely forgot to export your component from the file it's defined in, or you might have mixed up default and named imports.]
          at reportException (/Users/leonardosaturnino/Documents/GitHub/token-dashboard/node_modules/jsdom/lib/jsdom/living/helpers/runtime-script-errors.js:66:24)
          at innerInvokeEventListeners (/Users/leonardosaturnino/Documents/GitHub/token-dashboard/node_modules/jsdom/lib/jsdom/living/events/EventTarget-impl.js:341:9)
          at invokeEventListeners (/Users/leonardosaturnino/Documents/GitHub/token-dashboard/node_modules/jsdom/lib/jsdom/living/events/EventTarget-impl.js:274:3)
          at HTMLUnknownElementImpl._dispatch (/Users/leonardosaturnino/Documents/GitHub/token-dashboard/node_modules/jsdom/lib/jsdom/living/events/EventTarget-impl.js:221:9)
          at HTMLUnknownElementImpl.dispatchEvent (/Users/leonardosaturnino/Documents/GitHub/token-dashboard/node_modules/jsdom/lib/jsdom/living/events/EventTarget-impl.js:94:17)
          at HTMLUnknownElement.dispatchEvent (/Users/leonardosaturnino/Documents/GitHub/token-dashboard/node_modules/jsdom/lib/jsdom/living/generated/EventTarget.js:231:34)
          at Object.invokeGuardedCallbackDev (/Users/leonardosaturnino/Documents/GitHub/token-dashboard/node_modules/react-dom/cjs/react-dom.development.js:3994:16)
          at invokeGuardedCallback (/Users/leonardosaturnino/Documents/GitHub/token-dashboard/node_modules/react-dom/cjs/react-dom.development.js:4056:31)
          at beginWork$1 (/Users/leonardosaturnino/Documents/GitHub/token-dashboard/node_modules/react-dom/cjs/react-dom.development.js:23964:7)
          at performUnitOfWork (/Users/leonardosaturnino/Documents/GitHub/token-dashboard/node_modules/react-dom/cjs/react-dom.development.js:22779:12) Error: Element type is invalid: expected a string (for built-in components) or a class/function (for composite components) but got: undefined. You likely forgot to export your component from the file it's defined in, or you might have mixed up default and named imports.
          at createFiberFromTypeAndProps (/Users/leonardosaturnino/Documents/GitHub/token-dashboard/node_modules/react-dom/cjs/react-dom.development.js:25058:21)
          at createFiberFromElement (/Users/leonardosaturnino/Documents/GitHub/token-dashboard/node_modules/react-dom/cjs/react-dom.development.js:25086:15)
          at reconcileSingleElement (/Users/leonardosaturnino/Documents/GitHub/token-dashboard/node_modules/react-dom/cjs/react-dom.development.js:14052:23)
          at reconcileChildFibers (/Users/leonardosaturnino/Documents/GitHub/token-dashboard/node_modules/react-dom/cjs/react-dom.development.js:14112:35)
          at reconcileChildren (/Users/leonardosaturnino/Documents/GitHub/token-dashboard/node_modules/react-dom/cjs/react-dom.development.js:16990:28)
          at updateContextProvider (/Users/leonardosaturnino/Documents/GitHub/token-dashboard/node_modules/react-dom/cjs/react-dom.development.js:18699:3)
          at beginWork (/Users/leonardosaturnino/Documents/GitHub/token-dashboard/node_modules/react-dom/cjs/react-dom.development.js:19111:14)
          at HTMLUnknownElement.callCallback (/Users/leonardosaturnino/Documents/GitHub/token-dashboard/node_modules/react-dom/cjs/react-dom.development.js:3945:14)
          at HTMLUnknownElement.callTheUserObjectsOperation (/Users/leonardosaturnino/Documents/GitHub/token-dashboard/node_modules/jsdom/lib/jsdom/living/generated/EventListener.js:26:30)
          at innerInvokeEventListeners (/Users/leonardosaturnino/Documents/GitHub/token-dashboard/node_modules/jsdom/lib/jsdom/living/events/EventTarget-impl.js:338:25)
          at invokeEventListeners (/Users/leonardosaturnino/Documents/GitHub/token-dashboard/node_modules/jsdom/lib/jsdom/living/events/EventTarget-impl.js:274:3)
          at HTMLUnknownElementImpl._dispatch (/Users/leonardosaturnino/Documents/GitHub/token-dashboard/node_modules/jsdom/lib/jsdom/living/events/EventTarget-impl.js:221:9)
          at HTMLUnknownElementImpl.dispatchEvent (/Users/leonardosaturnino/Documents/GitHub/token-dashboard/node_modules/jsdom/lib/jsdom/living/events/EventTarget-impl.js:94:17)
          at HTMLUnknownElement.dispatchEvent (/Users/leonardosaturnino/Documents/GitHub/token-dashboard/node_modules/jsdom/lib/jsdom/living/generated/EventTarget.js:231:34)
          at Object.invokeGuardedCallbackDev (/Users/leonardosaturnino/Documents/GitHub/token-dashboard/node_modules/react-dom/cjs/react-dom.development.js:3994:16)
          at invokeGuardedCallback (/Users/leonardosaturnino/Documents/GitHub/token-dashboard/node_modules/react-dom/cjs/react-dom.development.js:4056:31)
          at beginWork$1 (/Users/leonardosaturnino/Documents/GitHub/token-dashboard/node_modules/react-dom/cjs/react-dom.development.js:23964:7)
          at performUnitOfWork (/Users/leonardosaturnino/Documents/GitHub/token-dashboard/node_modules/react-dom/cjs/react-dom.development.js:22779:12)
          at workLoopSync (/Users/leonardosaturnino/Documents/GitHub/token-dashboard/node_modules/react-dom/cjs/react-dom.development.js:22707:5)
          at renderRootSync (/Users/leonardosaturnino/Documents/GitHub/token-dashboard/node_modules/react-dom/cjs/react-dom.development.js:22670:7)
          at performSyncWorkOnRoot (/Users/leonardosaturnino/Documents/GitHub/token-dashboard/node_modules/react-dom/cjs/react-dom.development.js:22293:18)
          at scheduleUpdateOnFiber (/Users/leonardosaturnino/Documents/GitHub/token-dashboard/node_modules/react-dom/cjs/react-dom.development.js:21881:7)
          at updateContainer (/Users/leonardosaturnino/Documents/GitHub/token-dashboard/node_modules/react-dom/cjs/react-dom.development.js:25482:3)
          at /Users/leonardosaturnino/Documents/GitHub/token-dashboard/node_modules/react-dom/cjs/react-dom.development.js:26021:7
          at unbatchedUpdates (/Users/leonardosaturnino/Documents/GitHub/token-dashboard/node_modules/react-dom/cjs/react-dom.development.js:22431:12)
          at legacyRenderSubtreeIntoContainer (/Users/leonardosaturnino/Documents/GitHub/token-dashboard/node_modules/react-dom/cjs/react-dom.development.js:26020:5)
          at Object.render (/Users/leonardosaturnino/Documents/GitHub/token-dashboard/node_modules/react-dom/cjs/react-dom.development.js:26103:10)
          at /Users/leonardosaturnino/Documents/GitHub/token-dashboard/node_modules/@testing-library/react/dist/pure.js:101:25
          at batchedUpdates$1 (/Users/leonardosaturnino/Documents/GitHub/token-dashboard/node_modules/react-dom/cjs/react-dom.development.js:22380:12)
          at act (/Users/leonardosaturnino/Documents/GitHub/token-dashboard/node_modules/react-dom/cjs/react-dom-test-utils.development.js:1042:14)
          at render (/Users/leonardosaturnino/Documents/GitHub/token-dashboard/node_modules/@testing-library/react/dist/pure.js:97:26)
          at renderComponent (/Users/leonardosaturnino/Documents/GitHub/token-dashboard/src/components/Navbar/__tests__/NavbarComponent.test.tsx:66:12)
          at Object.<anonymous> (/Users/leonardosaturnino/Documents/GitHub/token-dashboard/src/components/Navbar/__tests__/NavbarComponent.test.tsx:90:5)
          at Promise.then.completed (/Users/leonardosaturnino/Documents/GitHub/token-dashboard/node_modules/jest-circus/build/utils.js:276:28)
          at new Promise (<anonymous>)
          at callAsyncCircusFn (/Users/leonardosaturnino/Documents/GitHub/token-dashboard/node_modules/jest-circus/build/utils.js:216:10)
          at _callCircusTest (/Users/leonardosaturnino/Documents/GitHub/token-dashboard/node_modules/jest-circus/build/run.js:212:40)
          at processTicksAndRejections (node:internal/process/task_queues:105:5)
          at _runTest (/Users/leonardosaturnino/Documents/GitHub/token-dashboard/node_modules/jest-circus/build/run.js:149:3)
          at _runTestsForDescribeBlock (/Users/leonardosaturnino/Documents/GitHub/token-dashboard/node_modules/jest-circus/build/run.js:63:9)
          at _runTestsForDescribeBlock (/Users/leonardosaturnino/Documents/GitHub/token-dashboard/node_modules/jest-circus/build/run.js:57:9)
          at run (/Users/leonardosaturnino/Documents/GitHub/token-dashboard/node_modules/jest-circus/build/run.js:25:3)
          at runAndTransformResultsToJestFormat (/Users/leonardosaturnino/Documents/GitHub/token-dashboard/node_modules/jest-circus/build/legacy-code-todo-rewrite/jestAdapterInit.js:176:21)
          at jestAdapter (/Users/leonardosaturnino/Documents/GitHub/token-dashboard/node_modules/jest-circus/build/legacy-code-todo-rewrite/jestAdapter.js:109:19)
          at runTestInternal (/Users/leonardosaturnino/Documents/GitHub/token-dashboard/node_modules/jest-runner/build/runTest.js:380:16)
          at runTest (/Users/leonardosaturnino/Documents/GitHub/token-dashboard/node_modules/jest-runner/build/runTest.js:472:34)
          at Object.worker (/Users/leonardosaturnino/Documents/GitHub/token-dashboard/node_modules/jest-runner/build/testWorker.js:133:12)

      at VirtualConsole.<anonymous> (node_modules/jsdom/lib/jsdom/virtual-console.js:29:45)
      at reportException (node_modules/jsdom/lib/jsdom/living/helpers/runtime-script-errors.js:70:28)
      at innerInvokeEventListeners (node_modules/jsdom/lib/jsdom/living/events/EventTarget-impl.js:341:9)
      at invokeEventListeners (node_modules/jsdom/lib/jsdom/living/events/EventTarget-impl.js:274:3)
      at HTMLUnknownElementImpl._dispatch (node_modules/jsdom/lib/jsdom/living/events/EventTarget-impl.js:221:9)
      at HTMLUnknownElementImpl.dispatchEvent (node_modules/jsdom/lib/jsdom/living/events/EventTarget-impl.js:94:17)
      at HTMLUnknownElement.dispatchEvent (node_modules/jsdom/lib/jsdom/living/generated/EventTarget.js:231:34)

    console.error
      The above error occurred in the <Location.Provider> component:
      
          at Router (/Users/leonardosaturnino/Documents/GitHub/packages/react-router/index.tsx:256:13)
          at MemoryRouter (/Users/leonardosaturnino/Documents/GitHub/packages/react-router/index.tsx:116:3)
          at EnvironmentProvider (/Users/leonardosaturnino/Documents/GitHub/token-dashboard/node_modules/@chakra-ui/react-env/dist/chakra-ui-react-env.cjs.dev.js:120:24)
          at ColorModeProvider (/Users/leonardosaturnino/Documents/GitHub/token-dashboard/node_modules/@chakra-ui/color-mode/dist/chakra-ui-color-mode.cjs.dev.js:228:21)
          at ThemeProvider (/Users/leonardosaturnino/Documents/GitHub/token-dashboard/node_modules/@emotion/react/dist/emotion-element-ae8cc4ba.cjs.dev.js:126:21)
          at ThemeProvider (/Users/leonardosaturnino/Documents/GitHub/token-dashboard/node_modules/@chakra-ui/system/dist/chakra-ui-system.cjs.dev.js:57:27)
          at /Users/leonardosaturnino/Documents/GitHub/token-dashboard/node_modules/@chakra-ui/hooks/dist/chakra-ui-hooks.cjs.dev.js:265:23
          at ChakraProvider (/Users/leonardosaturnino/Documents/GitHub/token-dashboard/node_modules/@chakra-ui/provider/dist/chakra-ui-provider.cjs.dev.js:40:24)
      
      Consider adding an error boundary to your tree to customize error handling behavior.
      Visit https://reactjs.org/link/error-boundaries to learn more about error boundaries.

      at logCapturedError (node_modules/react-dom/cjs/react-dom.development.js:20085:23)
      at update.callback (node_modules/react-dom/cjs/react-dom.development.js:20118:5)
      at callCallback (node_modules/react-dom/cjs/react-dom.development.js:12318:12)
      at commitUpdateQueue (node_modules/react-dom/cjs/react-dom.development.js:12339:9)
      at commitLifeCycles (node_modules/react-dom/cjs/react-dom.development.js:20736:11)
      at commitLayoutEffects (node_modules/react-dom/cjs/react-dom.development.js:23426:7)
      at HTMLUnknownElement.callCallback (node_modules/react-dom/cjs/react-dom.development.js:3945:14)
      at HTMLUnknownElement.callTheUserObjectsOperation (node_modules/jsdom/lib/jsdom/living/generated/EventListener.js:26:30)

    console.error
      Warning: React.jsx: type is invalid -- expected a string (for built-in components) or a class/function (for composite components) but got: undefined. You likely forgot to export your component from the file it's defined in, or you might have mixed up default and named imports.
      
      Check your code at NavbarComponent.test.tsx:69.

      67 |       <ChakraProvider>
      68 |         <MemoryRouter>
    > 69 |           <MockStarknetProvider value={starknetValue}>
         |           ^
      70 |             <NavbarComponent {...defaultProps} {...props} />
      71 |           </MockStarknetProvider>
      72 |         </MemoryRouter>

      at printWarning (node_modules/react/cjs/react-jsx-dev-runtime.development.js:117:30)
      at error (node_modules/react/cjs/react-jsx-dev-runtime.development.js:93:5)
      at jsxWithValidation (node_modules/react/cjs/react-jsx-dev-runtime.development.js:1152:7)
      at renderComponent (src/components/Navbar/__tests__/NavbarComponent.test.tsx:69:11)
      at Object.<anonymous> (src/components/Navbar/__tests__/NavbarComponent.test.tsx:96:5)

    console.error
      Error: Uncaught [Error: Element type is invalid: expected a string (for built-in components) or a class/function (for composite components) but got: undefined. You likely forgot to export your component from the file it's defined in, or you might have mixed up default and named imports.]
          at reportException (/Users/leonardosaturnino/Documents/GitHub/token-dashboard/node_modules/jsdom/lib/jsdom/living/helpers/runtime-script-errors.js:66:24)
          at innerInvokeEventListeners (/Users/leonardosaturnino/Documents/GitHub/token-dashboard/node_modules/jsdom/lib/jsdom/living/events/EventTarget-impl.js:341:9)
          at invokeEventListeners (/Users/leonardosaturnino/Documents/GitHub/token-dashboard/node_modules/jsdom/lib/jsdom/living/events/EventTarget-impl.js:274:3)
          at HTMLUnknownElementImpl._dispatch (/Users/leonardosaturnino/Documents/GitHub/token-dashboard/node_modules/jsdom/lib/jsdom/living/events/EventTarget-impl.js:221:9)
          at HTMLUnknownElementImpl.dispatchEvent (/Users/leonardosaturnino/Documents/GitHub/token-dashboard/node_modules/jsdom/lib/jsdom/living/events/EventTarget-impl.js:94:17)
          at HTMLUnknownElement.dispatchEvent (/Users/leonardosaturnino/Documents/GitHub/token-dashboard/node_modules/jsdom/lib/jsdom/living/generated/EventTarget.js:231:34)
          at Object.invokeGuardedCallbackDev (/Users/leonardosaturnino/Documents/GitHub/token-dashboard/node_modules/react-dom/cjs/react-dom.development.js:3994:16)
          at invokeGuardedCallback (/Users/leonardosaturnino/Documents/GitHub/token-dashboard/node_modules/react-dom/cjs/react-dom.development.js:4056:31)
          at beginWork$1 (/Users/leonardosaturnino/Documents/GitHub/token-dashboard/node_modules/react-dom/cjs/react-dom.development.js:23964:7)
          at performUnitOfWork (/Users/leonardosaturnino/Documents/GitHub/token-dashboard/node_modules/react-dom/cjs/react-dom.development.js:22779:12) Error: Element type is invalid: expected a string (for built-in components) or a class/function (for composite components) but got: undefined. You likely forgot to export your component from the file it's defined in, or you might have mixed up default and named imports.
          at createFiberFromTypeAndProps (/Users/leonardosaturnino/Documents/GitHub/token-dashboard/node_modules/react-dom/cjs/react-dom.development.js:25058:21)
          at createFiberFromElement (/Users/leonardosaturnino/Documents/GitHub/token-dashboard/node_modules/react-dom/cjs/react-dom.development.js:25086:15)
          at reconcileSingleElement (/Users/leonardosaturnino/Documents/GitHub/token-dashboard/node_modules/react-dom/cjs/react-dom.development.js:14052:23)
          at reconcileChildFibers (/Users/leonardosaturnino/Documents/GitHub/token-dashboard/node_modules/react-dom/cjs/react-dom.development.js:14112:35)
          at reconcileChildren (/Users/leonardosaturnino/Documents/GitHub/token-dashboard/node_modules/react-dom/cjs/react-dom.development.js:16990:28)
          at updateContextProvider (/Users/leonardosaturnino/Documents/GitHub/token-dashboard/node_modules/react-dom/cjs/react-dom.development.js:18699:3)
          at beginWork (/Users/leonardosaturnino/Documents/GitHub/token-dashboard/node_modules/react-dom/cjs/react-dom.development.js:19111:14)
          at HTMLUnknownElement.callCallback (/Users/leonardosaturnino/Documents/GitHub/token-dashboard/node_modules/react-dom/cjs/react-dom.development.js:3945:14)
          at HTMLUnknownElement.callTheUserObjectsOperation (/Users/leonardosaturnino/Documents/GitHub/token-dashboard/node_modules/jsdom/lib/jsdom/living/generated/EventListener.js:26:30)
          at innerInvokeEventListeners (/Users/leonardosaturnino/Documents/GitHub/token-dashboard/node_modules/jsdom/lib/jsdom/living/events/EventTarget-impl.js:338:25)
          at invokeEventListeners (/Users/leonardosaturnino/Documents/GitHub/token-dashboard/node_modules/jsdom/lib/jsdom/living/events/EventTarget-impl.js:274:3)
          at HTMLUnknownElementImpl._dispatch (/Users/leonardosaturnino/Documents/GitHub/token-dashboard/node_modules/jsdom/lib/jsdom/living/events/EventTarget-impl.js:221:9)
          at HTMLUnknownElementImpl.dispatchEvent (/Users/leonardosaturnino/Documents/GitHub/token-dashboard/node_modules/jsdom/lib/jsdom/living/events/EventTarget-impl.js:94:17)
          at HTMLUnknownElement.dispatchEvent (/Users/leonardosaturnino/Documents/GitHub/token-dashboard/node_modules/jsdom/lib/jsdom/living/generated/EventTarget.js:231:34)
          at Object.invokeGuardedCallbackDev (/Users/leonardosaturnino/Documents/GitHub/token-dashboard/node_modules/react-dom/cjs/react-dom.development.js:3994:16)
          at invokeGuardedCallback (/Users/leonardosaturnino/Documents/GitHub/token-dashboard/node_modules/react-dom/cjs/react-dom.development.js:4056:31)
          at beginWork$1 (/Users/leonardosaturnino/Documents/GitHub/token-dashboard/node_modules/react-dom/cjs/react-dom.development.js:23964:7)
          at performUnitOfWork (/Users/leonardosaturnino/Documents/GitHub/token-dashboard/node_modules/react-dom/cjs/react-dom.development.js:22779:12)
          at workLoopSync (/Users/leonardosaturnino/Documents/GitHub/token-dashboard/node_modules/react-dom/cjs/react-dom.development.js:22707:5)
          at renderRootSync (/Users/leonardosaturnino/Documents/GitHub/token-dashboard/node_modules/react-dom/cjs/react-dom.development.js:22670:7)
          at performSyncWorkOnRoot (/Users/leonardosaturnino/Documents/GitHub/token-dashboard/node_modules/react-dom/cjs/react-dom.development.js:22293:18)
          at scheduleUpdateOnFiber (/Users/leonardosaturnino/Documents/GitHub/token-dashboard/node_modules/react-dom/cjs/react-dom.development.js:21881:7)
          at updateContainer (/Users/leonardosaturnino/Documents/GitHub/token-dashboard/node_modules/react-dom/cjs/react-dom.development.js:25482:3)
          at /Users/leonardosaturnino/Documents/GitHub/token-dashboard/node_modules/react-dom/cjs/react-dom.development.js:26021:7
          at unbatchedUpdates (/Users/leonardosaturnino/Documents/GitHub/token-dashboard/node_modules/react-dom/cjs/react-dom.development.js:22431:12)
          at legacyRenderSubtreeIntoContainer (/Users/leonardosaturnino/Documents/GitHub/token-dashboard/node_modules/react-dom/cjs/react-dom.development.js:26020:5)
          at Object.render (/Users/leonardosaturnino/Documents/GitHub/token-dashboard/node_modules/react-dom/cjs/react-dom.development.js:26103:10)
          at /Users/leonardosaturnino/Documents/GitHub/token-dashboard/node_modules/@testing-library/react/dist/pure.js:101:25
          at batchedUpdates$1 (/Users/leonardosaturnino/Documents/GitHub/token-dashboard/node_modules/react-dom/cjs/react-dom.development.js:22380:12)
          at act (/Users/leonardosaturnino/Documents/GitHub/token-dashboard/node_modules/react-dom/cjs/react-dom-test-utils.development.js:1042:14)
          at render (/Users/leonardosaturnino/Documents/GitHub/token-dashboard/node_modules/@testing-library/react/dist/pure.js:97:26)
          at renderComponent (/Users/leonardosaturnino/Documents/GitHub/token-dashboard/src/components/Navbar/__tests__/NavbarComponent.test.tsx:66:12)
          at Object.<anonymous> (/Users/leonardosaturnino/Documents/GitHub/token-dashboard/src/components/Navbar/__tests__/NavbarComponent.test.tsx:96:5)
          at Promise.then.completed (/Users/leonardosaturnino/Documents/GitHub/token-dashboard/node_modules/jest-circus/build/utils.js:276:28)
          at new Promise (<anonymous>)
          at callAsyncCircusFn (/Users/leonardosaturnino/Documents/GitHub/token-dashboard/node_modules/jest-circus/build/utils.js:216:10)
          at _callCircusTest (/Users/leonardosaturnino/Documents/GitHub/token-dashboard/node_modules/jest-circus/build/run.js:212:40)
          at processTicksAndRejections (node:internal/process/task_queues:105:5)
          at _runTest (/Users/leonardosaturnino/Documents/GitHub/token-dashboard/node_modules/jest-circus/build/run.js:149:3)
          at _runTestsForDescribeBlock (/Users/leonardosaturnino/Documents/GitHub/token-dashboard/node_modules/jest-circus/build/run.js:63:9)
          at _runTestsForDescribeBlock (/Users/leonardosaturnino/Documents/GitHub/token-dashboard/node_modules/jest-circus/build/run.js:57:9)
          at run (/Users/leonardosaturnino/Documents/GitHub/token-dashboard/node_modules/jest-circus/build/run.js:25:3)
          at runAndTransformResultsToJestFormat (/Users/leonardosaturnino/Documents/GitHub/token-dashboard/node_modules/jest-circus/build/legacy-code-todo-rewrite/jestAdapterInit.js:176:21)
          at jestAdapter (/Users/leonardosaturnino/Documents/GitHub/token-dashboard/node_modules/jest-circus/build/legacy-code-todo-rewrite/jestAdapter.js:109:19)
          at runTestInternal (/Users/leonardosaturnino/Documents/GitHub/token-dashboard/node_modules/jest-runner/build/runTest.js:380:16)
          at runTest (/Users/leonardosaturnino/Documents/GitHub/token-dashboard/node_modules/jest-runner/build/runTest.js:472:34)
          at Object.worker (/Users/leonardosaturnino/Documents/GitHub/token-dashboard/node_modules/jest-runner/build/testWorker.js:133:12)

      at VirtualConsole.<anonymous> (node_modules/jsdom/lib/jsdom/virtual-console.js:29:45)
      at reportException (node_modules/jsdom/lib/jsdom/living/helpers/runtime-script-errors.js:70:28)
      at innerInvokeEventListeners (node_modules/jsdom/lib/jsdom/living/events/EventTarget-impl.js:341:9)
      at invokeEventListeners (node_modules/jsdom/lib/jsdom/living/events/EventTarget-impl.js:274:3)
      at HTMLUnknownElementImpl._dispatch (node_modules/jsdom/lib/jsdom/living/events/EventTarget-impl.js:221:9)
      at HTMLUnknownElementImpl.dispatchEvent (node_modules/jsdom/lib/jsdom/living/events/EventTarget-impl.js:94:17)
      at HTMLUnknownElement.dispatchEvent (node_modules/jsdom/lib/jsdom/living/generated/EventTarget.js:231:34)

    console.error
      The above error occurred in the <Location.Provider> component:
      
          at Router (/Users/leonardosaturnino/Documents/GitHub/packages/react-router/index.tsx:256:13)
          at MemoryRouter (/Users/leonardosaturnino/Documents/GitHub/packages/react-router/index.tsx:116:3)
          at EnvironmentProvider (/Users/leonardosaturnino/Documents/GitHub/token-dashboard/node_modules/@chakra-ui/react-env/dist/chakra-ui-react-env.cjs.dev.js:120:24)
          at ColorModeProvider (/Users/leonardosaturnino/Documents/GitHub/token-dashboard/node_modules/@chakra-ui/color-mode/dist/chakra-ui-color-mode.cjs.dev.js:228:21)
          at ThemeProvider (/Users/leonardosaturnino/Documents/GitHub/token-dashboard/node_modules/@emotion/react/dist/emotion-element-ae8cc4ba.cjs.dev.js:126:21)
          at ThemeProvider (/Users/leonardosaturnino/Documents/GitHub/token-dashboard/node_modules/@chakra-ui/system/dist/chakra-ui-system.cjs.dev.js:57:27)
          at /Users/leonardosaturnino/Documents/GitHub/token-dashboard/node_modules/@chakra-ui/hooks/dist/chakra-ui-hooks.cjs.dev.js:265:23
          at ChakraProvider (/Users/leonardosaturnino/Documents/GitHub/token-dashboard/node_modules/@chakra-ui/provider/dist/chakra-ui-provider.cjs.dev.js:40:24)
      
      Consider adding an error boundary to your tree to customize error handling behavior.
      Visit https://reactjs.org/link/error-boundaries to learn more about error boundaries.

      at logCapturedError (node_modules/react-dom/cjs/react-dom.development.js:20085:23)
      at update.callback (node_modules/react-dom/cjs/react-dom.development.js:20118:5)
      at callCallback (node_modules/react-dom/cjs/react-dom.development.js:12318:12)
      at commitUpdateQueue (node_modules/react-dom/cjs/react-dom.development.js:12339:9)
      at commitLifeCycles (node_modules/react-dom/cjs/react-dom.development.js:20736:11)
      at commitLayoutEffects (node_modules/react-dom/cjs/react-dom.development.js:23426:7)
      at HTMLUnknownElement.callCallback (node_modules/react-dom/cjs/react-dom.development.js:3945:14)
      at HTMLUnknownElement.callTheUserObjectsOperation (node_modules/jsdom/lib/jsdom/living/generated/EventListener.js:26:30)

    console.error
      Warning: React.jsx: type is invalid -- expected a string (for built-in components) or a class/function (for composite components) but got: undefined. You likely forgot to export your component from the file it's defined in, or you might have mixed up default and named imports.
      
      Check your code at NavbarComponent.test.tsx:69.

      67 |       <ChakraProvider>
      68 |         <MemoryRouter>
    > 69 |           <MockStarknetProvider value={starknetValue}>
         |           ^
      70 |             <NavbarComponent {...defaultProps} {...props} />
      71 |           </MockStarknetProvider>
      72 |         </MemoryRouter>

      at printWarning (node_modules/react/cjs/react-jsx-dev-runtime.development.js:117:30)
      at error (node_modules/react/cjs/react-jsx-dev-runtime.development.js:93:5)
      at jsxWithValidation (node_modules/react/cjs/react-jsx-dev-runtime.development.js:1152:7)
      at renderComponent (src/components/Navbar/__tests__/NavbarComponent.test.tsx:69:11)
      at Object.<anonymous> (src/components/Navbar/__tests__/NavbarComponent.test.tsx:102:5)

    console.error
      Error: Uncaught [Error: Element type is invalid: expected a string (for built-in components) or a class/function (for composite components) but got: undefined. You likely forgot to export your component from the file it's defined in, or you might have mixed up default and named imports.]
          at reportException (/Users/leonardosaturnino/Documents/GitHub/token-dashboard/node_modules/jsdom/lib/jsdom/living/helpers/runtime-script-errors.js:66:24)
          at innerInvokeEventListeners (/Users/leonardosaturnino/Documents/GitHub/token-dashboard/node_modules/jsdom/lib/jsdom/living/events/EventTarget-impl.js:341:9)
          at invokeEventListeners (/Users/leonardosaturnino/Documents/GitHub/token-dashboard/node_modules/jsdom/lib/jsdom/living/events/EventTarget-impl.js:274:3)
          at HTMLUnknownElementImpl._dispatch (/Users/leonardosaturnino/Documents/GitHub/token-dashboard/node_modules/jsdom/lib/jsdom/living/events/EventTarget-impl.js:221:9)
          at HTMLUnknownElementImpl.dispatchEvent (/Users/leonardosaturnino/Documents/GitHub/token-dashboard/node_modules/jsdom/lib/jsdom/living/events/EventTarget-impl.js:94:17)
          at HTMLUnknownElement.dispatchEvent (/Users/leonardosaturnino/Documents/GitHub/token-dashboard/node_modules/jsdom/lib/jsdom/living/generated/EventTarget.js:231:34)
          at Object.invokeGuardedCallbackDev (/Users/leonardosaturnino/Documents/GitHub/token-dashboard/node_modules/react-dom/cjs/react-dom.development.js:3994:16)
          at invokeGuardedCallback (/Users/leonardosaturnino/Documents/GitHub/token-dashboard/node_modules/react-dom/cjs/react-dom.development.js:4056:31)
          at beginWork$1 (/Users/leonardosaturnino/Documents/GitHub/token-dashboard/node_modules/react-dom/cjs/react-dom.development.js:23964:7)
          at performUnitOfWork (/Users/leonardosaturnino/Documents/GitHub/token-dashboard/node_modules/react-dom/cjs/react-dom.development.js:22779:12) Error: Element type is invalid: expected a string (for built-in components) or a class/function (for composite components) but got: undefined. You likely forgot to export your component from the file it's defined in, or you might have mixed up default and named imports.
          at createFiberFromTypeAndProps (/Users/leonardosaturnino/Documents/GitHub/token-dashboard/node_modules/react-dom/cjs/react-dom.development.js:25058:21)
          at createFiberFromElement (/Users/leonardosaturnino/Documents/GitHub/token-dashboard/node_modules/react-dom/cjs/react-dom.development.js:25086:15)
          at reconcileSingleElement (/Users/leonardosaturnino/Documents/GitHub/token-dashboard/node_modules/react-dom/cjs/react-dom.development.js:14052:23)
          at reconcileChildFibers (/Users/leonardosaturnino/Documents/GitHub/token-dashboard/node_modules/react-dom/cjs/react-dom.development.js:14112:35)
          at reconcileChildren (/Users/leonardosaturnino/Documents/GitHub/token-dashboard/node_modules/react-dom/cjs/react-dom.development.js:16990:28)
          at updateContextProvider (/Users/leonardosaturnino/Documents/GitHub/token-dashboard/node_modules/react-dom/cjs/react-dom.development.js:18699:3)
          at beginWork (/Users/leonardosaturnino/Documents/GitHub/token-dashboard/node_modules/react-dom/cjs/react-dom.development.js:19111:14)
          at HTMLUnknownElement.callCallback (/Users/leonardosaturnino/Documents/GitHub/token-dashboard/node_modules/react-dom/cjs/react-dom.development.js:3945:14)
          at HTMLUnknownElement.callTheUserObjectsOperation (/Users/leonardosaturnino/Documents/GitHub/token-dashboard/node_modules/jsdom/lib/jsdom/living/generated/EventListener.js:26:30)
          at innerInvokeEventListeners (/Users/leonardosaturnino/Documents/GitHub/token-dashboard/node_modules/jsdom/lib/jsdom/living/events/EventTarget-impl.js:338:25)
          at invokeEventListeners (/Users/leonardosaturnino/Documents/GitHub/token-dashboard/node_modules/jsdom/lib/jsdom/living/events/EventTarget-impl.js:274:3)
          at HTMLUnknownElementImpl._dispatch (/Users/leonardosaturnino/Documents/GitHub/token-dashboard/node_modules/jsdom/lib/jsdom/living/events/EventTarget-impl.js:221:9)
          at HTMLUnknownElementImpl.dispatchEvent (/Users/leonardosaturnino/Documents/GitHub/token-dashboard/node_modules/jsdom/lib/jsdom/living/events/EventTarget-impl.js:94:17)
          at HTMLUnknownElement.dispatchEvent (/Users/leonardosaturnino/Documents/GitHub/token-dashboard/node_modules/jsdom/lib/jsdom/living/generated/EventTarget.js:231:34)
          at Object.invokeGuardedCallbackDev (/Users/leonardosaturnino/Documents/GitHub/token-dashboard/node_modules/react-dom/cjs/react-dom.development.js:3994:16)
          at invokeGuardedCallback (/Users/leonardosaturnino/Documents/GitHub/token-dashboard/node_modules/react-dom/cjs/react-dom.development.js:4056:31)
          at beginWork$1 (/Users/leonardosaturnino/Documents/GitHub/token-dashboard/node_modules/react-dom/cjs/react-dom.development.js:23964:7)
          at performUnitOfWork (/Users/leonardosaturnino/Documents/GitHub/token-dashboard/node_modules/react-dom/cjs/react-dom.development.js:22779:12)
          at workLoopSync (/Users/leonardosaturnino/Documents/GitHub/token-dashboard/node_modules/react-dom/cjs/react-dom.development.js:22707:5)
          at renderRootSync (/Users/leonardosaturnino/Documents/GitHub/token-dashboard/node_modules/react-dom/cjs/react-dom.development.js:22670:7)
          at performSyncWorkOnRoot (/Users/leonardosaturnino/Documents/GitHub/token-dashboard/node_modules/react-dom/cjs/react-dom.development.js:22293:18)
          at scheduleUpdateOnFiber (/Users/leonardosaturnino/Documents/GitHub/token-dashboard/node_modules/react-dom/cjs/react-dom.development.js:21881:7)
          at updateContainer (/Users/leonardosaturnino/Documents/GitHub/token-dashboard/node_modules/react-dom/cjs/react-dom.development.js:25482:3)
          at /Users/leonardosaturnino/Documents/GitHub/token-dashboard/node_modules/react-dom/cjs/react-dom.development.js:26021:7
          at unbatchedUpdates (/Users/leonardosaturnino/Documents/GitHub/token-dashboard/node_modules/react-dom/cjs/react-dom.development.js:22431:12)
          at legacyRenderSubtreeIntoContainer (/Users/leonardosaturnino/Documents/GitHub/token-dashboard/node_modules/react-dom/cjs/react-dom.development.js:26020:5)
          at Object.render (/Users/leonardosaturnino/Documents/GitHub/token-dashboard/node_modules/react-dom/cjs/react-dom.development.js:26103:10)
          at /Users/leonardosaturnino/Documents/GitHub/token-dashboard/node_modules/@testing-library/react/dist/pure.js:101:25
          at batchedUpdates$1 (/Users/leonardosaturnino/Documents/GitHub/token-dashboard/node_modules/react-dom/cjs/react-dom.development.js:22380:12)
          at act (/Users/leonardosaturnino/Documents/GitHub/token-dashboard/node_modules/react-dom/cjs/react-dom-test-utils.development.js:1042:14)
          at render (/Users/leonardosaturnino/Documents/GitHub/token-dashboard/node_modules/@testing-library/react/dist/pure.js:97:26)
          at renderComponent (/Users/leonardosaturnino/Documents/GitHub/token-dashboard/src/components/Navbar/__tests__/NavbarComponent.test.tsx:66:12)
          at Object.<anonymous> (/Users/leonardosaturnino/Documents/GitHub/token-dashboard/src/components/Navbar/__tests__/NavbarComponent.test.tsx:102:5)
          at Promise.then.completed (/Users/leonardosaturnino/Documents/GitHub/token-dashboard/node_modules/jest-circus/build/utils.js:276:28)
          at new Promise (<anonymous>)
          at callAsyncCircusFn (/Users/leonardosaturnino/Documents/GitHub/token-dashboard/node_modules/jest-circus/build/utils.js:216:10)
          at _callCircusTest (/Users/leonardosaturnino/Documents/GitHub/token-dashboard/node_modules/jest-circus/build/run.js:212:40)
          at processTicksAndRejections (node:internal/process/task_queues:105:5)
          at _runTest (/Users/leonardosaturnino/Documents/GitHub/token-dashboard/node_modules/jest-circus/build/run.js:149:3)
          at _runTestsForDescribeBlock (/Users/leonardosaturnino/Documents/GitHub/token-dashboard/node_modules/jest-circus/build/run.js:63:9)
          at _runTestsForDescribeBlock (/Users/leonardosaturnino/Documents/GitHub/token-dashboard/node_modules/jest-circus/build/run.js:57:9)
          at run (/Users/leonardosaturnino/Documents/GitHub/token-dashboard/node_modules/jest-circus/build/run.js:25:3)
          at runAndTransformResultsToJestFormat (/Users/leonardosaturnino/Documents/GitHub/token-dashboard/node_modules/jest-circus/build/legacy-code-todo-rewrite/jestAdapterInit.js:176:21)
          at jestAdapter (/Users/leonardosaturnino/Documents/GitHub/token-dashboard/node_modules/jest-circus/build/legacy-code-todo-rewrite/jestAdapter.js:109:19)
          at runTestInternal (/Users/leonardosaturnino/Documents/GitHub/token-dashboard/node_modules/jest-runner/build/runTest.js:380:16)
          at runTest (/Users/leonardosaturnino/Documents/GitHub/token-dashboard/node_modules/jest-runner/build/runTest.js:472:34)
          at Object.worker (/Users/leonardosaturnino/Documents/GitHub/token-dashboard/node_modules/jest-runner/build/testWorker.js:133:12)

      at VirtualConsole.<anonymous> (node_modules/jsdom/lib/jsdom/virtual-console.js:29:45)
      at reportException (node_modules/jsdom/lib/jsdom/living/helpers/runtime-script-errors.js:70:28)
      at innerInvokeEventListeners (node_modules/jsdom/lib/jsdom/living/events/EventTarget-impl.js:341:9)
      at invokeEventListeners (node_modules/jsdom/lib/jsdom/living/events/EventTarget-impl.js:274:3)
      at HTMLUnknownElementImpl._dispatch (node_modules/jsdom/lib/jsdom/living/events/EventTarget-impl.js:221:9)
      at HTMLUnknownElementImpl.dispatchEvent (node_modules/jsdom/lib/jsdom/living/events/EventTarget-impl.js:94:17)
      at HTMLUnknownElement.dispatchEvent (node_modules/jsdom/lib/jsdom/living/generated/EventTarget.js:231:34)

    console.error
      The above error occurred in the <Location.Provider> component:
      
          at Router (/Users/leonardosaturnino/Documents/GitHub/packages/react-router/index.tsx:256:13)
          at MemoryRouter (/Users/leonardosaturnino/Documents/GitHub/packages/react-router/index.tsx:116:3)
          at EnvironmentProvider (/Users/leonardosaturnino/Documents/GitHub/token-dashboard/node_modules/@chakra-ui/react-env/dist/chakra-ui-react-env.cjs.dev.js:120:24)
          at ColorModeProvider (/Users/leonardosaturnino/Documents/GitHub/token-dashboard/node_modules/@chakra-ui/color-mode/dist/chakra-ui-color-mode.cjs.dev.js:228:21)
          at ThemeProvider (/Users/leonardosaturnino/Documents/GitHub/token-dashboard/node_modules/@emotion/react/dist/emotion-element-ae8cc4ba.cjs.dev.js:126:21)
          at ThemeProvider (/Users/leonardosaturnino/Documents/GitHub/token-dashboard/node_modules/@chakra-ui/system/dist/chakra-ui-system.cjs.dev.js:57:27)
          at /Users/leonardosaturnino/Documents/GitHub/token-dashboard/node_modules/@chakra-ui/hooks/dist/chakra-ui-hooks.cjs.dev.js:265:23
          at ChakraProvider (/Users/leonardosaturnino/Documents/GitHub/token-dashboard/node_modules/@chakra-ui/provider/dist/chakra-ui-provider.cjs.dev.js:40:24)
      
      Consider adding an error boundary to your tree to customize error handling behavior.
      Visit https://reactjs.org/link/error-boundaries to learn more about error boundaries.

      at logCapturedError (node_modules/react-dom/cjs/react-dom.development.js:20085:23)
      at update.callback (node_modules/react-dom/cjs/react-dom.development.js:20118:5)
      at callCallback (node_modules/react-dom/cjs/react-dom.development.js:12318:12)
      at commitUpdateQueue (node_modules/react-dom/cjs/react-dom.development.js:12339:9)
      at commitLifeCycles (node_modules/react-dom/cjs/react-dom.development.js:20736:11)
      at commitLayoutEffects (node_modules/react-dom/cjs/react-dom.development.js:23426:7)
      at HTMLUnknownElement.callCallback (node_modules/react-dom/cjs/react-dom.development.js:3945:14)
      at HTMLUnknownElement.callTheUserObjectsOperation (node_modules/jsdom/lib/jsdom/living/generated/EventListener.js:26:30)

    console.error
      Warning: React.jsx: type is invalid -- expected a string (for built-in components) or a class/function (for composite components) but got: undefined. You likely forgot to export your component from the file it's defined in, or you might have mixed up default and named imports.
      
      Check your code at NavbarComponent.test.tsx:69.

      67 |       <ChakraProvider>
      68 |         <MemoryRouter>
    > 69 |           <MockStarknetProvider value={starknetValue}>
         |           ^
      70 |             <NavbarComponent {...defaultProps} {...props} />
      71 |           </MockStarknetProvider>
      72 |         </MemoryRouter>

      at printWarning (node_modules/react/cjs/react-jsx-dev-runtime.development.js:117:30)
      at error (node_modules/react/cjs/react-jsx-dev-runtime.development.js:93:5)
      at jsxWithValidation (node_modules/react/cjs/react-jsx-dev-runtime.development.js:1152:7)
      at renderComponent (src/components/Navbar/__tests__/NavbarComponent.test.tsx:69:11)
      at Object.<anonymous> (src/components/Navbar/__tests__/NavbarComponent.test.tsx:109:5)

    console.error
      Error: Uncaught [Error: Element type is invalid: expected a string (for built-in components) or a class/function (for composite components) but got: undefined. You likely forgot to export your component from the file it's defined in, or you might have mixed up default and named imports.]
          at reportException (/Users/leonardosaturnino/Documents/GitHub/token-dashboard/node_modules/jsdom/lib/jsdom/living/helpers/runtime-script-errors.js:66:24)
          at innerInvokeEventListeners (/Users/leonardosaturnino/Documents/GitHub/token-dashboard/node_modules/jsdom/lib/jsdom/living/events/EventTarget-impl.js:341:9)
          at invokeEventListeners (/Users/leonardosaturnino/Documents/GitHub/token-dashboard/node_modules/jsdom/lib/jsdom/living/events/EventTarget-impl.js:274:3)
          at HTMLUnknownElementImpl._dispatch (/Users/leonardosaturnino/Documents/GitHub/token-dashboard/node_modules/jsdom/lib/jsdom/living/events/EventTarget-impl.js:221:9)
          at HTMLUnknownElementImpl.dispatchEvent (/Users/leonardosaturnino/Documents/GitHub/token-dashboard/node_modules/jsdom/lib/jsdom/living/events/EventTarget-impl.js:94:17)
          at HTMLUnknownElement.dispatchEvent (/Users/leonardosaturnino/Documents/GitHub/token-dashboard/node_modules/jsdom/lib/jsdom/living/generated/EventTarget.js:231:34)
          at Object.invokeGuardedCallbackDev (/Users/leonardosaturnino/Documents/GitHub/token-dashboard/node_modules/react-dom/cjs/react-dom.development.js:3994:16)
          at invokeGuardedCallback (/Users/leonardosaturnino/Documents/GitHub/token-dashboard/node_modules/react-dom/cjs/react-dom.development.js:4056:31)
          at beginWork$1 (/Users/leonardosaturnino/Documents/GitHub/token-dashboard/node_modules/react-dom/cjs/react-dom.development.js:23964:7)
          at performUnitOfWork (/Users/leonardosaturnino/Documents/GitHub/token-dashboard/node_modules/react-dom/cjs/react-dom.development.js:22779:12) Error: Element type is invalid: expected a string (for built-in components) or a class/function (for composite components) but got: undefined. You likely forgot to export your component from the file it's defined in, or you might have mixed up default and named imports.
          at createFiberFromTypeAndProps (/Users/leonardosaturnino/Documents/GitHub/token-dashboard/node_modules/react-dom/cjs/react-dom.development.js:25058:21)
          at createFiberFromElement (/Users/leonardosaturnino/Documents/GitHub/token-dashboard/node_modules/react-dom/cjs/react-dom.development.js:25086:15)
          at reconcileSingleElement (/Users/leonardosaturnino/Documents/GitHub/token-dashboard/node_modules/react-dom/cjs/react-dom.development.js:14052:23)
          at reconcileChildFibers (/Users/leonardosaturnino/Documents/GitHub/token-dashboard/node_modules/react-dom/cjs/react-dom.development.js:14112:35)
          at reconcileChildren (/Users/leonardosaturnino/Documents/GitHub/token-dashboard/node_modules/react-dom/cjs/react-dom.development.js:16990:28)
          at updateContextProvider (/Users/leonardosaturnino/Documents/GitHub/token-dashboard/node_modules/react-dom/cjs/react-dom.development.js:18699:3)
          at beginWork (/Users/leonardosaturnino/Documents/GitHub/token-dashboard/node_modules/react-dom/cjs/react-dom.development.js:19111:14)
          at HTMLUnknownElement.callCallback (/Users/leonardosaturnino/Documents/GitHub/token-dashboard/node_modules/react-dom/cjs/react-dom.development.js:3945:14)
          at HTMLUnknownElement.callTheUserObjectsOperation (/Users/leonardosaturnino/Documents/GitHub/token-dashboard/node_modules/jsdom/lib/jsdom/living/generated/EventListener.js:26:30)
          at innerInvokeEventListeners (/Users/leonardosaturnino/Documents/GitHub/token-dashboard/node_modules/jsdom/lib/jsdom/living/events/EventTarget-impl.js:338:25)
          at invokeEventListeners (/Users/leonardosaturnino/Documents/GitHub/token-dashboard/node_modules/jsdom/lib/jsdom/living/events/EventTarget-impl.js:274:3)
          at HTMLUnknownElementImpl._dispatch (/Users/leonardosaturnino/Documents/GitHub/token-dashboard/node_modules/jsdom/lib/jsdom/living/events/EventTarget-impl.js:221:9)
          at HTMLUnknownElementImpl.dispatchEvent (/Users/leonardosaturnino/Documents/GitHub/token-dashboard/node_modules/jsdom/lib/jsdom/living/events/EventTarget-impl.js:94:17)
          at HTMLUnknownElement.dispatchEvent (/Users/leonardosaturnino/Documents/GitHub/token-dashboard/node_modules/jsdom/lib/jsdom/living/generated/EventTarget.js:231:34)
          at Object.invokeGuardedCallbackDev (/Users/leonardosaturnino/Documents/GitHub/token-dashboard/node_modules/react-dom/cjs/react-dom.development.js:3994:16)
          at invokeGuardedCallback (/Users/leonardosaturnino/Documents/GitHub/token-dashboard/node_modules/react-dom/cjs/react-dom.development.js:4056:31)
          at beginWork$1 (/Users/leonardosaturnino/Documents/GitHub/token-dashboard/node_modules/react-dom/cjs/react-dom.development.js:23964:7)
          at performUnitOfWork (/Users/leonardosaturnino/Documents/GitHub/token-dashboard/node_modules/react-dom/cjs/react-dom.development.js:22779:12)
          at workLoopSync (/Users/leonardosaturnino/Documents/GitHub/token-dashboard/node_modules/react-dom/cjs/react-dom.development.js:22707:5)
          at renderRootSync (/Users/leonardosaturnino/Documents/GitHub/token-dashboard/node_modules/react-dom/cjs/react-dom.development.js:22670:7)
          at performSyncWorkOnRoot (/Users/leonardosaturnino/Documents/GitHub/token-dashboard/node_modules/react-dom/cjs/react-dom.development.js:22293:18)
          at scheduleUpdateOnFiber (/Users/leonardosaturnino/Documents/GitHub/token-dashboard/node_modules/react-dom/cjs/react-dom.development.js:21881:7)
          at updateContainer (/Users/leonardosaturnino/Documents/GitHub/token-dashboard/node_modules/react-dom/cjs/react-dom.development.js:25482:3)
          at /Users/leonardosaturnino/Documents/GitHub/token-dashboard/node_modules/react-dom/cjs/react-dom.development.js:26021:7
          at unbatchedUpdates (/Users/leonardosaturnino/Documents/GitHub/token-dashboard/node_modules/react-dom/cjs/react-dom.development.js:22431:12)
          at legacyRenderSubtreeIntoContainer (/Users/leonardosaturnino/Documents/GitHub/token-dashboard/node_modules/react-dom/cjs/react-dom.development.js:26020:5)
          at Object.render (/Users/leonardosaturnino/Documents/GitHub/token-dashboard/node_modules/react-dom/cjs/react-dom.development.js:26103:10)
          at /Users/leonardosaturnino/Documents/GitHub/token-dashboard/node_modules/@testing-library/react/dist/pure.js:101:25
          at batchedUpdates$1 (/Users/leonardosaturnino/Documents/GitHub/token-dashboard/node_modules/react-dom/cjs/react-dom.development.js:22380:12)
          at act (/Users/leonardosaturnino/Documents/GitHub/token-dashboard/node_modules/react-dom/cjs/react-dom-test-utils.development.js:1042:14)
          at render (/Users/leonardosaturnino/Documents/GitHub/token-dashboard/node_modules/@testing-library/react/dist/pure.js:97:26)
          at renderComponent (/Users/leonardosaturnino/Documents/GitHub/token-dashboard/src/components/Navbar/__tests__/NavbarComponent.test.tsx:66:12)
          at Object.<anonymous> (/Users/leonardosaturnino/Documents/GitHub/token-dashboard/src/components/Navbar/__tests__/NavbarComponent.test.tsx:109:5)
          at Promise.then.completed (/Users/leonardosaturnino/Documents/GitHub/token-dashboard/node_modules/jest-circus/build/utils.js:276:28)
          at new Promise (<anonymous>)
          at callAsyncCircusFn (/Users/leonardosaturnino/Documents/GitHub/token-dashboard/node_modules/jest-circus/build/utils.js:216:10)
          at _callCircusTest (/Users/leonardosaturnino/Documents/GitHub/token-dashboard/node_modules/jest-circus/build/run.js:212:40)
          at processTicksAndRejections (node:internal/process/task_queues:105:5)
          at _runTest (/Users/leonardosaturnino/Documents/GitHub/token-dashboard/node_modules/jest-circus/build/run.js:149:3)
          at _runTestsForDescribeBlock (/Users/leonardosaturnino/Documents/GitHub/token-dashboard/node_modules/jest-circus/build/run.js:63:9)
          at _runTestsForDescribeBlock (/Users/leonardosaturnino/Documents/GitHub/token-dashboard/node_modules/jest-circus/build/run.js:57:9)
          at run (/Users/leonardosaturnino/Documents/GitHub/token-dashboard/node_modules/jest-circus/build/run.js:25:3)
          at runAndTransformResultsToJestFormat (/Users/leonardosaturnino/Documents/GitHub/token-dashboard/node_modules/jest-circus/build/legacy-code-todo-rewrite/jestAdapterInit.js:176:21)
          at jestAdapter (/Users/leonardosaturnino/Documents/GitHub/token-dashboard/node_modules/jest-circus/build/legacy-code-todo-rewrite/jestAdapter.js:109:19)
          at runTestInternal (/Users/leonardosaturnino/Documents/GitHub/token-dashboard/node_modules/jest-runner/build/runTest.js:380:16)
          at runTest (/Users/leonardosaturnino/Documents/GitHub/token-dashboard/node_modules/jest-runner/build/runTest.js:472:34)
          at Object.worker (/Users/leonardosaturnino/Documents/GitHub/token-dashboard/node_modules/jest-runner/build/testWorker.js:133:12)

      at VirtualConsole.<anonymous> (node_modules/jsdom/lib/jsdom/virtual-console.js:29:45)
      at reportException (node_modules/jsdom/lib/jsdom/living/helpers/runtime-script-errors.js:70:28)
      at innerInvokeEventListeners (node_modules/jsdom/lib/jsdom/living/events/EventTarget-impl.js:341:9)
      at invokeEventListeners (node_modules/jsdom/lib/jsdom/living/events/EventTarget-impl.js:274:3)
      at HTMLUnknownElementImpl._dispatch (node_modules/jsdom/lib/jsdom/living/events/EventTarget-impl.js:221:9)
      at HTMLUnknownElementImpl.dispatchEvent (node_modules/jsdom/lib/jsdom/living/events/EventTarget-impl.js:94:17)
      at HTMLUnknownElement.dispatchEvent (node_modules/jsdom/lib/jsdom/living/generated/EventTarget.js:231:34)

    console.error
      The above error occurred in the <Location.Provider> component:
      
          at Router (/Users/leonardosaturnino/Documents/GitHub/packages/react-router/index.tsx:256:13)
          at MemoryRouter (/Users/leonardosaturnino/Documents/GitHub/packages/react-router/index.tsx:116:3)
          at EnvironmentProvider (/Users/leonardosaturnino/Documents/GitHub/token-dashboard/node_modules/@chakra-ui/react-env/dist/chakra-ui-react-env.cjs.dev.js:120:24)
          at ColorModeProvider (/Users/leonardosaturnino/Documents/GitHub/token-dashboard/node_modules/@chakra-ui/color-mode/dist/chakra-ui-color-mode.cjs.dev.js:228:21)
          at ThemeProvider (/Users/leonardosaturnino/Documents/GitHub/token-dashboard/node_modules/@emotion/react/dist/emotion-element-ae8cc4ba.cjs.dev.js:126:21)
          at ThemeProvider (/Users/leonardosaturnino/Documents/GitHub/token-dashboard/node_modules/@chakra-ui/system/dist/chakra-ui-system.cjs.dev.js:57:27)
          at /Users/leonardosaturnino/Documents/GitHub/token-dashboard/node_modules/@chakra-ui/hooks/dist/chakra-ui-hooks.cjs.dev.js:265:23
          at ChakraProvider (/Users/leonardosaturnino/Documents/GitHub/token-dashboard/node_modules/@chakra-ui/provider/dist/chakra-ui-provider.cjs.dev.js:40:24)
      
      Consider adding an error boundary to your tree to customize error handling behavior.
      Visit https://reactjs.org/link/error-boundaries to learn more about error boundaries.

      at logCapturedError (node_modules/react-dom/cjs/react-dom.development.js:20085:23)
      at update.callback (node_modules/react-dom/cjs/react-dom.development.js:20118:5)
      at callCallback (node_modules/react-dom/cjs/react-dom.development.js:12318:12)
      at commitUpdateQueue (node_modules/react-dom/cjs/react-dom.development.js:12339:9)
      at commitLifeCycles (node_modules/react-dom/cjs/react-dom.development.js:20736:11)
      at commitLayoutEffects (node_modules/react-dom/cjs/react-dom.development.js:23426:7)
      at HTMLUnknownElement.callCallback (node_modules/react-dom/cjs/react-dom.development.js:3945:14)
      at HTMLUnknownElement.callTheUserObjectsOperation (node_modules/jsdom/lib/jsdom/living/generated/EventListener.js:26:30)

    console.error
      Warning: React.jsx: type is invalid -- expected a string (for built-in components) or a class/function (for composite components) but got: undefined. You likely forgot to export your component from the file it's defined in, or you might have mixed up default and named imports.
      
      Check your code at NavbarComponent.test.tsx:69.

      67 |       <ChakraProvider>
      68 |         <MemoryRouter>
    > 69 |           <MockStarknetProvider value={starknetValue}>
         |           ^
      70 |             <NavbarComponent {...defaultProps} {...props} />
      71 |           </MockStarknetProvider>
      72 |         </MemoryRouter>

      at printWarning (node_modules/react/cjs/react-jsx-dev-runtime.development.js:117:30)
      at error (node_modules/react/cjs/react-jsx-dev-runtime.development.js:93:5)
      at jsxWithValidation (node_modules/react/cjs/react-jsx-dev-runtime.development.js:1152:7)
      at renderComponent (src/components/Navbar/__tests__/NavbarComponent.test.tsx:69:11)
      at Object.<anonymous> (src/components/Navbar/__tests__/NavbarComponent.test.tsx:115:5)

    console.error
      Error: Uncaught [Error: Element type is invalid: expected a string (for built-in components) or a class/function (for composite components) but got: undefined. You likely forgot to export your component from the file it's defined in, or you might have mixed up default and named imports.]
          at reportException (/Users/leonardosaturnino/Documents/GitHub/token-dashboard/node_modules/jsdom/lib/jsdom/living/helpers/runtime-script-errors.js:66:24)
          at innerInvokeEventListeners (/Users/leonardosaturnino/Documents/GitHub/token-dashboard/node_modules/jsdom/lib/jsdom/living/events/EventTarget-impl.js:341:9)
          at invokeEventListeners (/Users/leonardosaturnino/Documents/GitHub/token-dashboard/node_modules/jsdom/lib/jsdom/living/events/EventTarget-impl.js:274:3)
          at HTMLUnknownElementImpl._dispatch (/Users/leonardosaturnino/Documents/GitHub/token-dashboard/node_modules/jsdom/lib/jsdom/living/events/EventTarget-impl.js:221:9)
          at HTMLUnknownElementImpl.dispatchEvent (/Users/leonardosaturnino/Documents/GitHub/token-dashboard/node_modules/jsdom/lib/jsdom/living/events/EventTarget-impl.js:94:17)
          at HTMLUnknownElement.dispatchEvent (/Users/leonardosaturnino/Documents/GitHub/token-dashboard/node_modules/jsdom/lib/jsdom/living/generated/EventTarget.js:231:34)
          at Object.invokeGuardedCallbackDev (/Users/leonardosaturnino/Documents/GitHub/token-dashboard/node_modules/react-dom/cjs/react-dom.development.js:3994:16)
          at invokeGuardedCallback (/Users/leonardosaturnino/Documents/GitHub/token-dashboard/node_modules/react-dom/cjs/react-dom.development.js:4056:31)
          at beginWork$1 (/Users/leonardosaturnino/Documents/GitHub/token-dashboard/node_modules/react-dom/cjs/react-dom.development.js:23964:7)
          at performUnitOfWork (/Users/leonardosaturnino/Documents/GitHub/token-dashboard/node_modules/react-dom/cjs/react-dom.development.js:22779:12) Error: Element type is invalid: expected a string (for built-in components) or a class/function (for composite components) but got: undefined. You likely forgot to export your component from the file it's defined in, or you might have mixed up default and named imports.
          at createFiberFromTypeAndProps (/Users/leonardosaturnino/Documents/GitHub/token-dashboard/node_modules/react-dom/cjs/react-dom.development.js:25058:21)
          at createFiberFromElement (/Users/leonardosaturnino/Documents/GitHub/token-dashboard/node_modules/react-dom/cjs/react-dom.development.js:25086:15)
          at reconcileSingleElement (/Users/leonardosaturnino/Documents/GitHub/token-dashboard/node_modules/react-dom/cjs/react-dom.development.js:14052:23)
          at reconcileChildFibers (/Users/leonardosaturnino/Documents/GitHub/token-dashboard/node_modules/react-dom/cjs/react-dom.development.js:14112:35)
          at reconcileChildren (/Users/leonardosaturnino/Documents/GitHub/token-dashboard/node_modules/react-dom/cjs/react-dom.development.js:16990:28)
          at updateContextProvider (/Users/leonardosaturnino/Documents/GitHub/token-dashboard/node_modules/react-dom/cjs/react-dom.development.js:18699:3)
          at beginWork (/Users/leonardosaturnino/Documents/GitHub/token-dashboard/node_modules/react-dom/cjs/react-dom.development.js:19111:14)
          at HTMLUnknownElement.callCallback (/Users/leonardosaturnino/Documents/GitHub/token-dashboard/node_modules/react-dom/cjs/react-dom.development.js:3945:14)
          at HTMLUnknownElement.callTheUserObjectsOperation (/Users/leonardosaturnino/Documents/GitHub/token-dashboard/node_modules/jsdom/lib/jsdom/living/generated/EventListener.js:26:30)
          at innerInvokeEventListeners (/Users/leonardosaturnino/Documents/GitHub/token-dashboard/node_modules/jsdom/lib/jsdom/living/events/EventTarget-impl.js:338:25)
          at invokeEventListeners (/Users/leonardosaturnino/Documents/GitHub/token-dashboard/node_modules/jsdom/lib/jsdom/living/events/EventTarget-impl.js:274:3)
          at HTMLUnknownElementImpl._dispatch (/Users/leonardosaturnino/Documents/GitHub/token-dashboard/node_modules/jsdom/lib/jsdom/living/events/EventTarget-impl.js:221:9)
          at HTMLUnknownElementImpl.dispatchEvent (/Users/leonardosaturnino/Documents/GitHub/token-dashboard/node_modules/jsdom/lib/jsdom/living/events/EventTarget-impl.js:94:17)
          at HTMLUnknownElement.dispatchEvent (/Users/leonardosaturnino/Documents/GitHub/token-dashboard/node_modules/jsdom/lib/jsdom/living/generated/EventTarget.js:231:34)
          at Object.invokeGuardedCallbackDev (/Users/leonardosaturnino/Documents/GitHub/token-dashboard/node_modules/react-dom/cjs/react-dom.development.js:3994:16)
          at invokeGuardedCallback (/Users/leonardosaturnino/Documents/GitHub/token-dashboard/node_modules/react-dom/cjs/react-dom.development.js:4056:31)
          at beginWork$1 (/Users/leonardosaturnino/Documents/GitHub/token-dashboard/node_modules/react-dom/cjs/react-dom.development.js:23964:7)
          at performUnitOfWork (/Users/leonardosaturnino/Documents/GitHub/token-dashboard/node_modules/react-dom/cjs/react-dom.development.js:22779:12)
          at workLoopSync (/Users/leonardosaturnino/Documents/GitHub/token-dashboard/node_modules/react-dom/cjs/react-dom.development.js:22707:5)
          at renderRootSync (/Users/leonardosaturnino/Documents/GitHub/token-dashboard/node_modules/react-dom/cjs/react-dom.development.js:22670:7)
          at performSyncWorkOnRoot (/Users/leonardosaturnino/Documents/GitHub/token-dashboard/node_modules/react-dom/cjs/react-dom.development.js:22293:18)
          at scheduleUpdateOnFiber (/Users/leonardosaturnino/Documents/GitHub/token-dashboard/node_modules/react-dom/cjs/react-dom.development.js:21881:7)
          at updateContainer (/Users/leonardosaturnino/Documents/GitHub/token-dashboard/node_modules/react-dom/cjs/react-dom.development.js:25482:3)
          at /Users/leonardosaturnino/Documents/GitHub/token-dashboard/node_modules/react-dom/cjs/react-dom.development.js:26021:7
          at unbatchedUpdates (/Users/leonardosaturnino/Documents/GitHub/token-dashboard/node_modules/react-dom/cjs/react-dom.development.js:22431:12)
          at legacyRenderSubtreeIntoContainer (/Users/leonardosaturnino/Documents/GitHub/token-dashboard/node_modules/react-dom/cjs/react-dom.development.js:26020:5)
          at Object.render (/Users/leonardosaturnino/Documents/GitHub/token-dashboard/node_modules/react-dom/cjs/react-dom.development.js:26103:10)
          at /Users/leonardosaturnino/Documents/GitHub/token-dashboard/node_modules/@testing-library/react/dist/pure.js:101:25
          at batchedUpdates$1 (/Users/leonardosaturnino/Documents/GitHub/token-dashboard/node_modules/react-dom/cjs/react-dom.development.js:22380:12)
          at act (/Users/leonardosaturnino/Documents/GitHub/token-dashboard/node_modules/react-dom/cjs/react-dom-test-utils.development.js:1042:14)
          at render (/Users/leonardosaturnino/Documents/GitHub/token-dashboard/node_modules/@testing-library/react/dist/pure.js:97:26)
          at renderComponent (/Users/leonardosaturnino/Documents/GitHub/token-dashboard/src/components/Navbar/__tests__/NavbarComponent.test.tsx:66:12)
          at Object.<anonymous> (/Users/leonardosaturnino/Documents/GitHub/token-dashboard/src/components/Navbar/__tests__/NavbarComponent.test.tsx:115:5)
          at Promise.then.completed (/Users/leonardosaturnino/Documents/GitHub/token-dashboard/node_modules/jest-circus/build/utils.js:276:28)
          at new Promise (<anonymous>)
          at callAsyncCircusFn (/Users/leonardosaturnino/Documents/GitHub/token-dashboard/node_modules/jest-circus/build/utils.js:216:10)
          at _callCircusTest (/Users/leonardosaturnino/Documents/GitHub/token-dashboard/node_modules/jest-circus/build/run.js:212:40)
          at processTicksAndRejections (node:internal/process/task_queues:105:5)
          at _runTest (/Users/leonardosaturnino/Documents/GitHub/token-dashboard/node_modules/jest-circus/build/run.js:149:3)
          at _runTestsForDescribeBlock (/Users/leonardosaturnino/Documents/GitHub/token-dashboard/node_modules/jest-circus/build/run.js:63:9)
          at _runTestsForDescribeBlock (/Users/leonardosaturnino/Documents/GitHub/token-dashboard/node_modules/jest-circus/build/run.js:57:9)
          at run (/Users/leonardosaturnino/Documents/GitHub/token-dashboard/node_modules/jest-circus/build/run.js:25:3)
          at runAndTransformResultsToJestFormat (/Users/leonardosaturnino/Documents/GitHub/token-dashboard/node_modules/jest-circus/build/legacy-code-todo-rewrite/jestAdapterInit.js:176:21)
          at jestAdapter (/Users/leonardosaturnino/Documents/GitHub/token-dashboard/node_modules/jest-circus/build/legacy-code-todo-rewrite/jestAdapter.js:109:19)
          at runTestInternal (/Users/leonardosaturnino/Documents/GitHub/token-dashboard/node_modules/jest-runner/build/runTest.js:380:16)
          at runTest (/Users/leonardosaturnino/Documents/GitHub/token-dashboard/node_modules/jest-runner/build/runTest.js:472:34)
          at Object.worker (/Users/leonardosaturnino/Documents/GitHub/token-dashboard/node_modules/jest-runner/build/testWorker.js:133:12)

      at VirtualConsole.<anonymous> (node_modules/jsdom/lib/jsdom/virtual-console.js:29:45)
      at reportException (node_modules/jsdom/lib/jsdom/living/helpers/runtime-script-errors.js:70:28)
      at innerInvokeEventListeners (node_modules/jsdom/lib/jsdom/living/events/EventTarget-impl.js:341:9)
      at invokeEventListeners (node_modules/jsdom/lib/jsdom/living/events/EventTarget-impl.js:274:3)
      at HTMLUnknownElementImpl._dispatch (node_modules/jsdom/lib/jsdom/living/events/EventTarget-impl.js:221:9)
      at HTMLUnknownElementImpl.dispatchEvent (node_modules/jsdom/lib/jsdom/living/events/EventTarget-impl.js:94:17)
      at HTMLUnknownElement.dispatchEvent (node_modules/jsdom/lib/jsdom/living/generated/EventTarget.js:231:34)

    console.error
      The above error occurred in the <Location.Provider> component:
      
          at Router (/Users/leonardosaturnino/Documents/GitHub/packages/react-router/index.tsx:256:13)
          at MemoryRouter (/Users/leonardosaturnino/Documents/GitHub/packages/react-router/index.tsx:116:3)
          at EnvironmentProvider (/Users/leonardosaturnino/Documents/GitHub/token-dashboard/node_modules/@chakra-ui/react-env/dist/chakra-ui-react-env.cjs.dev.js:120:24)
          at ColorModeProvider (/Users/leonardosaturnino/Documents/GitHub/token-dashboard/node_modules/@chakra-ui/color-mode/dist/chakra-ui-color-mode.cjs.dev.js:228:21)
          at ThemeProvider (/Users/leonardosaturnino/Documents/GitHub/token-dashboard/node_modules/@emotion/react/dist/emotion-element-ae8cc4ba.cjs.dev.js:126:21)
          at ThemeProvider (/Users/leonardosaturnino/Documents/GitHub/token-dashboard/node_modules/@chakra-ui/system/dist/chakra-ui-system.cjs.dev.js:57:27)
          at /Users/leonardosaturnino/Documents/GitHub/token-dashboard/node_modules/@chakra-ui/hooks/dist/chakra-ui-hooks.cjs.dev.js:265:23
          at ChakraProvider (/Users/leonardosaturnino/Documents/GitHub/token-dashboard/node_modules/@chakra-ui/provider/dist/chakra-ui-provider.cjs.dev.js:40:24)
      
      Consider adding an error boundary to your tree to customize error handling behavior.
      Visit https://reactjs.org/link/error-boundaries to learn more about error boundaries.

      at logCapturedError (node_modules/react-dom/cjs/react-dom.development.js:20085:23)
      at update.callback (node_modules/react-dom/cjs/react-dom.development.js:20118:5)
      at callCallback (node_modules/react-dom/cjs/react-dom.development.js:12318:12)
      at commitUpdateQueue (node_modules/react-dom/cjs/react-dom.development.js:12339:9)
      at commitLifeCycles (node_modules/react-dom/cjs/react-dom.development.js:20736:11)
      at commitLayoutEffects (node_modules/react-dom/cjs/react-dom.development.js:23426:7)
      at HTMLUnknownElement.callCallback (node_modules/react-dom/cjs/react-dom.development.js:3945:14)
      at HTMLUnknownElement.callTheUserObjectsOperation (node_modules/jsdom/lib/jsdom/living/generated/EventListener.js:26:30)

  ● NavbarComponent › should render basic navbar components

    Element type is invalid: expected a string (for built-in components) or a class/function (for composite components) but got: undefined. You likely forgot to export your component from the file it's defined in, or you might have mixed up default and named imports.

      64 |     starknetValue = { isConnected: false }
      65 |   ) => {
    > 66 |     return render(
         |            ^
      67 |       <ChakraProvider>
      68 |         <MemoryRouter>
      69 |           <MockStarknetProvider value={starknetValue}>

      at createFiberFromTypeAndProps (node_modules/react-dom/cjs/react-dom.development.js:25058:21)
      at createFiberFromElement (node_modules/react-dom/cjs/react-dom.development.js:25086:15)
      at reconcileSingleElement (node_modules/react-dom/cjs/react-dom.development.js:14052:23)
      at reconcileChildFibers (node_modules/react-dom/cjs/react-dom.development.js:14112:35)
      at reconcileChildren (node_modules/react-dom/cjs/react-dom.development.js:16990:28)
      at updateContextProvider (node_modules/react-dom/cjs/react-dom.development.js:18699:3)
      at beginWork (node_modules/react-dom/cjs/react-dom.development.js:19111:14)
      at HTMLUnknownElement.callCallback (node_modules/react-dom/cjs/react-dom.development.js:3945:14)
      at HTMLUnknownElement.callTheUserObjectsOperation (node_modules/jsdom/lib/jsdom/living/generated/EventListener.js:26:30)
      at innerInvokeEventListeners (node_modules/jsdom/lib/jsdom/living/events/EventTarget-impl.js:338:25)
      at invokeEventListeners (node_modules/jsdom/lib/jsdom/living/events/EventTarget-impl.js:274:3)
      at HTMLUnknownElementImpl._dispatch (node_modules/jsdom/lib/jsdom/living/events/EventTarget-impl.js:221:9)
      at HTMLUnknownElementImpl.dispatchEvent (node_modules/jsdom/lib/jsdom/living/events/EventTarget-impl.js:94:17)
      at HTMLUnknownElement.dispatchEvent (node_modules/jsdom/lib/jsdom/living/generated/EventTarget.js:231:34)
      at Object.invokeGuardedCallbackDev (node_modules/react-dom/cjs/react-dom.development.js:3994:16)
      at invokeGuardedCallback (node_modules/react-dom/cjs/react-dom.development.js:4056:31)
      at beginWork$1 (node_modules/react-dom/cjs/react-dom.development.js:23964:7)
      at performUnitOfWork (node_modules/react-dom/cjs/react-dom.development.js:22779:12)
      at workLoopSync (node_modules/react-dom/cjs/react-dom.development.js:22707:5)
      at renderRootSync (node_modules/react-dom/cjs/react-dom.development.js:22670:7)
      at performSyncWorkOnRoot (node_modules/react-dom/cjs/react-dom.development.js:22293:18)
      at scheduleUpdateOnFiber (node_modules/react-dom/cjs/react-dom.development.js:21881:7)
      at updateContainer (node_modules/react-dom/cjs/react-dom.development.js:25482:3)
      at node_modules/react-dom/cjs/react-dom.development.js:26021:7
      at unbatchedUpdates (node_modules/react-dom/cjs/react-dom.development.js:22431:12)
      at legacyRenderSubtreeIntoContainer (node_modules/react-dom/cjs/react-dom.development.js:26020:5)
      at Object.render (node_modules/react-dom/cjs/react-dom.development.js:26103:10)
      at node_modules/@testing-library/react/dist/pure.js:101:25
      at batchedUpdates$1 (node_modules/react-dom/cjs/react-dom.development.js:22380:12)
      at act (node_modules/react-dom/cjs/react-dom-test-utils.development.js:1042:14)
      at render (node_modules/@testing-library/react/dist/pure.js:97:26)
      at renderComponent (src/components/Navbar/__tests__/NavbarComponent.test.tsx:66:12)
      at Object.<anonymous> (src/components/Navbar/__tests__/NavbarComponent.test.tsx:82:5)

  ● NavbarComponent › should not render StarknetWalletStatus when Starknet is not connected

    Element type is invalid: expected a string (for built-in components) or a class/function (for composite components) but got: undefined. You likely forgot to export your component from the file it's defined in, or you might have mixed up default and named imports.

      64 |     starknetValue = { isConnected: false }
      65 |   ) => {
    > 66 |     return render(
         |            ^
      67 |       <ChakraProvider>
      68 |         <MemoryRouter>
      69 |           <MockStarknetProvider value={starknetValue}>

      at createFiberFromTypeAndProps (node_modules/react-dom/cjs/react-dom.development.js:25058:21)
      at createFiberFromElement (node_modules/react-dom/cjs/react-dom.development.js:25086:15)
      at reconcileSingleElement (node_modules/react-dom/cjs/react-dom.development.js:14052:23)
      at reconcileChildFibers (node_modules/react-dom/cjs/react-dom.development.js:14112:35)
      at reconcileChildren (node_modules/react-dom/cjs/react-dom.development.js:16990:28)
      at updateContextProvider (node_modules/react-dom/cjs/react-dom.development.js:18699:3)
      at beginWork (node_modules/react-dom/cjs/react-dom.development.js:19111:14)
      at HTMLUnknownElement.callCallback (node_modules/react-dom/cjs/react-dom.development.js:3945:14)
      at HTMLUnknownElement.callTheUserObjectsOperation (node_modules/jsdom/lib/jsdom/living/generated/EventListener.js:26:30)
      at innerInvokeEventListeners (node_modules/jsdom/lib/jsdom/living/events/EventTarget-impl.js:338:25)
      at invokeEventListeners (node_modules/jsdom/lib/jsdom/living/events/EventTarget-impl.js:274:3)
      at HTMLUnknownElementImpl._dispatch (node_modules/jsdom/lib/jsdom/living/events/EventTarget-impl.js:221:9)
      at HTMLUnknownElementImpl.dispatchEvent (node_modules/jsdom/lib/jsdom/living/events/EventTarget-impl.js:94:17)
      at HTMLUnknownElement.dispatchEvent (node_modules/jsdom/lib/jsdom/living/generated/EventTarget.js:231:34)
      at Object.invokeGuardedCallbackDev (node_modules/react-dom/cjs/react-dom.development.js:3994:16)
      at invokeGuardedCallback (node_modules/react-dom/cjs/react-dom.development.js:4056:31)
      at beginWork$1 (node_modules/react-dom/cjs/react-dom.development.js:23964:7)
      at performUnitOfWork (node_modules/react-dom/cjs/react-dom.development.js:22779:12)
      at workLoopSync (node_modules/react-dom/cjs/react-dom.development.js:22707:5)
      at renderRootSync (node_modules/react-dom/cjs/react-dom.development.js:22670:7)
      at performSyncWorkOnRoot (node_modules/react-dom/cjs/react-dom.development.js:22293:18)
      at scheduleUpdateOnFiber (node_modules/react-dom/cjs/react-dom.development.js:21881:7)
      at updateContainer (node_modules/react-dom/cjs/react-dom.development.js:25482:3)
      at node_modules/react-dom/cjs/react-dom.development.js:26021:7
      at unbatchedUpdates (node_modules/react-dom/cjs/react-dom.development.js:22431:12)
      at legacyRenderSubtreeIntoContainer (node_modules/react-dom/cjs/react-dom.development.js:26020:5)
      at Object.render (node_modules/react-dom/cjs/react-dom.development.js:26103:10)
      at node_modules/@testing-library/react/dist/pure.js:101:25
      at batchedUpdates$1 (node_modules/react-dom/cjs/react-dom.development.js:22380:12)
      at act (node_modules/react-dom/cjs/react-dom-test-utils.development.js:1042:14)
      at render (node_modules/@testing-library/react/dist/pure.js:97:26)
      at renderComponent (src/components/Navbar/__tests__/NavbarComponent.test.tsx:66:12)
      at Object.<anonymous> (src/components/Navbar/__tests__/NavbarComponent.test.tsx:90:5)

  ● NavbarComponent › should render StarknetWalletStatus when Starknet is connected

    Element type is invalid: expected a string (for built-in components) or a class/function (for composite components) but got: undefined. You likely forgot to export your component from the file it's defined in, or you might have mixed up default and named imports.

      64 |     starknetValue = { isConnected: false }
      65 |   ) => {
    > 66 |     return render(
         |            ^
      67 |       <ChakraProvider>
      68 |         <MemoryRouter>
      69 |           <MockStarknetProvider value={starknetValue}>

      at createFiberFromTypeAndProps (node_modules/react-dom/cjs/react-dom.development.js:25058:21)
      at createFiberFromElement (node_modules/react-dom/cjs/react-dom.development.js:25086:15)
      at reconcileSingleElement (node_modules/react-dom/cjs/react-dom.development.js:14052:23)
      at reconcileChildFibers (node_modules/react-dom/cjs/react-dom.development.js:14112:35)
      at reconcileChildren (node_modules/react-dom/cjs/react-dom.development.js:16990:28)
      at updateContextProvider (node_modules/react-dom/cjs/react-dom.development.js:18699:3)
      at beginWork (node_modules/react-dom/cjs/react-dom.development.js:19111:14)
      at HTMLUnknownElement.callCallback (node_modules/react-dom/cjs/react-dom.development.js:3945:14)
      at HTMLUnknownElement.callTheUserObjectsOperation (node_modules/jsdom/lib/jsdom/living/generated/EventListener.js:26:30)
      at innerInvokeEventListeners (node_modules/jsdom/lib/jsdom/living/events/EventTarget-impl.js:338:25)
      at invokeEventListeners (node_modules/jsdom/lib/jsdom/living/events/EventTarget-impl.js:274:3)
      at HTMLUnknownElementImpl._dispatch (node_modules/jsdom/lib/jsdom/living/events/EventTarget-impl.js:221:9)
      at HTMLUnknownElementImpl.dispatchEvent (node_modules/jsdom/lib/jsdom/living/events/EventTarget-impl.js:94:17)
      at HTMLUnknownElement.dispatchEvent (node_modules/jsdom/lib/jsdom/living/generated/EventTarget.js:231:34)
      at Object.invokeGuardedCallbackDev (node_modules/react-dom/cjs/react-dom.development.js:3994:16)
      at invokeGuardedCallback (node_modules/react-dom/cjs/react-dom.development.js:4056:31)
      at beginWork$1 (node_modules/react-dom/cjs/react-dom.development.js:23964:7)
      at performUnitOfWork (node_modules/react-dom/cjs/react-dom.development.js:22779:12)
      at workLoopSync (node_modules/react-dom/cjs/react-dom.development.js:22707:5)
      at renderRootSync (node_modules/react-dom/cjs/react-dom.development.js:22670:7)
      at performSyncWorkOnRoot (node_modules/react-dom/cjs/react-dom.development.js:22293:18)
      at scheduleUpdateOnFiber (node_modules/react-dom/cjs/react-dom.development.js:21881:7)
      at updateContainer (node_modules/react-dom/cjs/react-dom.development.js:25482:3)
      at node_modules/react-dom/cjs/react-dom.development.js:26021:7
      at unbatchedUpdates (node_modules/react-dom/cjs/react-dom.development.js:22431:12)
      at legacyRenderSubtreeIntoContainer (node_modules/react-dom/cjs/react-dom.development.js:26020:5)
      at Object.render (node_modules/react-dom/cjs/react-dom.development.js:26103:10)
      at node_modules/@testing-library/react/dist/pure.js:101:25
      at batchedUpdates$1 (node_modules/react-dom/cjs/react-dom.development.js:22380:12)
      at act (node_modules/react-dom/cjs/react-dom-test-utils.development.js:1042:14)
      at render (node_modules/@testing-library/react/dist/pure.js:97:26)
      at renderComponent (src/components/Navbar/__tests__/NavbarComponent.test.tsx:66:12)
      at Object.<anonymous> (src/components/Navbar/__tests__/NavbarComponent.test.tsx:96:5)

  ● NavbarComponent › should render both AccountButton and StarknetWalletStatus when both wallets are connected

    Element type is invalid: expected a string (for built-in components) or a class/function (for composite components) but got: undefined. You likely forgot to export your component from the file it's defined in, or you might have mixed up default and named imports.

      64 |     starknetValue = { isConnected: false }
      65 |   ) => {
    > 66 |     return render(
         |            ^
      67 |       <ChakraProvider>
      68 |         <MemoryRouter>
      69 |           <MockStarknetProvider value={starknetValue}>

      at createFiberFromTypeAndProps (node_modules/react-dom/cjs/react-dom.development.js:25058:21)
      at createFiberFromElement (node_modules/react-dom/cjs/react-dom.development.js:25086:15)
      at reconcileSingleElement (node_modules/react-dom/cjs/react-dom.development.js:14052:23)
      at reconcileChildFibers (node_modules/react-dom/cjs/react-dom.development.js:14112:35)
      at reconcileChildren (node_modules/react-dom/cjs/react-dom.development.js:16990:28)
      at updateContextProvider (node_modules/react-dom/cjs/react-dom.development.js:18699:3)
      at beginWork (node_modules/react-dom/cjs/react-dom.development.js:19111:14)
      at HTMLUnknownElement.callCallback (node_modules/react-dom/cjs/react-dom.development.js:3945:14)
      at HTMLUnknownElement.callTheUserObjectsOperation (node_modules/jsdom/lib/jsdom/living/generated/EventListener.js:26:30)
      at innerInvokeEventListeners (node_modules/jsdom/lib/jsdom/living/events/EventTarget-impl.js:338:25)
      at invokeEventListeners (node_modules/jsdom/lib/jsdom/living/events/EventTarget-impl.js:274:3)
      at HTMLUnknownElementImpl._dispatch (node_modules/jsdom/lib/jsdom/living/events/EventTarget-impl.js:221:9)
      at HTMLUnknownElementImpl.dispatchEvent (node_modules/jsdom/lib/jsdom/living/events/EventTarget-impl.js:94:17)
      at HTMLUnknownElement.dispatchEvent (node_modules/jsdom/lib/jsdom/living/generated/EventTarget.js:231:34)
      at Object.invokeGuardedCallbackDev (node_modules/react-dom/cjs/react-dom.development.js:3994:16)
      at invokeGuardedCallback (node_modules/react-dom/cjs/react-dom.development.js:4056:31)
      at beginWork$1 (node_modules/react-dom/cjs/react-dom.development.js:23964:7)
      at performUnitOfWork (node_modules/react-dom/cjs/react-dom.development.js:22779:12)
      at workLoopSync (node_modules/react-dom/cjs/react-dom.development.js:22707:5)
      at renderRootSync (node_modules/react-dom/cjs/react-dom.development.js:22670:7)
      at performSyncWorkOnRoot (node_modules/react-dom/cjs/react-dom.development.js:22293:18)
      at scheduleUpdateOnFiber (node_modules/react-dom/cjs/react-dom.development.js:21881:7)
      at updateContainer (node_modules/react-dom/cjs/react-dom.development.js:25482:3)
      at node_modules/react-dom/cjs/react-dom.development.js:26021:7
      at unbatchedUpdates (node_modules/react-dom/cjs/react-dom.development.js:22431:12)
      at legacyRenderSubtreeIntoContainer (node_modules/react-dom/cjs/react-dom.development.js:26020:5)
      at Object.render (node_modules/react-dom/cjs/react-dom.development.js:26103:10)
      at node_modules/@testing-library/react/dist/pure.js:101:25
      at batchedUpdates$1 (node_modules/react-dom/cjs/react-dom.development.js:22380:12)
      at act (node_modules/react-dom/cjs/react-dom-test-utils.development.js:1042:14)
      at render (node_modules/@testing-library/react/dist/pure.js:97:26)
      at renderComponent (src/components/Navbar/__tests__/NavbarComponent.test.tsx:66:12)
      at Object.<anonymous> (src/components/Navbar/__tests__/NavbarComponent.test.tsx:102:5)

  ● NavbarComponent › should not render NetworkButton when chainId is not provided

    Element type is invalid: expected a string (for built-in components) or a class/function (for composite components) but got: undefined. You likely forgot to export your component from the file it's defined in, or you might have mixed up default and named imports.

      64 |     starknetValue = { isConnected: false }
      65 |   ) => {
    > 66 |     return render(
         |            ^
      67 |       <ChakraProvider>
      68 |         <MemoryRouter>
      69 |           <MockStarknetProvider value={starknetValue}>

      at createFiberFromTypeAndProps (node_modules/react-dom/cjs/react-dom.development.js:25058:21)
      at createFiberFromElement (node_modules/react-dom/cjs/react-dom.development.js:25086:15)
      at reconcileSingleElement (node_modules/react-dom/cjs/react-dom.development.js:14052:23)
      at reconcileChildFibers (node_modules/react-dom/cjs/react-dom.development.js:14112:35)
      at reconcileChildren (node_modules/react-dom/cjs/react-dom.development.js:16990:28)
      at updateContextProvider (node_modules/react-dom/cjs/react-dom.development.js:18699:3)
      at beginWork (node_modules/react-dom/cjs/react-dom.development.js:19111:14)
      at HTMLUnknownElement.callCallback (node_modules/react-dom/cjs/react-dom.development.js:3945:14)
      at HTMLUnknownElement.callTheUserObjectsOperation (node_modules/jsdom/lib/jsdom/living/generated/EventListener.js:26:30)
      at innerInvokeEventListeners (node_modules/jsdom/lib/jsdom/living/events/EventTarget-impl.js:338:25)
      at invokeEventListeners (node_modules/jsdom/lib/jsdom/living/events/EventTarget-impl.js:274:3)
      at HTMLUnknownElementImpl._dispatch (node_modules/jsdom/lib/jsdom/living/events/EventTarget-impl.js:221:9)
      at HTMLUnknownElementImpl.dispatchEvent (node_modules/jsdom/lib/jsdom/living/events/EventTarget-impl.js:94:17)
      at HTMLUnknownElement.dispatchEvent (node_modules/jsdom/lib/jsdom/living/generated/EventTarget.js:231:34)
      at Object.invokeGuardedCallbackDev (node_modules/react-dom/cjs/react-dom.development.js:3994:16)
      at invokeGuardedCallback (node_modules/react-dom/cjs/react-dom.development.js:4056:31)
      at beginWork$1 (node_modules/react-dom/cjs/react-dom.development.js:23964:7)
      at performUnitOfWork (node_modules/react-dom/cjs/react-dom.development.js:22779:12)
      at workLoopSync (node_modules/react-dom/cjs/react-dom.development.js:22707:5)
      at renderRootSync (node_modules/react-dom/cjs/react-dom.development.js:22670:7)
      at performSyncWorkOnRoot (node_modules/react-dom/cjs/react-dom.development.js:22293:18)
      at scheduleUpdateOnFiber (node_modules/react-dom/cjs/react-dom.development.js:21881:7)
      at updateContainer (node_modules/react-dom/cjs/react-dom.development.js:25482:3)
      at node_modules/react-dom/cjs/react-dom.development.js:26021:7
      at unbatchedUpdates (node_modules/react-dom/cjs/react-dom.development.js:22431:12)
      at legacyRenderSubtreeIntoContainer (node_modules/react-dom/cjs/react-dom.development.js:26020:5)
      at Object.render (node_modules/react-dom/cjs/react-dom.development.js:26103:10)
      at node_modules/@testing-library/react/dist/pure.js:101:25
      at batchedUpdates$1 (node_modules/react-dom/cjs/react-dom.development.js:22380:12)
      at act (node_modules/react-dom/cjs/react-dom-test-utils.development.js:1042:14)
      at render (node_modules/@testing-library/react/dist/pure.js:97:26)
      at renderComponent (src/components/Navbar/__tests__/NavbarComponent.test.tsx:66:12)
      at Object.<anonymous> (src/components/Navbar/__tests__/NavbarComponent.test.tsx:109:5)

  ● NavbarComponent › should render wallet connection alerts

    Element type is invalid: expected a string (for built-in components) or a class/function (for composite components) but got: undefined. You likely forgot to export your component from the file it's defined in, or you might have mixed up default and named imports.

      64 |     starknetValue = { isConnected: false }
      65 |   ) => {
    > 66 |     return render(
         |            ^
      67 |       <ChakraProvider>
      68 |         <MemoryRouter>
      69 |           <MockStarknetProvider value={starknetValue}>

      at createFiberFromTypeAndProps (node_modules/react-dom/cjs/react-dom.development.js:25058:21)
      at createFiberFromElement (node_modules/react-dom/cjs/react-dom.development.js:25086:15)
      at reconcileSingleElement (node_modules/react-dom/cjs/react-dom.development.js:14052:23)
      at reconcileChildFibers (node_modules/react-dom/cjs/react-dom.development.js:14112:35)
      at reconcileChildren (node_modules/react-dom/cjs/react-dom.development.js:16990:28)
      at updateContextProvider (node_modules/react-dom/cjs/react-dom.development.js:18699:3)
      at beginWork (node_modules/react-dom/cjs/react-dom.development.js:19111:14)
      at HTMLUnknownElement.callCallback (node_modules/react-dom/cjs/react-dom.development.js:3945:14)
      at HTMLUnknownElement.callTheUserObjectsOperation (node_modules/jsdom/lib/jsdom/living/generated/EventListener.js:26:30)
      at innerInvokeEventListeners (node_modules/jsdom/lib/jsdom/living/events/EventTarget-impl.js:338:25)
      at invokeEventListeners (node_modules/jsdom/lib/jsdom/living/events/EventTarget-impl.js:274:3)
      at HTMLUnknownElementImpl._dispatch (node_modules/jsdom/lib/jsdom/living/events/EventTarget-impl.js:221:9)
      at HTMLUnknownElementImpl.dispatchEvent (node_modules/jsdom/lib/jsdom/living/events/EventTarget-impl.js:94:17)
      at HTMLUnknownElement.dispatchEvent (node_modules/jsdom/lib/jsdom/living/generated/EventTarget.js:231:34)
      at Object.invokeGuardedCallbackDev (node_modules/react-dom/cjs/react-dom.development.js:3994:16)
      at invokeGuardedCallback (node_modules/react-dom/cjs/react-dom.development.js:4056:31)
      at beginWork$1 (node_modules/react-dom/cjs/react-dom.development.js:23964:7)
      at performUnitOfWork (node_modules/react-dom/cjs/react-dom.development.js:22779:12)
      at workLoopSync (node_modules/react-dom/cjs/react-dom.development.js:22707:5)
      at renderRootSync (node_modules/react-dom/cjs/react-dom.development.js:22670:7)
      at performSyncWorkOnRoot (node_modules/react-dom/cjs/react-dom.development.js:22293:18)
      at scheduleUpdateOnFiber (node_modules/react-dom/cjs/react-dom.development.js:21881:7)
      at updateContainer (node_modules/react-dom/cjs/react-dom.development.js:25482:3)
      at node_modules/react-dom/cjs/react-dom.development.js:26021:7
      at unbatchedUpdates (node_modules/react-dom/cjs/react-dom.development.js:22431:12)
      at legacyRenderSubtreeIntoContainer (node_modules/react-dom/cjs/react-dom.development.js:26020:5)
      at Object.render (node_modules/react-dom/cjs/react-dom.development.js:26103:10)
      at node_modules/@testing-library/react/dist/pure.js:101:25
      at batchedUpdates$1 (node_modules/react-dom/cjs/react-dom.development.js:22380:12)
      at act (node_modules/react-dom/cjs/react-dom-test-utils.development.js:1042:14)
      at render (node_modules/@testing-library/react/dist/pure.js:97:26)
      at renderComponent (src/components/Navbar/__tests__/NavbarComponent.test.tsx:66:12)
      at Object.<anonymous> (src/components/Navbar/__tests__/NavbarComponent.test.tsx:115:5)

FAIL src/threshold-ts/mas/__test__/mas.test.ts
  ● Multi app staking test › should create the service correctly

    expect(jest.fn()).toHaveBeenCalledTimes(expected)

    Expected number of calls: 2
    Received number of calls: 3

      49 |
      50 |   test("should create the service correctly", () => {
    > 51 |     expect(Application).toHaveBeenCalledTimes(2)
         |                         ^
      52 |     expect(Application).toHaveBeenNthCalledWith(1, staking, multicall, {
      53 |       address: RandomBeacon.address,
      54 |       abi: RandomBeacon.abi,

      at Object.<anonymous> (src/threshold-ts/mas/__test__/mas.test.ts:51:25)

  ● Multi app staking test › should return the supported apps authroziation parameters

    TypeError: Cannot read properties of undefined (reading 'interface')

      101 |     if (this.taco) {
      102 |       calls.push({
    > 103 |         interface: this.taco.contract.interface,
          |                                       ^
      104 |         address: this.taco.address,
      105 |         method: "authorizationParameters",
      106 |         args: [],

      at MultiAppStaking.getSupportedAppsAuthParameters (src/threshold-ts/mas/index.ts:103:39)
      at Object.<anonymous> (src/threshold-ts/mas/__test__/mas.test.ts:83:30)

  ● Multi app staking test › should return mapped operators for given staking provider

    TypeError: Cannot read properties of undefined (reading 'interface')

      153 |     if (this.taco) {
      154 |       calls.push({
    > 155 |         interface: this.taco.contract.interface,
          |                                       ^
      156 |         address: this.taco.address,
      157 |         method: "stakingProviderToOperator",
      158 |         args: [stakingProvider],

      at MultiAppStaking.getMappedOperatorsForStakingProvider (src/threshold-ts/mas/index.ts:155:39)
      at Object.<anonymous> (src/threshold-ts/mas/__test__/mas.test.ts:121:30)

FAIL src/hooks/__tests__/useNonEVMConnection.test.ts
  ● useNonEVMConnection › extensibility › should be designed to support future non-EVM chains

    TypeError: Cannot destructure property 'isConnected' of '(0 , _useStarknetConnection.useStarknetConnection)(...)' as it is undefined.

      23 |   // Get Starknet connection data
      24 |   const {
    > 25 |     isConnected: isStarknetConnected,
         |                  ^
      26 |     isConnecting: isStarknetConnecting,
      27 |     address: starknetAddress,
      28 |     provider: starknetProvider,

      at useNonEVMConnection (src/hooks/useNonEVMConnection.ts:25:18)
      at src/hooks/__tests__/useNonEVMConnection.test.ts:193:43
      at TestComponent (node_modules/@testing-library/react-hooks/lib/helpers/createTestHarness.js:25:14)
      at renderWithHooks (node_modules/react-dom/cjs/react-dom.development.js:14985:18)
      at mountIndeterminateComponent (node_modules/react-dom/cjs/react-dom.development.js:17811:13)
      at beginWork (node_modules/react-dom/cjs/react-dom.development.js:19049:16)
      at HTMLUnknownElement.callCallback (node_modules/react-dom/cjs/react-dom.development.js:3945:14)
      at HTMLUnknownElement.callTheUserObjectsOperation (node_modules/jsdom/lib/jsdom/living/generated/EventListener.js:26:30)
      at innerInvokeEventListeners (node_modules/jsdom/lib/jsdom/living/events/EventTarget-impl.js:338:25)
      at invokeEventListeners (node_modules/jsdom/lib/jsdom/living/events/EventTarget-impl.js:274:3)
      at HTMLUnknownElementImpl._dispatch (node_modules/jsdom/lib/jsdom/living/events/EventTarget-impl.js:221:9)
      at HTMLUnknownElementImpl.dispatchEvent (node_modules/jsdom/lib/jsdom/living/events/EventTarget-impl.js:94:17)
      at HTMLUnknownElement.dispatchEvent (node_modules/jsdom/lib/jsdom/living/generated/EventTarget.js:231:34)
      at Object.invokeGuardedCallbackDev (node_modules/react-dom/cjs/react-dom.development.js:3994:16)
      at invokeGuardedCallback (node_modules/react-dom/cjs/react-dom.development.js:4056:31)
      at beginWork$1 (node_modules/react-dom/cjs/react-dom.development.js:23964:7)
      at performUnitOfWork (node_modules/react-dom/cjs/react-dom.development.js:22779:12)
      at workLoopSync (node_modules/react-dom/cjs/react-dom.development.js:22707:5)
      at renderRootSync (node_modules/react-dom/cjs/react-dom.development.js:22670:7)
      at performSyncWorkOnRoot (node_modules/react-dom/cjs/react-dom.development.js:22293:18)
      at scheduleUpdateOnFiber (node_modules/react-dom/cjs/react-dom.development.js:21881:7)
      at updateContainer (node_modules/react-dom/cjs/react-dom.development.js:25482:3)
      at node_modules/react-dom/cjs/react-dom.development.js:26021:7
      at unbatchedUpdates (node_modules/react-dom/cjs/react-dom.development.js:22431:12)
      at legacyRenderSubtreeIntoContainer (node_modules/react-dom/cjs/react-dom.development.js:26020:5)
      at Object.render (node_modules/react-dom/cjs/react-dom.development.js:26103:10)
      at node_modules/@testing-library/react-hooks/lib/dom/pure.js:80:18
      at batchedUpdates$1 (node_modules/react-dom/cjs/react-dom.development.js:22380:12)
      at act (node_modules/react-dom/cjs/react-dom-test-utils.development.js:1042:14)
      at render (node_modules/@testing-library/react-hooks/lib/dom/pure.js:79:26)
      at renderHook (node_modules/@testing-library/react-hooks/lib/core/index.js:114:5)
      at Object.<anonymous> (src/hooks/__tests__/useNonEVMConnection.test.ts:193:26)

FAIL src/threshold-ts/staking/__test__/staking.test.ts
  ● Staking test › should create the staking instance correctly

    expect(jest.fn()).toHaveBeenNthCalledWith(n, ...expected)

    n: 1
    Expected: "0x6A55B762689Ba514569E565E439699aBC731f156", [], {}, "0x0000000000000000000000000000000000000000"
    Received
    ->     1
              "0x01B67b1194C75264d06F808A921228a95C765dd7",
            - Array []
            + Array [
            +   Object {
            +     "inputs": Array [
            +       Object {
            +         "internalType": "contract T",
            +         "name": "_token",
            +         "type": "address",
            +       },
            +       Object {
            +         "internalType": "contract IKeepTokenStaking",
            +         "name": "_keepStakingContract",
            +         "type": "address",
            +       },
            +       Object {
            +         "internalType": "contract INuCypherStakingEscrow",
            +         "name": "_nucypherStakingContract",
            +         "type": "address",
            +       },
            +       Object {
            +         "internalType": "contract VendingMachine",
            +         "name": "_keepVendingMachine",
            +         "type": "address",
            +       },
            +       Object {
            +         "internalType": "contract VendingMachine",
            +         "name": "_nucypherVendingMachine",
            +         "type": "address",
            +       },
            +       Object {
            +         "internalType": "contract KeepStake",
            +         "name": "_keepStake",
            +         "type": "address",
            +       },
            +     ],
            +     "stateMutability": "nonpayable",
            +     "type": "constructor",
            +   },
            +   Object {
            +     "anonymous": false,
            +     "inputs": Array [
            +       Object {
            +         "indexed": true,
            +         "internalType": "address",
            +         "name": "application",
            +         "type": "address",
            +       },
            +       Object {
            +         "indexed": true,
            +         "internalType": "enum TokenStaking.ApplicationStatus",
            +         "name": "newStatus",
            +         "type": "uint8",
            +       },
            +     ],
            +     "name": "ApplicationStatusChanged",
            +     "type": "event",
            +   },
            +   Object {
            +     "anonymous": false,
            +     "inputs": Array [
            +       Object {
            +         "indexed": false,
            +         "internalType": "uint256",
            +         "name": "ceiling",
            +         "type": "uint256",
            +       },
            +     ],
            +     "name": "AuthorizationCeilingSet",
            +     "type": "event",
            +   },
            +   Object {
            +     "anonymous": false,
            +     "inputs": Array [
            +       Object {
            +         "indexed": true,
            +         "internalType": "address",
            +         "name": "stakingProvider",
            +         "type": "address",
            +       },
            +       Object {
            +         "indexed": true,
            +         "internalType": "address",
            +         "name": "application",
            +         "type": "address",
            +       },
            +       Object {
            +         "indexed": false,
            +         "internalType": "uint96",
            +         "name": "fromAmount",
            +         "type": "uint96",
            +       },
            +       Object {
            +         "indexed": false,
            +         "internalType": "uint96",
            +         "name": "toAmount",
            +         "type": "uint96",
            +       },
            +     ],
            +     "name": "AuthorizationDecreaseApproved",
            +     "type": "event",
            +   },
            +   Object {
            +     "anonymous": false,
            +     "inputs": Array [
            +       Object {
            +         "indexed": true,
            +         "internalType": "address",
            +         "name": "stakingProvider",
            +         "type": "address",
            +       },
            +       Object {
            +         "indexed": true,
            +         "internalType": "address",
            +         "name": "application",
            +         "type": "address",
            +       },
            +       Object {
            +         "indexed": false,
            +         "internalType": "uint96",
            +         "name": "fromAmount",
            +         "type": "uint96",
            +       },
            +       Object {
            +         "indexed": false,
            +         "internalType": "uint96",
            +         "name": "toAmount",
            +         "type": "uint96",
            +       },
            +     ],
            +     "name": "AuthorizationDecreaseRequested",
            +     "type": "event",
            +   },
            +   Object {
            +     "anonymous": false,
            +     "inputs": Array [
            +       Object {
            +         "indexed": true,
            +         "internalType": "address",
            +         "name": "stakingProvider",
            +         "type": "address",
            +       },
            +       Object {
            +         "indexed": true,
            +         "internalType": "address",
            +         "name": "application",
            +         "type": "address",
            +       },
            +       Object {
            +         "indexed": false,
            +         "internalType": "uint96",
            +         "name": "fromAmount",
            +         "type": "uint96",
            +       },
            +       Object {
            +         "indexed": false,
            +         "internalType": "uint96",
            +         "name": "toAmount",
            +         "type": "uint96",
            +       },
            +     ],
            +     "name": "AuthorizationIncreased",
            +     "type": "event",
            +   },
            +   Object {
            +     "anonymous": false,
            +     "inputs": Array [
            +       Object {
            +         "indexed": true,
            +         "internalType": "address",
            +         "name": "stakingProvider",
            +         "type": "address",
            +       },
            +       Object {
            +         "indexed": true,
            +         "internalType": "address",
            +         "name": "application",
            +         "type": "address",
            +       },
            +       Object {
            +         "indexed": false,
            +         "internalType": "uint96",
            +         "name": "fromAmount",
            +         "type": "uint96",
            +       },
            +       Object {
            +         "indexed": false,
            +         "internalType": "uint96",
            +         "name": "toAmount",
            +         "type": "uint96",
            +       },
            +       Object {
            +         "indexed": true,
            +         "internalType": "bool",
            +         "name": "successfulCall",
            +         "type": "bool",
            +       },
            +     ],
            +     "name": "AuthorizationInvoluntaryDecreased",
            +     "type": "event",
            +   },
            +   Object {
            +     "anonymous": false,
            +     "inputs": Array [
            +       Object {
            +         "indexed": true,
            +         "internalType": "address",
            +         "name": "delegator",
            +         "type": "address",
            +       },
            +       Object {
            +         "indexed": true,
            +         "internalType": "address",
            +         "name": "fromDelegate",
            +         "type": "address",
            +       },
            +       Object {
            +         "indexed": true,
            +         "internalType": "address",
            +         "name": "toDelegate",
            +         "type": "address",
            +       },
            +     ],
            +     "name": "DelegateChanged",
            +     "type": "event",
            +   },
            +   Object {
            +     "anonymous": false,
            +     "inputs": Array [
            +       Object {
            +         "indexed": true,
            +         "internalType": "address",
            +         "name": "delegate",
            +         "type": "address",
            +       },
            +       Object {
            +         "indexed": false,
            +         "internalType": "uint256",
            +         "name": "previousBalance",
            +         "type": "uint256",
            +       },
            +       Object {
            +         "indexed": false,
            +         "internalType": "uint256",
            +         "name": "newBalance",
            +         "type": "uint256",
            +       },
            +     ],
            +     "name": "DelegateVotesChanged",
            +     "type": "event",
            +   },
            +   Object {
            +     "anonymous": false,
            +     "inputs": Array [
            +       Object {
            +         "indexed": false,
            +         "internalType": "address",
            +         "name": "oldGovernance",
            +         "type": "address",
            +       },
            +       Object {
            +         "indexed": false,
            +         "internalType": "address",
            +         "name": "newGovernance",
            +         "type": "address",
            +       },
            +     ],
            +     "name": "GovernanceTransferred",
            +     "type": "event",
            +   },
            +   Object {
            +     "anonymous": false,
            +     "inputs": Array [
            +       Object {
            +         "indexed": false,
            +         "internalType": "uint96",
            +         "name": "amount",
            +         "type": "uint96",
            +       },
            +     ],
            +     "name": "MinimumStakeAmountSet",
            +     "type": "event",
            +   },
            +   Object {
            +     "anonymous": false,
            +     "inputs": Array [
            +       Object {
            +         "indexed": false,
            +         "internalType": "uint96",
            +         "name": "reward",
            +         "type": "uint96",
            +       },
            +     ],
            +     "name": "NotificationRewardPushed",
            +     "type": "event",
            +   },
            +   Object {
            +     "anonymous": false,
            +     "inputs": Array [
            +       Object {
            +         "indexed": false,
            +         "internalType": "uint96",
            +         "name": "reward",
            +         "type": "uint96",
            +       },
            +     ],
            +     "name": "NotificationRewardSet",
            +     "type": "event",
            +   },
            +   Object {
            +     "anonymous": false,
            +     "inputs": Array [
            +       Object {
            +         "indexed": false,
            +         "internalType": "address",
            +         "name": "recipient",
            +         "type": "address",
            +       },
            +       Object {
            +         "indexed": false,
            +         "internalType": "uint96",
            +         "name": "amount",
            +         "type": "uint96",
            +       },
            +     ],
            +     "name": "NotificationRewardWithdrawn",
            +     "type": "event",
            +   },
            +   Object {
            +     "anonymous": false,
            +     "inputs": Array [
            +       Object {
            +         "indexed": true,
            +         "internalType": "address",
            +         "name": "notifier",
            +         "type": "address",
            +       },
            +       Object {
            +         "indexed": false,
            +         "internalType": "uint256",
            +         "name": "amount",
            +         "type": "uint256",
            +       },
            +     ],
            +     "name": "NotifierRewarded",
            +     "type": "event",
            +   },
            +   Object {
            +     "anonymous": false,
            +     "inputs": Array [
            +       Object {
            +         "indexed": true,
            +         "internalType": "address",
            +         "name": "stakingProvider",
            +         "type": "address",
            +       },
            +       Object {
            +         "indexed": true,
            +         "internalType": "address",
            +         "name": "oldOwner",
            +         "type": "address",
            +       },
            +       Object {
            +         "indexed": true,
            +         "internalType": "address",
            +         "name": "newOwner",
            +         "type": "address",
            +       },
            +     ],
            +     "name": "OwnerRefreshed",
            +     "type": "event",
            +   },
            +   Object {
            +     "anonymous": false,
            +     "inputs": Array [
            +       Object {
            +         "indexed": true,
            +         "internalType": "address",
            +         "name": "application",
            +         "type": "address",
            +       },
            +       Object {
            +         "indexed": true,
            +         "internalType": "address",
            +         "name": "panicButton",
            +         "type": "address",
            +       },
            +     ],
            +     "name": "PanicButtonSet",
            +     "type": "event",
            +   },
            +   Object {
            +     "anonymous": false,
            +     "inputs": Array [
            +       Object {
            +         "indexed": true,
            +         "internalType": "address",
            +         "name": "caller",
            +         "type": "address",
            +       },
            +       Object {
            +         "indexed": false,
            +         "internalType": "uint256",
            +         "name": "count",
            +         "type": "uint256",
            +       },
            +       Object {
            +         "indexed": false,
            +         "internalType": "uint256",
            +         "name": "tAmount",
            +         "type": "uint256",
            +       },
            +     ],
            +     "name": "SlashingProcessed",
            +     "type": "event",
            +   },
            +   Object {
            +     "anonymous": false,
            +     "inputs": Array [
            +       Object {
            +         "indexed": false,
            +         "internalType": "uint96",
            +         "name": "penalty",
            +         "type": "uint96",
            +       },
            +       Object {
            +         "indexed": false,
            +         "internalType": "uint256",
            +         "name": "rewardMultiplier",
            +         "type": "uint256",
            +       },
            +     ],
            +     "name": "StakeDiscrepancyPenaltySet",
            +     "type": "event",
            +   },
            +   Object {
            +     "anonymous": false,
            +     "inputs": Array [
            +       Object {
            +         "indexed": true,
            +         "internalType": "enum IStaking.StakeType",
            +         "name": "stakeType",
            +         "type": "uint8",
            +       },
            +       Object {
            +         "indexed": true,
            +         "internalType": "address",
            +         "name": "owner",
            +         "type": "address",
            +       },
            +       Object {
            +         "indexed": true,
            +         "internalType": "address",
            +         "name": "stakingProvider",
            +         "type": "address",
            +       },
            +       Object {
            +         "indexed": false,
            +         "internalType": "address",
            +         "name": "beneficiary",
            +         "type": "address",
            +       },
            +       Object {
            +         "indexed": false,
            +         "internalType": "address",
            +         "name": "authorizer",
            +         "type": "address",
            +       },
            +       Object {
            +         "indexed": false,
            +         "internalType": "uint96",
            +         "name": "amount",
            +         "type": "uint96",
            +       },
            +     ],
            +     "name": "Staked",
            +     "type": "event",
            +   },
            +   Object {
            +     "anonymous": false,
            +     "inputs": Array [
            +       Object {
            +         "indexed": true,
            +         "internalType": "address",
            +         "name": "stakingProvider",
            +         "type": "address",
            +       },
            +       Object {
            +         "indexed": false,
            +         "internalType": "uint96",
            +         "name": "amount",
            +         "type": "uint96",
            +       },
            +       Object {
            +         "indexed": true,
            +         "internalType": "bool",
            +         "name": "discrepancy",
            +         "type": "bool",
            +       },
            +     ],
            +     "name": "TokensSeized",
            +     "type": "event",
            +   },
            +   Object {
            +     "anonymous": false,
            +     "inputs": Array [
            +       Object {
            +         "indexed": true,
            +         "internalType": "address",
            +         "name": "stakingProvider",
            +         "type": "address",
            +       },
            +       Object {
            +         "indexed": false,
            +         "internalType": "uint96",
            +         "name": "amount",
            +         "type": "uint96",
            +       },
            +     ],
            +     "name": "ToppedUp",
            +     "type": "event",
            +   },
            +   Object {
            +     "anonymous": false,
            +     "inputs": Array [
            +       Object {
            +         "indexed": true,
            +         "internalType": "address",
            +         "name": "stakingProvider",
            +         "type": "address",
            +       },
            +       Object {
            +         "indexed": false,
            +         "internalType": "uint96",
            +         "name": "amount",
            +         "type": "uint96",
            +       },
            +     ],
            +     "name": "Unstaked",
            +     "type": "event",
            +   },
            +   Object {
            +     "inputs": Array [
            +       Object {
            +         "internalType": "address",
            +         "name": "",
            +         "type": "address",
            +       },
            +     ],
            +     "name": "applicationInfo",
            +     "outputs": Array [
            +       Object {
            +         "internalType": "enum TokenStaking.ApplicationStatus",
            +         "name": "status",
            +         "type": "uint8",
            +       },
            +       Object {
            +         "internalType": "address",
            +         "name": "panicButton",
            +         "type": "address",
            +       },
            +     ],
            +     "stateMutability": "view",
            +     "type": "function",
            +   },
            +   Object {
            +     "inputs": Array [
            +       Object {
            +         "internalType": "uint256",
            +         "name": "",
            +         "type": "uint256",
            +       },
            +     ],
            +     "name": "applications",
            +     "outputs": Array [
            +       Object {
            +         "internalType": "address",
            +         "name": "",
            +         "type": "address",
            +       },
            +     ],
            +     "stateMutability": "view",
            +     "type": "function",
            +   },
            +   Object {
            +     "inputs": Array [
            +       Object {
            +         "internalType": "address",
            +         "name": "application",
            +         "type": "address",
            +       },
            +     ],
            +     "name": "approveApplication",
            +     "outputs": Array [],
            +     "stateMutability": "nonpayable",
            +     "type": "function",
            +   },
            +   Object {
            +     "inputs": Array [
            +       Object {
            +         "internalType": "address",
            +         "name": "stakingProvider",
            +         "type": "address",
            +       },
            +     ],
            +     "name": "approveAuthorizationDecrease",
            +     "outputs": Array [
            +       Object {
            +         "internalType": "uint96",
            +         "name": "",
            +         "type": "uint96",
            +       },
            +     ],
            +     "stateMutability": "nonpayable",
            +     "type": "function",
            +   },
            +   Object {
            +     "inputs": Array [],
            +     "name": "authorizationCeiling",
            +     "outputs": Array [
            +       Object {
            +         "internalType": "uint256",
            +         "name": "",
            +         "type": "uint256",
            +       },
            +     ],
            +     "stateMutability": "view",
            +     "type": "function",
            +   },
            +   Object {
            +     "inputs": Array [
            +       Object {
            +         "internalType": "address",
            +         "name": "stakingProvider",
            +         "type": "address",
            +       },
            +       Object {
            +         "internalType": "address",
            +         "name": "application",
            +         "type": "address",
            +       },
            +     ],
            +     "name": "authorizedStake",
            +     "outputs": Array [
            +       Object {
            +         "internalType": "uint96",
            +         "name": "",
            +         "type": "uint96",
            +       },
            +     ],
            +     "stateMutability": "view",
            +     "type": "function",
            +   },
            +   Object {
            +     "inputs": Array [
            +       Object {
            +         "internalType": "address",
            +         "name": "account",
            +         "type": "address",
            +       },
            +       Object {
            +         "internalType": "uint32",
            +         "name": "pos",
            +         "type": "uint32",
            +       },
            +     ],
            +     "name": "checkpoints",
            +     "outputs": Array [
            +       Object {
            +         "components": Array [
            +           Object {
            +             "internalType": "uint32",
            +             "name": "fromBlock",
            +             "type": "uint32",
            +           },
            +           Object {
            +             "internalType": "uint96",
            +             "name": "votes",
            +             "type": "uint96",
            +           },
            +         ],
            +         "internalType": "struct Checkpoints.Checkpoint",
            +         "name": "checkpoint",
            +         "type": "tuple",
            +       },
            +     ],
            +     "stateMutability": "view",
            +     "type": "function",
            +   },
            +   Object {
            +     "inputs": Array [
            +       Object {
            +         "internalType": "address",
            +         "name": "stakingProvider",
            +         "type": "address",
            +       },
            +       Object {
            +         "internalType": "address",
            +         "name": "delegatee",
            +         "type": "address",
            +       },
            +     ],
            +     "name": "delegateVoting",
            +     "outputs": Array [],
            +     "stateMutability": "nonpayable",
            +     "type": "function",
            +   },
            +   Object {
            +     "inputs": Array [
            +       Object {
            +         "internalType": "address",
            +         "name": "account",
            +         "type": "address",
            +       },
            +     ],
            +     "name": "delegates",
            +     "outputs": Array [
            +       Object {
            +         "internalType": "address",
            +         "name": "",
            +         "type": "address",
            +       },
            +     ],
            +     "stateMutability": "view",
            +     "type": "function",
            +   },
            +   Object {
            +     "inputs": Array [
            +       Object {
            +         "internalType": "address",
            +         "name": "application",
            +         "type": "address",
            +       },
            +     ],
            +     "name": "disableApplication",
            +     "outputs": Array [],
            +     "stateMutability": "nonpayable",
            +     "type": "function",
            +   },
            +   Object {
            +     "inputs": Array [
            +       Object {
            +         "internalType": "address",
            +         "name": "stakingProvider",
            +         "type": "address",
            +       },
            +       Object {
            +         "internalType": "address",
            +         "name": "application",
            +         "type": "address",
            +       },
            +     ],
            +     "name": "forceDecreaseAuthorization",
            +     "outputs": Array [],
            +     "stateMutability": "nonpayable",
            +     "type": "function",
            +   },
            +   Object {
            +     "inputs": Array [],
            +     "name": "getApplicationsLength",
            +     "outputs": Array [
            +       Object {
            +         "internalType": "uint256",
            +         "name": "",
            +         "type": "uint256",
            +       },
            +     ],
            +     "stateMutability": "view",
            +     "type": "function",
            +   },
            +   Object {
            +     "inputs": Array [
            +       Object {
            +         "internalType": "address",
            +         "name": "stakingProvider",
            +         "type": "address",
            +       },
            +       Object {
            +         "internalType": "address",
            +         "name": "application",
            +         "type": "address",
            +       },
            +     ],
            +     "name": "getAvailableToAuthorize",
            +     "outputs": Array [
            +       Object {
            +         "internalType": "uint96",
            +         "name": "availableTValue",
            +         "type": "uint96",
            +       },
            +     ],
            +     "stateMutability": "view",
            +     "type": "function",
            +   },
            +   Object {
            +     "inputs": Array [
            +       Object {
            +         "internalType": "address",
            +         "name": "stakingProvider",
            +         "type": "address",
            +       },
            +       Object {
            +         "internalType": "enum IStaking.StakeType",
            +         "name": "stakeTypes",
            +         "type": "uint8",
            +       },
            +     ],
            +     "name": "getMinStaked",
            +     "outputs": Array [
            +       Object {
            +         "internalType": "uint96",
            +         "name": "",
            +         "type": "uint96",
            +       },
            +     ],
            +     "stateMutability": "view",
            +     "type": "function",
            +   },
            +   Object {
            +     "inputs": Array [
            +       Object {
            +         "internalType": "uint256",
            +         "name": "blockNumber",
            +         "type": "uint256",
            +       },
            +     ],
            +     "name": "getPastTotalSupply",
            +     "outputs": Array [
            +       Object {
            +         "internalType": "uint96",
            +         "name": "",
            +         "type": "uint96",
            +       },
            +     ],
            +     "stateMutability": "view",
            +     "type": "function",
            +   },
            +   Object {
            +     "inputs": Array [
            +       Object {
            +         "internalType": "address",
            +         "name": "account",
            +         "type": "address",
            +       },
            +       Object {
            +         "internalType": "uint256",
            +         "name": "blockNumber",
            +         "type": "uint256",
            +       },
            +     ],
            +     "name": "getPastVotes",
            +     "outputs": Array [
            +       Object {
            +         "internalType": "uint96",
            +         "name": "",
            +         "type": "uint96",
            +       },
            +     ],
            +     "stateMutability": "view",
            +     "type": "function",
            +   },
            +   Object {
            +     "inputs": Array [],
            +     "name": "getSlashingQueueLength",
            +     "outputs": Array [
            +       Object {
            +         "internalType": "uint256",
            +         "name": "",
            +         "type": "uint256",
            +       },
            +     ],
            +     "stateMutability": "view",
            +     "type": "function",
            +   },
            +   Object {
            +     "inputs": Array [
            +       Object {
            +         "internalType": "address",
            +         "name": "stakingProvider",
            +         "type": "address",
            +       },
            +     ],
            +     "name": "getStartStakingTimestamp",
            +     "outputs": Array [
            +       Object {
            +         "internalType": "uint256",
            +         "name": "",
            +         "type": "uint256",
            +       },
            +     ],
            +     "stateMutability": "view",
            +     "type": "function",
            +   },
            +   Object {
            +     "inputs": Array [
            +       Object {
            +         "internalType": "address",
            +         "name": "account",
            +         "type": "address",
            +       },
            +     ],
            +     "name": "getVotes",
            +     "outputs": Array [
            +       Object {
            +         "internalType": "uint96",
            +         "name": "",
            +         "type": "uint96",
            +       },
            +     ],
            +     "stateMutability": "view",
            +     "type": "function",
            +   },
            +   Object {
            +     "inputs": Array [],
            +     "name": "governance",
            +     "outputs": Array [
            +       Object {
            +         "internalType": "address",
            +         "name": "",
            +         "type": "address",
            +       },
            +     ],
            +     "stateMutability": "view",
            +     "type": "function",
            +   },
            +   Object {
            +     "inputs": Array [
            +       Object {
            +         "internalType": "address",
            +         "name": "stakingProvider",
            +         "type": "address",
            +       },
            +       Object {
            +         "internalType": "address",
            +         "name": "application",
            +         "type": "address",
            +       },
            +       Object {
            +         "internalType": "uint96",
            +         "name": "amount",
            +         "type": "uint96",
            +       },
            +     ],
            +     "name": "increaseAuthorization",
            +     "outputs": Array [],
            +     "stateMutability": "nonpayable",
            +     "type": "function",
            +   },
            +   Object {
            +     "inputs": Array [],
            +     "name": "initialize",
            +     "outputs": Array [],
            +     "stateMutability": "nonpayable",
            +     "type": "function",
            +   },
            +   Object {
            +     "inputs": Array [],
            +     "name": "minTStakeAmount",
            +     "outputs": Array [
            +       Object {
            +         "internalType": "uint96",
            +         "name": "",
            +         "type": "uint96",
            +       },
            +     ],
            +     "stateMutability": "view",
            +     "type": "function",
            +   },
            +   Object {
            +     "inputs": Array [],
            +     "name": "notificationReward",
            +     "outputs": Array [
            +       Object {
            +         "internalType": "uint256",
            +         "name": "",
            +         "type": "uint256",
            +       },
            +     ],
            +     "stateMutability": "view",
            +     "type": "function",
            +   },
            +   Object {
            +     "inputs": Array [],
            +     "name": "notifiersTreasury",
            +     "outputs": Array [
            +       Object {
            +         "internalType": "uint256",
            +         "name": "",
            +         "type": "uint256",
            +       },
            +     ],
            +     "stateMutability": "view",
            +     "type": "function",
            +   },
            +   Object {
            +     "inputs": Array [
            +       Object {
            +         "internalType": "address",
            +         "name": "stakingProvider",
            +         "type": "address",
            +       },
            +     ],
            +     "name": "notifyKeepStakeDiscrepancy",
            +     "outputs": Array [],
            +     "stateMutability": "nonpayable",
            +     "type": "function",
            +   },
            +   Object {
            +     "inputs": Array [
            +       Object {
            +         "internalType": "address",
            +         "name": "stakingProvider",
            +         "type": "address",
            +       },
            +     ],
            +     "name": "notifyNuStakeDiscrepancy",
            +     "outputs": Array [],
            +     "stateMutability": "nonpayable",
            +     "type": "function",
            +   },
            +   Object {
            +     "inputs": Array [
            +       Object {
            +         "internalType": "address",
            +         "name": "account",
            +         "type": "address",
            +       },
            +     ],
            +     "name": "numCheckpoints",
            +     "outputs": Array [
            +       Object {
            +         "internalType": "uint32",
            +         "name": "",
            +         "type": "uint32",
            +       },
            +     ],
            +     "stateMutability": "view",
            +     "type": "function",
            +   },
            +   Object {
            +     "inputs": Array [
            +       Object {
            +         "internalType": "address",
            +         "name": "application",
            +         "type": "address",
            +       },
            +     ],
            +     "name": "pauseApplication",
            +     "outputs": Array [],
            +     "stateMutability": "nonpayable",
            +     "type": "function",
            +   },
            +   Object {
            +     "inputs": Array [
            +       Object {
            +         "internalType": "uint256",
            +         "name": "count",
            +         "type": "uint256",
            +       },
            +     ],
            +     "name": "processSlashing",
            +     "outputs": Array [],
            +     "stateMutability": "nonpayable",
            +     "type": "function",
            +   },
            +   Object {
            +     "inputs": Array [
            +       Object {
            +         "internalType": "uint96",
            +         "name": "reward",
            +         "type": "uint96",
            +       },
            +     ],
            +     "name": "pushNotificationReward",
            +     "outputs": Array [],
            +     "stateMutability": "nonpayable",
            +     "type": "function",
            +   },
            +   Object {
            +     "inputs": Array [
            +       Object {
            +         "internalType": "address",
            +         "name": "stakingProvider",
            +         "type": "address",
            +       },
            +     ],
            +     "name": "refreshKeepStakeOwner",
            +     "outputs": Array [],
            +     "stateMutability": "nonpayable",
            +     "type": "function",
            +   },
            +   Object {
            +     "inputs": Array [
            +       Object {
            +         "internalType": "address",
            +         "name": "stakingProvider",
            +         "type": "address",
            +       },
            +       Object {
            +         "internalType": "address",
            +         "name": "application",
            +         "type": "address",
            +       },
            +       Object {
            +         "internalType": "uint96",
            +         "name": "amount",
            +         "type": "uint96",
            +       },
            +     ],
            +     "name": "requestAuthorizationDecrease",
            +     "outputs": Array [],
            +     "stateMutability": "nonpayable",
            +     "type": "function",
            +   },
            +   Object {
            +     "inputs": Array [
            +       Object {
            +         "internalType": "address",
            +         "name": "stakingProvider",
            +         "type": "address",
            +       },
            +     ],
            +     "name": "requestAuthorizationDecrease",
            +     "outputs": Array [],
            +     "stateMutability": "nonpayable",
            +     "type": "function",
            +   },
            +   Object {
            +     "inputs": Array [
            +       Object {
            +         "internalType": "address",
            +         "name": "stakingProvider",
            +         "type": "address",
            +       },
            +     ],
            +     "name": "rolesOf",
            +     "outputs": Array [
            +       Object {
            +         "internalType": "address",
            +         "name": "owner",
            +         "type": "address",
            +       },
            +       Object {
            +         "internalType": "address payable",
            +         "name": "beneficiary",
            +         "type": "address",
            +       },
            +       Object {
            +         "internalType": "address",
            +         "name": "authorizer",
            +         "type": "address",
            +       },
            +     ],
            +     "stateMutability": "view",
            +     "type": "function",
            +   },
            +   Object {
            +     "inputs": Array [
            +       Object {
            +         "internalType": "uint96",
            +         "name": "amount",
            +         "type": "uint96",
            +       },
            +       Object {
            +         "internalType": "uint256",
            +         "name": "rewardMultiplier",
            +         "type": "uint256",
            +       },
            +       Object {
            +         "internalType": "address",
            +         "name": "notifier",
            +         "type": "address",
            +       },
            +       Object {
            +         "internalType": "address[]",
            +         "name": "_stakingProviders",
            +         "type": "address[]",
            +       },
            +     ],
            +     "name": "seize",
            +     "outputs": Array [],
            +     "stateMutability": "nonpayable",
            +     "type": "function",
            +   },
            +   Object {
            +     "inputs": Array [
            +       Object {
            +         "internalType": "uint256",
            +         "name": "ceiling",
            +         "type": "uint256",
            +       },
            +     ],
            +     "name": "setAuthorizationCeiling",
            +     "outputs": Array [],
            +     "stateMutability": "nonpayable",
            +     "type": "function",
            +   },
            +   Object {
            +     "inputs": Array [
            +       Object {
            +         "internalType": "uint96",
            +         "name": "amount",
            +         "type": "uint96",
            +       },
            +     ],
            +     "name": "setMinimumStakeAmount",
            +     "outputs": Array [],
            +     "stateMutability": "nonpayable",
            +     "type": "function",
            +   },
            +   Object {
            +     "inputs": Array [
            +       Object {
            +         "internalType": "uint96",
            +         "name": "reward",
            +         "type": "uint96",
            +       },
            +     ],
            +     "name": "setNotificationReward",
            +     "outputs": Array [],
            +     "stateMutability": "nonpayable",
            +     "type": "function",
            +   },
            +   Object {
            +     "inputs": Array [
            +       Object {
            +         "internalType": "address",
            +         "name": "application",
            +         "type": "address",
            +       },
            +       Object {
            +         "internalType": "address",
            +         "name": "panicButton",
            +         "type": "address",
            +       },
            +     ],
            +     "name": "setPanicButton",
            +     "outputs": Array [],
            +     "stateMutability": "nonpayable",
            +     "type": "function",
            +   },
            +   Object {
            +     "inputs": Array [
            +       Object {
            +         "internalType": "uint96",
            +         "name": "penalty",
            +         "type": "uint96",
            +       },
            +       Object {
            +         "internalType": "uint256",
            +         "name": "rewardMultiplier",
            +         "type": "uint256",
            +       },
            +     ],
            +     "name": "setStakeDiscrepancyPenalty",
            +     "outputs": Array [],
            +     "stateMutability": "nonpayable",
            +     "type": "function",
            +   },
            +   Object {
            +     "inputs": Array [
            +       Object {
            +         "internalType": "uint96",
            +         "name": "amount",
            +         "type": "uint96",
            +       },
            +       Object {
            +         "internalType": "address[]",
            +         "name": "_stakingProviders",
            +         "type": "address[]",
            +       },
            +     ],
            +     "name": "slash",
            +     "outputs": Array [],
            +     "stateMutability": "nonpayable",
            +     "type": "function",
            +   },
            +   Object {
            +     "inputs": Array [
            +       Object {
            +         "internalType": "uint256",
            +         "name": "",
            +         "type": "uint256",
            +       },
            +     ],
            +     "name": "slashingQueue",
            +     "outputs": Array [
            +       Object {
            +         "internalType": "address",
            +         "name": "stakingProvider",
            +         "type": "address",
            +       },
            +       Object {
            +         "internalType": "uint96",
            +         "name": "amount",
            +         "type": "uint96",
            +       },
            +     ],
            +     "stateMutability": "view",
            +     "type": "function",
            +   },
            +   Object {
            +     "inputs": Array [],
            +     "name": "slashingQueueIndex",
            +     "outputs": Array [
            +       Object {
            +         "internalType": "uint256",
            +         "name": "",
            +         "type": "uint256",
            +       },
            +     ],
            +     "stateMutability": "view",
            +     "type": "function",
            +   },
            +   Object {
            +     "inputs": Array [
            +       Object {
            +         "internalType": "address",
            +         "name": "stakingProvider",
            +         "type": "address",
            +       },
            +       Object {
            +         "internalType": "address payable",
            +         "name": "beneficiary",
            +         "type": "address",
            +       },
            +       Object {
            +         "internalType": "address",
            +         "name": "authorizer",
            +         "type": "address",
            +       },
            +       Object {
            +         "internalType": "uint96",
            +         "name": "amount",
            +         "type": "uint96",
            +       },
            +     ],
            +     "name": "stake",
            +     "outputs": Array [],
            +     "stateMutability": "nonpayable",
            +     "type": "function",
            +   },
            +   Object {
            +     "inputs": Array [],
            +     "name": "stakeDiscrepancyPenalty",
            +     "outputs": Array [
            +       Object {
            +         "internalType": "uint96",
            +         "name": "",
            +         "type": "uint96",
            +       },
            +     ],
            +     "stateMutability": "view",
            +     "type": "function",
            +   },
            +   Object {
            +     "inputs": Array [],
            +     "name": "stakeDiscrepancyRewardMultiplier",
            +     "outputs": Array [
            +       Object {
            +         "internalType": "uint256",
            +         "name": "",
            +         "type": "uint256",
            +       },
            +     ],
            +     "stateMutability": "view",
            +     "type": "function",
            +   },
            +   Object {
            +     "inputs": Array [
            +       Object {
            +         "internalType": "address",
            +         "name": "stakingProvider",
            +         "type": "address",
            +       },
            +     ],
            +     "name": "stakeKeep",
            +     "outputs": Array [],
            +     "stateMutability": "nonpayable",
            +     "type": "function",
            +   },
            +   Object {
            +     "inputs": Array [
            +       Object {
            +         "internalType": "address",
            +         "name": "stakingProvider",
            +         "type": "address",
            +       },
            +       Object {
            +         "internalType": "address payable",
            +         "name": "beneficiary",
            +         "type": "address",
            +       },
            +       Object {
            +         "internalType": "address",
            +         "name": "authorizer",
            +         "type": "address",
            +       },
            +     ],
            +     "name": "stakeNu",
            +     "outputs": Array [],
            +     "stateMutability": "nonpayable",
            +     "type": "function",
            +   },
            +   Object {
            +     "inputs": Array [
            +       Object {
            +         "internalType": "address",
            +         "name": "stakingProvider",
            +         "type": "address",
            +       },
            +     ],
            +     "name": "stakedNu",
            +     "outputs": Array [
            +       Object {
            +         "internalType": "uint256",
            +         "name": "nuAmount",
            +         "type": "uint256",
            +       },
            +     ],
            +     "stateMutability": "view",
            +     "type": "function",
            +   },
            +   Object {
            +     "inputs": Array [
            +       Object {
            +         "internalType": "address",
            +         "name": "stakingProvider",
            +         "type": "address",
            +       },
            +     ],
            +     "name": "stakes",
            +     "outputs": Array [
            +       Object {
            +         "internalType": "uint96",
            +         "name": "tStake",
            +         "type": "uint96",
            +       },
            +       Object {
            +         "internalType": "uint96",
            +         "name": "keepInTStake",
            +         "type": "uint96",
            +       },
            +       Object {
            +         "internalType": "uint96",
            +         "name": "nuInTStake",
            +         "type": "uint96",
            +       },
            +     ],
            +     "stateMutability": "view",
            +     "type": "function",
            +   },
            +   Object {
            +     "inputs": Array [
            +       Object {
            +         "internalType": "address",
            +         "name": "stakingProvider",
            +         "type": "address",
            +       },
            +       Object {
            +         "internalType": "uint96",
            +         "name": "amount",
            +         "type": "uint96",
            +       },
            +     ],
            +     "name": "topUp",
            +     "outputs": Array [],
            +     "stateMutability": "nonpayable",
            +     "type": "function",
            +   },
            +   Object {
            +     "inputs": Array [
            +       Object {
            +         "internalType": "address",
            +         "name": "stakingProvider",
            +         "type": "address",
            +       },
            +     ],
            +     "name": "topUpKeep",
            +     "outputs": Array [],
            +     "stateMutability": "nonpayable",
            +     "type": "function",
            +   },
            +   Object {
            +     "inputs": Array [
            +       Object {
            +         "internalType": "address",
            +         "name": "stakingProvider",
            +         "type": "address",
            +       },
            +     ],
            +     "name": "topUpNu",
            +     "outputs": Array [],
            +     "stateMutability": "nonpayable",
            +     "type": "function",
            +   },
            +   Object {
            +     "inputs": Array [
            +       Object {
            +         "internalType": "address",
            +         "name": "newGuvnor",
            +         "type": "address",
            +       },
            +     ],
            +     "name": "transferGovernance",
            +     "outputs": Array [],
            +     "stateMutability": "nonpayable",
            +     "type": "function",
            +   },
            +   Object {
            +     "inputs": Array [
            +       Object {
            +         "internalType": "address",
            +         "name": "stakingProvider",
            +         "type": "address",
            +       },
            +     ],
            +     "name": "unstakeAll",
            +     "outputs": Array [],
            +     "stateMutability": "nonpayable",
            +     "type": "function",
            +   },
            +   Object {
            +     "inputs": Array [
            +       Object {
            +         "internalType": "address",
            +         "name": "stakingProvider",
            +         "type": "address",
            +       },
            +     ],
            +     "name": "unstakeKeep",
            +     "outputs": Array [],
            +     "stateMutability": "nonpayable",
            +     "type": "function",
            +   },
            +   Object {
            +     "inputs": Array [
            +       Object {
            +         "internalType": "address",
            +         "name": "stakingProvider",
            +         "type": "address",
            +       },
            +       Object {
            +         "internalType": "uint96",
            +         "name": "amount",
            +         "type": "uint96",
            +       },
            +     ],
            +     "name": "unstakeNu",
            +     "outputs": Array [],
            +     "stateMutability": "nonpayable",
            +     "type": "function",
            +   },
            +   Object {
            +     "inputs": Array [
            +       Object {
            +         "internalType": "address",
            +         "name": "stakingProvider",
            +         "type": "address",
            +       },
            +       Object {
            +         "internalType": "uint96",
            +         "name": "amount",
            +         "type": "uint96",
            +       },
            +     ],
            +     "name": "unstakeT",
            +     "outputs": Array [],
            +     "stateMutability": "nonpayable",
            +     "type": "function",
            +   },
            +   Object {
            +     "inputs": Array [
            +       Object {
            +         "internalType": "address",
            +         "name": "recipient",
            +         "type": "address",
            +       },
            +       Object {
            +         "internalType": "uint96",
            +         "name": "amount",
            +         "type": "uint96",
            +       },
            +     ],
            +     "name": "withdrawNotificationReward",
            +     "outputs": Array [],
            +     "stateMutability": "nonpayable",
            +     "type": "function",
            +   },
            + ],
              {},
              "0x0000000000000000000000000000000000000000",
           2: "0x1293a54e160D1cd7075487898d65266081A15458", [{"inputs": [Array], "payable": false, "stateMutability": "nonpayable", "type": "constructor"}, {"anonymous": false, "inputs": [Array], "name": "ExpiredLockReleased", "type": "event"}, {"anonymous": false, "inputs": [Array], "name": "LockReleased", "type": "event"}, {"anonymous": false, "inputs": [Array], "name": "OperatorStaked", "type": "event"}, {"anonymous": false, "inputs": [Array], "name": "RecoveredStake", "type": "event"}, {"anonymous": false, "inputs": [Array], "name": "StakeDelegated", "type": "event"}, {"anonymous": false, "inputs": [Array], "name": "StakeLocked", "type": "event"}, {"anonymous": false, "inputs": [Array], "name": "StakeOwnershipTransferred", "type": "event"}, {"anonymous": false, "inputs": [Array], "name": "TokensSeized", "type": "event"}, {"anonymous": false, "inputs": [Array], "name": "TokensSlashed", "type": "event"}, {"anonymous": false, "inputs": [Array], "name": "TopUpCompleted", "type": "event"}, {"anonymous": false, "inputs": [Array], "name": "TopUpInitiated", "type": "event"}, {"anonymous": false, "inputs": [Array], "name": "Undelegated", "type": "event"}, {"constant": true, "inputs": [Array], "name": "activeStake", "outputs": [Array], "payable": false, "stateMutability": "view", "type": "function"}, {"constant": false, "inputs": [Array], "name": "authorizeOperatorContract", "outputs": [Array], "payable": false, "stateMutability": "nonpayable", "type": "function"}, {"constant": true, "inputs": [Array], "name": "authorizerOf", "outputs": [Array], "payable": false, "stateMutability": "view", "type": "function"}, {"constant": true, "inputs": [Array], "name": "balanceOf", "outputs": [Array], "payable": false, "stateMutability": "view", "type": "function"}, {"constant": true, "inputs": [Array], "name": "beneficiaryOf", "outputs": [Array], "payable": false, "stateMutability": "view", "type": "function"}, {"constant": false, "inputs": [Array], "name": "cancelStake", "outputs": [Array], "payable": false, "stateMutability": "nonpayable", "type": "function"}, {"constant": false, "inputs": [Array], "name": "claimDelegatedAuthority", "outputs": [Array], "payable": false, "stateMutability": "nonpayable", "type": "function"}, {"constant": false, "inputs": [Array], "name": "commitTopUp", "outputs": [Array], "payable": false, "stateMutability": "nonpayable", "type": "function"}, {"constant": true, "inputs": [Array], "name": "deployedAt", "outputs": [Array], "payable": false, "stateMutability": "view", "type": "function"}, {"constant": true, "inputs": [Array], "name": "eligibleStake", "outputs": [Array], "payable": false, "stateMutability": "view", "type": "function"}, {"constant": true, "inputs": [Array], "name": "getAuthoritySource", "outputs": [Array], "payable": false, "stateMutability": "view", "type": "function"}, {"constant": true, "inputs": [Array], "name": "getDelegationInfo", "outputs": [Array], "payable": false, "stateMutability": "view", "type": "function"}, {"constant": true, "inputs": [Array], "name": "getLocks", "outputs": [Array], "payable": false, "stateMutability": "view", "type": "function"}, {"constant": true, "inputs": [Array], "name": "hasMinimumStake", "outputs": [Array], "payable": false, "stateMutability": "view", "type": "function"}, {"constant": true, "inputs": [Array], "name": "initializationPeriod", "outputs": [Array], "payable": false, "stateMutability": "view", "type": "function"}, {"constant": true, "inputs": [Array], "name": "isApprovedOperatorContract", "outputs": [Array], "payable": false, "stateMutability": "view", "type": "function"}, {"constant": true, "inputs": [Array], "name": "isAuthorizedForOperator", "outputs": [Array], "payable": false, "stateMutability": "view", "type": "function"}, {"constant": true, "inputs": [Array], "name": "isStakeLocked", "outputs": [Array], "payable": false, "stateMutability": "view", "type": "function"}, {"constant": false, "inputs": [Array], "name": "lockStake", "outputs": [Array], "payable": false, "stateMutability": "nonpayable", "type": "function"}, {"constant": true, "inputs": [Array], "name": "minimumStake", "outputs": [Array], "payable": false, "stateMutability": "view", "type": "function"}, {"constant": true, "inputs": [Array], "name": "ownerOf", "outputs": [Array], "payable": false, "stateMutability": "view", "type": "function"}, {"constant": false, "inputs": [Array], "name": "receiveApproval", "outputs": [Array], "payable": false, "stateMutability": "nonpayable", "type": "function"}, {"constant": false, "inputs": [Array], "name": "recoverStake", "outputs": [Array], "payable": false, "stateMutability": "nonpayable", "type": "function"}, {"constant": false, "inputs": [Array], "name": "releaseExpiredLock", "outputs": [Array], "payable": false, "stateMutability": "nonpayable", "type": "function"}, {"constant": false, "inputs": [Array], "name": "seize", "outputs": [Array], "payable": false, "stateMutability": "nonpayable", "type": "function"}, {"constant": false, "inputs": [Array], "name": "slash", "outputs": [Array], "payable": false, "stateMutability": "nonpayable", "type": "function"}, {"constant": false, "inputs": [Array], "name": "transferStakeOwnership", "outputs": [Array], "payable": false, "stateMutability": "nonpayable", "type": "function"}, {"constant": false, "inputs": [Array], "name": "undelegate", "outputs": [Array], "payable": false, "stateMutability": "nonpayable", "type": "function"}, {"constant": false, "inputs": [Array], "name": "undelegateAt", "outputs": [Array], "payable": false, "stateMutability": "nonpayable", "type": "function"}, {"constant": true, "inputs": [Array], "name": "undelegationPeriod", "outputs": [Array], "payable": false, "stateMutability": "view", "type": "function"}, {"constant": false, "inputs": [Array], "name": "unlockStake", "outputs": [Array], "payable": false, "stateMutability": "nonpayable", "type": "function"}], {}, "0x0000000000000000000000000000000000000000"

    Number of calls: 3

      101 |
      102 |   test("should create the staking instance correctly", () => {
    > 103 |     expect(getContract).toHaveBeenNthCalledWith(
          |                         ^
      104 |       1,
      105 |       TokenStaking.address,
      106 |       TokenStaking.abi,

      at Object.<anonymous> (src/threshold-ts/staking/__test__/staking.test.ts:103:25)

  ● Staking test › findRefreshedKeepStakes test › should return empty arrays if the owner was never updated

    expect(jest.fn()).toHaveBeenCalledWith(...expected)

    Expected: []

    Number of calls: 0

      325 |       stakingProviders: string[]
      326 |     ) => {
    > 327 |       expect(aggregateSpyOn).toHaveBeenCalledWith(
          |                              ^
      328 |         stakingProviders.map((stakingProvider) => ({
      329 |           address: staking.stakingContract.address,
      330 |           interface: staking.stakingContract.interface,

      at expectRolesOfMulticall (src/threshold-ts/staking/__test__/staking.test.ts:327:30)
      at Object.<anonymous> (src/threshold-ts/staking/__test__/staking.test.ts:347:7)

FAIL src/web3/utils/__tests__/address.test.ts
  ● Address utilities › isSameAddress › should return true for same Ethereum addresses

    expect(received).toBe(expected) // Object.is equality

    Expected: true
    Received: false

      69 |       const addr1 = "0x742d35Cc6634C0532925a3b844Bc9e7595f2BD4E"
      70 |       const addr2 = "0x742d35cc6634c0532925a3b844bc9e7595f2bd4e" // lowercase
    > 71 |       expect(isSameAddress(addr1, addr2)).toBe(true)
         |                                           ^
      72 |     })
      73 |
      74 |     it("should return true for same Starknet addresses", () => {

      at Object.<anonymous> (src/web3/utils/__tests__/address.test.ts:71:43)

  ● Address utilities › isEthereumAddress › should return true for valid Ethereum address

    expect(received).toBe(expected) // Object.is equality

    Expected: true
    Received: false

      100 |     it("should return true for valid Ethereum address", () => {
      101 |       const validAddress = "0x742d35Cc6634C0532925a3b844Bc9e7595f2BD4E"
    > 102 |       expect(isEthereumAddress(validAddress)).toBe(true)
          |                                               ^
      103 |     })
      104 |
      105 |     it("should return false for Starknet address", () => {

      at Object.<anonymous> (src/web3/utils/__tests__/address.test.ts:102:47)

  ● Address utilities › isSameETHAddress › should return true for same ETH addresses with different case

    bad address checksum (argument="address", value="0x742d35Cc6634C0532925a3b844Bc9e7595f2BD4E", code=INVALID_ARGUMENT, version=address/5.6.1)

       6 | export { unprefixedAndUncheckedAddress } from "../../threshold-ts/utils"
       7 |
    >  8 | export const getAddress = (address: string) => ethersGetAddress(address)
         |                                                ^
       9 |
      10 | export const isEthereumAddress = (address: string): boolean =>
      11 |   ethersIsAddress(address)

      at Logger.Object.<anonymous>.Logger.makeError (node_modules/@ethersproject/logger/src.ts/index.ts:269:28)
      at Logger.Object.<anonymous>.Logger.throwError (node_modules/@ethersproject/logger/src.ts/index.ts:281:20)
      at Logger.Object.<anonymous>.Logger.throwArgumentError (node_modules/@ethersproject/logger/src.ts/index.ts:285:21)
      at getAddress (node_modules/@ethersproject/address/src.ts/index.ts:93:20)
      at getAddress (src/web3/utils/address.ts:8:48)
      at isSameETHAddress (src/web3/utils/address.ts:30:10)
      at Object.<anonymous> (src/web3/utils/__tests__/address.test.ts:115:14)

  ● Address utilities › isSameETHAddress › should return false for different ETH addresses

    bad address checksum (argument="address", value="0x742d35Cc6634C0532925a3b844Bc9e7595f2BD4E", code=INVALID_ARGUMENT, version=address/5.6.1)

       6 | export { unprefixedAndUncheckedAddress } from "../../threshold-ts/utils"
       7 |
    >  8 | export const getAddress = (address: string) => ethersGetAddress(address)
         |                                                ^
       9 |
      10 | export const isEthereumAddress = (address: string): boolean =>
      11 |   ethersIsAddress(address)

      at Logger.Object.<anonymous>.Logger.makeError (node_modules/@ethersproject/logger/src.ts/index.ts:269:28)
      at Logger.Object.<anonymous>.Logger.throwError (node_modules/@ethersproject/logger/src.ts/index.ts:281:20)
      at Logger.Object.<anonymous>.Logger.throwArgumentError (node_modules/@ethersproject/logger/src.ts/index.ts:285:21)
      at getAddress (node_modules/@ethersproject/address/src.ts/index.ts:93:20)
      at getAddress (src/web3/utils/address.ts:8:48)
      at isSameETHAddress (src/web3/utils/address.ts:30:10)
      at Object.<anonymous> (src/web3/utils/__tests__/address.test.ts:121:14)

PASS src/enums/__tests__/web3.test.ts
FAIL src/__tests__/compatibility/backwards-compatibility.test.tsx
  ● Backwards Compatibility Suite › Arbitrum Deposits › should map Arbitrum chainId exactly as before

    expect(received).toBe(expected) // Object.is equality

    Expected: "Arbitrum"
    Received: "Unsupported"

      23 |     it("should map Arbitrum chainId exactly as before", () => {
      24 |       // Test numeric chainId
    > 25 |       expect(getChainIdToNetworkName(42161)).toBe("Arbitrum")
         |                                              ^
      26 |       // Test string chainId
      27 |       expect(getChainIdToNetworkName("42161")).toBe("Arbitrum")
      28 |       // Test hex chainId

      at Object.<anonymous> (src/__tests__/compatibility/backwards-compatibility.test.tsx:25:46)

  ● Backwards Compatibility Suite › Base Deposits › should map Base chainId exactly as before

    expect(received).toBe(expected) // Object.is equality

    Expected: "Base"
    Received: "Unsupported"

      50 |     it("should map Base chainId exactly as before", () => {
      51 |       // Test numeric chainId
    > 52 |       expect(getChainIdToNetworkName(8453)).toBe("Base")
         |                                             ^
      53 |       // Test string chainId
      54 |       expect(getChainIdToNetworkName("8453")).toBe("Base")
      55 |       // Test hex chainId

      at Object.<anonymous> (src/__tests__/compatibility/backwards-compatibility.test.tsx:52:45)

  ● Backwards Compatibility Suite › Ethereum Standard Minting › should map Ethereum mainnet exactly as before

    expect(received).toBe(expected) // Object.is equality

    Expected: "Ethereum"
    Received: "Unsupported"

      72 |       }))
      73 |
    > 74 |       expect(getChainIdToNetworkName(1)).toBe("Ethereum")
         |                                          ^
      75 |       expect(getChainIdToNetworkName("1")).toBe("Ethereum")
      76 |       expect(getChainIdToNetworkName("0x1")).toBe("Ethereum")
      77 |     })

      at Object.<anonymous> (src/__tests__/compatibility/backwards-compatibility.test.tsx:74:42)

  ● Backwards Compatibility Suite › StarkNet New Functionality › should check network compatibility correctly

    expect(received).toContain(expected) // indexOf

    Expected substring: "Network mismatch"
    Received string:    "Wrong StarkNet network. Expected StarkNet, but connected to different network."

      149 |       )
      150 |       expect(mismatchResult.compatible).toBe(false)
    > 151 |       expect(mismatchResult.error).toContain("Network mismatch")
          |                                    ^
      152 |     })
      153 |   })
      154 |

      at Object.<anonymous> (src/__tests__/compatibility/backwards-compatibility.test.tsx:151:36)

FAIL src/web3/hooks/__tests__/useVendingMachineContract.test.ts
  ● Test `useVendingMachineContract` hook › should return the vending machine contract instance for KEEP token

    expect(jest.fn()).toHaveBeenCalledWith(...expected)

    Expected: "0x1", []

    Number of calls: 0

      37 |       renderHook(() => useVendingMachineContract(token))
      38 |
    > 39 |       expect(useContract).toHaveBeenCalledWith(
         |                           ^
      40 |         contractArtifact.address,
      41 |         contractArtifact.abi
      42 |       )

      at src/web3/hooks/__tests__/useVendingMachineContract.test.ts:39:27

  ● Test `useVendingMachineContract` hook › should return the vending machine contract instance for NU token

    expect(jest.fn()).toHaveBeenCalledWith(...expected)

    Expected: "0x2", []

    Number of calls: 0

      37 |       renderHook(() => useVendingMachineContract(token))
      38 |
    > 39 |       expect(useContract).toHaveBeenCalledWith(
         |                           ^
      40 |         contractArtifact.address,
      41 |         contractArtifact.abi
      42 |       )

      at src/web3/hooks/__tests__/useVendingMachineContract.test.ts:39:27

FAIL src/contexts/__tests__/StarknetWalletProvider.test.tsx
  ● Console

    console.error
      Error connecting Starknet wallet: Error: Connection failed
          at Object.<anonymous> (/Users/leonardosaturnino/Documents/GitHub/token-dashboard/src/contexts/__tests__/StarknetWalletProvider.test.tsx:166:19)
          at Promise.then.completed (/Users/leonardosaturnino/Documents/GitHub/token-dashboard/node_modules/jest-circus/build/utils.js:276:28)
          at new Promise (<anonymous>)
          at callAsyncCircusFn (/Users/leonardosaturnino/Documents/GitHub/token-dashboard/node_modules/jest-circus/build/utils.js:216:10)
          at _callCircusTest (/Users/leonardosaturnino/Documents/GitHub/token-dashboard/node_modules/jest-circus/build/run.js:212:40)
          at _runTest (/Users/leonardosaturnino/Documents/GitHub/token-dashboard/node_modules/jest-circus/build/run.js:149:3)
          at _runTestsForDescribeBlock (/Users/leonardosaturnino/Documents/GitHub/token-dashboard/node_modules/jest-circus/build/run.js:63:9)
          at _runTestsForDescribeBlock (/Users/leonardosaturnino/Documents/GitHub/token-dashboard/node_modules/jest-circus/build/run.js:57:9)
          at run (/Users/leonardosaturnino/Documents/GitHub/token-dashboard/node_modules/jest-circus/build/run.js:25:3)
          at runAndTransformResultsToJestFormat (/Users/leonardosaturnino/Documents/GitHub/token-dashboard/node_modules/jest-circus/build/legacy-code-todo-rewrite/jestAdapterInit.js:176:21)
          at jestAdapter (/Users/leonardosaturnino/Documents/GitHub/token-dashboard/node_modules/jest-circus/build/legacy-code-todo-rewrite/jestAdapter.js:109:19)
          at runTestInternal (/Users/leonardosaturnino/Documents/GitHub/token-dashboard/node_modules/jest-runner/build/runTest.js:380:16)
          at runTest (/Users/leonardosaturnino/Documents/GitHub/token-dashboard/node_modules/jest-runner/build/runTest.js:472:34)
          at Object.worker (/Users/leonardosaturnino/Documents/GitHub/token-dashboard/node_modules/jest-runner/build/testWorker.js:133:12)

      180 |       }
      181 |     } catch (err) {
    > 182 |       console.error("Error connecting Starknet wallet:", err)
          |               ^
      183 |       setError(err as Error)
      184 |     } finally {
      185 |       setConnecting(false)

      at src/contexts/StarknetWalletProvider.tsx:182:15

    console.error
      Auto-reconnect failed: Error: Auto-reconnect failed
          at Object.<anonymous> (/Users/leonardosaturnino/Documents/GitHub/token-dashboard/src/contexts/__tests__/StarknetWalletProvider.test.tsx:256:35)
          at Promise.then.completed (/Users/leonardosaturnino/Documents/GitHub/token-dashboard/node_modules/jest-circus/build/utils.js:276:28)
          at new Promise (<anonymous>)
          at callAsyncCircusFn (/Users/leonardosaturnino/Documents/GitHub/token-dashboard/node_modules/jest-circus/build/utils.js:216:10)
          at _callCircusTest (/Users/leonardosaturnino/Documents/GitHub/token-dashboard/node_modules/jest-circus/build/run.js:212:40)
          at _runTest (/Users/leonardosaturnino/Documents/GitHub/token-dashboard/node_modules/jest-circus/build/run.js:149:3)
          at _runTestsForDescribeBlock (/Users/leonardosaturnino/Documents/GitHub/token-dashboard/node_modules/jest-circus/build/run.js:63:9)
          at _runTestsForDescribeBlock (/Users/leonardosaturnino/Documents/GitHub/token-dashboard/node_modules/jest-circus/build/run.js:57:9)
          at run (/Users/leonardosaturnino/Documents/GitHub/token-dashboard/node_modules/jest-circus/build/run.js:25:3)
          at runAndTransformResultsToJestFormat (/Users/leonardosaturnino/Documents/GitHub/token-dashboard/node_modules/jest-circus/build/legacy-code-todo-rewrite/jestAdapterInit.js:176:21)
          at jestAdapter (/Users/leonardosaturnino/Documents/GitHub/token-dashboard/node_modules/jest-circus/build/legacy-code-todo-rewrite/jestAdapter.js:109:19)
          at runTestInternal (/Users/leonardosaturnino/Documents/GitHub/token-dashboard/node_modules/jest-runner/build/runTest.js:380:16)
          at runTest (/Users/leonardosaturnino/Documents/GitHub/token-dashboard/node_modules/jest-runner/build/runTest.js:472:34)
          at Object.worker (/Users/leonardosaturnino/Documents/GitHub/token-dashboard/node_modules/jest-runner/build/testWorker.js:133:12)

      260 |           })
      261 |           .catch((err: any) => {
    > 262 |             console.error("Auto-reconnect failed:", err)
          |                     ^
      263 |             // Clear storage on error
      264 |             localStorage.removeItem(STARKNET_WALLET_KEY)
      265 |             localStorage.removeItem(STARKNET_LAST_WALLET)

      at src/contexts/StarknetWalletProvider.tsx:262:21

    console.error
      Warning: An update to StarknetWalletProvider inside a test was not wrapped in act(...).
      
      When testing, code that causes React state updates should be wrapped into act(...):
      
      act(() => {
        /* fire events that update state */
      });
      /* assert on the output */
      
      This ensures that you're testing the behavior the user would see in the browser. Learn more at https://reactjs.org/link/wrap-tests-with-act
          at StarknetWalletProvider (/Users/leonardosaturnino/Documents/GitHub/token-dashboard/src/contexts/StarknetWalletProvider.tsx:70:3)

      162 |               wallet.on("accountsChanged", (accounts?: string[]) => {
      163 |                 if (accounts && accounts.length > 0) {
    > 164 |                   setAccount(accounts[0])
          |                   ^
      165 |                 } else {
      166 |                   // User disconnected from wallet
      167 |                   handleDisconnect()

      at printWarning (node_modules/react-dom/cjs/react-dom.development.js:67:30)
      at error (node_modules/react-dom/cjs/react-dom.development.js:43:5)
      at warnIfNotCurrentlyActingUpdatesInDEV (node_modules/react-dom/cjs/react-dom.development.js:24064:9)
      at setAccount (node_modules/react-dom/cjs/react-dom.development.js:16135:9)
      at src/contexts/StarknetWalletProvider.tsx:164:19
      at Object.<anonymous> (src/contexts/__tests__/StarknetWalletProvider.test.tsx:303:5)

  ● StarknetWalletProvider › should connect wallet successfully

    expect(jest.fn()).toHaveBeenCalledWith(...expected)

    - Expected
    + Received

      Object {
    -   "connectors": Any<Array>,
        "modalMode": "alwaysAsk",
      },

    Number of calls: 1

      142 |     })
      143 |
    > 144 |     expect(mockConnect).toHaveBeenCalledWith({
          |                         ^
      145 |       modalMode: "alwaysAsk",
      146 |       connectors: expect.any(Array),
      147 |     })

      at Object.<anonymous> (src/contexts/__tests__/StarknetWalletProvider.test.tsx:144:25)

  ● StarknetWalletProvider › should auto-reconnect on mount if wallet was previously connected

    expect(jest.fn()).toHaveBeenCalledWith(...expected)

    - Expected
    + Received

      Object {
    -   "connectors": Any<Array>,
        "modalMode": "neverAsk",
      },

    Number of calls: 1

      243 |     })
      244 |
    > 245 |     expect(mockConnect).toHaveBeenCalledWith({
          |                         ^
      246 |       modalMode: "neverAsk",
      247 |       connectors: expect.any(Array),
      248 |     })

      at Object.<anonymous> (src/contexts/__tests__/StarknetWalletProvider.test.tsx:245:25)

PASS src/test/__tests__/starknet-test-utils.test.tsx
PASS src/utils/__tests__/validateUserWalletAddress.test.ts
PASS src/threshold-ts/applications/__tests__/application.test.ts
FAIL src/components/__tests__/StarknetWalletStatus.test.tsx
  ● Console

    console.error
      Error: Uncaught [TypeError: (0 , _shortenAddress.default) is not a function]
          at reportException (/Users/leonardosaturnino/Documents/GitHub/token-dashboard/node_modules/jsdom/lib/jsdom/living/helpers/runtime-script-errors.js:66:24)
          at innerInvokeEventListeners (/Users/leonardosaturnino/Documents/GitHub/token-dashboard/node_modules/jsdom/lib/jsdom/living/events/EventTarget-impl.js:341:9)
          at invokeEventListeners (/Users/leonardosaturnino/Documents/GitHub/token-dashboard/node_modules/jsdom/lib/jsdom/living/events/EventTarget-impl.js:274:3)
          at HTMLUnknownElementImpl._dispatch (/Users/leonardosaturnino/Documents/GitHub/token-dashboard/node_modules/jsdom/lib/jsdom/living/events/EventTarget-impl.js:221:9)
          at HTMLUnknownElementImpl.dispatchEvent (/Users/leonardosaturnino/Documents/GitHub/token-dashboard/node_modules/jsdom/lib/jsdom/living/events/EventTarget-impl.js:94:17)
          at HTMLUnknownElement.dispatchEvent (/Users/leonardosaturnino/Documents/GitHub/token-dashboard/node_modules/jsdom/lib/jsdom/living/generated/EventTarget.js:231:34)
          at Object.invokeGuardedCallbackDev (/Users/leonardosaturnino/Documents/GitHub/token-dashboard/node_modules/react-dom/cjs/react-dom.development.js:3994:16)
          at invokeGuardedCallback (/Users/leonardosaturnino/Documents/GitHub/token-dashboard/node_modules/react-dom/cjs/react-dom.development.js:4056:31)
          at beginWork$1 (/Users/leonardosaturnino/Documents/GitHub/token-dashboard/node_modules/react-dom/cjs/react-dom.development.js:23964:7)
          at performUnitOfWork (/Users/leonardosaturnino/Documents/GitHub/token-dashboard/node_modules/react-dom/cjs/react-dom.development.js:22779:12) TypeError: (0 , _shortenAddress.default) is not a function
          at StarknetWalletStatus (/Users/leonardosaturnino/Documents/GitHub/token-dashboard/src/components/StarknetWalletStatus.tsx:75:20)
          at renderWithHooks (/Users/leonardosaturnino/Documents/GitHub/token-dashboard/node_modules/react-dom/cjs/react-dom.development.js:14985:18)
          at mountIndeterminateComponent (/Users/leonardosaturnino/Documents/GitHub/token-dashboard/node_modules/react-dom/cjs/react-dom.development.js:17811:13)
          at beginWork (/Users/leonardosaturnino/Documents/GitHub/token-dashboard/node_modules/react-dom/cjs/react-dom.development.js:19049:16)
          at HTMLUnknownElement.callCallback (/Users/leonardosaturnino/Documents/GitHub/token-dashboard/node_modules/react-dom/cjs/react-dom.development.js:3945:14)
          at HTMLUnknownElement.callTheUserObjectsOperation (/Users/leonardosaturnino/Documents/GitHub/token-dashboard/node_modules/jsdom/lib/jsdom/living/generated/EventListener.js:26:30)
          at innerInvokeEventListeners (/Users/leonardosaturnino/Documents/GitHub/token-dashboard/node_modules/jsdom/lib/jsdom/living/events/EventTarget-impl.js:338:25)
          at invokeEventListeners (/Users/leonardosaturnino/Documents/GitHub/token-dashboard/node_modules/jsdom/lib/jsdom/living/events/EventTarget-impl.js:274:3)
          at HTMLUnknownElementImpl._dispatch (/Users/leonardosaturnino/Documents/GitHub/token-dashboard/node_modules/jsdom/lib/jsdom/living/events/EventTarget-impl.js:221:9)
          at HTMLUnknownElementImpl.dispatchEvent (/Users/leonardosaturnino/Documents/GitHub/token-dashboard/node_modules/jsdom/lib/jsdom/living/events/EventTarget-impl.js:94:17)
          at HTMLUnknownElement.dispatchEvent (/Users/leonardosaturnino/Documents/GitHub/token-dashboard/node_modules/jsdom/lib/jsdom/living/generated/EventTarget.js:231:34)
          at Object.invokeGuardedCallbackDev (/Users/leonardosaturnino/Documents/GitHub/token-dashboard/node_modules/react-dom/cjs/react-dom.development.js:3994:16)
          at invokeGuardedCallback (/Users/leonardosaturnino/Documents/GitHub/token-dashboard/node_modules/react-dom/cjs/react-dom.development.js:4056:31)
          at beginWork$1 (/Users/leonardosaturnino/Documents/GitHub/token-dashboard/node_modules/react-dom/cjs/react-dom.development.js:23964:7)
          at performUnitOfWork (/Users/leonardosaturnino/Documents/GitHub/token-dashboard/node_modules/react-dom/cjs/react-dom.development.js:22779:12)
          at workLoopSync (/Users/leonardosaturnino/Documents/GitHub/token-dashboard/node_modules/react-dom/cjs/react-dom.development.js:22707:5)
          at renderRootSync (/Users/leonardosaturnino/Documents/GitHub/token-dashboard/node_modules/react-dom/cjs/react-dom.development.js:22670:7)
          at performSyncWorkOnRoot (/Users/leonardosaturnino/Documents/GitHub/token-dashboard/node_modules/react-dom/cjs/react-dom.development.js:22293:18)
          at scheduleUpdateOnFiber (/Users/leonardosaturnino/Documents/GitHub/token-dashboard/node_modules/react-dom/cjs/react-dom.development.js:21881:7)
          at updateContainer (/Users/leonardosaturnino/Documents/GitHub/token-dashboard/node_modules/react-dom/cjs/react-dom.development.js:25482:3)
          at /Users/leonardosaturnino/Documents/GitHub/token-dashboard/node_modules/react-dom/cjs/react-dom.development.js:26021:7
          at unbatchedUpdates (/Users/leonardosaturnino/Documents/GitHub/token-dashboard/node_modules/react-dom/cjs/react-dom.development.js:22431:12)
          at legacyRenderSubtreeIntoContainer (/Users/leonardosaturnino/Documents/GitHub/token-dashboard/node_modules/react-dom/cjs/react-dom.development.js:26020:5)
          at Object.render (/Users/leonardosaturnino/Documents/GitHub/token-dashboard/node_modules/react-dom/cjs/react-dom.development.js:26103:10)
          at /Users/leonardosaturnino/Documents/GitHub/token-dashboard/node_modules/@testing-library/react/dist/pure.js:101:25
          at batchedUpdates$1 (/Users/leonardosaturnino/Documents/GitHub/token-dashboard/node_modules/react-dom/cjs/react-dom.development.js:22380:12)
          at act (/Users/leonardosaturnino/Documents/GitHub/token-dashboard/node_modules/react-dom/cjs/react-dom-test-utils.development.js:1042:14)
          at render (/Users/leonardosaturnino/Documents/GitHub/token-dashboard/node_modules/@testing-library/react/dist/pure.js:97:26)
          at renderWithChakra (/Users/leonardosaturnino/Documents/GitHub/token-dashboard/src/components/__tests__/StarknetWalletStatus.test.tsx:29:10)
          at Object.<anonymous> (/Users/leonardosaturnino/Documents/GitHub/token-dashboard/src/components/__tests__/StarknetWalletStatus.test.tsx:73:5)
          at Promise.then.completed (/Users/leonardosaturnino/Documents/GitHub/token-dashboard/node_modules/jest-circus/build/utils.js:276:28)
          at new Promise (<anonymous>)
          at callAsyncCircusFn (/Users/leonardosaturnino/Documents/GitHub/token-dashboard/node_modules/jest-circus/build/utils.js:216:10)
          at _callCircusTest (/Users/leonardosaturnino/Documents/GitHub/token-dashboard/node_modules/jest-circus/build/run.js:212:40)
          at processTicksAndRejections (node:internal/process/task_queues:105:5)
          at _runTest (/Users/leonardosaturnino/Documents/GitHub/token-dashboard/node_modules/jest-circus/build/run.js:149:3)
          at _runTestsForDescribeBlock (/Users/leonardosaturnino/Documents/GitHub/token-dashboard/node_modules/jest-circus/build/run.js:63:9)
          at _runTestsForDescribeBlock (/Users/leonardosaturnino/Documents/GitHub/token-dashboard/node_modules/jest-circus/build/run.js:57:9)
          at run (/Users/leonardosaturnino/Documents/GitHub/token-dashboard/node_modules/jest-circus/build/run.js:25:3)
          at runAndTransformResultsToJestFormat (/Users/leonardosaturnino/Documents/GitHub/token-dashboard/node_modules/jest-circus/build/legacy-code-todo-rewrite/jestAdapterInit.js:176:21)
          at jestAdapter (/Users/leonardosaturnino/Documents/GitHub/token-dashboard/node_modules/jest-circus/build/legacy-code-todo-rewrite/jestAdapter.js:109:19)
          at runTestInternal (/Users/leonardosaturnino/Documents/GitHub/token-dashboard/node_modules/jest-runner/build/runTest.js:380:16)
          at runTest (/Users/leonardosaturnino/Documents/GitHub/token-dashboard/node_modules/jest-runner/build/runTest.js:472:34)
          at Object.worker (/Users/leonardosaturnino/Documents/GitHub/token-dashboard/node_modules/jest-runner/build/testWorker.js:133:12)

      at VirtualConsole.<anonymous> (node_modules/jsdom/lib/jsdom/virtual-console.js:29:45)
      at reportException (node_modules/jsdom/lib/jsdom/living/helpers/runtime-script-errors.js:70:28)
      at innerInvokeEventListeners (node_modules/jsdom/lib/jsdom/living/events/EventTarget-impl.js:341:9)
      at invokeEventListeners (node_modules/jsdom/lib/jsdom/living/events/EventTarget-impl.js:274:3)
      at HTMLUnknownElementImpl._dispatch (node_modules/jsdom/lib/jsdom/living/events/EventTarget-impl.js:221:9)
      at HTMLUnknownElementImpl.dispatchEvent (node_modules/jsdom/lib/jsdom/living/events/EventTarget-impl.js:94:17)
      at HTMLUnknownElement.dispatchEvent (node_modules/jsdom/lib/jsdom/living/generated/EventTarget.js:231:34)

    console.error
      The above error occurred in the <StarknetWalletStatus> component:
      
          at StarknetWalletStatus (/Users/leonardosaturnino/Documents/GitHub/token-dashboard/src/components/StarknetWalletStatus.tsx:23:19)
          at EnvironmentProvider (/Users/leonardosaturnino/Documents/GitHub/token-dashboard/node_modules/@chakra-ui/react-env/dist/chakra-ui-react-env.cjs.dev.js:120:24)
          at ColorModeProvider (/Users/leonardosaturnino/Documents/GitHub/token-dashboard/node_modules/@chakra-ui/color-mode/dist/chakra-ui-color-mode.cjs.dev.js:228:21)
          at ThemeProvider (/Users/leonardosaturnino/Documents/GitHub/token-dashboard/node_modules/@emotion/react/dist/emotion-element-ae8cc4ba.cjs.dev.js:126:21)
          at ThemeProvider (/Users/leonardosaturnino/Documents/GitHub/token-dashboard/node_modules/@chakra-ui/system/dist/chakra-ui-system.cjs.dev.js:57:27)
          at /Users/leonardosaturnino/Documents/GitHub/token-dashboard/node_modules/@chakra-ui/hooks/dist/chakra-ui-hooks.cjs.dev.js:265:23
          at ChakraProvider (/Users/leonardosaturnino/Documents/GitHub/token-dashboard/node_modules/@chakra-ui/provider/dist/chakra-ui-provider.cjs.dev.js:40:24)
      
      Consider adding an error boundary to your tree to customize error handling behavior.
      Visit https://reactjs.org/link/error-boundaries to learn more about error boundaries.

      at logCapturedError (node_modules/react-dom/cjs/react-dom.development.js:20085:23)
      at update.callback (node_modules/react-dom/cjs/react-dom.development.js:20118:5)
      at callCallback (node_modules/react-dom/cjs/react-dom.development.js:12318:12)
      at commitUpdateQueue (node_modules/react-dom/cjs/react-dom.development.js:12339:9)
      at commitLifeCycles (node_modules/react-dom/cjs/react-dom.development.js:20736:11)
      at commitLayoutEffects (node_modules/react-dom/cjs/react-dom.development.js:23426:7)
      at HTMLUnknownElement.callCallback (node_modules/react-dom/cjs/react-dom.development.js:3945:14)
      at HTMLUnknownElement.callTheUserObjectsOperation (node_modules/jsdom/lib/jsdom/living/generated/EventListener.js:26:30)

    console.error
      Error: Uncaught [TypeError: (0 , _shortenAddress.default) is not a function]
          at reportException (/Users/leonardosaturnino/Documents/GitHub/token-dashboard/node_modules/jsdom/lib/jsdom/living/helpers/runtime-script-errors.js:66:24)
          at innerInvokeEventListeners (/Users/leonardosaturnino/Documents/GitHub/token-dashboard/node_modules/jsdom/lib/jsdom/living/events/EventTarget-impl.js:341:9)
          at invokeEventListeners (/Users/leonardosaturnino/Documents/GitHub/token-dashboard/node_modules/jsdom/lib/jsdom/living/events/EventTarget-impl.js:274:3)
          at HTMLUnknownElementImpl._dispatch (/Users/leonardosaturnino/Documents/GitHub/token-dashboard/node_modules/jsdom/lib/jsdom/living/events/EventTarget-impl.js:221:9)
          at HTMLUnknownElementImpl.dispatchEvent (/Users/leonardosaturnino/Documents/GitHub/token-dashboard/node_modules/jsdom/lib/jsdom/living/events/EventTarget-impl.js:94:17)
          at HTMLUnknownElement.dispatchEvent (/Users/leonardosaturnino/Documents/GitHub/token-dashboard/node_modules/jsdom/lib/jsdom/living/generated/EventTarget.js:231:34)
          at Object.invokeGuardedCallbackDev (/Users/leonardosaturnino/Documents/GitHub/token-dashboard/node_modules/react-dom/cjs/react-dom.development.js:3994:16)
          at invokeGuardedCallback (/Users/leonardosaturnino/Documents/GitHub/token-dashboard/node_modules/react-dom/cjs/react-dom.development.js:4056:31)
          at beginWork$1 (/Users/leonardosaturnino/Documents/GitHub/token-dashboard/node_modules/react-dom/cjs/react-dom.development.js:23964:7)
          at performUnitOfWork (/Users/leonardosaturnino/Documents/GitHub/token-dashboard/node_modules/react-dom/cjs/react-dom.development.js:22779:12) TypeError: (0 , _shortenAddress.default) is not a function
          at StarknetWalletStatus (/Users/leonardosaturnino/Documents/GitHub/token-dashboard/src/components/StarknetWalletStatus.tsx:75:20)
          at renderWithHooks (/Users/leonardosaturnino/Documents/GitHub/token-dashboard/node_modules/react-dom/cjs/react-dom.development.js:14985:18)
          at mountIndeterminateComponent (/Users/leonardosaturnino/Documents/GitHub/token-dashboard/node_modules/react-dom/cjs/react-dom.development.js:17811:13)
          at beginWork (/Users/leonardosaturnino/Documents/GitHub/token-dashboard/node_modules/react-dom/cjs/react-dom.development.js:19049:16)
          at HTMLUnknownElement.callCallback (/Users/leonardosaturnino/Documents/GitHub/token-dashboard/node_modules/react-dom/cjs/react-dom.development.js:3945:14)
          at HTMLUnknownElement.callTheUserObjectsOperation (/Users/leonardosaturnino/Documents/GitHub/token-dashboard/node_modules/jsdom/lib/jsdom/living/generated/EventListener.js:26:30)
          at innerInvokeEventListeners (/Users/leonardosaturnino/Documents/GitHub/token-dashboard/node_modules/jsdom/lib/jsdom/living/events/EventTarget-impl.js:338:25)
          at invokeEventListeners (/Users/leonardosaturnino/Documents/GitHub/token-dashboard/node_modules/jsdom/lib/jsdom/living/events/EventTarget-impl.js:274:3)
          at HTMLUnknownElementImpl._dispatch (/Users/leonardosaturnino/Documents/GitHub/token-dashboard/node_modules/jsdom/lib/jsdom/living/events/EventTarget-impl.js:221:9)
          at HTMLUnknownElementImpl.dispatchEvent (/Users/leonardosaturnino/Documents/GitHub/token-dashboard/node_modules/jsdom/lib/jsdom/living/events/EventTarget-impl.js:94:17)
          at HTMLUnknownElement.dispatchEvent (/Users/leonardosaturnino/Documents/GitHub/token-dashboard/node_modules/jsdom/lib/jsdom/living/generated/EventTarget.js:231:34)
          at Object.invokeGuardedCallbackDev (/Users/leonardosaturnino/Documents/GitHub/token-dashboard/node_modules/react-dom/cjs/react-dom.development.js:3994:16)
          at invokeGuardedCallback (/Users/leonardosaturnino/Documents/GitHub/token-dashboard/node_modules/react-dom/cjs/react-dom.development.js:4056:31)
          at beginWork$1 (/Users/leonardosaturnino/Documents/GitHub/token-dashboard/node_modules/react-dom/cjs/react-dom.development.js:23964:7)
          at performUnitOfWork (/Users/leonardosaturnino/Documents/GitHub/token-dashboard/node_modules/react-dom/cjs/react-dom.development.js:22779:12)
          at workLoopSync (/Users/leonardosaturnino/Documents/GitHub/token-dashboard/node_modules/react-dom/cjs/react-dom.development.js:22707:5)
          at renderRootSync (/Users/leonardosaturnino/Documents/GitHub/token-dashboard/node_modules/react-dom/cjs/react-dom.development.js:22670:7)
          at performSyncWorkOnRoot (/Users/leonardosaturnino/Documents/GitHub/token-dashboard/node_modules/react-dom/cjs/react-dom.development.js:22293:18)
          at scheduleUpdateOnFiber (/Users/leonardosaturnino/Documents/GitHub/token-dashboard/node_modules/react-dom/cjs/react-dom.development.js:21881:7)
          at updateContainer (/Users/leonardosaturnino/Documents/GitHub/token-dashboard/node_modules/react-dom/cjs/react-dom.development.js:25482:3)
          at /Users/leonardosaturnino/Documents/GitHub/token-dashboard/node_modules/react-dom/cjs/react-dom.development.js:26021:7
          at unbatchedUpdates (/Users/leonardosaturnino/Documents/GitHub/token-dashboard/node_modules/react-dom/cjs/react-dom.development.js:22431:12)
          at legacyRenderSubtreeIntoContainer (/Users/leonardosaturnino/Documents/GitHub/token-dashboard/node_modules/react-dom/cjs/react-dom.development.js:26020:5)
          at Object.render (/Users/leonardosaturnino/Documents/GitHub/token-dashboard/node_modules/react-dom/cjs/react-dom.development.js:26103:10)
          at /Users/leonardosaturnino/Documents/GitHub/token-dashboard/node_modules/@testing-library/react/dist/pure.js:101:25
          at batchedUpdates$1 (/Users/leonardosaturnino/Documents/GitHub/token-dashboard/node_modules/react-dom/cjs/react-dom.development.js:22380:12)
          at act (/Users/leonardosaturnino/Documents/GitHub/token-dashboard/node_modules/react-dom/cjs/react-dom-test-utils.development.js:1042:14)
          at render (/Users/leonardosaturnino/Documents/GitHub/token-dashboard/node_modules/@testing-library/react/dist/pure.js:97:26)
          at renderWithChakra (/Users/leonardosaturnino/Documents/GitHub/token-dashboard/src/components/__tests__/StarknetWalletStatus.test.tsx:29:10)
          at Object.<anonymous> (/Users/leonardosaturnino/Documents/GitHub/token-dashboard/src/components/__tests__/StarknetWalletStatus.test.tsx:110:5)
          at Promise.then.completed (/Users/leonardosaturnino/Documents/GitHub/token-dashboard/node_modules/jest-circus/build/utils.js:276:28)
          at new Promise (<anonymous>)
          at callAsyncCircusFn (/Users/leonardosaturnino/Documents/GitHub/token-dashboard/node_modules/jest-circus/build/utils.js:216:10)
          at _callCircusTest (/Users/leonardosaturnino/Documents/GitHub/token-dashboard/node_modules/jest-circus/build/run.js:212:40)
          at processTicksAndRejections (node:internal/process/task_queues:105:5)
          at _runTest (/Users/leonardosaturnino/Documents/GitHub/token-dashboard/node_modules/jest-circus/build/run.js:149:3)
          at _runTestsForDescribeBlock (/Users/leonardosaturnino/Documents/GitHub/token-dashboard/node_modules/jest-circus/build/run.js:63:9)
          at _runTestsForDescribeBlock (/Users/leonardosaturnino/Documents/GitHub/token-dashboard/node_modules/jest-circus/build/run.js:57:9)
          at run (/Users/leonardosaturnino/Documents/GitHub/token-dashboard/node_modules/jest-circus/build/run.js:25:3)
          at runAndTransformResultsToJestFormat (/Users/leonardosaturnino/Documents/GitHub/token-dashboard/node_modules/jest-circus/build/legacy-code-todo-rewrite/jestAdapterInit.js:176:21)
          at jestAdapter (/Users/leonardosaturnino/Documents/GitHub/token-dashboard/node_modules/jest-circus/build/legacy-code-todo-rewrite/jestAdapter.js:109:19)
          at runTestInternal (/Users/leonardosaturnino/Documents/GitHub/token-dashboard/node_modules/jest-runner/build/runTest.js:380:16)
          at runTest (/Users/leonardosaturnino/Documents/GitHub/token-dashboard/node_modules/jest-runner/build/runTest.js:472:34)
          at Object.worker (/Users/leonardosaturnino/Documents/GitHub/token-dashboard/node_modules/jest-runner/build/testWorker.js:133:12)

      at VirtualConsole.<anonymous> (node_modules/jsdom/lib/jsdom/virtual-console.js:29:45)
      at reportException (node_modules/jsdom/lib/jsdom/living/helpers/runtime-script-errors.js:70:28)
      at innerInvokeEventListeners (node_modules/jsdom/lib/jsdom/living/events/EventTarget-impl.js:341:9)
      at invokeEventListeners (node_modules/jsdom/lib/jsdom/living/events/EventTarget-impl.js:274:3)
      at HTMLUnknownElementImpl._dispatch (node_modules/jsdom/lib/jsdom/living/events/EventTarget-impl.js:221:9)
      at HTMLUnknownElementImpl.dispatchEvent (node_modules/jsdom/lib/jsdom/living/events/EventTarget-impl.js:94:17)
      at HTMLUnknownElement.dispatchEvent (node_modules/jsdom/lib/jsdom/living/generated/EventTarget.js:231:34)

    console.error
      The above error occurred in the <StarknetWalletStatus> component:
      
          at StarknetWalletStatus (/Users/leonardosaturnino/Documents/GitHub/token-dashboard/src/components/StarknetWalletStatus.tsx:23:19)
          at EnvironmentProvider (/Users/leonardosaturnino/Documents/GitHub/token-dashboard/node_modules/@chakra-ui/react-env/dist/chakra-ui-react-env.cjs.dev.js:120:24)
          at ColorModeProvider (/Users/leonardosaturnino/Documents/GitHub/token-dashboard/node_modules/@chakra-ui/color-mode/dist/chakra-ui-color-mode.cjs.dev.js:228:21)
          at ThemeProvider (/Users/leonardosaturnino/Documents/GitHub/token-dashboard/node_modules/@emotion/react/dist/emotion-element-ae8cc4ba.cjs.dev.js:126:21)
          at ThemeProvider (/Users/leonardosaturnino/Documents/GitHub/token-dashboard/node_modules/@chakra-ui/system/dist/chakra-ui-system.cjs.dev.js:57:27)
          at /Users/leonardosaturnino/Documents/GitHub/token-dashboard/node_modules/@chakra-ui/hooks/dist/chakra-ui-hooks.cjs.dev.js:265:23
          at ChakraProvider (/Users/leonardosaturnino/Documents/GitHub/token-dashboard/node_modules/@chakra-ui/provider/dist/chakra-ui-provider.cjs.dev.js:40:24)
      
      Consider adding an error boundary to your tree to customize error handling behavior.
      Visit https://reactjs.org/link/error-boundaries to learn more about error boundaries.

      at logCapturedError (node_modules/react-dom/cjs/react-dom.development.js:20085:23)
      at update.callback (node_modules/react-dom/cjs/react-dom.development.js:20118:5)
      at callCallback (node_modules/react-dom/cjs/react-dom.development.js:12318:12)
      at commitUpdateQueue (node_modules/react-dom/cjs/react-dom.development.js:12339:9)
      at commitLifeCycles (node_modules/react-dom/cjs/react-dom.development.js:20736:11)
      at commitLayoutEffects (node_modules/react-dom/cjs/react-dom.development.js:23426:7)
      at HTMLUnknownElement.callCallback (node_modules/react-dom/cjs/react-dom.development.js:3945:14)
      at HTMLUnknownElement.callTheUserObjectsOperation (node_modules/jsdom/lib/jsdom/living/generated/EventListener.js:26:30)

    console.error
      Error: Uncaught [TypeError: (0 , _shortenAddress.default) is not a function]
          at reportException (/Users/leonardosaturnino/Documents/GitHub/token-dashboard/node_modules/jsdom/lib/jsdom/living/helpers/runtime-script-errors.js:66:24)
          at innerInvokeEventListeners (/Users/leonardosaturnino/Documents/GitHub/token-dashboard/node_modules/jsdom/lib/jsdom/living/events/EventTarget-impl.js:341:9)
          at invokeEventListeners (/Users/leonardosaturnino/Documents/GitHub/token-dashboard/node_modules/jsdom/lib/jsdom/living/events/EventTarget-impl.js:274:3)
          at HTMLUnknownElementImpl._dispatch (/Users/leonardosaturnino/Documents/GitHub/token-dashboard/node_modules/jsdom/lib/jsdom/living/events/EventTarget-impl.js:221:9)
          at HTMLUnknownElementImpl.dispatchEvent (/Users/leonardosaturnino/Documents/GitHub/token-dashboard/node_modules/jsdom/lib/jsdom/living/events/EventTarget-impl.js:94:17)
          at HTMLUnknownElement.dispatchEvent (/Users/leonardosaturnino/Documents/GitHub/token-dashboard/node_modules/jsdom/lib/jsdom/living/generated/EventTarget.js:231:34)
          at Object.invokeGuardedCallbackDev (/Users/leonardosaturnino/Documents/GitHub/token-dashboard/node_modules/react-dom/cjs/react-dom.development.js:3994:16)
          at invokeGuardedCallback (/Users/leonardosaturnino/Documents/GitHub/token-dashboard/node_modules/react-dom/cjs/react-dom.development.js:4056:31)
          at beginWork$1 (/Users/leonardosaturnino/Documents/GitHub/token-dashboard/node_modules/react-dom/cjs/react-dom.development.js:23964:7)
          at performUnitOfWork (/Users/leonardosaturnino/Documents/GitHub/token-dashboard/node_modules/react-dom/cjs/react-dom.development.js:22779:12) TypeError: (0 , _shortenAddress.default) is not a function
          at StarknetWalletStatus (/Users/leonardosaturnino/Documents/GitHub/token-dashboard/src/components/StarknetWalletStatus.tsx:75:20)
          at renderWithHooks (/Users/leonardosaturnino/Documents/GitHub/token-dashboard/node_modules/react-dom/cjs/react-dom.development.js:14985:18)
          at mountIndeterminateComponent (/Users/leonardosaturnino/Documents/GitHub/token-dashboard/node_modules/react-dom/cjs/react-dom.development.js:17811:13)
          at beginWork (/Users/leonardosaturnino/Documents/GitHub/token-dashboard/node_modules/react-dom/cjs/react-dom.development.js:19049:16)
          at HTMLUnknownElement.callCallback (/Users/leonardosaturnino/Documents/GitHub/token-dashboard/node_modules/react-dom/cjs/react-dom.development.js:3945:14)
          at HTMLUnknownElement.callTheUserObjectsOperation (/Users/leonardosaturnino/Documents/GitHub/token-dashboard/node_modules/jsdom/lib/jsdom/living/generated/EventListener.js:26:30)
          at innerInvokeEventListeners (/Users/leonardosaturnino/Documents/GitHub/token-dashboard/node_modules/jsdom/lib/jsdom/living/events/EventTarget-impl.js:338:25)
          at invokeEventListeners (/Users/leonardosaturnino/Documents/GitHub/token-dashboard/node_modules/jsdom/lib/jsdom/living/events/EventTarget-impl.js:274:3)
          at HTMLUnknownElementImpl._dispatch (/Users/leonardosaturnino/Documents/GitHub/token-dashboard/node_modules/jsdom/lib/jsdom/living/events/EventTarget-impl.js:221:9)
          at HTMLUnknownElementImpl.dispatchEvent (/Users/leonardosaturnino/Documents/GitHub/token-dashboard/node_modules/jsdom/lib/jsdom/living/events/EventTarget-impl.js:94:17)
          at HTMLUnknownElement.dispatchEvent (/Users/leonardosaturnino/Documents/GitHub/token-dashboard/node_modules/jsdom/lib/jsdom/living/generated/EventTarget.js:231:34)
          at Object.invokeGuardedCallbackDev (/Users/leonardosaturnino/Documents/GitHub/token-dashboard/node_modules/react-dom/cjs/react-dom.development.js:3994:16)
          at invokeGuardedCallback (/Users/leonardosaturnino/Documents/GitHub/token-dashboard/node_modules/react-dom/cjs/react-dom.development.js:4056:31)
          at beginWork$1 (/Users/leonardosaturnino/Documents/GitHub/token-dashboard/node_modules/react-dom/cjs/react-dom.development.js:23964:7)
          at performUnitOfWork (/Users/leonardosaturnino/Documents/GitHub/token-dashboard/node_modules/react-dom/cjs/react-dom.development.js:22779:12)
          at workLoopSync (/Users/leonardosaturnino/Documents/GitHub/token-dashboard/node_modules/react-dom/cjs/react-dom.development.js:22707:5)
          at renderRootSync (/Users/leonardosaturnino/Documents/GitHub/token-dashboard/node_modules/react-dom/cjs/react-dom.development.js:22670:7)
          at performSyncWorkOnRoot (/Users/leonardosaturnino/Documents/GitHub/token-dashboard/node_modules/react-dom/cjs/react-dom.development.js:22293:18)
          at scheduleUpdateOnFiber (/Users/leonardosaturnino/Documents/GitHub/token-dashboard/node_modules/react-dom/cjs/react-dom.development.js:21881:7)
          at updateContainer (/Users/leonardosaturnino/Documents/GitHub/token-dashboard/node_modules/react-dom/cjs/react-dom.development.js:25482:3)
          at /Users/leonardosaturnino/Documents/GitHub/token-dashboard/node_modules/react-dom/cjs/react-dom.development.js:26021:7
          at unbatchedUpdates (/Users/leonardosaturnino/Documents/GitHub/token-dashboard/node_modules/react-dom/cjs/react-dom.development.js:22431:12)
          at legacyRenderSubtreeIntoContainer (/Users/leonardosaturnino/Documents/GitHub/token-dashboard/node_modules/react-dom/cjs/react-dom.development.js:26020:5)
          at Object.render (/Users/leonardosaturnino/Documents/GitHub/token-dashboard/node_modules/react-dom/cjs/react-dom.development.js:26103:10)
          at /Users/leonardosaturnino/Documents/GitHub/token-dashboard/node_modules/@testing-library/react/dist/pure.js:101:25
          at batchedUpdates$1 (/Users/leonardosaturnino/Documents/GitHub/token-dashboard/node_modules/react-dom/cjs/react-dom.development.js:22380:12)
          at act (/Users/leonardosaturnino/Documents/GitHub/token-dashboard/node_modules/react-dom/cjs/react-dom-test-utils.development.js:1042:14)
          at render (/Users/leonardosaturnino/Documents/GitHub/token-dashboard/node_modules/@testing-library/react/dist/pure.js:97:26)
          at renderWithChakra (/Users/leonardosaturnino/Documents/GitHub/token-dashboard/src/components/__tests__/StarknetWalletStatus.test.tsx:29:10)
          at Object.<anonymous> (/Users/leonardosaturnino/Documents/GitHub/token-dashboard/src/components/__tests__/StarknetWalletStatus.test.tsx:130:5)
          at Promise.then.completed (/Users/leonardosaturnino/Documents/GitHub/token-dashboard/node_modules/jest-circus/build/utils.js:276:28)
          at new Promise (<anonymous>)
          at callAsyncCircusFn (/Users/leonardosaturnino/Documents/GitHub/token-dashboard/node_modules/jest-circus/build/utils.js:216:10)
          at _callCircusTest (/Users/leonardosaturnino/Documents/GitHub/token-dashboard/node_modules/jest-circus/build/run.js:212:40)
          at processTicksAndRejections (node:internal/process/task_queues:105:5)
          at _runTest (/Users/leonardosaturnino/Documents/GitHub/token-dashboard/node_modules/jest-circus/build/run.js:149:3)
          at _runTestsForDescribeBlock (/Users/leonardosaturnino/Documents/GitHub/token-dashboard/node_modules/jest-circus/build/run.js:63:9)
          at _runTestsForDescribeBlock (/Users/leonardosaturnino/Documents/GitHub/token-dashboard/node_modules/jest-circus/build/run.js:57:9)
          at run (/Users/leonardosaturnino/Documents/GitHub/token-dashboard/node_modules/jest-circus/build/run.js:25:3)
          at runAndTransformResultsToJestFormat (/Users/leonardosaturnino/Documents/GitHub/token-dashboard/node_modules/jest-circus/build/legacy-code-todo-rewrite/jestAdapterInit.js:176:21)
          at jestAdapter (/Users/leonardosaturnino/Documents/GitHub/token-dashboard/node_modules/jest-circus/build/legacy-code-todo-rewrite/jestAdapter.js:109:19)
          at runTestInternal (/Users/leonardosaturnino/Documents/GitHub/token-dashboard/node_modules/jest-runner/build/runTest.js:380:16)
          at runTest (/Users/leonardosaturnino/Documents/GitHub/token-dashboard/node_modules/jest-runner/build/runTest.js:472:34)
          at Object.worker (/Users/leonardosaturnino/Documents/GitHub/token-dashboard/node_modules/jest-runner/build/testWorker.js:133:12)

      at VirtualConsole.<anonymous> (node_modules/jsdom/lib/jsdom/virtual-console.js:29:45)
      at reportException (node_modules/jsdom/lib/jsdom/living/helpers/runtime-script-errors.js:70:28)
      at innerInvokeEventListeners (node_modules/jsdom/lib/jsdom/living/events/EventTarget-impl.js:341:9)
      at invokeEventListeners (node_modules/jsdom/lib/jsdom/living/events/EventTarget-impl.js:274:3)
      at HTMLUnknownElementImpl._dispatch (node_modules/jsdom/lib/jsdom/living/events/EventTarget-impl.js:221:9)
      at HTMLUnknownElementImpl.dispatchEvent (node_modules/jsdom/lib/jsdom/living/events/EventTarget-impl.js:94:17)
      at HTMLUnknownElement.dispatchEvent (node_modules/jsdom/lib/jsdom/living/generated/EventTarget.js:231:34)

    console.error
      The above error occurred in the <StarknetWalletStatus> component:
      
          at StarknetWalletStatus (/Users/leonardosaturnino/Documents/GitHub/token-dashboard/src/components/StarknetWalletStatus.tsx:23:19)
          at EnvironmentProvider (/Users/leonardosaturnino/Documents/GitHub/token-dashboard/node_modules/@chakra-ui/react-env/dist/chakra-ui-react-env.cjs.dev.js:120:24)
          at ColorModeProvider (/Users/leonardosaturnino/Documents/GitHub/token-dashboard/node_modules/@chakra-ui/color-mode/dist/chakra-ui-color-mode.cjs.dev.js:228:21)
          at ThemeProvider (/Users/leonardosaturnino/Documents/GitHub/token-dashboard/node_modules/@emotion/react/dist/emotion-element-ae8cc4ba.cjs.dev.js:126:21)
          at ThemeProvider (/Users/leonardosaturnino/Documents/GitHub/token-dashboard/node_modules/@chakra-ui/system/dist/chakra-ui-system.cjs.dev.js:57:27)
          at /Users/leonardosaturnino/Documents/GitHub/token-dashboard/node_modules/@chakra-ui/hooks/dist/chakra-ui-hooks.cjs.dev.js:265:23
          at ChakraProvider (/Users/leonardosaturnino/Documents/GitHub/token-dashboard/node_modules/@chakra-ui/provider/dist/chakra-ui-provider.cjs.dev.js:40:24)
      
      Consider adding an error boundary to your tree to customize error handling behavior.
      Visit https://reactjs.org/link/error-boundaries to learn more about error boundaries.

      at logCapturedError (node_modules/react-dom/cjs/react-dom.development.js:20085:23)
      at update.callback (node_modules/react-dom/cjs/react-dom.development.js:20118:5)
      at callCallback (node_modules/react-dom/cjs/react-dom.development.js:12318:12)
      at commitUpdateQueue (node_modules/react-dom/cjs/react-dom.development.js:12339:9)
      at commitLifeCycles (node_modules/react-dom/cjs/react-dom.development.js:20736:11)
      at commitLayoutEffects (node_modules/react-dom/cjs/react-dom.development.js:23426:7)
      at HTMLUnknownElement.callCallback (node_modules/react-dom/cjs/react-dom.development.js:3945:14)
      at HTMLUnknownElement.callTheUserObjectsOperation (node_modules/jsdom/lib/jsdom/living/generated/EventListener.js:26:30)

    console.error
      Error: Uncaught [TypeError: (0 , _shortenAddress.default) is not a function]
          at reportException (/Users/leonardosaturnino/Documents/GitHub/token-dashboard/node_modules/jsdom/lib/jsdom/living/helpers/runtime-script-errors.js:66:24)
          at innerInvokeEventListeners (/Users/leonardosaturnino/Documents/GitHub/token-dashboard/node_modules/jsdom/lib/jsdom/living/events/EventTarget-impl.js:341:9)
          at invokeEventListeners (/Users/leonardosaturnino/Documents/GitHub/token-dashboard/node_modules/jsdom/lib/jsdom/living/events/EventTarget-impl.js:274:3)
          at HTMLUnknownElementImpl._dispatch (/Users/leonardosaturnino/Documents/GitHub/token-dashboard/node_modules/jsdom/lib/jsdom/living/events/EventTarget-impl.js:221:9)
          at HTMLUnknownElementImpl.dispatchEvent (/Users/leonardosaturnino/Documents/GitHub/token-dashboard/node_modules/jsdom/lib/jsdom/living/events/EventTarget-impl.js:94:17)
          at HTMLUnknownElement.dispatchEvent (/Users/leonardosaturnino/Documents/GitHub/token-dashboard/node_modules/jsdom/lib/jsdom/living/generated/EventTarget.js:231:34)
          at Object.invokeGuardedCallbackDev (/Users/leonardosaturnino/Documents/GitHub/token-dashboard/node_modules/react-dom/cjs/react-dom.development.js:3994:16)
          at invokeGuardedCallback (/Users/leonardosaturnino/Documents/GitHub/token-dashboard/node_modules/react-dom/cjs/react-dom.development.js:4056:31)
          at beginWork$1 (/Users/leonardosaturnino/Documents/GitHub/token-dashboard/node_modules/react-dom/cjs/react-dom.development.js:23964:7)
          at performUnitOfWork (/Users/leonardosaturnino/Documents/GitHub/token-dashboard/node_modules/react-dom/cjs/react-dom.development.js:22779:12) TypeError: (0 , _shortenAddress.default) is not a function
          at StarknetWalletStatus (/Users/leonardosaturnino/Documents/GitHub/token-dashboard/src/components/StarknetWalletStatus.tsx:75:20)
          at renderWithHooks (/Users/leonardosaturnino/Documents/GitHub/token-dashboard/node_modules/react-dom/cjs/react-dom.development.js:14985:18)
          at mountIndeterminateComponent (/Users/leonardosaturnino/Documents/GitHub/token-dashboard/node_modules/react-dom/cjs/react-dom.development.js:17811:13)
          at beginWork (/Users/leonardosaturnino/Documents/GitHub/token-dashboard/node_modules/react-dom/cjs/react-dom.development.js:19049:16)
          at HTMLUnknownElement.callCallback (/Users/leonardosaturnino/Documents/GitHub/token-dashboard/node_modules/react-dom/cjs/react-dom.development.js:3945:14)
          at HTMLUnknownElement.callTheUserObjectsOperation (/Users/leonardosaturnino/Documents/GitHub/token-dashboard/node_modules/jsdom/lib/jsdom/living/generated/EventListener.js:26:30)
          at innerInvokeEventListeners (/Users/leonardosaturnino/Documents/GitHub/token-dashboard/node_modules/jsdom/lib/jsdom/living/events/EventTarget-impl.js:338:25)
          at invokeEventListeners (/Users/leonardosaturnino/Documents/GitHub/token-dashboard/node_modules/jsdom/lib/jsdom/living/events/EventTarget-impl.js:274:3)
          at HTMLUnknownElementImpl._dispatch (/Users/leonardosaturnino/Documents/GitHub/token-dashboard/node_modules/jsdom/lib/jsdom/living/events/EventTarget-impl.js:221:9)
          at HTMLUnknownElementImpl.dispatchEvent (/Users/leonardosaturnino/Documents/GitHub/token-dashboard/node_modules/jsdom/lib/jsdom/living/events/EventTarget-impl.js:94:17)
          at HTMLUnknownElement.dispatchEvent (/Users/leonardosaturnino/Documents/GitHub/token-dashboard/node_modules/jsdom/lib/jsdom/living/generated/EventTarget.js:231:34)
          at Object.invokeGuardedCallbackDev (/Users/leonardosaturnino/Documents/GitHub/token-dashboard/node_modules/react-dom/cjs/react-dom.development.js:3994:16)
          at invokeGuardedCallback (/Users/leonardosaturnino/Documents/GitHub/token-dashboard/node_modules/react-dom/cjs/react-dom.development.js:4056:31)
          at beginWork$1 (/Users/leonardosaturnino/Documents/GitHub/token-dashboard/node_modules/react-dom/cjs/react-dom.development.js:23964:7)
          at performUnitOfWork (/Users/leonardosaturnino/Documents/GitHub/token-dashboard/node_modules/react-dom/cjs/react-dom.development.js:22779:12)
          at workLoopSync (/Users/leonardosaturnino/Documents/GitHub/token-dashboard/node_modules/react-dom/cjs/react-dom.development.js:22707:5)
          at renderRootSync (/Users/leonardosaturnino/Documents/GitHub/token-dashboard/node_modules/react-dom/cjs/react-dom.development.js:22670:7)
          at performSyncWorkOnRoot (/Users/leonardosaturnino/Documents/GitHub/token-dashboard/node_modules/react-dom/cjs/react-dom.development.js:22293:18)
          at scheduleUpdateOnFiber (/Users/leonardosaturnino/Documents/GitHub/token-dashboard/node_modules/react-dom/cjs/react-dom.development.js:21881:7)
          at updateContainer (/Users/leonardosaturnino/Documents/GitHub/token-dashboard/node_modules/react-dom/cjs/react-dom.development.js:25482:3)
          at /Users/leonardosaturnino/Documents/GitHub/token-dashboard/node_modules/react-dom/cjs/react-dom.development.js:26021:7
          at unbatchedUpdates (/Users/leonardosaturnino/Documents/GitHub/token-dashboard/node_modules/react-dom/cjs/react-dom.development.js:22431:12)
          at legacyRenderSubtreeIntoContainer (/Users/leonardosaturnino/Documents/GitHub/token-dashboard/node_modules/react-dom/cjs/react-dom.development.js:26020:5)
          at Object.render (/Users/leonardosaturnino/Documents/GitHub/token-dashboard/node_modules/react-dom/cjs/react-dom.development.js:26103:10)
          at /Users/leonardosaturnino/Documents/GitHub/token-dashboard/node_modules/@testing-library/react/dist/pure.js:101:25
          at batchedUpdates$1 (/Users/leonardosaturnino/Documents/GitHub/token-dashboard/node_modules/react-dom/cjs/react-dom.development.js:22380:12)
          at act (/Users/leonardosaturnino/Documents/GitHub/token-dashboard/node_modules/react-dom/cjs/react-dom-test-utils.development.js:1042:14)
          at render (/Users/leonardosaturnino/Documents/GitHub/token-dashboard/node_modules/@testing-library/react/dist/pure.js:97:26)
          at renderWithChakra (/Users/leonardosaturnino/Documents/GitHub/token-dashboard/src/components/__tests__/StarknetWalletStatus.test.tsx:29:10)
          at Object.<anonymous> (/Users/leonardosaturnino/Documents/GitHub/token-dashboard/src/components/__tests__/StarknetWalletStatus.test.tsx:150:5)
          at Promise.then.completed (/Users/leonardosaturnino/Documents/GitHub/token-dashboard/node_modules/jest-circus/build/utils.js:276:28)
          at new Promise (<anonymous>)
          at callAsyncCircusFn (/Users/leonardosaturnino/Documents/GitHub/token-dashboard/node_modules/jest-circus/build/utils.js:216:10)
          at _callCircusTest (/Users/leonardosaturnino/Documents/GitHub/token-dashboard/node_modules/jest-circus/build/run.js:212:40)
          at processTicksAndRejections (node:internal/process/task_queues:105:5)
          at _runTest (/Users/leonardosaturnino/Documents/GitHub/token-dashboard/node_modules/jest-circus/build/run.js:149:3)
          at _runTestsForDescribeBlock (/Users/leonardosaturnino/Documents/GitHub/token-dashboard/node_modules/jest-circus/build/run.js:63:9)
          at _runTestsForDescribeBlock (/Users/leonardosaturnino/Documents/GitHub/token-dashboard/node_modules/jest-circus/build/run.js:57:9)
          at run (/Users/leonardosaturnino/Documents/GitHub/token-dashboard/node_modules/jest-circus/build/run.js:25:3)
          at runAndTransformResultsToJestFormat (/Users/leonardosaturnino/Documents/GitHub/token-dashboard/node_modules/jest-circus/build/legacy-code-todo-rewrite/jestAdapterInit.js:176:21)
          at jestAdapter (/Users/leonardosaturnino/Documents/GitHub/token-dashboard/node_modules/jest-circus/build/legacy-code-todo-rewrite/jestAdapter.js:109:19)
          at runTestInternal (/Users/leonardosaturnino/Documents/GitHub/token-dashboard/node_modules/jest-runner/build/runTest.js:380:16)
          at runTest (/Users/leonardosaturnino/Documents/GitHub/token-dashboard/node_modules/jest-runner/build/runTest.js:472:34)
          at Object.worker (/Users/leonardosaturnino/Documents/GitHub/token-dashboard/node_modules/jest-runner/build/testWorker.js:133:12)

      at VirtualConsole.<anonymous> (node_modules/jsdom/lib/jsdom/virtual-console.js:29:45)
      at reportException (node_modules/jsdom/lib/jsdom/living/helpers/runtime-script-errors.js:70:28)
      at innerInvokeEventListeners (node_modules/jsdom/lib/jsdom/living/events/EventTarget-impl.js:341:9)
      at invokeEventListeners (node_modules/jsdom/lib/jsdom/living/events/EventTarget-impl.js:274:3)
      at HTMLUnknownElementImpl._dispatch (node_modules/jsdom/lib/jsdom/living/events/EventTarget-impl.js:221:9)
      at HTMLUnknownElementImpl.dispatchEvent (node_modules/jsdom/lib/jsdom/living/events/EventTarget-impl.js:94:17)
      at HTMLUnknownElement.dispatchEvent (node_modules/jsdom/lib/jsdom/living/generated/EventTarget.js:231:34)

    console.error
      The above error occurred in the <StarknetWalletStatus> component:
      
          at StarknetWalletStatus (/Users/leonardosaturnino/Documents/GitHub/token-dashboard/src/components/StarknetWalletStatus.tsx:23:19)
          at EnvironmentProvider (/Users/leonardosaturnino/Documents/GitHub/token-dashboard/node_modules/@chakra-ui/react-env/dist/chakra-ui-react-env.cjs.dev.js:120:24)
          at ColorModeProvider (/Users/leonardosaturnino/Documents/GitHub/token-dashboard/node_modules/@chakra-ui/color-mode/dist/chakra-ui-color-mode.cjs.dev.js:228:21)
          at ThemeProvider (/Users/leonardosaturnino/Documents/GitHub/token-dashboard/node_modules/@emotion/react/dist/emotion-element-ae8cc4ba.cjs.dev.js:126:21)
          at ThemeProvider (/Users/leonardosaturnino/Documents/GitHub/token-dashboard/node_modules/@chakra-ui/system/dist/chakra-ui-system.cjs.dev.js:57:27)
          at /Users/leonardosaturnino/Documents/GitHub/token-dashboard/node_modules/@chakra-ui/hooks/dist/chakra-ui-hooks.cjs.dev.js:265:23
          at ChakraProvider (/Users/leonardosaturnino/Documents/GitHub/token-dashboard/node_modules/@chakra-ui/provider/dist/chakra-ui-provider.cjs.dev.js:40:24)
      
      Consider adding an error boundary to your tree to customize error handling behavior.
      Visit https://reactjs.org/link/error-boundaries to learn more about error boundaries.

      at logCapturedError (node_modules/react-dom/cjs/react-dom.development.js:20085:23)
      at update.callback (node_modules/react-dom/cjs/react-dom.development.js:20118:5)
      at callCallback (node_modules/react-dom/cjs/react-dom.development.js:12318:12)
      at commitUpdateQueue (node_modules/react-dom/cjs/react-dom.development.js:12339:9)
      at commitLifeCycles (node_modules/react-dom/cjs/react-dom.development.js:20736:11)
      at commitLayoutEffects (node_modules/react-dom/cjs/react-dom.development.js:23426:7)
      at HTMLUnknownElement.callCallback (node_modules/react-dom/cjs/react-dom.development.js:3945:14)
      at HTMLUnknownElement.callTheUserObjectsOperation (node_modules/jsdom/lib/jsdom/living/generated/EventListener.js:26:30)

    console.error
      Error: Uncaught [TypeError: (0 , _shortenAddress.default) is not a function]
          at reportException (/Users/leonardosaturnino/Documents/GitHub/token-dashboard/node_modules/jsdom/lib/jsdom/living/helpers/runtime-script-errors.js:66:24)
          at innerInvokeEventListeners (/Users/leonardosaturnino/Documents/GitHub/token-dashboard/node_modules/jsdom/lib/jsdom/living/events/EventTarget-impl.js:341:9)
          at invokeEventListeners (/Users/leonardosaturnino/Documents/GitHub/token-dashboard/node_modules/jsdom/lib/jsdom/living/events/EventTarget-impl.js:274:3)
          at HTMLUnknownElementImpl._dispatch (/Users/leonardosaturnino/Documents/GitHub/token-dashboard/node_modules/jsdom/lib/jsdom/living/events/EventTarget-impl.js:221:9)
          at HTMLUnknownElementImpl.dispatchEvent (/Users/leonardosaturnino/Documents/GitHub/token-dashboard/node_modules/jsdom/lib/jsdom/living/events/EventTarget-impl.js:94:17)
          at HTMLUnknownElement.dispatchEvent (/Users/leonardosaturnino/Documents/GitHub/token-dashboard/node_modules/jsdom/lib/jsdom/living/generated/EventTarget.js:231:34)
          at Object.invokeGuardedCallbackDev (/Users/leonardosaturnino/Documents/GitHub/token-dashboard/node_modules/react-dom/cjs/react-dom.development.js:3994:16)
          at invokeGuardedCallback (/Users/leonardosaturnino/Documents/GitHub/token-dashboard/node_modules/react-dom/cjs/react-dom.development.js:4056:31)
          at beginWork$1 (/Users/leonardosaturnino/Documents/GitHub/token-dashboard/node_modules/react-dom/cjs/react-dom.development.js:23964:7)
          at performUnitOfWork (/Users/leonardosaturnino/Documents/GitHub/token-dashboard/node_modules/react-dom/cjs/react-dom.development.js:22779:12) TypeError: (0 , _shortenAddress.default) is not a function
          at StarknetWalletStatus (/Users/leonardosaturnino/Documents/GitHub/token-dashboard/src/components/StarknetWalletStatus.tsx:75:20)
          at renderWithHooks (/Users/leonardosaturnino/Documents/GitHub/token-dashboard/node_modules/react-dom/cjs/react-dom.development.js:14985:18)
          at mountIndeterminateComponent (/Users/leonardosaturnino/Documents/GitHub/token-dashboard/node_modules/react-dom/cjs/react-dom.development.js:17811:13)
          at beginWork (/Users/leonardosaturnino/Documents/GitHub/token-dashboard/node_modules/react-dom/cjs/react-dom.development.js:19049:16)
          at HTMLUnknownElement.callCallback (/Users/leonardosaturnino/Documents/GitHub/token-dashboard/node_modules/react-dom/cjs/react-dom.development.js:3945:14)
          at HTMLUnknownElement.callTheUserObjectsOperation (/Users/leonardosaturnino/Documents/GitHub/token-dashboard/node_modules/jsdom/lib/jsdom/living/generated/EventListener.js:26:30)
          at innerInvokeEventListeners (/Users/leonardosaturnino/Documents/GitHub/token-dashboard/node_modules/jsdom/lib/jsdom/living/events/EventTarget-impl.js:338:25)
          at invokeEventListeners (/Users/leonardosaturnino/Documents/GitHub/token-dashboard/node_modules/jsdom/lib/jsdom/living/events/EventTarget-impl.js:274:3)
          at HTMLUnknownElementImpl._dispatch (/Users/leonardosaturnino/Documents/GitHub/token-dashboard/node_modules/jsdom/lib/jsdom/living/events/EventTarget-impl.js:221:9)
          at HTMLUnknownElementImpl.dispatchEvent (/Users/leonardosaturnino/Documents/GitHub/token-dashboard/node_modules/jsdom/lib/jsdom/living/events/EventTarget-impl.js:94:17)
          at HTMLUnknownElement.dispatchEvent (/Users/leonardosaturnino/Documents/GitHub/token-dashboard/node_modules/jsdom/lib/jsdom/living/generated/EventTarget.js:231:34)
          at Object.invokeGuardedCallbackDev (/Users/leonardosaturnino/Documents/GitHub/token-dashboard/node_modules/react-dom/cjs/react-dom.development.js:3994:16)
          at invokeGuardedCallback (/Users/leonardosaturnino/Documents/GitHub/token-dashboard/node_modules/react-dom/cjs/react-dom.development.js:4056:31)
          at beginWork$1 (/Users/leonardosaturnino/Documents/GitHub/token-dashboard/node_modules/react-dom/cjs/react-dom.development.js:23964:7)
          at performUnitOfWork (/Users/leonardosaturnino/Documents/GitHub/token-dashboard/node_modules/react-dom/cjs/react-dom.development.js:22779:12)
          at workLoopSync (/Users/leonardosaturnino/Documents/GitHub/token-dashboard/node_modules/react-dom/cjs/react-dom.development.js:22707:5)
          at renderRootSync (/Users/leonardosaturnino/Documents/GitHub/token-dashboard/node_modules/react-dom/cjs/react-dom.development.js:22670:7)
          at performSyncWorkOnRoot (/Users/leonardosaturnino/Documents/GitHub/token-dashboard/node_modules/react-dom/cjs/react-dom.development.js:22293:18)
          at scheduleUpdateOnFiber (/Users/leonardosaturnino/Documents/GitHub/token-dashboard/node_modules/react-dom/cjs/react-dom.development.js:21881:7)
          at updateContainer (/Users/leonardosaturnino/Documents/GitHub/token-dashboard/node_modules/react-dom/cjs/react-dom.development.js:25482:3)
          at /Users/leonardosaturnino/Documents/GitHub/token-dashboard/node_modules/react-dom/cjs/react-dom.development.js:26021:7
          at unbatchedUpdates (/Users/leonardosaturnino/Documents/GitHub/token-dashboard/node_modules/react-dom/cjs/react-dom.development.js:22431:12)
          at legacyRenderSubtreeIntoContainer (/Users/leonardosaturnino/Documents/GitHub/token-dashboard/node_modules/react-dom/cjs/react-dom.development.js:26020:5)
          at Object.render (/Users/leonardosaturnino/Documents/GitHub/token-dashboard/node_modules/react-dom/cjs/react-dom.development.js:26103:10)
          at /Users/leonardosaturnino/Documents/GitHub/token-dashboard/node_modules/@testing-library/react/dist/pure.js:101:25
          at batchedUpdates$1 (/Users/leonardosaturnino/Documents/GitHub/token-dashboard/node_modules/react-dom/cjs/react-dom.development.js:22380:12)
          at act (/Users/leonardosaturnino/Documents/GitHub/token-dashboard/node_modules/react-dom/cjs/react-dom-test-utils.development.js:1042:14)
          at render (/Users/leonardosaturnino/Documents/GitHub/token-dashboard/node_modules/@testing-library/react/dist/pure.js:97:26)
          at renderWithChakra (/Users/leonardosaturnino/Documents/GitHub/token-dashboard/src/components/__tests__/StarknetWalletStatus.test.tsx:29:10)
          at Object.<anonymous> (/Users/leonardosaturnino/Documents/GitHub/token-dashboard/src/components/__tests__/StarknetWalletStatus.test.tsx:175:5)
          at Promise.then.completed (/Users/leonardosaturnino/Documents/GitHub/token-dashboard/node_modules/jest-circus/build/utils.js:276:28)
          at new Promise (<anonymous>)
          at callAsyncCircusFn (/Users/leonardosaturnino/Documents/GitHub/token-dashboard/node_modules/jest-circus/build/utils.js:216:10)
          at _callCircusTest (/Users/leonardosaturnino/Documents/GitHub/token-dashboard/node_modules/jest-circus/build/run.js:212:40)
          at processTicksAndRejections (node:internal/process/task_queues:105:5)
          at _runTest (/Users/leonardosaturnino/Documents/GitHub/token-dashboard/node_modules/jest-circus/build/run.js:149:3)
          at _runTestsForDescribeBlock (/Users/leonardosaturnino/Documents/GitHub/token-dashboard/node_modules/jest-circus/build/run.js:63:9)
          at _runTestsForDescribeBlock (/Users/leonardosaturnino/Documents/GitHub/token-dashboard/node_modules/jest-circus/build/run.js:57:9)
          at run (/Users/leonardosaturnino/Documents/GitHub/token-dashboard/node_modules/jest-circus/build/run.js:25:3)
          at runAndTransformResultsToJestFormat (/Users/leonardosaturnino/Documents/GitHub/token-dashboard/node_modules/jest-circus/build/legacy-code-todo-rewrite/jestAdapterInit.js:176:21)
          at jestAdapter (/Users/leonardosaturnino/Documents/GitHub/token-dashboard/node_modules/jest-circus/build/legacy-code-todo-rewrite/jestAdapter.js:109:19)
          at runTestInternal (/Users/leonardosaturnino/Documents/GitHub/token-dashboard/node_modules/jest-runner/build/runTest.js:380:16)
          at runTest (/Users/leonardosaturnino/Documents/GitHub/token-dashboard/node_modules/jest-runner/build/runTest.js:472:34)
          at Object.worker (/Users/leonardosaturnino/Documents/GitHub/token-dashboard/node_modules/jest-runner/build/testWorker.js:133:12)

      at VirtualConsole.<anonymous> (node_modules/jsdom/lib/jsdom/virtual-console.js:29:45)
      at reportException (node_modules/jsdom/lib/jsdom/living/helpers/runtime-script-errors.js:70:28)
      at innerInvokeEventListeners (node_modules/jsdom/lib/jsdom/living/events/EventTarget-impl.js:341:9)
      at invokeEventListeners (node_modules/jsdom/lib/jsdom/living/events/EventTarget-impl.js:274:3)
      at HTMLUnknownElementImpl._dispatch (node_modules/jsdom/lib/jsdom/living/events/EventTarget-impl.js:221:9)
      at HTMLUnknownElementImpl.dispatchEvent (node_modules/jsdom/lib/jsdom/living/events/EventTarget-impl.js:94:17)
      at HTMLUnknownElement.dispatchEvent (node_modules/jsdom/lib/jsdom/living/generated/EventTarget.js:231:34)

    console.error
      The above error occurred in the <StarknetWalletStatus> component:
      
          at StarknetWalletStatus (/Users/leonardosaturnino/Documents/GitHub/token-dashboard/src/components/StarknetWalletStatus.tsx:23:19)
          at EnvironmentProvider (/Users/leonardosaturnino/Documents/GitHub/token-dashboard/node_modules/@chakra-ui/react-env/dist/chakra-ui-react-env.cjs.dev.js:120:24)
          at ColorModeProvider (/Users/leonardosaturnino/Documents/GitHub/token-dashboard/node_modules/@chakra-ui/color-mode/dist/chakra-ui-color-mode.cjs.dev.js:228:21)
          at ThemeProvider (/Users/leonardosaturnino/Documents/GitHub/token-dashboard/node_modules/@emotion/react/dist/emotion-element-ae8cc4ba.cjs.dev.js:126:21)
          at ThemeProvider (/Users/leonardosaturnino/Documents/GitHub/token-dashboard/node_modules/@chakra-ui/system/dist/chakra-ui-system.cjs.dev.js:57:27)
          at /Users/leonardosaturnino/Documents/GitHub/token-dashboard/node_modules/@chakra-ui/hooks/dist/chakra-ui-hooks.cjs.dev.js:265:23
          at ChakraProvider (/Users/leonardosaturnino/Documents/GitHub/token-dashboard/node_modules/@chakra-ui/provider/dist/chakra-ui-provider.cjs.dev.js:40:24)
      
      Consider adding an error boundary to your tree to customize error handling behavior.
      Visit https://reactjs.org/link/error-boundaries to learn more about error boundaries.

      at logCapturedError (node_modules/react-dom/cjs/react-dom.development.js:20085:23)
      at update.callback (node_modules/react-dom/cjs/react-dom.development.js:20118:5)
      at callCallback (node_modules/react-dom/cjs/react-dom.development.js:12318:12)
      at commitUpdateQueue (node_modules/react-dom/cjs/react-dom.development.js:12339:9)
      at commitLifeCycles (node_modules/react-dom/cjs/react-dom.development.js:20736:11)
      at commitLayoutEffects (node_modules/react-dom/cjs/react-dom.development.js:23426:7)
      at HTMLUnknownElement.callCallback (node_modules/react-dom/cjs/react-dom.development.js:3945:14)
      at HTMLUnknownElement.callTheUserObjectsOperation (node_modules/jsdom/lib/jsdom/living/generated/EventListener.js:26:30)

    console.error
      Error: Uncaught [TypeError: (0 , _shortenAddress.default) is not a function]
          at reportException (/Users/leonardosaturnino/Documents/GitHub/token-dashboard/node_modules/jsdom/lib/jsdom/living/helpers/runtime-script-errors.js:66:24)
          at innerInvokeEventListeners (/Users/leonardosaturnino/Documents/GitHub/token-dashboard/node_modules/jsdom/lib/jsdom/living/events/EventTarget-impl.js:341:9)
          at invokeEventListeners (/Users/leonardosaturnino/Documents/GitHub/token-dashboard/node_modules/jsdom/lib/jsdom/living/events/EventTarget-impl.js:274:3)
          at HTMLUnknownElementImpl._dispatch (/Users/leonardosaturnino/Documents/GitHub/token-dashboard/node_modules/jsdom/lib/jsdom/living/events/EventTarget-impl.js:221:9)
          at HTMLUnknownElementImpl.dispatchEvent (/Users/leonardosaturnino/Documents/GitHub/token-dashboard/node_modules/jsdom/lib/jsdom/living/events/EventTarget-impl.js:94:17)
          at HTMLUnknownElement.dispatchEvent (/Users/leonardosaturnino/Documents/GitHub/token-dashboard/node_modules/jsdom/lib/jsdom/living/generated/EventTarget.js:231:34)
          at Object.invokeGuardedCallbackDev (/Users/leonardosaturnino/Documents/GitHub/token-dashboard/node_modules/react-dom/cjs/react-dom.development.js:3994:16)
          at invokeGuardedCallback (/Users/leonardosaturnino/Documents/GitHub/token-dashboard/node_modules/react-dom/cjs/react-dom.development.js:4056:31)
          at beginWork$1 (/Users/leonardosaturnino/Documents/GitHub/token-dashboard/node_modules/react-dom/cjs/react-dom.development.js:23964:7)
          at performUnitOfWork (/Users/leonardosaturnino/Documents/GitHub/token-dashboard/node_modules/react-dom/cjs/react-dom.development.js:22779:12) TypeError: (0 , _shortenAddress.default) is not a function
          at StarknetWalletStatus (/Users/leonardosaturnino/Documents/GitHub/token-dashboard/src/components/StarknetWalletStatus.tsx:75:20)
          at renderWithHooks (/Users/leonardosaturnino/Documents/GitHub/token-dashboard/node_modules/react-dom/cjs/react-dom.development.js:14985:18)
          at mountIndeterminateComponent (/Users/leonardosaturnino/Documents/GitHub/token-dashboard/node_modules/react-dom/cjs/react-dom.development.js:17811:13)
          at beginWork (/Users/leonardosaturnino/Documents/GitHub/token-dashboard/node_modules/react-dom/cjs/react-dom.development.js:19049:16)
          at HTMLUnknownElement.callCallback (/Users/leonardosaturnino/Documents/GitHub/token-dashboard/node_modules/react-dom/cjs/react-dom.development.js:3945:14)
          at HTMLUnknownElement.callTheUserObjectsOperation (/Users/leonardosaturnino/Documents/GitHub/token-dashboard/node_modules/jsdom/lib/jsdom/living/generated/EventListener.js:26:30)
          at innerInvokeEventListeners (/Users/leonardosaturnino/Documents/GitHub/token-dashboard/node_modules/jsdom/lib/jsdom/living/events/EventTarget-impl.js:338:25)
          at invokeEventListeners (/Users/leonardosaturnino/Documents/GitHub/token-dashboard/node_modules/jsdom/lib/jsdom/living/events/EventTarget-impl.js:274:3)
          at HTMLUnknownElementImpl._dispatch (/Users/leonardosaturnino/Documents/GitHub/token-dashboard/node_modules/jsdom/lib/jsdom/living/events/EventTarget-impl.js:221:9)
          at HTMLUnknownElementImpl.dispatchEvent (/Users/leonardosaturnino/Documents/GitHub/token-dashboard/node_modules/jsdom/lib/jsdom/living/events/EventTarget-impl.js:94:17)
          at HTMLUnknownElement.dispatchEvent (/Users/leonardosaturnino/Documents/GitHub/token-dashboard/node_modules/jsdom/lib/jsdom/living/generated/EventTarget.js:231:34)
          at Object.invokeGuardedCallbackDev (/Users/leonardosaturnino/Documents/GitHub/token-dashboard/node_modules/react-dom/cjs/react-dom.development.js:3994:16)
          at invokeGuardedCallback (/Users/leonardosaturnino/Documents/GitHub/token-dashboard/node_modules/react-dom/cjs/react-dom.development.js:4056:31)
          at beginWork$1 (/Users/leonardosaturnino/Documents/GitHub/token-dashboard/node_modules/react-dom/cjs/react-dom.development.js:23964:7)
          at performUnitOfWork (/Users/leonardosaturnino/Documents/GitHub/token-dashboard/node_modules/react-dom/cjs/react-dom.development.js:22779:12)
          at workLoopSync (/Users/leonardosaturnino/Documents/GitHub/token-dashboard/node_modules/react-dom/cjs/react-dom.development.js:22707:5)
          at renderRootSync (/Users/leonardosaturnino/Documents/GitHub/token-dashboard/node_modules/react-dom/cjs/react-dom.development.js:22670:7)
          at performSyncWorkOnRoot (/Users/leonardosaturnino/Documents/GitHub/token-dashboard/node_modules/react-dom/cjs/react-dom.development.js:22293:18)
          at scheduleUpdateOnFiber (/Users/leonardosaturnino/Documents/GitHub/token-dashboard/node_modules/react-dom/cjs/react-dom.development.js:21881:7)
          at updateContainer (/Users/leonardosaturnino/Documents/GitHub/token-dashboard/node_modules/react-dom/cjs/react-dom.development.js:25482:3)
          at /Users/leonardosaturnino/Documents/GitHub/token-dashboard/node_modules/react-dom/cjs/react-dom.development.js:26021:7
          at unbatchedUpdates (/Users/leonardosaturnino/Documents/GitHub/token-dashboard/node_modules/react-dom/cjs/react-dom.development.js:22431:12)
          at legacyRenderSubtreeIntoContainer (/Users/leonardosaturnino/Documents/GitHub/token-dashboard/node_modules/react-dom/cjs/react-dom.development.js:26020:5)
          at Object.render (/Users/leonardosaturnino/Documents/GitHub/token-dashboard/node_modules/react-dom/cjs/react-dom.development.js:26103:10)
          at /Users/leonardosaturnino/Documents/GitHub/token-dashboard/node_modules/@testing-library/react/dist/pure.js:101:25
          at batchedUpdates$1 (/Users/leonardosaturnino/Documents/GitHub/token-dashboard/node_modules/react-dom/cjs/react-dom.development.js:22380:12)
          at act (/Users/leonardosaturnino/Documents/GitHub/token-dashboard/node_modules/react-dom/cjs/react-dom-test-utils.development.js:1042:14)
          at render (/Users/leonardosaturnino/Documents/GitHub/token-dashboard/node_modules/@testing-library/react/dist/pure.js:97:26)
          at renderWithChakra (/Users/leonardosaturnino/Documents/GitHub/token-dashboard/src/components/__tests__/StarknetWalletStatus.test.tsx:29:10)
          at Object.<anonymous> (/Users/leonardosaturnino/Documents/GitHub/token-dashboard/src/components/__tests__/StarknetWalletStatus.test.tsx:195:27)
          at Promise.then.completed (/Users/leonardosaturnino/Documents/GitHub/token-dashboard/node_modules/jest-circus/build/utils.js:276:28)
          at new Promise (<anonymous>)
          at callAsyncCircusFn (/Users/leonardosaturnino/Documents/GitHub/token-dashboard/node_modules/jest-circus/build/utils.js:216:10)
          at _callCircusTest (/Users/leonardosaturnino/Documents/GitHub/token-dashboard/node_modules/jest-circus/build/run.js:212:40)
          at processTicksAndRejections (node:internal/process/task_queues:105:5)
          at _runTest (/Users/leonardosaturnino/Documents/GitHub/token-dashboard/node_modules/jest-circus/build/run.js:149:3)
          at _runTestsForDescribeBlock (/Users/leonardosaturnino/Documents/GitHub/token-dashboard/node_modules/jest-circus/build/run.js:63:9)
          at _runTestsForDescribeBlock (/Users/leonardosaturnino/Documents/GitHub/token-dashboard/node_modules/jest-circus/build/run.js:57:9)
          at run (/Users/leonardosaturnino/Documents/GitHub/token-dashboard/node_modules/jest-circus/build/run.js:25:3)
          at runAndTransformResultsToJestFormat (/Users/leonardosaturnino/Documents/GitHub/token-dashboard/node_modules/jest-circus/build/legacy-code-todo-rewrite/jestAdapterInit.js:176:21)
          at jestAdapter (/Users/leonardosaturnino/Documents/GitHub/token-dashboard/node_modules/jest-circus/build/legacy-code-todo-rewrite/jestAdapter.js:109:19)
          at runTestInternal (/Users/leonardosaturnino/Documents/GitHub/token-dashboard/node_modules/jest-runner/build/runTest.js:380:16)
          at runTest (/Users/leonardosaturnino/Documents/GitHub/token-dashboard/node_modules/jest-runner/build/runTest.js:472:34)
          at Object.worker (/Users/leonardosaturnino/Documents/GitHub/token-dashboard/node_modules/jest-runner/build/testWorker.js:133:12)

      at VirtualConsole.<anonymous> (node_modules/jsdom/lib/jsdom/virtual-console.js:29:45)
      at reportException (node_modules/jsdom/lib/jsdom/living/helpers/runtime-script-errors.js:70:28)
      at innerInvokeEventListeners (node_modules/jsdom/lib/jsdom/living/events/EventTarget-impl.js:341:9)
      at invokeEventListeners (node_modules/jsdom/lib/jsdom/living/events/EventTarget-impl.js:274:3)
      at HTMLUnknownElementImpl._dispatch (node_modules/jsdom/lib/jsdom/living/events/EventTarget-impl.js:221:9)
      at HTMLUnknownElementImpl.dispatchEvent (node_modules/jsdom/lib/jsdom/living/events/EventTarget-impl.js:94:17)
      at HTMLUnknownElement.dispatchEvent (node_modules/jsdom/lib/jsdom/living/generated/EventTarget.js:231:34)

    console.error
      The above error occurred in the <StarknetWalletStatus> component:
      
          at StarknetWalletStatus (/Users/leonardosaturnino/Documents/GitHub/token-dashboard/src/components/StarknetWalletStatus.tsx:23:19)
          at EnvironmentProvider (/Users/leonardosaturnino/Documents/GitHub/token-dashboard/node_modules/@chakra-ui/react-env/dist/chakra-ui-react-env.cjs.dev.js:120:24)
          at ColorModeProvider (/Users/leonardosaturnino/Documents/GitHub/token-dashboard/node_modules/@chakra-ui/color-mode/dist/chakra-ui-color-mode.cjs.dev.js:228:21)
          at ThemeProvider (/Users/leonardosaturnino/Documents/GitHub/token-dashboard/node_modules/@emotion/react/dist/emotion-element-ae8cc4ba.cjs.dev.js:126:21)
          at ThemeProvider (/Users/leonardosaturnino/Documents/GitHub/token-dashboard/node_modules/@chakra-ui/system/dist/chakra-ui-system.cjs.dev.js:57:27)
          at /Users/leonardosaturnino/Documents/GitHub/token-dashboard/node_modules/@chakra-ui/hooks/dist/chakra-ui-hooks.cjs.dev.js:265:23
          at ChakraProvider (/Users/leonardosaturnino/Documents/GitHub/token-dashboard/node_modules/@chakra-ui/provider/dist/chakra-ui-provider.cjs.dev.js:40:24)
      
      Consider adding an error boundary to your tree to customize error handling behavior.
      Visit https://reactjs.org/link/error-boundaries to learn more about error boundaries.

      at logCapturedError (node_modules/react-dom/cjs/react-dom.development.js:20085:23)
      at update.callback (node_modules/react-dom/cjs/react-dom.development.js:20118:5)
      at callCallback (node_modules/react-dom/cjs/react-dom.development.js:12318:12)
      at commitUpdateQueue (node_modules/react-dom/cjs/react-dom.development.js:12339:9)
      at commitLifeCycles (node_modules/react-dom/cjs/react-dom.development.js:20736:11)
      at commitLayoutEffects (node_modules/react-dom/cjs/react-dom.development.js:23426:7)
      at HTMLUnknownElement.callCallback (node_modules/react-dom/cjs/react-dom.development.js:3945:14)
      at HTMLUnknownElement.callTheUserObjectsOperation (node_modules/jsdom/lib/jsdom/living/generated/EventListener.js:26:30)

    console.error
      Error: Uncaught [TypeError: (0 , _shortenAddress.default) is not a function]
          at reportException (/Users/leonardosaturnino/Documents/GitHub/token-dashboard/node_modules/jsdom/lib/jsdom/living/helpers/runtime-script-errors.js:66:24)
          at innerInvokeEventListeners (/Users/leonardosaturnino/Documents/GitHub/token-dashboard/node_modules/jsdom/lib/jsdom/living/events/EventTarget-impl.js:341:9)
          at invokeEventListeners (/Users/leonardosaturnino/Documents/GitHub/token-dashboard/node_modules/jsdom/lib/jsdom/living/events/EventTarget-impl.js:274:3)
          at HTMLUnknownElementImpl._dispatch (/Users/leonardosaturnino/Documents/GitHub/token-dashboard/node_modules/jsdom/lib/jsdom/living/events/EventTarget-impl.js:221:9)
          at HTMLUnknownElementImpl.dispatchEvent (/Users/leonardosaturnino/Documents/GitHub/token-dashboard/node_modules/jsdom/lib/jsdom/living/events/EventTarget-impl.js:94:17)
          at HTMLUnknownElement.dispatchEvent (/Users/leonardosaturnino/Documents/GitHub/token-dashboard/node_modules/jsdom/lib/jsdom/living/generated/EventTarget.js:231:34)
          at Object.invokeGuardedCallbackDev (/Users/leonardosaturnino/Documents/GitHub/token-dashboard/node_modules/react-dom/cjs/react-dom.development.js:3994:16)
          at invokeGuardedCallback (/Users/leonardosaturnino/Documents/GitHub/token-dashboard/node_modules/react-dom/cjs/react-dom.development.js:4056:31)
          at beginWork$1 (/Users/leonardosaturnino/Documents/GitHub/token-dashboard/node_modules/react-dom/cjs/react-dom.development.js:23964:7)
          at performUnitOfWork (/Users/leonardosaturnino/Documents/GitHub/token-dashboard/node_modules/react-dom/cjs/react-dom.development.js:22779:12) TypeError: (0 , _shortenAddress.default) is not a function
          at StarknetWalletStatus (/Users/leonardosaturnino/Documents/GitHub/token-dashboard/src/components/StarknetWalletStatus.tsx:75:20)
          at renderWithHooks (/Users/leonardosaturnino/Documents/GitHub/token-dashboard/node_modules/react-dom/cjs/react-dom.development.js:14985:18)
          at mountIndeterminateComponent (/Users/leonardosaturnino/Documents/GitHub/token-dashboard/node_modules/react-dom/cjs/react-dom.development.js:17811:13)
          at beginWork (/Users/leonardosaturnino/Documents/GitHub/token-dashboard/node_modules/react-dom/cjs/react-dom.development.js:19049:16)
          at HTMLUnknownElement.callCallback (/Users/leonardosaturnino/Documents/GitHub/token-dashboard/node_modules/react-dom/cjs/react-dom.development.js:3945:14)
          at HTMLUnknownElement.callTheUserObjectsOperation (/Users/leonardosaturnino/Documents/GitHub/token-dashboard/node_modules/jsdom/lib/jsdom/living/generated/EventListener.js:26:30)
          at innerInvokeEventListeners (/Users/leonardosaturnino/Documents/GitHub/token-dashboard/node_modules/jsdom/lib/jsdom/living/events/EventTarget-impl.js:338:25)
          at invokeEventListeners (/Users/leonardosaturnino/Documents/GitHub/token-dashboard/node_modules/jsdom/lib/jsdom/living/events/EventTarget-impl.js:274:3)
          at HTMLUnknownElementImpl._dispatch (/Users/leonardosaturnino/Documents/GitHub/token-dashboard/node_modules/jsdom/lib/jsdom/living/events/EventTarget-impl.js:221:9)
          at HTMLUnknownElementImpl.dispatchEvent (/Users/leonardosaturnino/Documents/GitHub/token-dashboard/node_modules/jsdom/lib/jsdom/living/events/EventTarget-impl.js:94:17)
          at HTMLUnknownElement.dispatchEvent (/Users/leonardosaturnino/Documents/GitHub/token-dashboard/node_modules/jsdom/lib/jsdom/living/generated/EventTarget.js:231:34)
          at Object.invokeGuardedCallbackDev (/Users/leonardosaturnino/Documents/GitHub/token-dashboard/node_modules/react-dom/cjs/react-dom.development.js:3994:16)
          at invokeGuardedCallback (/Users/leonardosaturnino/Documents/GitHub/token-dashboard/node_modules/react-dom/cjs/react-dom.development.js:4056:31)
          at beginWork$1 (/Users/leonardosaturnino/Documents/GitHub/token-dashboard/node_modules/react-dom/cjs/react-dom.development.js:23964:7)
          at performUnitOfWork (/Users/leonardosaturnino/Documents/GitHub/token-dashboard/node_modules/react-dom/cjs/react-dom.development.js:22779:12)
          at workLoopSync (/Users/leonardosaturnino/Documents/GitHub/token-dashboard/node_modules/react-dom/cjs/react-dom.development.js:22707:5)
          at renderRootSync (/Users/leonardosaturnino/Documents/GitHub/token-dashboard/node_modules/react-dom/cjs/react-dom.development.js:22670:7)
          at performSyncWorkOnRoot (/Users/leonardosaturnino/Documents/GitHub/token-dashboard/node_modules/react-dom/cjs/react-dom.development.js:22293:18)
          at scheduleUpdateOnFiber (/Users/leonardosaturnino/Documents/GitHub/token-dashboard/node_modules/react-dom/cjs/react-dom.development.js:21881:7)
          at updateContainer (/Users/leonardosaturnino/Documents/GitHub/token-dashboard/node_modules/react-dom/cjs/react-dom.development.js:25482:3)
          at /Users/leonardosaturnino/Documents/GitHub/token-dashboard/node_modules/react-dom/cjs/react-dom.development.js:26021:7
          at unbatchedUpdates (/Users/leonardosaturnino/Documents/GitHub/token-dashboard/node_modules/react-dom/cjs/react-dom.development.js:22431:12)
          at legacyRenderSubtreeIntoContainer (/Users/leonardosaturnino/Documents/GitHub/token-dashboard/node_modules/react-dom/cjs/react-dom.development.js:26020:5)
          at Object.render (/Users/leonardosaturnino/Documents/GitHub/token-dashboard/node_modules/react-dom/cjs/react-dom.development.js:26103:10)
          at /Users/leonardosaturnino/Documents/GitHub/token-dashboard/node_modules/@testing-library/react/dist/pure.js:101:25
          at batchedUpdates$1 (/Users/leonardosaturnino/Documents/GitHub/token-dashboard/node_modules/react-dom/cjs/react-dom.development.js:22380:12)
          at act (/Users/leonardosaturnino/Documents/GitHub/token-dashboard/node_modules/react-dom/cjs/react-dom-test-utils.development.js:1042:14)
          at render (/Users/leonardosaturnino/Documents/GitHub/token-dashboard/node_modules/@testing-library/react/dist/pure.js:97:26)
          at renderWithChakra (/Users/leonardosaturnino/Documents/GitHub/token-dashboard/src/components/__tests__/StarknetWalletStatus.test.tsx:29:10)
          at Object.<anonymous> (/Users/leonardosaturnino/Documents/GitHub/token-dashboard/src/components/__tests__/StarknetWalletStatus.test.tsx:217:27)
          at Promise.then.completed (/Users/leonardosaturnino/Documents/GitHub/token-dashboard/node_modules/jest-circus/build/utils.js:276:28)
          at new Promise (<anonymous>)
          at callAsyncCircusFn (/Users/leonardosaturnino/Documents/GitHub/token-dashboard/node_modules/jest-circus/build/utils.js:216:10)
          at _callCircusTest (/Users/leonardosaturnino/Documents/GitHub/token-dashboard/node_modules/jest-circus/build/run.js:212:40)
          at processTicksAndRejections (node:internal/process/task_queues:105:5)
          at _runTest (/Users/leonardosaturnino/Documents/GitHub/token-dashboard/node_modules/jest-circus/build/run.js:149:3)
          at _runTestsForDescribeBlock (/Users/leonardosaturnino/Documents/GitHub/token-dashboard/node_modules/jest-circus/build/run.js:63:9)
          at _runTestsForDescribeBlock (/Users/leonardosaturnino/Documents/GitHub/token-dashboard/node_modules/jest-circus/build/run.js:57:9)
          at run (/Users/leonardosaturnino/Documents/GitHub/token-dashboard/node_modules/jest-circus/build/run.js:25:3)
          at runAndTransformResultsToJestFormat (/Users/leonardosaturnino/Documents/GitHub/token-dashboard/node_modules/jest-circus/build/legacy-code-todo-rewrite/jestAdapterInit.js:176:21)
          at jestAdapter (/Users/leonardosaturnino/Documents/GitHub/token-dashboard/node_modules/jest-circus/build/legacy-code-todo-rewrite/jestAdapter.js:109:19)
          at runTestInternal (/Users/leonardosaturnino/Documents/GitHub/token-dashboard/node_modules/jest-runner/build/runTest.js:380:16)
          at runTest (/Users/leonardosaturnino/Documents/GitHub/token-dashboard/node_modules/jest-runner/build/runTest.js:472:34)
          at Object.worker (/Users/leonardosaturnino/Documents/GitHub/token-dashboard/node_modules/jest-runner/build/testWorker.js:133:12)

      at VirtualConsole.<anonymous> (node_modules/jsdom/lib/jsdom/virtual-console.js:29:45)
      at reportException (node_modules/jsdom/lib/jsdom/living/helpers/runtime-script-errors.js:70:28)
      at innerInvokeEventListeners (node_modules/jsdom/lib/jsdom/living/events/EventTarget-impl.js:341:9)
      at invokeEventListeners (node_modules/jsdom/lib/jsdom/living/events/EventTarget-impl.js:274:3)
      at HTMLUnknownElementImpl._dispatch (node_modules/jsdom/lib/jsdom/living/events/EventTarget-impl.js:221:9)
      at HTMLUnknownElementImpl.dispatchEvent (node_modules/jsdom/lib/jsdom/living/events/EventTarget-impl.js:94:17)
      at HTMLUnknownElement.dispatchEvent (node_modules/jsdom/lib/jsdom/living/generated/EventTarget.js:231:34)

    console.error
      The above error occurred in the <StarknetWalletStatus> component:
      
          at StarknetWalletStatus (/Users/leonardosaturnino/Documents/GitHub/token-dashboard/src/components/StarknetWalletStatus.tsx:23:19)
          at EnvironmentProvider (/Users/leonardosaturnino/Documents/GitHub/token-dashboard/node_modules/@chakra-ui/react-env/dist/chakra-ui-react-env.cjs.dev.js:120:24)
          at ColorModeProvider (/Users/leonardosaturnino/Documents/GitHub/token-dashboard/node_modules/@chakra-ui/color-mode/dist/chakra-ui-color-mode.cjs.dev.js:228:21)
          at ThemeProvider (/Users/leonardosaturnino/Documents/GitHub/token-dashboard/node_modules/@emotion/react/dist/emotion-element-ae8cc4ba.cjs.dev.js:126:21)
          at ThemeProvider (/Users/leonardosaturnino/Documents/GitHub/token-dashboard/node_modules/@chakra-ui/system/dist/chakra-ui-system.cjs.dev.js:57:27)
          at /Users/leonardosaturnino/Documents/GitHub/token-dashboard/node_modules/@chakra-ui/hooks/dist/chakra-ui-hooks.cjs.dev.js:265:23
          at ChakraProvider (/Users/leonardosaturnino/Documents/GitHub/token-dashboard/node_modules/@chakra-ui/provider/dist/chakra-ui-provider.cjs.dev.js:40:24)
      
      Consider adding an error boundary to your tree to customize error handling behavior.
      Visit https://reactjs.org/link/error-boundaries to learn more about error boundaries.

      at logCapturedError (node_modules/react-dom/cjs/react-dom.development.js:20085:23)
      at update.callback (node_modules/react-dom/cjs/react-dom.development.js:20118:5)
      at callCallback (node_modules/react-dom/cjs/react-dom.development.js:12318:12)
      at commitUpdateQueue (node_modules/react-dom/cjs/react-dom.development.js:12339:9)
      at commitLifeCycles (node_modules/react-dom/cjs/react-dom.development.js:20736:11)
      at commitLayoutEffects (node_modules/react-dom/cjs/react-dom.development.js:23426:7)
      at HTMLUnknownElement.callCallback (node_modules/react-dom/cjs/react-dom.development.js:3945:14)
      at HTMLUnknownElement.callTheUserObjectsOperation (node_modules/jsdom/lib/jsdom/living/generated/EventListener.js:26:30)

    console.error
      Error: Uncaught [TypeError: (0 , _shortenAddress.default) is not a function]
          at reportException (/Users/leonardosaturnino/Documents/GitHub/token-dashboard/node_modules/jsdom/lib/jsdom/living/helpers/runtime-script-errors.js:66:24)
          at innerInvokeEventListeners (/Users/leonardosaturnino/Documents/GitHub/token-dashboard/node_modules/jsdom/lib/jsdom/living/events/EventTarget-impl.js:341:9)
          at invokeEventListeners (/Users/leonardosaturnino/Documents/GitHub/token-dashboard/node_modules/jsdom/lib/jsdom/living/events/EventTarget-impl.js:274:3)
          at HTMLUnknownElementImpl._dispatch (/Users/leonardosaturnino/Documents/GitHub/token-dashboard/node_modules/jsdom/lib/jsdom/living/events/EventTarget-impl.js:221:9)
          at HTMLUnknownElementImpl.dispatchEvent (/Users/leonardosaturnino/Documents/GitHub/token-dashboard/node_modules/jsdom/lib/jsdom/living/events/EventTarget-impl.js:94:17)
          at HTMLUnknownElement.dispatchEvent (/Users/leonardosaturnino/Documents/GitHub/token-dashboard/node_modules/jsdom/lib/jsdom/living/generated/EventTarget.js:231:34)
          at Object.invokeGuardedCallbackDev (/Users/leonardosaturnino/Documents/GitHub/token-dashboard/node_modules/react-dom/cjs/react-dom.development.js:3994:16)
          at invokeGuardedCallback (/Users/leonardosaturnino/Documents/GitHub/token-dashboard/node_modules/react-dom/cjs/react-dom.development.js:4056:31)
          at beginWork$1 (/Users/leonardosaturnino/Documents/GitHub/token-dashboard/node_modules/react-dom/cjs/react-dom.development.js:23964:7)
          at performUnitOfWork (/Users/leonardosaturnino/Documents/GitHub/token-dashboard/node_modules/react-dom/cjs/react-dom.development.js:22779:12) TypeError: (0 , _shortenAddress.default) is not a function
          at StarknetWalletStatus (/Users/leonardosaturnino/Documents/GitHub/token-dashboard/src/components/StarknetWalletStatus.tsx:75:20)
          at renderWithHooks (/Users/leonardosaturnino/Documents/GitHub/token-dashboard/node_modules/react-dom/cjs/react-dom.development.js:14985:18)
          at mountIndeterminateComponent (/Users/leonardosaturnino/Documents/GitHub/token-dashboard/node_modules/react-dom/cjs/react-dom.development.js:17811:13)
          at beginWork (/Users/leonardosaturnino/Documents/GitHub/token-dashboard/node_modules/react-dom/cjs/react-dom.development.js:19049:16)
          at HTMLUnknownElement.callCallback (/Users/leonardosaturnino/Documents/GitHub/token-dashboard/node_modules/react-dom/cjs/react-dom.development.js:3945:14)
          at HTMLUnknownElement.callTheUserObjectsOperation (/Users/leonardosaturnino/Documents/GitHub/token-dashboard/node_modules/jsdom/lib/jsdom/living/generated/EventListener.js:26:30)
          at innerInvokeEventListeners (/Users/leonardosaturnino/Documents/GitHub/token-dashboard/node_modules/jsdom/lib/jsdom/living/events/EventTarget-impl.js:338:25)
          at invokeEventListeners (/Users/leonardosaturnino/Documents/GitHub/token-dashboard/node_modules/jsdom/lib/jsdom/living/events/EventTarget-impl.js:274:3)
          at HTMLUnknownElementImpl._dispatch (/Users/leonardosaturnino/Documents/GitHub/token-dashboard/node_modules/jsdom/lib/jsdom/living/events/EventTarget-impl.js:221:9)
          at HTMLUnknownElementImpl.dispatchEvent (/Users/leonardosaturnino/Documents/GitHub/token-dashboard/node_modules/jsdom/lib/jsdom/living/events/EventTarget-impl.js:94:17)
          at HTMLUnknownElement.dispatchEvent (/Users/leonardosaturnino/Documents/GitHub/token-dashboard/node_modules/jsdom/lib/jsdom/living/generated/EventTarget.js:231:34)
          at Object.invokeGuardedCallbackDev (/Users/leonardosaturnino/Documents/GitHub/token-dashboard/node_modules/react-dom/cjs/react-dom.development.js:3994:16)
          at invokeGuardedCallback (/Users/leonardosaturnino/Documents/GitHub/token-dashboard/node_modules/react-dom/cjs/react-dom.development.js:4056:31)
          at beginWork$1 (/Users/leonardosaturnino/Documents/GitHub/token-dashboard/node_modules/react-dom/cjs/react-dom.development.js:23964:7)
          at performUnitOfWork (/Users/leonardosaturnino/Documents/GitHub/token-dashboard/node_modules/react-dom/cjs/react-dom.development.js:22779:12)
          at workLoopSync (/Users/leonardosaturnino/Documents/GitHub/token-dashboard/node_modules/react-dom/cjs/react-dom.development.js:22707:5)
          at renderRootSync (/Users/leonardosaturnino/Documents/GitHub/token-dashboard/node_modules/react-dom/cjs/react-dom.development.js:22670:7)
          at performSyncWorkOnRoot (/Users/leonardosaturnino/Documents/GitHub/token-dashboard/node_modules/react-dom/cjs/react-dom.development.js:22293:18)
          at scheduleUpdateOnFiber (/Users/leonardosaturnino/Documents/GitHub/token-dashboard/node_modules/react-dom/cjs/react-dom.development.js:21881:7)
          at updateContainer (/Users/leonardosaturnino/Documents/GitHub/token-dashboard/node_modules/react-dom/cjs/react-dom.development.js:25482:3)
          at /Users/leonardosaturnino/Documents/GitHub/token-dashboard/node_modules/react-dom/cjs/react-dom.development.js:26021:7
          at unbatchedUpdates (/Users/leonardosaturnino/Documents/GitHub/token-dashboard/node_modules/react-dom/cjs/react-dom.development.js:22431:12)
          at legacyRenderSubtreeIntoContainer (/Users/leonardosaturnino/Documents/GitHub/token-dashboard/node_modules/react-dom/cjs/react-dom.development.js:26020:5)
          at Object.render (/Users/leonardosaturnino/Documents/GitHub/token-dashboard/node_modules/react-dom/cjs/react-dom.development.js:26103:10)
          at /Users/leonardosaturnino/Documents/GitHub/token-dashboard/node_modules/@testing-library/react/dist/pure.js:101:25
          at batchedUpdates$1 (/Users/leonardosaturnino/Documents/GitHub/token-dashboard/node_modules/react-dom/cjs/react-dom.development.js:22380:12)
          at act (/Users/leonardosaturnino/Documents/GitHub/token-dashboard/node_modules/react-dom/cjs/react-dom-test-utils.development.js:1042:14)
          at render (/Users/leonardosaturnino/Documents/GitHub/token-dashboard/node_modules/@testing-library/react/dist/pure.js:97:26)
          at renderWithChakra (/Users/leonardosaturnino/Documents/GitHub/token-dashboard/src/components/__tests__/StarknetWalletStatus.test.tsx:29:10)
          at Object.<anonymous> (/Users/leonardosaturnino/Documents/GitHub/token-dashboard/src/components/__tests__/StarknetWalletStatus.test.tsx:239:5)
          at Promise.then.completed (/Users/leonardosaturnino/Documents/GitHub/token-dashboard/node_modules/jest-circus/build/utils.js:276:28)
          at new Promise (<anonymous>)
          at callAsyncCircusFn (/Users/leonardosaturnino/Documents/GitHub/token-dashboard/node_modules/jest-circus/build/utils.js:216:10)
          at _callCircusTest (/Users/leonardosaturnino/Documents/GitHub/token-dashboard/node_modules/jest-circus/build/run.js:212:40)
          at processTicksAndRejections (node:internal/process/task_queues:105:5)
          at _runTest (/Users/leonardosaturnino/Documents/GitHub/token-dashboard/node_modules/jest-circus/build/run.js:149:3)
          at _runTestsForDescribeBlock (/Users/leonardosaturnino/Documents/GitHub/token-dashboard/node_modules/jest-circus/build/run.js:63:9)
          at _runTestsForDescribeBlock (/Users/leonardosaturnino/Documents/GitHub/token-dashboard/node_modules/jest-circus/build/run.js:57:9)
          at run (/Users/leonardosaturnino/Documents/GitHub/token-dashboard/node_modules/jest-circus/build/run.js:25:3)
          at runAndTransformResultsToJestFormat (/Users/leonardosaturnino/Documents/GitHub/token-dashboard/node_modules/jest-circus/build/legacy-code-todo-rewrite/jestAdapterInit.js:176:21)
          at jestAdapter (/Users/leonardosaturnino/Documents/GitHub/token-dashboard/node_modules/jest-circus/build/legacy-code-todo-rewrite/jestAdapter.js:109:19)
          at runTestInternal (/Users/leonardosaturnino/Documents/GitHub/token-dashboard/node_modules/jest-runner/build/runTest.js:380:16)
          at runTest (/Users/leonardosaturnino/Documents/GitHub/token-dashboard/node_modules/jest-runner/build/runTest.js:472:34)
          at Object.worker (/Users/leonardosaturnino/Documents/GitHub/token-dashboard/node_modules/jest-runner/build/testWorker.js:133:12)

      at VirtualConsole.<anonymous> (node_modules/jsdom/lib/jsdom/virtual-console.js:29:45)
      at reportException (node_modules/jsdom/lib/jsdom/living/helpers/runtime-script-errors.js:70:28)
      at innerInvokeEventListeners (node_modules/jsdom/lib/jsdom/living/events/EventTarget-impl.js:341:9)
      at invokeEventListeners (node_modules/jsdom/lib/jsdom/living/events/EventTarget-impl.js:274:3)
      at HTMLUnknownElementImpl._dispatch (node_modules/jsdom/lib/jsdom/living/events/EventTarget-impl.js:221:9)
      at HTMLUnknownElementImpl.dispatchEvent (node_modules/jsdom/lib/jsdom/living/events/EventTarget-impl.js:94:17)
      at HTMLUnknownElement.dispatchEvent (node_modules/jsdom/lib/jsdom/living/generated/EventTarget.js:231:34)

    console.error
      The above error occurred in the <StarknetWalletStatus> component:
      
          at StarknetWalletStatus (/Users/leonardosaturnino/Documents/GitHub/token-dashboard/src/components/StarknetWalletStatus.tsx:23:19)
          at EnvironmentProvider (/Users/leonardosaturnino/Documents/GitHub/token-dashboard/node_modules/@chakra-ui/react-env/dist/chakra-ui-react-env.cjs.dev.js:120:24)
          at ColorModeProvider (/Users/leonardosaturnino/Documents/GitHub/token-dashboard/node_modules/@chakra-ui/color-mode/dist/chakra-ui-color-mode.cjs.dev.js:228:21)
          at ThemeProvider (/Users/leonardosaturnino/Documents/GitHub/token-dashboard/node_modules/@emotion/react/dist/emotion-element-ae8cc4ba.cjs.dev.js:126:21)
          at ThemeProvider (/Users/leonardosaturnino/Documents/GitHub/token-dashboard/node_modules/@chakra-ui/system/dist/chakra-ui-system.cjs.dev.js:57:27)
          at /Users/leonardosaturnino/Documents/GitHub/token-dashboard/node_modules/@chakra-ui/hooks/dist/chakra-ui-hooks.cjs.dev.js:265:23
          at ChakraProvider (/Users/leonardosaturnino/Documents/GitHub/token-dashboard/node_modules/@chakra-ui/provider/dist/chakra-ui-provider.cjs.dev.js:40:24)
      
      Consider adding an error boundary to your tree to customize error handling behavior.
      Visit https://reactjs.org/link/error-boundaries to learn more about error boundaries.

      at logCapturedError (node_modules/react-dom/cjs/react-dom.development.js:20085:23)
      at update.callback (node_modules/react-dom/cjs/react-dom.development.js:20118:5)
      at callCallback (node_modules/react-dom/cjs/react-dom.development.js:12318:12)
      at commitUpdateQueue (node_modules/react-dom/cjs/react-dom.development.js:12339:9)
      at commitLifeCycles (node_modules/react-dom/cjs/react-dom.development.js:20736:11)
      at commitLayoutEffects (node_modules/react-dom/cjs/react-dom.development.js:23426:7)
      at HTMLUnknownElement.callCallback (node_modules/react-dom/cjs/react-dom.development.js:3945:14)
      at HTMLUnknownElement.callTheUserObjectsOperation (node_modules/jsdom/lib/jsdom/living/generated/EventListener.js:26:30)

  ● StarknetWalletStatus › should render wallet status when connected

    TypeError: (0 , _shortenAddress.default) is not a function

      73 |               >
      74 |                 <Text fontSize="xs" color="gray.500">
    > 75 |                   {shortenAddress(address)}
         |                    ^
      76 |                 </Text>
      77 |               </CopyToClipboard>
      78 |             </HStack>

      at StarknetWalletStatus (src/components/StarknetWalletStatus.tsx:75:20)
      at renderWithHooks (node_modules/react-dom/cjs/react-dom.development.js:14985:18)
      at mountIndeterminateComponent (node_modules/react-dom/cjs/react-dom.development.js:17811:13)
      at beginWork (node_modules/react-dom/cjs/react-dom.development.js:19049:16)
      at HTMLUnknownElement.callCallback (node_modules/react-dom/cjs/react-dom.development.js:3945:14)
      at HTMLUnknownElement.callTheUserObjectsOperation (node_modules/jsdom/lib/jsdom/living/generated/EventListener.js:26:30)
      at innerInvokeEventListeners (node_modules/jsdom/lib/jsdom/living/events/EventTarget-impl.js:338:25)
      at invokeEventListeners (node_modules/jsdom/lib/jsdom/living/events/EventTarget-impl.js:274:3)
      at HTMLUnknownElementImpl._dispatch (node_modules/jsdom/lib/jsdom/living/events/EventTarget-impl.js:221:9)
      at HTMLUnknownElementImpl.dispatchEvent (node_modules/jsdom/lib/jsdom/living/events/EventTarget-impl.js:94:17)
      at HTMLUnknownElement.dispatchEvent (node_modules/jsdom/lib/jsdom/living/generated/EventTarget.js:231:34)
      at Object.invokeGuardedCallbackDev (node_modules/react-dom/cjs/react-dom.development.js:3994:16)
      at invokeGuardedCallback (node_modules/react-dom/cjs/react-dom.development.js:4056:31)
      at beginWork$1 (node_modules/react-dom/cjs/react-dom.development.js:23964:7)
      at performUnitOfWork (node_modules/react-dom/cjs/react-dom.development.js:22779:12)
      at workLoopSync (node_modules/react-dom/cjs/react-dom.development.js:22707:5)
      at renderRootSync (node_modules/react-dom/cjs/react-dom.development.js:22670:7)
      at performSyncWorkOnRoot (node_modules/react-dom/cjs/react-dom.development.js:22293:18)
      at scheduleUpdateOnFiber (node_modules/react-dom/cjs/react-dom.development.js:21881:7)
      at updateContainer (node_modules/react-dom/cjs/react-dom.development.js:25482:3)
      at node_modules/react-dom/cjs/react-dom.development.js:26021:7
      at unbatchedUpdates (node_modules/react-dom/cjs/react-dom.development.js:22431:12)
      at legacyRenderSubtreeIntoContainer (node_modules/react-dom/cjs/react-dom.development.js:26020:5)
      at Object.render (node_modules/react-dom/cjs/react-dom.development.js:26103:10)
      at node_modules/@testing-library/react/dist/pure.js:101:25
      at batchedUpdates$1 (node_modules/react-dom/cjs/react-dom.development.js:22380:12)
      at act (node_modules/react-dom/cjs/react-dom-test-utils.development.js:1042:14)
      at render (node_modules/@testing-library/react/dist/pure.js:97:26)
      at renderWithChakra (src/components/__tests__/StarknetWalletStatus.test.tsx:29:10)
      at Object.<anonymous> (src/components/__tests__/StarknetWalletStatus.test.tsx:73:5)

  ● StarknetWalletStatus › should show testnet for sepolia chain ID

    TypeError: (0 , _shortenAddress.default) is not a function

      73 |               >
      74 |                 <Text fontSize="xs" color="gray.500">
    > 75 |                   {shortenAddress(address)}
         |                    ^
      76 |                 </Text>
      77 |               </CopyToClipboard>
      78 |             </HStack>

      at StarknetWalletStatus (src/components/StarknetWalletStatus.tsx:75:20)
      at renderWithHooks (node_modules/react-dom/cjs/react-dom.development.js:14985:18)
      at mountIndeterminateComponent (node_modules/react-dom/cjs/react-dom.development.js:17811:13)
      at beginWork (node_modules/react-dom/cjs/react-dom.development.js:19049:16)
      at HTMLUnknownElement.callCallback (node_modules/react-dom/cjs/react-dom.development.js:3945:14)
      at HTMLUnknownElement.callTheUserObjectsOperation (node_modules/jsdom/lib/jsdom/living/generated/EventListener.js:26:30)
      at innerInvokeEventListeners (node_modules/jsdom/lib/jsdom/living/events/EventTarget-impl.js:338:25)
      at invokeEventListeners (node_modules/jsdom/lib/jsdom/living/events/EventTarget-impl.js:274:3)
      at HTMLUnknownElementImpl._dispatch (node_modules/jsdom/lib/jsdom/living/events/EventTarget-impl.js:221:9)
      at HTMLUnknownElementImpl.dispatchEvent (node_modules/jsdom/lib/jsdom/living/events/EventTarget-impl.js:94:17)
      at HTMLUnknownElement.dispatchEvent (node_modules/jsdom/lib/jsdom/living/generated/EventTarget.js:231:34)
      at Object.invokeGuardedCallbackDev (node_modules/react-dom/cjs/react-dom.development.js:3994:16)
      at invokeGuardedCallback (node_modules/react-dom/cjs/react-dom.development.js:4056:31)
      at beginWork$1 (node_modules/react-dom/cjs/react-dom.development.js:23964:7)
      at performUnitOfWork (node_modules/react-dom/cjs/react-dom.development.js:22779:12)
      at workLoopSync (node_modules/react-dom/cjs/react-dom.development.js:22707:5)
      at renderRootSync (node_modules/react-dom/cjs/react-dom.development.js:22670:7)
      at performSyncWorkOnRoot (node_modules/react-dom/cjs/react-dom.development.js:22293:18)
      at scheduleUpdateOnFiber (node_modules/react-dom/cjs/react-dom.development.js:21881:7)
      at updateContainer (node_modules/react-dom/cjs/react-dom.development.js:25482:3)
      at node_modules/react-dom/cjs/react-dom.development.js:26021:7
      at unbatchedUpdates (node_modules/react-dom/cjs/react-dom.development.js:22431:12)
      at legacyRenderSubtreeIntoContainer (node_modules/react-dom/cjs/react-dom.development.js:26020:5)
      at Object.render (node_modules/react-dom/cjs/react-dom.development.js:26103:10)
      at node_modules/@testing-library/react/dist/pure.js:101:25
      at batchedUpdates$1 (node_modules/react-dom/cjs/react-dom.development.js:22380:12)
      at act (node_modules/react-dom/cjs/react-dom-test-utils.development.js:1042:14)
      at render (node_modules/@testing-library/react/dist/pure.js:97:26)
      at renderWithChakra (src/components/__tests__/StarknetWalletStatus.test.tsx:29:10)
      at Object.<anonymous> (src/components/__tests__/StarknetWalletStatus.test.tsx:110:5)

  ● StarknetWalletStatus › should show unknown network for unknown chain ID

    TypeError: (0 , _shortenAddress.default) is not a function

      73 |               >
      74 |                 <Text fontSize="xs" color="gray.500">
    > 75 |                   {shortenAddress(address)}
         |                    ^
      76 |                 </Text>
      77 |               </CopyToClipboard>
      78 |             </HStack>

      at StarknetWalletStatus (src/components/StarknetWalletStatus.tsx:75:20)
      at renderWithHooks (node_modules/react-dom/cjs/react-dom.development.js:14985:18)
      at mountIndeterminateComponent (node_modules/react-dom/cjs/react-dom.development.js:17811:13)
      at beginWork (node_modules/react-dom/cjs/react-dom.development.js:19049:16)
      at HTMLUnknownElement.callCallback (node_modules/react-dom/cjs/react-dom.development.js:3945:14)
      at HTMLUnknownElement.callTheUserObjectsOperation (node_modules/jsdom/lib/jsdom/living/generated/EventListener.js:26:30)
      at innerInvokeEventListeners (node_modules/jsdom/lib/jsdom/living/events/EventTarget-impl.js:338:25)
      at invokeEventListeners (node_modules/jsdom/lib/jsdom/living/events/EventTarget-impl.js:274:3)
      at HTMLUnknownElementImpl._dispatch (node_modules/jsdom/lib/jsdom/living/events/EventTarget-impl.js:221:9)
      at HTMLUnknownElementImpl.dispatchEvent (node_modules/jsdom/lib/jsdom/living/events/EventTarget-impl.js:94:17)
      at HTMLUnknownElement.dispatchEvent (node_modules/jsdom/lib/jsdom/living/generated/EventTarget.js:231:34)
      at Object.invokeGuardedCallbackDev (node_modules/react-dom/cjs/react-dom.development.js:3994:16)
      at invokeGuardedCallback (node_modules/react-dom/cjs/react-dom.development.js:4056:31)
      at beginWork$1 (node_modules/react-dom/cjs/react-dom.development.js:23964:7)
      at performUnitOfWork (node_modules/react-dom/cjs/react-dom.development.js:22779:12)
      at workLoopSync (node_modules/react-dom/cjs/react-dom.development.js:22707:5)
      at renderRootSync (node_modules/react-dom/cjs/react-dom.development.js:22670:7)
      at performSyncWorkOnRoot (node_modules/react-dom/cjs/react-dom.development.js:22293:18)
      at scheduleUpdateOnFiber (node_modules/react-dom/cjs/react-dom.development.js:21881:7)
      at updateContainer (node_modules/react-dom/cjs/react-dom.development.js:25482:3)
      at node_modules/react-dom/cjs/react-dom.development.js:26021:7
      at unbatchedUpdates (node_modules/react-dom/cjs/react-dom.development.js:22431:12)
      at legacyRenderSubtreeIntoContainer (node_modules/react-dom/cjs/react-dom.development.js:26020:5)
      at Object.render (node_modules/react-dom/cjs/react-dom.development.js:26103:10)
      at node_modules/@testing-library/react/dist/pure.js:101:25
      at batchedUpdates$1 (node_modules/react-dom/cjs/react-dom.development.js:22380:12)
      at act (node_modules/react-dom/cjs/react-dom-test-utils.development.js:1042:14)
      at render (node_modules/@testing-library/react/dist/pure.js:97:26)
      at renderWithChakra (src/components/__tests__/StarknetWalletStatus.test.tsx:29:10)
      at Object.<anonymous> (src/components/__tests__/StarknetWalletStatus.test.tsx:130:5)

  ● StarknetWalletStatus › should handle disconnect when button is clicked

    TypeError: (0 , _shortenAddress.default) is not a function

      73 |               >
      74 |                 <Text fontSize="xs" color="gray.500">
    > 75 |                   {shortenAddress(address)}
         |                    ^
      76 |                 </Text>
      77 |               </CopyToClipboard>
      78 |             </HStack>

      at StarknetWalletStatus (src/components/StarknetWalletStatus.tsx:75:20)
      at renderWithHooks (node_modules/react-dom/cjs/react-dom.development.js:14985:18)
      at mountIndeterminateComponent (node_modules/react-dom/cjs/react-dom.development.js:17811:13)
      at beginWork (node_modules/react-dom/cjs/react-dom.development.js:19049:16)
      at HTMLUnknownElement.callCallback (node_modules/react-dom/cjs/react-dom.development.js:3945:14)
      at HTMLUnknownElement.callTheUserObjectsOperation (node_modules/jsdom/lib/jsdom/living/generated/EventListener.js:26:30)
      at innerInvokeEventListeners (node_modules/jsdom/lib/jsdom/living/events/EventTarget-impl.js:338:25)
      at invokeEventListeners (node_modules/jsdom/lib/jsdom/living/events/EventTarget-impl.js:274:3)
      at HTMLUnknownElementImpl._dispatch (node_modules/jsdom/lib/jsdom/living/events/EventTarget-impl.js:221:9)
      at HTMLUnknownElementImpl.dispatchEvent (node_modules/jsdom/lib/jsdom/living/events/EventTarget-impl.js:94:17)
      at HTMLUnknownElement.dispatchEvent (node_modules/jsdom/lib/jsdom/living/generated/EventTarget.js:231:34)
      at Object.invokeGuardedCallbackDev (node_modules/react-dom/cjs/react-dom.development.js:3994:16)
      at invokeGuardedCallback (node_modules/react-dom/cjs/react-dom.development.js:4056:31)
      at beginWork$1 (node_modules/react-dom/cjs/react-dom.development.js:23964:7)
      at performUnitOfWork (node_modules/react-dom/cjs/react-dom.development.js:22779:12)
      at workLoopSync (node_modules/react-dom/cjs/react-dom.development.js:22707:5)
      at renderRootSync (node_modules/react-dom/cjs/react-dom.development.js:22670:7)
      at performSyncWorkOnRoot (node_modules/react-dom/cjs/react-dom.development.js:22293:18)
      at scheduleUpdateOnFiber (node_modules/react-dom/cjs/react-dom.development.js:21881:7)
      at updateContainer (node_modules/react-dom/cjs/react-dom.development.js:25482:3)
      at node_modules/react-dom/cjs/react-dom.development.js:26021:7
      at unbatchedUpdates (node_modules/react-dom/cjs/react-dom.development.js:22431:12)
      at legacyRenderSubtreeIntoContainer (node_modules/react-dom/cjs/react-dom.development.js:26020:5)
      at Object.render (node_modules/react-dom/cjs/react-dom.development.js:26103:10)
      at node_modules/@testing-library/react/dist/pure.js:101:25
      at batchedUpdates$1 (node_modules/react-dom/cjs/react-dom.development.js:22380:12)
      at act (node_modules/react-dom/cjs/react-dom-test-utils.development.js:1042:14)
      at render (node_modules/@testing-library/react/dist/pure.js:97:26)
      at renderWithChakra (src/components/__tests__/StarknetWalletStatus.test.tsx:29:10)
      at Object.<anonymous> (src/components/__tests__/StarknetWalletStatus.test.tsx:150:5)

  ● StarknetWalletStatus › should show default wallet name when walletName is not provided

    TypeError: (0 , _shortenAddress.default) is not a function

      73 |               >
      74 |                 <Text fontSize="xs" color="gray.500">
    > 75 |                   {shortenAddress(address)}
         |                    ^
      76 |                 </Text>
      77 |               </CopyToClipboard>
      78 |             </HStack>

      at StarknetWalletStatus (src/components/StarknetWalletStatus.tsx:75:20)
      at renderWithHooks (node_modules/react-dom/cjs/react-dom.development.js:14985:18)
      at mountIndeterminateComponent (node_modules/react-dom/cjs/react-dom.development.js:17811:13)
      at beginWork (node_modules/react-dom/cjs/react-dom.development.js:19049:16)
      at HTMLUnknownElement.callCallback (node_modules/react-dom/cjs/react-dom.development.js:3945:14)
      at HTMLUnknownElement.callTheUserObjectsOperation (node_modules/jsdom/lib/jsdom/living/generated/EventListener.js:26:30)
      at innerInvokeEventListeners (node_modules/jsdom/lib/jsdom/living/events/EventTarget-impl.js:338:25)
      at invokeEventListeners (node_modules/jsdom/lib/jsdom/living/events/EventTarget-impl.js:274:3)
      at HTMLUnknownElementImpl._dispatch (node_modules/jsdom/lib/jsdom/living/events/EventTarget-impl.js:221:9)
      at HTMLUnknownElementImpl.dispatchEvent (node_modules/jsdom/lib/jsdom/living/events/EventTarget-impl.js:94:17)
      at HTMLUnknownElement.dispatchEvent (node_modules/jsdom/lib/jsdom/living/generated/EventTarget.js:231:34)
      at Object.invokeGuardedCallbackDev (node_modules/react-dom/cjs/react-dom.development.js:3994:16)
      at invokeGuardedCallback (node_modules/react-dom/cjs/react-dom.development.js:4056:31)
      at beginWork$1 (node_modules/react-dom/cjs/react-dom.development.js:23964:7)
      at performUnitOfWork (node_modules/react-dom/cjs/react-dom.development.js:22779:12)
      at workLoopSync (node_modules/react-dom/cjs/react-dom.development.js:22707:5)
      at renderRootSync (node_modules/react-dom/cjs/react-dom.development.js:22670:7)
      at performSyncWorkOnRoot (node_modules/react-dom/cjs/react-dom.development.js:22293:18)
      at scheduleUpdateOnFiber (node_modules/react-dom/cjs/react-dom.development.js:21881:7)
      at updateContainer (node_modules/react-dom/cjs/react-dom.development.js:25482:3)
      at node_modules/react-dom/cjs/react-dom.development.js:26021:7
      at unbatchedUpdates (node_modules/react-dom/cjs/react-dom.development.js:22431:12)
      at legacyRenderSubtreeIntoContainer (node_modules/react-dom/cjs/react-dom.development.js:26020:5)
      at Object.render (node_modules/react-dom/cjs/react-dom.development.js:26103:10)
      at node_modules/@testing-library/react/dist/pure.js:101:25
      at batchedUpdates$1 (node_modules/react-dom/cjs/react-dom.development.js:22380:12)
      at act (node_modules/react-dom/cjs/react-dom-test-utils.development.js:1042:14)
      at render (node_modules/@testing-library/react/dist/pure.js:97:26)
      at renderWithChakra (src/components/__tests__/StarknetWalletStatus.test.tsx:29:10)
      at Object.<anonymous> (src/components/__tests__/StarknetWalletStatus.test.tsx:175:5)

  ● StarknetWalletStatus › should use Argent icon for Argent wallets

    TypeError: (0 , _shortenAddress.default) is not a function

      73 |               >
      74 |                 <Text fontSize="xs" color="gray.500">
    > 75 |                   {shortenAddress(address)}
         |                    ^
      76 |                 </Text>
      77 |               </CopyToClipboard>
      78 |             </HStack>

      at StarknetWalletStatus (src/components/StarknetWalletStatus.tsx:75:20)
      at renderWithHooks (node_modules/react-dom/cjs/react-dom.development.js:14985:18)
      at mountIndeterminateComponent (node_modules/react-dom/cjs/react-dom.development.js:17811:13)
      at beginWork (node_modules/react-dom/cjs/react-dom.development.js:19049:16)
      at HTMLUnknownElement.callCallback (node_modules/react-dom/cjs/react-dom.development.js:3945:14)
      at HTMLUnknownElement.callTheUserObjectsOperation (node_modules/jsdom/lib/jsdom/living/generated/EventListener.js:26:30)
      at innerInvokeEventListeners (node_modules/jsdom/lib/jsdom/living/events/EventTarget-impl.js:338:25)
      at invokeEventListeners (node_modules/jsdom/lib/jsdom/living/events/EventTarget-impl.js:274:3)
      at HTMLUnknownElementImpl._dispatch (node_modules/jsdom/lib/jsdom/living/events/EventTarget-impl.js:221:9)
      at HTMLUnknownElementImpl.dispatchEvent (node_modules/jsdom/lib/jsdom/living/events/EventTarget-impl.js:94:17)
      at HTMLUnknownElement.dispatchEvent (node_modules/jsdom/lib/jsdom/living/generated/EventTarget.js:231:34)
      at Object.invokeGuardedCallbackDev (node_modules/react-dom/cjs/react-dom.development.js:3994:16)
      at invokeGuardedCallback (node_modules/react-dom/cjs/react-dom.development.js:4056:31)
      at beginWork$1 (node_modules/react-dom/cjs/react-dom.development.js:23964:7)
      at performUnitOfWork (node_modules/react-dom/cjs/react-dom.development.js:22779:12)
      at workLoopSync (node_modules/react-dom/cjs/react-dom.development.js:22707:5)
      at renderRootSync (node_modules/react-dom/cjs/react-dom.development.js:22670:7)
      at performSyncWorkOnRoot (node_modules/react-dom/cjs/react-dom.development.js:22293:18)
      at scheduleUpdateOnFiber (node_modules/react-dom/cjs/react-dom.development.js:21881:7)
      at updateContainer (node_modules/react-dom/cjs/react-dom.development.js:25482:3)
      at node_modules/react-dom/cjs/react-dom.development.js:26021:7
      at unbatchedUpdates (node_modules/react-dom/cjs/react-dom.development.js:22431:12)
      at legacyRenderSubtreeIntoContainer (node_modules/react-dom/cjs/react-dom.development.js:26020:5)
      at Object.render (node_modules/react-dom/cjs/react-dom.development.js:26103:10)
      at node_modules/@testing-library/react/dist/pure.js:101:25
      at batchedUpdates$1 (node_modules/react-dom/cjs/react-dom.development.js:22380:12)
      at act (node_modules/react-dom/cjs/react-dom-test-utils.development.js:1042:14)
      at render (node_modules/@testing-library/react/dist/pure.js:97:26)
      at renderWithChakra (src/components/__tests__/StarknetWalletStatus.test.tsx:29:10)
      at Object.<anonymous> (src/components/__tests__/StarknetWalletStatus.test.tsx:195:27)

  ● StarknetWalletStatus › should use Starknet icon for non-Argent wallets

    TypeError: (0 , _shortenAddress.default) is not a function

      73 |               >
      74 |                 <Text fontSize="xs" color="gray.500">
    > 75 |                   {shortenAddress(address)}
         |                    ^
      76 |                 </Text>
      77 |               </CopyToClipboard>
      78 |             </HStack>

      at StarknetWalletStatus (src/components/StarknetWalletStatus.tsx:75:20)
      at renderWithHooks (node_modules/react-dom/cjs/react-dom.development.js:14985:18)
      at mountIndeterminateComponent (node_modules/react-dom/cjs/react-dom.development.js:17811:13)
      at beginWork (node_modules/react-dom/cjs/react-dom.development.js:19049:16)
      at HTMLUnknownElement.callCallback (node_modules/react-dom/cjs/react-dom.development.js:3945:14)
      at HTMLUnknownElement.callTheUserObjectsOperation (node_modules/jsdom/lib/jsdom/living/generated/EventListener.js:26:30)
      at innerInvokeEventListeners (node_modules/jsdom/lib/jsdom/living/events/EventTarget-impl.js:338:25)
      at invokeEventListeners (node_modules/jsdom/lib/jsdom/living/events/EventTarget-impl.js:274:3)
      at HTMLUnknownElementImpl._dispatch (node_modules/jsdom/lib/jsdom/living/events/EventTarget-impl.js:221:9)
      at HTMLUnknownElementImpl.dispatchEvent (node_modules/jsdom/lib/jsdom/living/events/EventTarget-impl.js:94:17)
      at HTMLUnknownElement.dispatchEvent (node_modules/jsdom/lib/jsdom/living/generated/EventTarget.js:231:34)
      at Object.invokeGuardedCallbackDev (node_modules/react-dom/cjs/react-dom.development.js:3994:16)
      at invokeGuardedCallback (node_modules/react-dom/cjs/react-dom.development.js:4056:31)
      at beginWork$1 (node_modules/react-dom/cjs/react-dom.development.js:23964:7)
      at performUnitOfWork (node_modules/react-dom/cjs/react-dom.development.js:22779:12)
      at workLoopSync (node_modules/react-dom/cjs/react-dom.development.js:22707:5)
      at renderRootSync (node_modules/react-dom/cjs/react-dom.development.js:22670:7)
      at performSyncWorkOnRoot (node_modules/react-dom/cjs/react-dom.development.js:22293:18)
      at scheduleUpdateOnFiber (node_modules/react-dom/cjs/react-dom.development.js:21881:7)
      at updateContainer (node_modules/react-dom/cjs/react-dom.development.js:25482:3)
      at node_modules/react-dom/cjs/react-dom.development.js:26021:7
      at unbatchedUpdates (node_modules/react-dom/cjs/react-dom.development.js:22431:12)
      at legacyRenderSubtreeIntoContainer (node_modules/react-dom/cjs/react-dom.development.js:26020:5)
      at Object.render (node_modules/react-dom/cjs/react-dom.development.js:26103:10)
      at node_modules/@testing-library/react/dist/pure.js:101:25
      at batchedUpdates$1 (node_modules/react-dom/cjs/react-dom.development.js:22380:12)
      at act (node_modules/react-dom/cjs/react-dom-test-utils.development.js:1042:14)
      at render (node_modules/@testing-library/react/dist/pure.js:97:26)
      at renderWithChakra (src/components/__tests__/StarknetWalletStatus.test.tsx:29:10)
      at Object.<anonymous> (src/components/__tests__/StarknetWalletStatus.test.tsx:217:27)

  ● StarknetWalletStatus › should have proper tooltip on disconnect button

    TypeError: (0 , _shortenAddress.default) is not a function

      73 |               >
      74 |                 <Text fontSize="xs" color="gray.500">
    > 75 |                   {shortenAddress(address)}
         |                    ^
      76 |                 </Text>
      77 |               </CopyToClipboard>
      78 |             </HStack>

      at StarknetWalletStatus (src/components/StarknetWalletStatus.tsx:75:20)
      at renderWithHooks (node_modules/react-dom/cjs/react-dom.development.js:14985:18)
      at mountIndeterminateComponent (node_modules/react-dom/cjs/react-dom.development.js:17811:13)
      at beginWork (node_modules/react-dom/cjs/react-dom.development.js:19049:16)
      at HTMLUnknownElement.callCallback (node_modules/react-dom/cjs/react-dom.development.js:3945:14)
      at HTMLUnknownElement.callTheUserObjectsOperation (node_modules/jsdom/lib/jsdom/living/generated/EventListener.js:26:30)
      at innerInvokeEventListeners (node_modules/jsdom/lib/jsdom/living/events/EventTarget-impl.js:338:25)
      at invokeEventListeners (node_modules/jsdom/lib/jsdom/living/events/EventTarget-impl.js:274:3)
      at HTMLUnknownElementImpl._dispatch (node_modules/jsdom/lib/jsdom/living/events/EventTarget-impl.js:221:9)
      at HTMLUnknownElementImpl.dispatchEvent (node_modules/jsdom/lib/jsdom/living/events/EventTarget-impl.js:94:17)
      at HTMLUnknownElement.dispatchEvent (node_modules/jsdom/lib/jsdom/living/generated/EventTarget.js:231:34)
      at Object.invokeGuardedCallbackDev (node_modules/react-dom/cjs/react-dom.development.js:3994:16)
      at invokeGuardedCallback (node_modules/react-dom/cjs/react-dom.development.js:4056:31)
      at beginWork$1 (node_modules/react-dom/cjs/react-dom.development.js:23964:7)
      at performUnitOfWork (node_modules/react-dom/cjs/react-dom.development.js:22779:12)
      at workLoopSync (node_modules/react-dom/cjs/react-dom.development.js:22707:5)
      at renderRootSync (node_modules/react-dom/cjs/react-dom.development.js:22670:7)
      at performSyncWorkOnRoot (node_modules/react-dom/cjs/react-dom.development.js:22293:18)
      at scheduleUpdateOnFiber (node_modules/react-dom/cjs/react-dom.development.js:21881:7)
      at updateContainer (node_modules/react-dom/cjs/react-dom.development.js:25482:3)
      at node_modules/react-dom/cjs/react-dom.development.js:26021:7
      at unbatchedUpdates (node_modules/react-dom/cjs/react-dom.development.js:22431:12)
      at legacyRenderSubtreeIntoContainer (node_modules/react-dom/cjs/react-dom.development.js:26020:5)
      at Object.render (node_modules/react-dom/cjs/react-dom.development.js:26103:10)
      at node_modules/@testing-library/react/dist/pure.js:101:25
      at batchedUpdates$1 (node_modules/react-dom/cjs/react-dom.development.js:22380:12)
      at act (node_modules/react-dom/cjs/react-dom-test-utils.development.js:1042:14)
      at render (node_modules/@testing-library/react/dist/pure.js:97:26)
      at renderWithChakra (src/components/__tests__/StarknetWalletStatus.test.tsx:29:10)
      at Object.<anonymous> (src/components/__tests__/StarknetWalletStatus.test.tsx:239:5)

PASS src/static/icons/__tests__/StarknetIcons.test.tsx
FAIL src/pages/tBTC/Bridge/Minting/__tests__/InitiateMinting.test.tsx
  ● Console

    console.error
      Error: Uncaught [TypeError: Cannot destructure property 'closeModal' of '(0 , _useModal.useModal)(...)' as it is undefined.]
          at reportException (/Users/leonardosaturnino/Documents/GitHub/token-dashboard/node_modules/jsdom/lib/jsdom/living/helpers/runtime-script-errors.js:66:24)
          at innerInvokeEventListeners (/Users/leonardosaturnino/Documents/GitHub/token-dashboard/node_modules/jsdom/lib/jsdom/living/events/EventTarget-impl.js:341:9)
          at invokeEventListeners (/Users/leonardosaturnino/Documents/GitHub/token-dashboard/node_modules/jsdom/lib/jsdom/living/events/EventTarget-impl.js:274:3)
          at HTMLUnknownElementImpl._dispatch (/Users/leonardosaturnino/Documents/GitHub/token-dashboard/node_modules/jsdom/lib/jsdom/living/events/EventTarget-impl.js:221:9)
          at HTMLUnknownElementImpl.dispatchEvent (/Users/leonardosaturnino/Documents/GitHub/token-dashboard/node_modules/jsdom/lib/jsdom/living/events/EventTarget-impl.js:94:17)
          at HTMLUnknownElement.dispatchEvent (/Users/leonardosaturnino/Documents/GitHub/token-dashboard/node_modules/jsdom/lib/jsdom/living/generated/EventTarget.js:231:34)
          at Object.invokeGuardedCallbackDev (/Users/leonardosaturnino/Documents/GitHub/token-dashboard/node_modules/react-dom/cjs/react-dom.development.js:3994:16)
          at invokeGuardedCallback (/Users/leonardosaturnino/Documents/GitHub/token-dashboard/node_modules/react-dom/cjs/react-dom.development.js:4056:31)
          at beginWork$1 (/Users/leonardosaturnino/Documents/GitHub/token-dashboard/node_modules/react-dom/cjs/react-dom.development.js:23964:7)
          at performUnitOfWork (/Users/leonardosaturnino/Documents/GitHub/token-dashboard/node_modules/react-dom/cjs/react-dom.development.js:22779:12) TypeError: Cannot destructure property 'closeModal' of '(0 , _useModal.useModal)(...)' as it is undefined.
          at InitiateMintingComponent (/Users/leonardosaturnino/Documents/GitHub/token-dashboard/src/pages/tBTC/Bridge/Minting/InitiateMinting.tsx:28:11)
          at renderWithHooks (/Users/leonardosaturnino/Documents/GitHub/token-dashboard/node_modules/react-dom/cjs/react-dom.development.js:14985:18)
          at mountIndeterminateComponent (/Users/leonardosaturnino/Documents/GitHub/token-dashboard/node_modules/react-dom/cjs/react-dom.development.js:17811:13)
          at beginWork (/Users/leonardosaturnino/Documents/GitHub/token-dashboard/node_modules/react-dom/cjs/react-dom.development.js:19049:16)
          at HTMLUnknownElement.callCallback (/Users/leonardosaturnino/Documents/GitHub/token-dashboard/node_modules/react-dom/cjs/react-dom.development.js:3945:14)
          at HTMLUnknownElement.callTheUserObjectsOperation (/Users/leonardosaturnino/Documents/GitHub/token-dashboard/node_modules/jsdom/lib/jsdom/living/generated/EventListener.js:26:30)
          at innerInvokeEventListeners (/Users/leonardosaturnino/Documents/GitHub/token-dashboard/node_modules/jsdom/lib/jsdom/living/events/EventTarget-impl.js:338:25)
          at invokeEventListeners (/Users/leonardosaturnino/Documents/GitHub/token-dashboard/node_modules/jsdom/lib/jsdom/living/events/EventTarget-impl.js:274:3)
          at HTMLUnknownElementImpl._dispatch (/Users/leonardosaturnino/Documents/GitHub/token-dashboard/node_modules/jsdom/lib/jsdom/living/events/EventTarget-impl.js:221:9)
          at HTMLUnknownElementImpl.dispatchEvent (/Users/leonardosaturnino/Documents/GitHub/token-dashboard/node_modules/jsdom/lib/jsdom/living/events/EventTarget-impl.js:94:17)
          at HTMLUnknownElement.dispatchEvent (/Users/leonardosaturnino/Documents/GitHub/token-dashboard/node_modules/jsdom/lib/jsdom/living/generated/EventTarget.js:231:34)
          at Object.invokeGuardedCallbackDev (/Users/leonardosaturnino/Documents/GitHub/token-dashboard/node_modules/react-dom/cjs/react-dom.development.js:3994:16)
          at invokeGuardedCallback (/Users/leonardosaturnino/Documents/GitHub/token-dashboard/node_modules/react-dom/cjs/react-dom.development.js:4056:31)
          at beginWork$1 (/Users/leonardosaturnino/Documents/GitHub/token-dashboard/node_modules/react-dom/cjs/react-dom.development.js:23964:7)
          at performUnitOfWork (/Users/leonardosaturnino/Documents/GitHub/token-dashboard/node_modules/react-dom/cjs/react-dom.development.js:22779:12)
          at workLoopSync (/Users/leonardosaturnino/Documents/GitHub/token-dashboard/node_modules/react-dom/cjs/react-dom.development.js:22707:5)
          at renderRootSync (/Users/leonardosaturnino/Documents/GitHub/token-dashboard/node_modules/react-dom/cjs/react-dom.development.js:22670:7)
          at performSyncWorkOnRoot (/Users/leonardosaturnino/Documents/GitHub/token-dashboard/node_modules/react-dom/cjs/react-dom.development.js:22293:18)
          at scheduleUpdateOnFiber (/Users/leonardosaturnino/Documents/GitHub/token-dashboard/node_modules/react-dom/cjs/react-dom.development.js:21881:7)
          at updateContainer (/Users/leonardosaturnino/Documents/GitHub/token-dashboard/node_modules/react-dom/cjs/react-dom.development.js:25482:3)
          at /Users/leonardosaturnino/Documents/GitHub/token-dashboard/node_modules/react-dom/cjs/react-dom.development.js:26021:7
          at unbatchedUpdates (/Users/leonardosaturnino/Documents/GitHub/token-dashboard/node_modules/react-dom/cjs/react-dom.development.js:22431:12)
          at legacyRenderSubtreeIntoContainer (/Users/leonardosaturnino/Documents/GitHub/token-dashboard/node_modules/react-dom/cjs/react-dom.development.js:26020:5)
          at Object.render (/Users/leonardosaturnino/Documents/GitHub/token-dashboard/node_modules/react-dom/cjs/react-dom.development.js:26103:10)
          at /Users/leonardosaturnino/Documents/GitHub/token-dashboard/node_modules/@testing-library/react/dist/pure.js:101:25
          at batchedUpdates$1 (/Users/leonardosaturnino/Documents/GitHub/token-dashboard/node_modules/react-dom/cjs/react-dom.development.js:22380:12)
          at act (/Users/leonardosaturnino/Documents/GitHub/token-dashboard/node_modules/react-dom/cjs/react-dom-test-utils.development.js:1042:14)
          at render (/Users/leonardosaturnino/Documents/GitHub/token-dashboard/node_modules/@testing-library/react/dist/pure.js:97:26)
          at Object.<anonymous> (/Users/leonardosaturnino/Documents/GitHub/token-dashboard/src/pages/tBTC/Bridge/Minting/__tests__/InitiateMinting.test.tsx:116:29)
          at Promise.then.completed (/Users/leonardosaturnino/Documents/GitHub/token-dashboard/node_modules/jest-circus/build/utils.js:276:28)
          at new Promise (<anonymous>)
          at callAsyncCircusFn (/Users/leonardosaturnino/Documents/GitHub/token-dashboard/node_modules/jest-circus/build/utils.js:216:10)
          at _callCircusTest (/Users/leonardosaturnino/Documents/GitHub/token-dashboard/node_modules/jest-circus/build/run.js:212:40)
          at processTicksAndRejections (node:internal/process/task_queues:105:5)
          at _runTest (/Users/leonardosaturnino/Documents/GitHub/token-dashboard/node_modules/jest-circus/build/run.js:149:3)
          at _runTestsForDescribeBlock (/Users/leonardosaturnino/Documents/GitHub/token-dashboard/node_modules/jest-circus/build/run.js:63:9)
          at _runTestsForDescribeBlock (/Users/leonardosaturnino/Documents/GitHub/token-dashboard/node_modules/jest-circus/build/run.js:57:9)
          at _runTestsForDescribeBlock (/Users/leonardosaturnino/Documents/GitHub/token-dashboard/node_modules/jest-circus/build/run.js:57:9)
          at run (/Users/leonardosaturnino/Documents/GitHub/token-dashboard/node_modules/jest-circus/build/run.js:25:3)
          at runAndTransformResultsToJestFormat (/Users/leonardosaturnino/Documents/GitHub/token-dashboard/node_modules/jest-circus/build/legacy-code-todo-rewrite/jestAdapterInit.js:176:21)
          at jestAdapter (/Users/leonardosaturnino/Documents/GitHub/token-dashboard/node_modules/jest-circus/build/legacy-code-todo-rewrite/jestAdapter.js:109:19)
          at runTestInternal (/Users/leonardosaturnino/Documents/GitHub/token-dashboard/node_modules/jest-runner/build/runTest.js:380:16)
          at runTest (/Users/leonardosaturnino/Documents/GitHub/token-dashboard/node_modules/jest-runner/build/runTest.js:472:34)
          at Object.worker (/Users/leonardosaturnino/Documents/GitHub/token-dashboard/node_modules/jest-runner/build/testWorker.js:133:12)

      at VirtualConsole.<anonymous> (node_modules/jsdom/lib/jsdom/virtual-console.js:29:45)
      at reportException (node_modules/jsdom/lib/jsdom/living/helpers/runtime-script-errors.js:70:28)
      at innerInvokeEventListeners (node_modules/jsdom/lib/jsdom/living/events/EventTarget-impl.js:341:9)
      at invokeEventListeners (node_modules/jsdom/lib/jsdom/living/events/EventTarget-impl.js:274:3)
      at HTMLUnknownElementImpl._dispatch (node_modules/jsdom/lib/jsdom/living/events/EventTarget-impl.js:221:9)
      at HTMLUnknownElementImpl.dispatchEvent (node_modules/jsdom/lib/jsdom/living/events/EventTarget-impl.js:94:17)
      at HTMLUnknownElement.dispatchEvent (node_modules/jsdom/lib/jsdom/living/generated/EventTarget.js:231:34)

    console.error
      The above error occurred in the <InitiateMintingComponent> component:
      
          at InitiateMintingComponent (/Users/leonardosaturnino/Documents/GitHub/token-dashboard/src/pages/tBTC/Bridge/Minting/InitiateMinting.tsx:25:9)
      
      Consider adding an error boundary to your tree to customize error handling behavior.
      Visit https://reactjs.org/link/error-boundaries to learn more about error boundaries.

      at logCapturedError (node_modules/react-dom/cjs/react-dom.development.js:20085:23)
      at update.callback (node_modules/react-dom/cjs/react-dom.development.js:20118:5)
      at callCallback (node_modules/react-dom/cjs/react-dom.development.js:12318:12)
      at commitUpdateQueue (node_modules/react-dom/cjs/react-dom.development.js:12339:9)
      at commitLifeCycles (node_modules/react-dom/cjs/react-dom.development.js:20736:11)
      at commitLayoutEffects (node_modules/react-dom/cjs/react-dom.development.js:23426:7)
      at HTMLUnknownElement.callCallback (node_modules/react-dom/cjs/react-dom.development.js:3945:14)
      at HTMLUnknownElement.callTheUserObjectsOperation (node_modules/jsdom/lib/jsdom/living/generated/EventListener.js:26:30)

    console.error
      Error: Uncaught [TypeError: Cannot destructure property 'closeModal' of '(0 , _useModal.useModal)(...)' as it is undefined.]
          at reportException (/Users/leonardosaturnino/Documents/GitHub/token-dashboard/node_modules/jsdom/lib/jsdom/living/helpers/runtime-script-errors.js:66:24)
          at innerInvokeEventListeners (/Users/leonardosaturnino/Documents/GitHub/token-dashboard/node_modules/jsdom/lib/jsdom/living/events/EventTarget-impl.js:341:9)
          at invokeEventListeners (/Users/leonardosaturnino/Documents/GitHub/token-dashboard/node_modules/jsdom/lib/jsdom/living/events/EventTarget-impl.js:274:3)
          at HTMLUnknownElementImpl._dispatch (/Users/leonardosaturnino/Documents/GitHub/token-dashboard/node_modules/jsdom/lib/jsdom/living/events/EventTarget-impl.js:221:9)
          at HTMLUnknownElementImpl.dispatchEvent (/Users/leonardosaturnino/Documents/GitHub/token-dashboard/node_modules/jsdom/lib/jsdom/living/events/EventTarget-impl.js:94:17)
          at HTMLUnknownElement.dispatchEvent (/Users/leonardosaturnino/Documents/GitHub/token-dashboard/node_modules/jsdom/lib/jsdom/living/generated/EventTarget.js:231:34)
          at Object.invokeGuardedCallbackDev (/Users/leonardosaturnino/Documents/GitHub/token-dashboard/node_modules/react-dom/cjs/react-dom.development.js:3994:16)
          at invokeGuardedCallback (/Users/leonardosaturnino/Documents/GitHub/token-dashboard/node_modules/react-dom/cjs/react-dom.development.js:4056:31)
          at beginWork$1 (/Users/leonardosaturnino/Documents/GitHub/token-dashboard/node_modules/react-dom/cjs/react-dom.development.js:23964:7)
          at performUnitOfWork (/Users/leonardosaturnino/Documents/GitHub/token-dashboard/node_modules/react-dom/cjs/react-dom.development.js:22779:12) TypeError: Cannot destructure property 'closeModal' of '(0 , _useModal.useModal)(...)' as it is undefined.
          at InitiateMintingComponent (/Users/leonardosaturnino/Documents/GitHub/token-dashboard/src/pages/tBTC/Bridge/Minting/InitiateMinting.tsx:28:11)
          at renderWithHooks (/Users/leonardosaturnino/Documents/GitHub/token-dashboard/node_modules/react-dom/cjs/react-dom.development.js:14985:18)
          at mountIndeterminateComponent (/Users/leonardosaturnino/Documents/GitHub/token-dashboard/node_modules/react-dom/cjs/react-dom.development.js:17811:13)
          at beginWork (/Users/leonardosaturnino/Documents/GitHub/token-dashboard/node_modules/react-dom/cjs/react-dom.development.js:19049:16)
          at HTMLUnknownElement.callCallback (/Users/leonardosaturnino/Documents/GitHub/token-dashboard/node_modules/react-dom/cjs/react-dom.development.js:3945:14)
          at HTMLUnknownElement.callTheUserObjectsOperation (/Users/leonardosaturnino/Documents/GitHub/token-dashboard/node_modules/jsdom/lib/jsdom/living/generated/EventListener.js:26:30)
          at innerInvokeEventListeners (/Users/leonardosaturnino/Documents/GitHub/token-dashboard/node_modules/jsdom/lib/jsdom/living/events/EventTarget-impl.js:338:25)
          at invokeEventListeners (/Users/leonardosaturnino/Documents/GitHub/token-dashboard/node_modules/jsdom/lib/jsdom/living/events/EventTarget-impl.js:274:3)
          at HTMLUnknownElementImpl._dispatch (/Users/leonardosaturnino/Documents/GitHub/token-dashboard/node_modules/jsdom/lib/jsdom/living/events/EventTarget-impl.js:221:9)
          at HTMLUnknownElementImpl.dispatchEvent (/Users/leonardosaturnino/Documents/GitHub/token-dashboard/node_modules/jsdom/lib/jsdom/living/events/EventTarget-impl.js:94:17)
          at HTMLUnknownElement.dispatchEvent (/Users/leonardosaturnino/Documents/GitHub/token-dashboard/node_modules/jsdom/lib/jsdom/living/generated/EventTarget.js:231:34)
          at Object.invokeGuardedCallbackDev (/Users/leonardosaturnino/Documents/GitHub/token-dashboard/node_modules/react-dom/cjs/react-dom.development.js:3994:16)
          at invokeGuardedCallback (/Users/leonardosaturnino/Documents/GitHub/token-dashboard/node_modules/react-dom/cjs/react-dom.development.js:4056:31)
          at beginWork$1 (/Users/leonardosaturnino/Documents/GitHub/token-dashboard/node_modules/react-dom/cjs/react-dom.development.js:23964:7)
          at performUnitOfWork (/Users/leonardosaturnino/Documents/GitHub/token-dashboard/node_modules/react-dom/cjs/react-dom.development.js:22779:12)
          at workLoopSync (/Users/leonardosaturnino/Documents/GitHub/token-dashboard/node_modules/react-dom/cjs/react-dom.development.js:22707:5)
          at renderRootSync (/Users/leonardosaturnino/Documents/GitHub/token-dashboard/node_modules/react-dom/cjs/react-dom.development.js:22670:7)
          at performSyncWorkOnRoot (/Users/leonardosaturnino/Documents/GitHub/token-dashboard/node_modules/react-dom/cjs/react-dom.development.js:22293:18)
          at scheduleUpdateOnFiber (/Users/leonardosaturnino/Documents/GitHub/token-dashboard/node_modules/react-dom/cjs/react-dom.development.js:21881:7)
          at updateContainer (/Users/leonardosaturnino/Documents/GitHub/token-dashboard/node_modules/react-dom/cjs/react-dom.development.js:25482:3)
          at /Users/leonardosaturnino/Documents/GitHub/token-dashboard/node_modules/react-dom/cjs/react-dom.development.js:26021:7
          at unbatchedUpdates (/Users/leonardosaturnino/Documents/GitHub/token-dashboard/node_modules/react-dom/cjs/react-dom.development.js:22431:12)
          at legacyRenderSubtreeIntoContainer (/Users/leonardosaturnino/Documents/GitHub/token-dashboard/node_modules/react-dom/cjs/react-dom.development.js:26020:5)
          at Object.render (/Users/leonardosaturnino/Documents/GitHub/token-dashboard/node_modules/react-dom/cjs/react-dom.development.js:26103:10)
          at /Users/leonardosaturnino/Documents/GitHub/token-dashboard/node_modules/@testing-library/react/dist/pure.js:101:25
          at batchedUpdates$1 (/Users/leonardosaturnino/Documents/GitHub/token-dashboard/node_modules/react-dom/cjs/react-dom.development.js:22380:12)
          at act (/Users/leonardosaturnino/Documents/GitHub/token-dashboard/node_modules/react-dom/cjs/react-dom-test-utils.development.js:1042:14)
          at render (/Users/leonardosaturnino/Documents/GitHub/token-dashboard/node_modules/@testing-library/react/dist/pure.js:97:26)
          at Object.<anonymous> (/Users/leonardosaturnino/Documents/GitHub/token-dashboard/src/pages/tBTC/Bridge/Minting/__tests__/InitiateMinting.test.tsx:149:42)
          at Promise.then.completed (/Users/leonardosaturnino/Documents/GitHub/token-dashboard/node_modules/jest-circus/build/utils.js:276:28)
          at new Promise (<anonymous>)
          at callAsyncCircusFn (/Users/leonardosaturnino/Documents/GitHub/token-dashboard/node_modules/jest-circus/build/utils.js:216:10)
          at _callCircusTest (/Users/leonardosaturnino/Documents/GitHub/token-dashboard/node_modules/jest-circus/build/run.js:212:40)
          at processTicksAndRejections (node:internal/process/task_queues:105:5)
          at _runTest (/Users/leonardosaturnino/Documents/GitHub/token-dashboard/node_modules/jest-circus/build/run.js:149:3)
          at _runTestsForDescribeBlock (/Users/leonardosaturnino/Documents/GitHub/token-dashboard/node_modules/jest-circus/build/run.js:63:9)
          at _runTestsForDescribeBlock (/Users/leonardosaturnino/Documents/GitHub/token-dashboard/node_modules/jest-circus/build/run.js:57:9)
          at _runTestsForDescribeBlock (/Users/leonardosaturnino/Documents/GitHub/token-dashboard/node_modules/jest-circus/build/run.js:57:9)
          at run (/Users/leonardosaturnino/Documents/GitHub/token-dashboard/node_modules/jest-circus/build/run.js:25:3)
          at runAndTransformResultsToJestFormat (/Users/leonardosaturnino/Documents/GitHub/token-dashboard/node_modules/jest-circus/build/legacy-code-todo-rewrite/jestAdapterInit.js:176:21)
          at jestAdapter (/Users/leonardosaturnino/Documents/GitHub/token-dashboard/node_modules/jest-circus/build/legacy-code-todo-rewrite/jestAdapter.js:109:19)
          at runTestInternal (/Users/leonardosaturnino/Documents/GitHub/token-dashboard/node_modules/jest-runner/build/runTest.js:380:16)
          at runTest (/Users/leonardosaturnino/Documents/GitHub/token-dashboard/node_modules/jest-runner/build/runTest.js:472:34)
          at Object.worker (/Users/leonardosaturnino/Documents/GitHub/token-dashboard/node_modules/jest-runner/build/testWorker.js:133:12)

      at VirtualConsole.<anonymous> (node_modules/jsdom/lib/jsdom/virtual-console.js:29:45)
      at reportException (node_modules/jsdom/lib/jsdom/living/helpers/runtime-script-errors.js:70:28)
      at innerInvokeEventListeners (node_modules/jsdom/lib/jsdom/living/events/EventTarget-impl.js:341:9)
      at invokeEventListeners (node_modules/jsdom/lib/jsdom/living/events/EventTarget-impl.js:274:3)
      at HTMLUnknownElementImpl._dispatch (node_modules/jsdom/lib/jsdom/living/events/EventTarget-impl.js:221:9)
      at HTMLUnknownElementImpl.dispatchEvent (node_modules/jsdom/lib/jsdom/living/events/EventTarget-impl.js:94:17)
      at HTMLUnknownElement.dispatchEvent (node_modules/jsdom/lib/jsdom/living/generated/EventTarget.js:231:34)

    console.error
      The above error occurred in the <InitiateMintingComponent> component:
      
          at InitiateMintingComponent (/Users/leonardosaturnino/Documents/GitHub/token-dashboard/src/pages/tBTC/Bridge/Minting/InitiateMinting.tsx:25:9)
      
      Consider adding an error boundary to your tree to customize error handling behavior.
      Visit https://reactjs.org/link/error-boundaries to learn more about error boundaries.

      at logCapturedError (node_modules/react-dom/cjs/react-dom.development.js:20085:23)
      at update.callback (node_modules/react-dom/cjs/react-dom.development.js:20118:5)
      at callCallback (node_modules/react-dom/cjs/react-dom.development.js:12318:12)
      at commitUpdateQueue (node_modules/react-dom/cjs/react-dom.development.js:12339:9)
      at commitLifeCycles (node_modules/react-dom/cjs/react-dom.development.js:20736:11)
      at commitLayoutEffects (node_modules/react-dom/cjs/react-dom.development.js:23426:7)
      at HTMLUnknownElement.callCallback (node_modules/react-dom/cjs/react-dom.development.js:3945:14)
      at HTMLUnknownElement.callTheUserObjectsOperation (node_modules/jsdom/lib/jsdom/living/generated/EventListener.js:26:30)

    console.error
      Error: Uncaught [TypeError: Cannot destructure property 'closeModal' of '(0 , _useModal.useModal)(...)' as it is undefined.]
          at reportException (/Users/leonardosaturnino/Documents/GitHub/token-dashboard/node_modules/jsdom/lib/jsdom/living/helpers/runtime-script-errors.js:66:24)
          at innerInvokeEventListeners (/Users/leonardosaturnino/Documents/GitHub/token-dashboard/node_modules/jsdom/lib/jsdom/living/events/EventTarget-impl.js:341:9)
          at invokeEventListeners (/Users/leonardosaturnino/Documents/GitHub/token-dashboard/node_modules/jsdom/lib/jsdom/living/events/EventTarget-impl.js:274:3)
          at HTMLUnknownElementImpl._dispatch (/Users/leonardosaturnino/Documents/GitHub/token-dashboard/node_modules/jsdom/lib/jsdom/living/events/EventTarget-impl.js:221:9)
          at HTMLUnknownElementImpl.dispatchEvent (/Users/leonardosaturnino/Documents/GitHub/token-dashboard/node_modules/jsdom/lib/jsdom/living/events/EventTarget-impl.js:94:17)
          at HTMLUnknownElement.dispatchEvent (/Users/leonardosaturnino/Documents/GitHub/token-dashboard/node_modules/jsdom/lib/jsdom/living/generated/EventTarget.js:231:34)
          at Object.invokeGuardedCallbackDev (/Users/leonardosaturnino/Documents/GitHub/token-dashboard/node_modules/react-dom/cjs/react-dom.development.js:3994:16)
          at invokeGuardedCallback (/Users/leonardosaturnino/Documents/GitHub/token-dashboard/node_modules/react-dom/cjs/react-dom.development.js:4056:31)
          at beginWork$1 (/Users/leonardosaturnino/Documents/GitHub/token-dashboard/node_modules/react-dom/cjs/react-dom.development.js:23964:7)
          at performUnitOfWork (/Users/leonardosaturnino/Documents/GitHub/token-dashboard/node_modules/react-dom/cjs/react-dom.development.js:22779:12) TypeError: Cannot destructure property 'closeModal' of '(0 , _useModal.useModal)(...)' as it is undefined.
          at InitiateMintingComponent (/Users/leonardosaturnino/Documents/GitHub/token-dashboard/src/pages/tBTC/Bridge/Minting/InitiateMinting.tsx:28:11)
          at renderWithHooks (/Users/leonardosaturnino/Documents/GitHub/token-dashboard/node_modules/react-dom/cjs/react-dom.development.js:14985:18)
          at mountIndeterminateComponent (/Users/leonardosaturnino/Documents/GitHub/token-dashboard/node_modules/react-dom/cjs/react-dom.development.js:17811:13)
          at beginWork (/Users/leonardosaturnino/Documents/GitHub/token-dashboard/node_modules/react-dom/cjs/react-dom.development.js:19049:16)
          at HTMLUnknownElement.callCallback (/Users/leonardosaturnino/Documents/GitHub/token-dashboard/node_modules/react-dom/cjs/react-dom.development.js:3945:14)
          at HTMLUnknownElement.callTheUserObjectsOperation (/Users/leonardosaturnino/Documents/GitHub/token-dashboard/node_modules/jsdom/lib/jsdom/living/generated/EventListener.js:26:30)
          at innerInvokeEventListeners (/Users/leonardosaturnino/Documents/GitHub/token-dashboard/node_modules/jsdom/lib/jsdom/living/events/EventTarget-impl.js:338:25)
          at invokeEventListeners (/Users/leonardosaturnino/Documents/GitHub/token-dashboard/node_modules/jsdom/lib/jsdom/living/events/EventTarget-impl.js:274:3)
          at HTMLUnknownElementImpl._dispatch (/Users/leonardosaturnino/Documents/GitHub/token-dashboard/node_modules/jsdom/lib/jsdom/living/events/EventTarget-impl.js:221:9)
          at HTMLUnknownElementImpl.dispatchEvent (/Users/leonardosaturnino/Documents/GitHub/token-dashboard/node_modules/jsdom/lib/jsdom/living/events/EventTarget-impl.js:94:17)
          at HTMLUnknownElement.dispatchEvent (/Users/leonardosaturnino/Documents/GitHub/token-dashboard/node_modules/jsdom/lib/jsdom/living/generated/EventTarget.js:231:34)
          at Object.invokeGuardedCallbackDev (/Users/leonardosaturnino/Documents/GitHub/token-dashboard/node_modules/react-dom/cjs/react-dom.development.js:3994:16)
          at invokeGuardedCallback (/Users/leonardosaturnino/Documents/GitHub/token-dashboard/node_modules/react-dom/cjs/react-dom.development.js:4056:31)
          at beginWork$1 (/Users/leonardosaturnino/Documents/GitHub/token-dashboard/node_modules/react-dom/cjs/react-dom.development.js:23964:7)
          at performUnitOfWork (/Users/leonardosaturnino/Documents/GitHub/token-dashboard/node_modules/react-dom/cjs/react-dom.development.js:22779:12)
          at workLoopSync (/Users/leonardosaturnino/Documents/GitHub/token-dashboard/node_modules/react-dom/cjs/react-dom.development.js:22707:5)
          at renderRootSync (/Users/leonardosaturnino/Documents/GitHub/token-dashboard/node_modules/react-dom/cjs/react-dom.development.js:22670:7)
          at performSyncWorkOnRoot (/Users/leonardosaturnino/Documents/GitHub/token-dashboard/node_modules/react-dom/cjs/react-dom.development.js:22293:18)
          at scheduleUpdateOnFiber (/Users/leonardosaturnino/Documents/GitHub/token-dashboard/node_modules/react-dom/cjs/react-dom.development.js:21881:7)
          at updateContainer (/Users/leonardosaturnino/Documents/GitHub/token-dashboard/node_modules/react-dom/cjs/react-dom.development.js:25482:3)
          at /Users/leonardosaturnino/Documents/GitHub/token-dashboard/node_modules/react-dom/cjs/react-dom.development.js:26021:7
          at unbatchedUpdates (/Users/leonardosaturnino/Documents/GitHub/token-dashboard/node_modules/react-dom/cjs/react-dom.development.js:22431:12)
          at legacyRenderSubtreeIntoContainer (/Users/leonardosaturnino/Documents/GitHub/token-dashboard/node_modules/react-dom/cjs/react-dom.development.js:26020:5)
          at Object.render (/Users/leonardosaturnino/Documents/GitHub/token-dashboard/node_modules/react-dom/cjs/react-dom.development.js:26103:10)
          at /Users/leonardosaturnino/Documents/GitHub/token-dashboard/node_modules/@testing-library/react/dist/pure.js:101:25
          at batchedUpdates$1 (/Users/leonardosaturnino/Documents/GitHub/token-dashboard/node_modules/react-dom/cjs/react-dom.development.js:22380:12)
          at act (/Users/leonardosaturnino/Documents/GitHub/token-dashboard/node_modules/react-dom/cjs/react-dom-test-utils.development.js:1042:14)
          at render (/Users/leonardosaturnino/Documents/GitHub/token-dashboard/node_modules/@testing-library/react/dist/pure.js:97:26)
          at Object.<anonymous> (/Users/leonardosaturnino/Documents/GitHub/token-dashboard/src/pages/tBTC/Bridge/Minting/__tests__/InitiateMinting.test.tsx:182:29)
          at Promise.then.completed (/Users/leonardosaturnino/Documents/GitHub/token-dashboard/node_modules/jest-circus/build/utils.js:276:28)
          at new Promise (<anonymous>)
          at callAsyncCircusFn (/Users/leonardosaturnino/Documents/GitHub/token-dashboard/node_modules/jest-circus/build/utils.js:216:10)
          at _callCircusTest (/Users/leonardosaturnino/Documents/GitHub/token-dashboard/node_modules/jest-circus/build/run.js:212:40)
          at processTicksAndRejections (node:internal/process/task_queues:105:5)
          at _runTest (/Users/leonardosaturnino/Documents/GitHub/token-dashboard/node_modules/jest-circus/build/run.js:149:3)
          at _runTestsForDescribeBlock (/Users/leonardosaturnino/Documents/GitHub/token-dashboard/node_modules/jest-circus/build/run.js:63:9)
          at _runTestsForDescribeBlock (/Users/leonardosaturnino/Documents/GitHub/token-dashboard/node_modules/jest-circus/build/run.js:57:9)
          at _runTestsForDescribeBlock (/Users/leonardosaturnino/Documents/GitHub/token-dashboard/node_modules/jest-circus/build/run.js:57:9)
          at run (/Users/leonardosaturnino/Documents/GitHub/token-dashboard/node_modules/jest-circus/build/run.js:25:3)
          at runAndTransformResultsToJestFormat (/Users/leonardosaturnino/Documents/GitHub/token-dashboard/node_modules/jest-circus/build/legacy-code-todo-rewrite/jestAdapterInit.js:176:21)
          at jestAdapter (/Users/leonardosaturnino/Documents/GitHub/token-dashboard/node_modules/jest-circus/build/legacy-code-todo-rewrite/jestAdapter.js:109:19)
          at runTestInternal (/Users/leonardosaturnino/Documents/GitHub/token-dashboard/node_modules/jest-runner/build/runTest.js:380:16)
          at runTest (/Users/leonardosaturnino/Documents/GitHub/token-dashboard/node_modules/jest-runner/build/runTest.js:472:34)
          at Object.worker (/Users/leonardosaturnino/Documents/GitHub/token-dashboard/node_modules/jest-runner/build/testWorker.js:133:12)

      at VirtualConsole.<anonymous> (node_modules/jsdom/lib/jsdom/virtual-console.js:29:45)
      at reportException (node_modules/jsdom/lib/jsdom/living/helpers/runtime-script-errors.js:70:28)
      at innerInvokeEventListeners (node_modules/jsdom/lib/jsdom/living/events/EventTarget-impl.js:341:9)
      at invokeEventListeners (node_modules/jsdom/lib/jsdom/living/events/EventTarget-impl.js:274:3)
      at HTMLUnknownElementImpl._dispatch (node_modules/jsdom/lib/jsdom/living/events/EventTarget-impl.js:221:9)
      at HTMLUnknownElementImpl.dispatchEvent (node_modules/jsdom/lib/jsdom/living/events/EventTarget-impl.js:94:17)
      at HTMLUnknownElement.dispatchEvent (node_modules/jsdom/lib/jsdom/living/generated/EventTarget.js:231:34)

    console.error
      The above error occurred in the <InitiateMintingComponent> component:
      
          at InitiateMintingComponent (/Users/leonardosaturnino/Documents/GitHub/token-dashboard/src/pages/tBTC/Bridge/Minting/InitiateMinting.tsx:25:9)
      
      Consider adding an error boundary to your tree to customize error handling behavior.
      Visit https://reactjs.org/link/error-boundaries to learn more about error boundaries.

      at logCapturedError (node_modules/react-dom/cjs/react-dom.development.js:20085:23)
      at update.callback (node_modules/react-dom/cjs/react-dom.development.js:20118:5)
      at callCallback (node_modules/react-dom/cjs/react-dom.development.js:12318:12)
      at commitUpdateQueue (node_modules/react-dom/cjs/react-dom.development.js:12339:9)
      at commitLifeCycles (node_modules/react-dom/cjs/react-dom.development.js:20736:11)
      at commitLayoutEffects (node_modules/react-dom/cjs/react-dom.development.js:23426:7)
      at HTMLUnknownElement.callCallback (node_modules/react-dom/cjs/react-dom.development.js:3945:14)
      at HTMLUnknownElement.callTheUserObjectsOperation (node_modules/jsdom/lib/jsdom/living/generated/EventListener.js:26:30)

    console.error
      Error: Uncaught [TypeError: Cannot destructure property 'closeModal' of '(0 , _useModal.useModal)(...)' as it is undefined.]
          at reportException (/Users/leonardosaturnino/Documents/GitHub/token-dashboard/node_modules/jsdom/lib/jsdom/living/helpers/runtime-script-errors.js:66:24)
          at innerInvokeEventListeners (/Users/leonardosaturnino/Documents/GitHub/token-dashboard/node_modules/jsdom/lib/jsdom/living/events/EventTarget-impl.js:341:9)
          at invokeEventListeners (/Users/leonardosaturnino/Documents/GitHub/token-dashboard/node_modules/jsdom/lib/jsdom/living/events/EventTarget-impl.js:274:3)
          at HTMLUnknownElementImpl._dispatch (/Users/leonardosaturnino/Documents/GitHub/token-dashboard/node_modules/jsdom/lib/jsdom/living/events/EventTarget-impl.js:221:9)
          at HTMLUnknownElementImpl.dispatchEvent (/Users/leonardosaturnino/Documents/GitHub/token-dashboard/node_modules/jsdom/lib/jsdom/living/events/EventTarget-impl.js:94:17)
          at HTMLUnknownElement.dispatchEvent (/Users/leonardosaturnino/Documents/GitHub/token-dashboard/node_modules/jsdom/lib/jsdom/living/generated/EventTarget.js:231:34)
          at Object.invokeGuardedCallbackDev (/Users/leonardosaturnino/Documents/GitHub/token-dashboard/node_modules/react-dom/cjs/react-dom.development.js:3994:16)
          at invokeGuardedCallback (/Users/leonardosaturnino/Documents/GitHub/token-dashboard/node_modules/react-dom/cjs/react-dom.development.js:4056:31)
          at beginWork$1 (/Users/leonardosaturnino/Documents/GitHub/token-dashboard/node_modules/react-dom/cjs/react-dom.development.js:23964:7)
          at performUnitOfWork (/Users/leonardosaturnino/Documents/GitHub/token-dashboard/node_modules/react-dom/cjs/react-dom.development.js:22779:12) TypeError: Cannot destructure property 'closeModal' of '(0 , _useModal.useModal)(...)' as it is undefined.
          at InitiateMintingComponent (/Users/leonardosaturnino/Documents/GitHub/token-dashboard/src/pages/tBTC/Bridge/Minting/InitiateMinting.tsx:28:11)
          at renderWithHooks (/Users/leonardosaturnino/Documents/GitHub/token-dashboard/node_modules/react-dom/cjs/react-dom.development.js:14985:18)
          at mountIndeterminateComponent (/Users/leonardosaturnino/Documents/GitHub/token-dashboard/node_modules/react-dom/cjs/react-dom.development.js:17811:13)
          at beginWork (/Users/leonardosaturnino/Documents/GitHub/token-dashboard/node_modules/react-dom/cjs/react-dom.development.js:19049:16)
          at HTMLUnknownElement.callCallback (/Users/leonardosaturnino/Documents/GitHub/token-dashboard/node_modules/react-dom/cjs/react-dom.development.js:3945:14)
          at HTMLUnknownElement.callTheUserObjectsOperation (/Users/leonardosaturnino/Documents/GitHub/token-dashboard/node_modules/jsdom/lib/jsdom/living/generated/EventListener.js:26:30)
          at innerInvokeEventListeners (/Users/leonardosaturnino/Documents/GitHub/token-dashboard/node_modules/jsdom/lib/jsdom/living/events/EventTarget-impl.js:338:25)
          at invokeEventListeners (/Users/leonardosaturnino/Documents/GitHub/token-dashboard/node_modules/jsdom/lib/jsdom/living/events/EventTarget-impl.js:274:3)
          at HTMLUnknownElementImpl._dispatch (/Users/leonardosaturnino/Documents/GitHub/token-dashboard/node_modules/jsdom/lib/jsdom/living/events/EventTarget-impl.js:221:9)
          at HTMLUnknownElementImpl.dispatchEvent (/Users/leonardosaturnino/Documents/GitHub/token-dashboard/node_modules/jsdom/lib/jsdom/living/events/EventTarget-impl.js:94:17)
          at HTMLUnknownElement.dispatchEvent (/Users/leonardosaturnino/Documents/GitHub/token-dashboard/node_modules/jsdom/lib/jsdom/living/generated/EventTarget.js:231:34)
          at Object.invokeGuardedCallbackDev (/Users/leonardosaturnino/Documents/GitHub/token-dashboard/node_modules/react-dom/cjs/react-dom.development.js:3994:16)
          at invokeGuardedCallback (/Users/leonardosaturnino/Documents/GitHub/token-dashboard/node_modules/react-dom/cjs/react-dom.development.js:4056:31)
          at beginWork$1 (/Users/leonardosaturnino/Documents/GitHub/token-dashboard/node_modules/react-dom/cjs/react-dom.development.js:23964:7)
          at performUnitOfWork (/Users/leonardosaturnino/Documents/GitHub/token-dashboard/node_modules/react-dom/cjs/react-dom.development.js:22779:12)
          at workLoopSync (/Users/leonardosaturnino/Documents/GitHub/token-dashboard/node_modules/react-dom/cjs/react-dom.development.js:22707:5)
          at renderRootSync (/Users/leonardosaturnino/Documents/GitHub/token-dashboard/node_modules/react-dom/cjs/react-dom.development.js:22670:7)
          at performSyncWorkOnRoot (/Users/leonardosaturnino/Documents/GitHub/token-dashboard/node_modules/react-dom/cjs/react-dom.development.js:22293:18)
          at scheduleUpdateOnFiber (/Users/leonardosaturnino/Documents/GitHub/token-dashboard/node_modules/react-dom/cjs/react-dom.development.js:21881:7)
          at updateContainer (/Users/leonardosaturnino/Documents/GitHub/token-dashboard/node_modules/react-dom/cjs/react-dom.development.js:25482:3)
          at /Users/leonardosaturnino/Documents/GitHub/token-dashboard/node_modules/react-dom/cjs/react-dom.development.js:26021:7
          at unbatchedUpdates (/Users/leonardosaturnino/Documents/GitHub/token-dashboard/node_modules/react-dom/cjs/react-dom.development.js:22431:12)
          at legacyRenderSubtreeIntoContainer (/Users/leonardosaturnino/Documents/GitHub/token-dashboard/node_modules/react-dom/cjs/react-dom.development.js:26020:5)
          at Object.render (/Users/leonardosaturnino/Documents/GitHub/token-dashboard/node_modules/react-dom/cjs/react-dom.development.js:26103:10)
          at /Users/leonardosaturnino/Documents/GitHub/token-dashboard/node_modules/@testing-library/react/dist/pure.js:101:25
          at batchedUpdates$1 (/Users/leonardosaturnino/Documents/GitHub/token-dashboard/node_modules/react-dom/cjs/react-dom.development.js:22380:12)
          at act (/Users/leonardosaturnino/Documents/GitHub/token-dashboard/node_modules/react-dom/cjs/react-dom-test-utils.development.js:1042:14)
          at render (/Users/leonardosaturnino/Documents/GitHub/token-dashboard/node_modules/@testing-library/react/dist/pure.js:97:26)
          at Object.<anonymous> (/Users/leonardosaturnino/Documents/GitHub/token-dashboard/src/pages/tBTC/Bridge/Minting/__tests__/InitiateMinting.test.tsx:215:29)
          at Promise.then.completed (/Users/leonardosaturnino/Documents/GitHub/token-dashboard/node_modules/jest-circus/build/utils.js:276:28)
          at new Promise (<anonymous>)
          at callAsyncCircusFn (/Users/leonardosaturnino/Documents/GitHub/token-dashboard/node_modules/jest-circus/build/utils.js:216:10)
          at _callCircusTest (/Users/leonardosaturnino/Documents/GitHub/token-dashboard/node_modules/jest-circus/build/run.js:212:40)
          at processTicksAndRejections (node:internal/process/task_queues:105:5)
          at _runTest (/Users/leonardosaturnino/Documents/GitHub/token-dashboard/node_modules/jest-circus/build/run.js:149:3)
          at _runTestsForDescribeBlock (/Users/leonardosaturnino/Documents/GitHub/token-dashboard/node_modules/jest-circus/build/run.js:63:9)
          at _runTestsForDescribeBlock (/Users/leonardosaturnino/Documents/GitHub/token-dashboard/node_modules/jest-circus/build/run.js:57:9)
          at _runTestsForDescribeBlock (/Users/leonardosaturnino/Documents/GitHub/token-dashboard/node_modules/jest-circus/build/run.js:57:9)
          at run (/Users/leonardosaturnino/Documents/GitHub/token-dashboard/node_modules/jest-circus/build/run.js:25:3)
          at runAndTransformResultsToJestFormat (/Users/leonardosaturnino/Documents/GitHub/token-dashboard/node_modules/jest-circus/build/legacy-code-todo-rewrite/jestAdapterInit.js:176:21)
          at jestAdapter (/Users/leonardosaturnino/Documents/GitHub/token-dashboard/node_modules/jest-circus/build/legacy-code-todo-rewrite/jestAdapter.js:109:19)
          at runTestInternal (/Users/leonardosaturnino/Documents/GitHub/token-dashboard/node_modules/jest-runner/build/runTest.js:380:16)
          at runTest (/Users/leonardosaturnino/Documents/GitHub/token-dashboard/node_modules/jest-runner/build/runTest.js:472:34)
          at Object.worker (/Users/leonardosaturnino/Documents/GitHub/token-dashboard/node_modules/jest-runner/build/testWorker.js:133:12)

      at VirtualConsole.<anonymous> (node_modules/jsdom/lib/jsdom/virtual-console.js:29:45)
      at reportException (node_modules/jsdom/lib/jsdom/living/helpers/runtime-script-errors.js:70:28)
      at innerInvokeEventListeners (node_modules/jsdom/lib/jsdom/living/events/EventTarget-impl.js:341:9)
      at invokeEventListeners (node_modules/jsdom/lib/jsdom/living/events/EventTarget-impl.js:274:3)
      at HTMLUnknownElementImpl._dispatch (node_modules/jsdom/lib/jsdom/living/events/EventTarget-impl.js:221:9)
      at HTMLUnknownElementImpl.dispatchEvent (node_modules/jsdom/lib/jsdom/living/events/EventTarget-impl.js:94:17)
      at HTMLUnknownElement.dispatchEvent (node_modules/jsdom/lib/jsdom/living/generated/EventTarget.js:231:34)

    console.error
      The above error occurred in the <InitiateMintingComponent> component:
      
          at InitiateMintingComponent (/Users/leonardosaturnino/Documents/GitHub/token-dashboard/src/pages/tBTC/Bridge/Minting/InitiateMinting.tsx:25:9)
      
      Consider adding an error boundary to your tree to customize error handling behavior.
      Visit https://reactjs.org/link/error-boundaries to learn more about error boundaries.

      at logCapturedError (node_modules/react-dom/cjs/react-dom.development.js:20085:23)
      at update.callback (node_modules/react-dom/cjs/react-dom.development.js:20118:5)
      at callCallback (node_modules/react-dom/cjs/react-dom.development.js:12318:12)
      at commitUpdateQueue (node_modules/react-dom/cjs/react-dom.development.js:12339:9)
      at commitLifeCycles (node_modules/react-dom/cjs/react-dom.development.js:20736:11)
      at commitLayoutEffects (node_modules/react-dom/cjs/react-dom.development.js:23426:7)
      at HTMLUnknownElement.callCallback (node_modules/react-dom/cjs/react-dom.development.js:3945:14)
      at HTMLUnknownElement.callTheUserObjectsOperation (node_modules/jsdom/lib/jsdom/living/generated/EventListener.js:26:30)

  ● InitiateMinting StarkNet Support › TDD - Expected StarkNet behavior › should show StarkNet-specific UI content when it's a StarkNet deposit

    TypeError: Cannot destructure property 'closeModal' of '(0 , _useModal.useModal)(...)' as it is undefined.

      26 |   const { tBTCMintAmount, updateState } = useTbtcState()
      27 |   const threshold = useThreshold()
    > 28 |   const { closeModal } = useModal()
         |           ^
      29 |   const { isNonEVMActive, nonEVMChainName } = useNonEVMConnection()
      30 |
      31 |   const isStarkNetDeposit =

      at InitiateMintingComponent (src/pages/tBTC/Bridge/Minting/InitiateMinting.tsx:28:11)
      at renderWithHooks (node_modules/react-dom/cjs/react-dom.development.js:14985:18)
      at mountIndeterminateComponent (node_modules/react-dom/cjs/react-dom.development.js:17811:13)
      at beginWork (node_modules/react-dom/cjs/react-dom.development.js:19049:16)
      at HTMLUnknownElement.callCallback (node_modules/react-dom/cjs/react-dom.development.js:3945:14)
      at HTMLUnknownElement.callTheUserObjectsOperation (node_modules/jsdom/lib/jsdom/living/generated/EventListener.js:26:30)
      at innerInvokeEventListeners (node_modules/jsdom/lib/jsdom/living/events/EventTarget-impl.js:338:25)
      at invokeEventListeners (node_modules/jsdom/lib/jsdom/living/events/EventTarget-impl.js:274:3)
      at HTMLUnknownElementImpl._dispatch (node_modules/jsdom/lib/jsdom/living/events/EventTarget-impl.js:221:9)
      at HTMLUnknownElementImpl.dispatchEvent (node_modules/jsdom/lib/jsdom/living/events/EventTarget-impl.js:94:17)
      at HTMLUnknownElement.dispatchEvent (node_modules/jsdom/lib/jsdom/living/generated/EventTarget.js:231:34)
      at Object.invokeGuardedCallbackDev (node_modules/react-dom/cjs/react-dom.development.js:3994:16)
      at invokeGuardedCallback (node_modules/react-dom/cjs/react-dom.development.js:4056:31)
      at beginWork$1 (node_modules/react-dom/cjs/react-dom.development.js:23964:7)
      at performUnitOfWork (node_modules/react-dom/cjs/react-dom.development.js:22779:12)
      at workLoopSync (node_modules/react-dom/cjs/react-dom.development.js:22707:5)
      at renderRootSync (node_modules/react-dom/cjs/react-dom.development.js:22670:7)
      at performSyncWorkOnRoot (node_modules/react-dom/cjs/react-dom.development.js:22293:18)
      at scheduleUpdateOnFiber (node_modules/react-dom/cjs/react-dom.development.js:21881:7)
      at updateContainer (node_modules/react-dom/cjs/react-dom.development.js:25482:3)
      at node_modules/react-dom/cjs/react-dom.development.js:26021:7
      at unbatchedUpdates (node_modules/react-dom/cjs/react-dom.development.js:22431:12)
      at legacyRenderSubtreeIntoContainer (node_modules/react-dom/cjs/react-dom.development.js:26020:5)
      at Object.render (node_modules/react-dom/cjs/react-dom.development.js:26103:10)
      at node_modules/@testing-library/react/dist/pure.js:101:25
      at batchedUpdates$1 (node_modules/react-dom/cjs/react-dom.development.js:22380:12)
      at act (node_modules/react-dom/cjs/react-dom-test-utils.development.js:1042:14)
      at render (node_modules/@testing-library/react/dist/pure.js:97:26)
      at Object.<anonymous> (src/pages/tBTC/Bridge/Minting/__tests__/InitiateMinting.test.tsx:116:29)

  ● InitiateMinting StarkNet Support › TDD - Expected StarkNet behavior › should show standard minting UI for non-StarkNet deposits

    TypeError: Cannot destructure property 'closeModal' of '(0 , _useModal.useModal)(...)' as it is undefined.

      26 |   const { tBTCMintAmount, updateState } = useTbtcState()
      27 |   const threshold = useThreshold()
    > 28 |   const { closeModal } = useModal()
         |           ^
      29 |   const { isNonEVMActive, nonEVMChainName } = useNonEVMConnection()
      30 |
      31 |   const isStarkNetDeposit =

      at InitiateMintingComponent (src/pages/tBTC/Bridge/Minting/InitiateMinting.tsx:28:11)
      at renderWithHooks (node_modules/react-dom/cjs/react-dom.development.js:14985:18)
      at mountIndeterminateComponent (node_modules/react-dom/cjs/react-dom.development.js:17811:13)
      at beginWork (node_modules/react-dom/cjs/react-dom.development.js:19049:16)
      at HTMLUnknownElement.callCallback (node_modules/react-dom/cjs/react-dom.development.js:3945:14)
      at HTMLUnknownElement.callTheUserObjectsOperation (node_modules/jsdom/lib/jsdom/living/generated/EventListener.js:26:30)
      at innerInvokeEventListeners (node_modules/jsdom/lib/jsdom/living/events/EventTarget-impl.js:338:25)
      at invokeEventListeners (node_modules/jsdom/lib/jsdom/living/events/EventTarget-impl.js:274:3)
      at HTMLUnknownElementImpl._dispatch (node_modules/jsdom/lib/jsdom/living/events/EventTarget-impl.js:221:9)
      at HTMLUnknownElementImpl.dispatchEvent (node_modules/jsdom/lib/jsdom/living/events/EventTarget-impl.js:94:17)
      at HTMLUnknownElement.dispatchEvent (node_modules/jsdom/lib/jsdom/living/generated/EventTarget.js:231:34)
      at Object.invokeGuardedCallbackDev (node_modules/react-dom/cjs/react-dom.development.js:3994:16)
      at invokeGuardedCallback (node_modules/react-dom/cjs/react-dom.development.js:4056:31)
      at beginWork$1 (node_modules/react-dom/cjs/react-dom.development.js:23964:7)
      at performUnitOfWork (node_modules/react-dom/cjs/react-dom.development.js:22779:12)
      at workLoopSync (node_modules/react-dom/cjs/react-dom.development.js:22707:5)
      at renderRootSync (node_modules/react-dom/cjs/react-dom.development.js:22670:7)
      at performSyncWorkOnRoot (node_modules/react-dom/cjs/react-dom.development.js:22293:18)
      at scheduleUpdateOnFiber (node_modules/react-dom/cjs/react-dom.development.js:21881:7)
      at updateContainer (node_modules/react-dom/cjs/react-dom.development.js:25482:3)
      at node_modules/react-dom/cjs/react-dom.development.js:26021:7
      at unbatchedUpdates (node_modules/react-dom/cjs/react-dom.development.js:22431:12)
      at legacyRenderSubtreeIntoContainer (node_modules/react-dom/cjs/react-dom.development.js:26020:5)
      at Object.render (node_modules/react-dom/cjs/react-dom.development.js:26103:10)
      at node_modules/@testing-library/react/dist/pure.js:101:25
      at batchedUpdates$1 (node_modules/react-dom/cjs/react-dom.development.js:22380:12)
      at act (node_modules/react-dom/cjs/react-dom-test-utils.development.js:1042:14)
      at render (node_modules/@testing-library/react/dist/pure.js:97:26)
      at Object.<anonymous> (src/pages/tBTC/Bridge/Minting/__tests__/InitiateMinting.test.tsx:149:42)

  ● InitiateMinting StarkNet Support › TDD - Expected StarkNet behavior › should display cross-chain bridging explanation for StarkNet

    TypeError: Cannot destructure property 'closeModal' of '(0 , _useModal.useModal)(...)' as it is undefined.

      26 |   const { tBTCMintAmount, updateState } = useTbtcState()
      27 |   const threshold = useThreshold()
    > 28 |   const { closeModal } = useModal()
         |           ^
      29 |   const { isNonEVMActive, nonEVMChainName } = useNonEVMConnection()
      30 |
      31 |   const isStarkNetDeposit =

      at InitiateMintingComponent (src/pages/tBTC/Bridge/Minting/InitiateMinting.tsx:28:11)
      at renderWithHooks (node_modules/react-dom/cjs/react-dom.development.js:14985:18)
      at mountIndeterminateComponent (node_modules/react-dom/cjs/react-dom.development.js:17811:13)
      at beginWork (node_modules/react-dom/cjs/react-dom.development.js:19049:16)
      at HTMLUnknownElement.callCallback (node_modules/react-dom/cjs/react-dom.development.js:3945:14)
      at HTMLUnknownElement.callTheUserObjectsOperation (node_modules/jsdom/lib/jsdom/living/generated/EventListener.js:26:30)
      at innerInvokeEventListeners (node_modules/jsdom/lib/jsdom/living/events/EventTarget-impl.js:338:25)
      at invokeEventListeners (node_modules/jsdom/lib/jsdom/living/events/EventTarget-impl.js:274:3)
      at HTMLUnknownElementImpl._dispatch (node_modules/jsdom/lib/jsdom/living/events/EventTarget-impl.js:221:9)
      at HTMLUnknownElementImpl.dispatchEvent (node_modules/jsdom/lib/jsdom/living/events/EventTarget-impl.js:94:17)
      at HTMLUnknownElement.dispatchEvent (node_modules/jsdom/lib/jsdom/living/generated/EventTarget.js:231:34)
      at Object.invokeGuardedCallbackDev (node_modules/react-dom/cjs/react-dom.development.js:3994:16)
      at invokeGuardedCallback (node_modules/react-dom/cjs/react-dom.development.js:4056:31)
      at beginWork$1 (node_modules/react-dom/cjs/react-dom.development.js:23964:7)
      at performUnitOfWork (node_modules/react-dom/cjs/react-dom.development.js:22779:12)
      at workLoopSync (node_modules/react-dom/cjs/react-dom.development.js:22707:5)
      at renderRootSync (node_modules/react-dom/cjs/react-dom.development.js:22670:7)
      at performSyncWorkOnRoot (node_modules/react-dom/cjs/react-dom.development.js:22293:18)
      at scheduleUpdateOnFiber (node_modules/react-dom/cjs/react-dom.development.js:21881:7)
      at updateContainer (node_modules/react-dom/cjs/react-dom.development.js:25482:3)
      at node_modules/react-dom/cjs/react-dom.development.js:26021:7
      at unbatchedUpdates (node_modules/react-dom/cjs/react-dom.development.js:22431:12)
      at legacyRenderSubtreeIntoContainer (node_modules/react-dom/cjs/react-dom.development.js:26020:5)
      at Object.render (node_modules/react-dom/cjs/react-dom.development.js:26103:10)
      at node_modules/@testing-library/react/dist/pure.js:101:25
      at batchedUpdates$1 (node_modules/react-dom/cjs/react-dom.development.js:22380:12)
      at act (node_modules/react-dom/cjs/react-dom-test-utils.development.js:1042:14)
      at render (node_modules/@testing-library/react/dist/pure.js:97:26)
      at Object.<anonymous> (src/pages/tBTC/Bridge/Minting/__tests__/InitiateMinting.test.tsx:182:29)

  ● InitiateMinting StarkNet Support › TDD - Expected StarkNet behavior › should show proper button text for StarkNet

    TypeError: Cannot destructure property 'closeModal' of '(0 , _useModal.useModal)(...)' as it is undefined.

      26 |   const { tBTCMintAmount, updateState } = useTbtcState()
      27 |   const threshold = useThreshold()
    > 28 |   const { closeModal } = useModal()
         |           ^
      29 |   const { isNonEVMActive, nonEVMChainName } = useNonEVMConnection()
      30 |
      31 |   const isStarkNetDeposit =

      at InitiateMintingComponent (src/pages/tBTC/Bridge/Minting/InitiateMinting.tsx:28:11)
      at renderWithHooks (node_modules/react-dom/cjs/react-dom.development.js:14985:18)
      at mountIndeterminateComponent (node_modules/react-dom/cjs/react-dom.development.js:17811:13)
      at beginWork (node_modules/react-dom/cjs/react-dom.development.js:19049:16)
      at HTMLUnknownElement.callCallback (node_modules/react-dom/cjs/react-dom.development.js:3945:14)
      at HTMLUnknownElement.callTheUserObjectsOperation (node_modules/jsdom/lib/jsdom/living/generated/EventListener.js:26:30)
      at innerInvokeEventListeners (node_modules/jsdom/lib/jsdom/living/events/EventTarget-impl.js:338:25)
      at invokeEventListeners (node_modules/jsdom/lib/jsdom/living/events/EventTarget-impl.js:274:3)
      at HTMLUnknownElementImpl._dispatch (node_modules/jsdom/lib/jsdom/living/events/EventTarget-impl.js:221:9)
      at HTMLUnknownElementImpl.dispatchEvent (node_modules/jsdom/lib/jsdom/living/events/EventTarget-impl.js:94:17)
      at HTMLUnknownElement.dispatchEvent (node_modules/jsdom/lib/jsdom/living/generated/EventTarget.js:231:34)
      at Object.invokeGuardedCallbackDev (node_modules/react-dom/cjs/react-dom.development.js:3994:16)
      at invokeGuardedCallback (node_modules/react-dom/cjs/react-dom.development.js:4056:31)
      at beginWork$1 (node_modules/react-dom/cjs/react-dom.development.js:23964:7)
      at performUnitOfWork (node_modules/react-dom/cjs/react-dom.development.js:22779:12)
      at workLoopSync (node_modules/react-dom/cjs/react-dom.development.js:22707:5)
      at renderRootSync (node_modules/react-dom/cjs/react-dom.development.js:22670:7)
      at performSyncWorkOnRoot (node_modules/react-dom/cjs/react-dom.development.js:22293:18)
      at scheduleUpdateOnFiber (node_modules/react-dom/cjs/react-dom.development.js:21881:7)
      at updateContainer (node_modules/react-dom/cjs/react-dom.development.js:25482:3)
      at node_modules/react-dom/cjs/react-dom.development.js:26021:7
      at unbatchedUpdates (node_modules/react-dom/cjs/react-dom.development.js:22431:12)
      at legacyRenderSubtreeIntoContainer (node_modules/react-dom/cjs/react-dom.development.js:26020:5)
      at Object.render (node_modules/react-dom/cjs/react-dom.development.js:26103:10)
      at node_modules/@testing-library/react/dist/pure.js:101:25
      at batchedUpdates$1 (node_modules/react-dom/cjs/react-dom.development.js:22380:12)
      at act (node_modules/react-dom/cjs/react-dom-test-utils.development.js:1042:14)
      at render (node_modules/@testing-library/react/dist/pure.js:97:26)
      at Object.<anonymous> (src/pages/tBTC/Bridge/Minting/__tests__/InitiateMinting.test.tsx:215:29)

PASS src/web3/hooks/__tests__/useSubscribeToContractEvent.test.ts
PASS src/threshold-ts/vending-machine/__tests__/vending-machine.test.ts
PASS src/web3/hooks/__tests__/useVendingMachineRatio.test.ts
PASS src/pages/tBTC/Bridge/__tests__/DepositDetails.StarkNet.test.tsx
PASS src/threshold-ts/types/__tests__/types.test.ts
PASS src/web3/hooks/__tests__/useSubscribeToERC20TransferEvent.test.ts
  ● Console

    console.log
      Received KEEP.Transfer event {
        from: '0x407C3329eA8f6BEFB984D97AE4Fa71945E43170b',
        to: '0x086813525A7dC7dafFf015Cdf03896Fd276eab60',
        amount: '10000000000000000000'
      }

      at Object.current (src/web3/hooks/useSubscribeToERC20TransferEvent.ts:24:17)

    console.log
      Received KEEP.Transfer event {
        from: '0x086813525A7dC7dafFf015Cdf03896Fd276eab60',
        to: '0xB16c8252091599dBA492D51d845caDa42b7915C1',
        amount: '10000000000000000000'
      }

      at Object.current (src/web3/hooks/useSubscribeToERC20TransferEvent.ts:24:17)

PASS src/hooks/__tests__/useTConvertedAmount.test.ts
PASS src/web3/hooks/__tests__/useUpgradeToT.test.ts
PASS src/pages/tBTC/Bridge/components/__tests__/MintingTransactionDetails.test.tsx
PASS src/hooks/__tests__/useLocalStorage.test.ts
PASS src/hooks/__tests__/useStarknetConnection.test.ts
FAIL src/threshold-ts/multicall/__test__/multicall.test.ts
  ● Multicall test › should throw an error if pass unsupported chain id to constructor

    expect(received).toThrowError(expected)

    Expected substring: "Unsupported chain id"

    Received function did not throw

      48 |     expect(() => {
      49 |       new Multicall({ chainId: 123456, providerOrSigner: mockProvider })
    > 50 |     }).toThrowError("Unsupported chain id")
         |        ^
      51 |   })
      52 |
      53 |   test("should agregate contract calls into a single result", async () => {

      at Object.<anonymous> (src/threshold-ts/multicall/__test__/multicall.test.ts:50:8)

PASS src/hooks/__tests__/useTExchangeRate.test.ts
PASS src/networks/utils/__tests__/getChainIdToNetworkName.test.ts
PASS src/utils/__tests__/formatTokenAmount.test.ts
PASS src/utils/__tests__/tbtcStarknetHelpers.test.ts
PASS src/utils/__tests__/shortenAddress.test.ts
FAIL src/utils/__tests__/getStakingAppLabel.test.ts
  ● Staking app label utils tests › returns correct app label if app address is given

    Invalid hook call. Hooks can only be called inside of the body of a function component. This could happen for one of the following reasons:
    1. You might have mismatching versions of React and the renderer (such as React DOM)
    2. You might be breaking the Rules of Hooks
    3. You might have more than one copy of React in the same app
    See https://reactjs.org/link/invalid-hook-call for tips about how to debug and fix this problem.

      33 |
      34 | export const useThreshold = () => {
    > 35 |   return useContext(ThresholdContext)
         |          ^
      36 | }
      37 |
      38 | /**

      at resolveDispatcher (node_modules/react/cjs/react.development.js:1476:13)
      at useContext (node_modules/react/cjs/react.development.js:1484:20)
      at useThreshold (src/contexts/ThresholdContext.tsx:35:10)
      at getStakingAppNameFromAppAddress (src/utils/getStakingAppLabel.ts:11:21)
      at getStakingAppLabelFromAppAddress (src/utils/getStakingAppLabel.ts:40:19)
      at Object.<anonymous> (src/utils/__tests__/getStakingAppLabel.test.ts:30:29)

  ● Staking app label utils tests › returns correct app name if address is given

    Invalid hook call. Hooks can only be called inside of the body of a function component. This could happen for one of the following reasons:
    1. You might have mismatching versions of React and the renderer (such as React DOM)
    2. You might be breaking the Rules of Hooks
    3. You might have more than one copy of React in the same app
    See https://reactjs.org/link/invalid-hook-call for tips about how to debug and fix this problem.

      33 |
      34 | export const useThreshold = () => {
    > 35 |   return useContext(ThresholdContext)
         |          ^
      36 | }
      37 |
      38 | /**

      at resolveDispatcher (node_modules/react/cjs/react.development.js:1476:13)
      at useContext (node_modules/react/cjs/react.development.js:1484:20)
      at useThreshold (src/contexts/ThresholdContext.tsx:35:10)
      at getStakingAppNameFromAppAddress (src/utils/getStakingAppLabel.ts:11:21)
      at Object.<anonymous> (src/utils/__tests__/getStakingAppLabel.test.ts:59:28)

FAIL src/pages/tBTC/Bridge/__tests__/DepositDetails.test.tsx
  ● Console

    console.error
      Error: Uncaught [TypeError: Cannot destructure property 'depositKey' of '(0 , _reactRouter.useParams)(...)' as it is undefined.]
          at reportException (/Users/leonardosaturnino/Documents/GitHub/token-dashboard/node_modules/jsdom/lib/jsdom/living/helpers/runtime-script-errors.js:66:24)
          at innerInvokeEventListeners (/Users/leonardosaturnino/Documents/GitHub/token-dashboard/node_modules/jsdom/lib/jsdom/living/events/EventTarget-impl.js:341:9)
          at invokeEventListeners (/Users/leonardosaturnino/Documents/GitHub/token-dashboard/node_modules/jsdom/lib/jsdom/living/events/EventTarget-impl.js:274:3)
          at HTMLUnknownElementImpl._dispatch (/Users/leonardosaturnino/Documents/GitHub/token-dashboard/node_modules/jsdom/lib/jsdom/living/events/EventTarget-impl.js:221:9)
          at HTMLUnknownElementImpl.dispatchEvent (/Users/leonardosaturnino/Documents/GitHub/token-dashboard/node_modules/jsdom/lib/jsdom/living/events/EventTarget-impl.js:94:17)
          at HTMLUnknownElement.dispatchEvent (/Users/leonardosaturnino/Documents/GitHub/token-dashboard/node_modules/jsdom/lib/jsdom/living/generated/EventTarget.js:231:34)
          at Object.invokeGuardedCallbackDev (/Users/leonardosaturnino/Documents/GitHub/token-dashboard/node_modules/react-dom/cjs/react-dom.development.js:3994:16)
          at invokeGuardedCallback (/Users/leonardosaturnino/Documents/GitHub/token-dashboard/node_modules/react-dom/cjs/react-dom.development.js:4056:31)
          at beginWork$1 (/Users/leonardosaturnino/Documents/GitHub/token-dashboard/node_modules/react-dom/cjs/react-dom.development.js:23964:7)
          at performUnitOfWork (/Users/leonardosaturnino/Documents/GitHub/token-dashboard/node_modules/react-dom/cjs/react-dom.development.js:22779:12) TypeError: Cannot destructure property 'depositKey' of '(0 , _reactRouter.useParams)(...)' as it is undefined.
          at DepositDetails (/Users/leonardosaturnino/Documents/GitHub/token-dashboard/src/pages/tBTC/Bridge/DepositDetails.tsx:81:11)
          at renderWithHooks (/Users/leonardosaturnino/Documents/GitHub/token-dashboard/node_modules/react-dom/cjs/react-dom.development.js:14985:18)
          at mountIndeterminateComponent (/Users/leonardosaturnino/Documents/GitHub/token-dashboard/node_modules/react-dom/cjs/react-dom.development.js:17811:13)
          at beginWork (/Users/leonardosaturnino/Documents/GitHub/token-dashboard/node_modules/react-dom/cjs/react-dom.development.js:19049:16)
          at HTMLUnknownElement.callCallback (/Users/leonardosaturnino/Documents/GitHub/token-dashboard/node_modules/react-dom/cjs/react-dom.development.js:3945:14)
          at HTMLUnknownElement.callTheUserObjectsOperation (/Users/leonardosaturnino/Documents/GitHub/token-dashboard/node_modules/jsdom/lib/jsdom/living/generated/EventListener.js:26:30)
          at innerInvokeEventListeners (/Users/leonardosaturnino/Documents/GitHub/token-dashboard/node_modules/jsdom/lib/jsdom/living/events/EventTarget-impl.js:338:25)
          at invokeEventListeners (/Users/leonardosaturnino/Documents/GitHub/token-dashboard/node_modules/jsdom/lib/jsdom/living/events/EventTarget-impl.js:274:3)
          at HTMLUnknownElementImpl._dispatch (/Users/leonardosaturnino/Documents/GitHub/token-dashboard/node_modules/jsdom/lib/jsdom/living/events/EventTarget-impl.js:221:9)
          at HTMLUnknownElementImpl.dispatchEvent (/Users/leonardosaturnino/Documents/GitHub/token-dashboard/node_modules/jsdom/lib/jsdom/living/events/EventTarget-impl.js:94:17)
          at HTMLUnknownElement.dispatchEvent (/Users/leonardosaturnino/Documents/GitHub/token-dashboard/node_modules/jsdom/lib/jsdom/living/generated/EventTarget.js:231:34)
          at Object.invokeGuardedCallbackDev (/Users/leonardosaturnino/Documents/GitHub/token-dashboard/node_modules/react-dom/cjs/react-dom.development.js:3994:16)
          at invokeGuardedCallback (/Users/leonardosaturnino/Documents/GitHub/token-dashboard/node_modules/react-dom/cjs/react-dom.development.js:4056:31)
          at beginWork$1 (/Users/leonardosaturnino/Documents/GitHub/token-dashboard/node_modules/react-dom/cjs/react-dom.development.js:23964:7)
          at performUnitOfWork (/Users/leonardosaturnino/Documents/GitHub/token-dashboard/node_modules/react-dom/cjs/react-dom.development.js:22779:12)
          at workLoopSync (/Users/leonardosaturnino/Documents/GitHub/token-dashboard/node_modules/react-dom/cjs/react-dom.development.js:22707:5)
          at renderRootSync (/Users/leonardosaturnino/Documents/GitHub/token-dashboard/node_modules/react-dom/cjs/react-dom.development.js:22670:7)
          at performSyncWorkOnRoot (/Users/leonardosaturnino/Documents/GitHub/token-dashboard/node_modules/react-dom/cjs/react-dom.development.js:22293:18)
          at scheduleUpdateOnFiber (/Users/leonardosaturnino/Documents/GitHub/token-dashboard/node_modules/react-dom/cjs/react-dom.development.js:21881:7)
          at updateContainer (/Users/leonardosaturnino/Documents/GitHub/token-dashboard/node_modules/react-dom/cjs/react-dom.development.js:25482:3)
          at /Users/leonardosaturnino/Documents/GitHub/token-dashboard/node_modules/react-dom/cjs/react-dom.development.js:26021:7
          at unbatchedUpdates (/Users/leonardosaturnino/Documents/GitHub/token-dashboard/node_modules/react-dom/cjs/react-dom.development.js:22431:12)
          at legacyRenderSubtreeIntoContainer (/Users/leonardosaturnino/Documents/GitHub/token-dashboard/node_modules/react-dom/cjs/react-dom.development.js:26020:5)
          at Object.render (/Users/leonardosaturnino/Documents/GitHub/token-dashboard/node_modules/react-dom/cjs/react-dom.development.js:26103:10)
          at /Users/leonardosaturnino/Documents/GitHub/token-dashboard/node_modules/@testing-library/react/dist/pure.js:101:25
          at batchedUpdates$1 (/Users/leonardosaturnino/Documents/GitHub/token-dashboard/node_modules/react-dom/cjs/react-dom.development.js:22380:12)
          at act (/Users/leonardosaturnino/Documents/GitHub/token-dashboard/node_modules/react-dom/cjs/react-dom-test-utils.development.js:1042:14)
          at render (/Users/leonardosaturnino/Documents/GitHub/token-dashboard/node_modules/@testing-library/react/dist/pure.js:97:26)
          at Object.<anonymous> (/Users/leonardosaturnino/Documents/GitHub/token-dashboard/src/pages/tBTC/Bridge/__tests__/DepositDetails.test.tsx:100:27)
          at Promise.then.completed (/Users/leonardosaturnino/Documents/GitHub/token-dashboard/node_modules/jest-circus/build/utils.js:276:28)
          at new Promise (<anonymous>)
          at callAsyncCircusFn (/Users/leonardosaturnino/Documents/GitHub/token-dashboard/node_modules/jest-circus/build/utils.js:216:10)
          at _callCircusTest (/Users/leonardosaturnino/Documents/GitHub/token-dashboard/node_modules/jest-circus/build/run.js:212:40)
          at processTicksAndRejections (node:internal/process/task_queues:105:5)
          at _runTest (/Users/leonardosaturnino/Documents/GitHub/token-dashboard/node_modules/jest-circus/build/run.js:149:3)
          at _runTestsForDescribeBlock (/Users/leonardosaturnino/Documents/GitHub/token-dashboard/node_modules/jest-circus/build/run.js:63:9)
          at _runTestsForDescribeBlock (/Users/leonardosaturnino/Documents/GitHub/token-dashboard/node_modules/jest-circus/build/run.js:57:9)
          at run (/Users/leonardosaturnino/Documents/GitHub/token-dashboard/node_modules/jest-circus/build/run.js:25:3)
          at runAndTransformResultsToJestFormat (/Users/leonardosaturnino/Documents/GitHub/token-dashboard/node_modules/jest-circus/build/legacy-code-todo-rewrite/jestAdapterInit.js:176:21)
          at jestAdapter (/Users/leonardosaturnino/Documents/GitHub/token-dashboard/node_modules/jest-circus/build/legacy-code-todo-rewrite/jestAdapter.js:109:19)
          at runTestInternal (/Users/leonardosaturnino/Documents/GitHub/token-dashboard/node_modules/jest-runner/build/runTest.js:380:16)
          at runTest (/Users/leonardosaturnino/Documents/GitHub/token-dashboard/node_modules/jest-runner/build/runTest.js:472:34)
          at Object.worker (/Users/leonardosaturnino/Documents/GitHub/token-dashboard/node_modules/jest-runner/build/testWorker.js:133:12)

      at VirtualConsole.<anonymous> (node_modules/jsdom/lib/jsdom/virtual-console.js:29:45)
      at reportException (node_modules/jsdom/lib/jsdom/living/helpers/runtime-script-errors.js:70:28)
      at innerInvokeEventListeners (node_modules/jsdom/lib/jsdom/living/events/EventTarget-impl.js:341:9)
      at invokeEventListeners (node_modules/jsdom/lib/jsdom/living/events/EventTarget-impl.js:274:3)
      at HTMLUnknownElementImpl._dispatch (node_modules/jsdom/lib/jsdom/living/events/EventTarget-impl.js:221:9)
      at HTMLUnknownElementImpl.dispatchEvent (node_modules/jsdom/lib/jsdom/living/events/EventTarget-impl.js:94:17)
      at HTMLUnknownElement.dispatchEvent (node_modules/jsdom/lib/jsdom/living/generated/EventTarget.js:231:34)

    console.error
      The above error occurred in the <DepositDetails> component:
      
          at DepositDetails (/Users/leonardosaturnino/Documents/GitHub/token-dashboard/src/pages/tBTC/Bridge/DepositDetails.tsx:81:11)
          at Provider (/Users/leonardosaturnino/Documents/GitHub/token-dashboard/node_modules/react-redux/lib/components/Provider.js:21:20)
      
      Consider adding an error boundary to your tree to customize error handling behavior.
      Visit https://reactjs.org/link/error-boundaries to learn more about error boundaries.

      at logCapturedError (node_modules/react-dom/cjs/react-dom.development.js:20085:23)
      at update.callback (node_modules/react-dom/cjs/react-dom.development.js:20118:5)
      at callCallback (node_modules/react-dom/cjs/react-dom.development.js:12318:12)
      at commitUpdateQueue (node_modules/react-dom/cjs/react-dom.development.js:12339:9)
      at commitLifeCycles (node_modules/react-dom/cjs/react-dom.development.js:20736:11)
      at commitLayoutEffects (node_modules/react-dom/cjs/react-dom.development.js:23426:7)
      at HTMLUnknownElement.callCallback (node_modules/react-dom/cjs/react-dom.development.js:3945:14)
      at HTMLUnknownElement.callTheUserObjectsOperation (node_modules/jsdom/lib/jsdom/living/generated/EventListener.js:26:30)

    console.error
      Error: Uncaught [TypeError: Cannot destructure property 'depositKey' of '(0 , _reactRouter.useParams)(...)' as it is undefined.]
          at reportException (/Users/leonardosaturnino/Documents/GitHub/token-dashboard/node_modules/jsdom/lib/jsdom/living/helpers/runtime-script-errors.js:66:24)
          at innerInvokeEventListeners (/Users/leonardosaturnino/Documents/GitHub/token-dashboard/node_modules/jsdom/lib/jsdom/living/events/EventTarget-impl.js:341:9)
          at invokeEventListeners (/Users/leonardosaturnino/Documents/GitHub/token-dashboard/node_modules/jsdom/lib/jsdom/living/events/EventTarget-impl.js:274:3)
          at HTMLUnknownElementImpl._dispatch (/Users/leonardosaturnino/Documents/GitHub/token-dashboard/node_modules/jsdom/lib/jsdom/living/events/EventTarget-impl.js:221:9)
          at HTMLUnknownElementImpl.dispatchEvent (/Users/leonardosaturnino/Documents/GitHub/token-dashboard/node_modules/jsdom/lib/jsdom/living/events/EventTarget-impl.js:94:17)
          at HTMLUnknownElement.dispatchEvent (/Users/leonardosaturnino/Documents/GitHub/token-dashboard/node_modules/jsdom/lib/jsdom/living/generated/EventTarget.js:231:34)
          at Object.invokeGuardedCallbackDev (/Users/leonardosaturnino/Documents/GitHub/token-dashboard/node_modules/react-dom/cjs/react-dom.development.js:3994:16)
          at invokeGuardedCallback (/Users/leonardosaturnino/Documents/GitHub/token-dashboard/node_modules/react-dom/cjs/react-dom.development.js:4056:31)
          at beginWork$1 (/Users/leonardosaturnino/Documents/GitHub/token-dashboard/node_modules/react-dom/cjs/react-dom.development.js:23964:7)
          at performUnitOfWork (/Users/leonardosaturnino/Documents/GitHub/token-dashboard/node_modules/react-dom/cjs/react-dom.development.js:22779:12) TypeError: Cannot destructure property 'depositKey' of '(0 , _reactRouter.useParams)(...)' as it is undefined.
          at DepositDetails (/Users/leonardosaturnino/Documents/GitHub/token-dashboard/src/pages/tBTC/Bridge/DepositDetails.tsx:81:11)
          at renderWithHooks (/Users/leonardosaturnino/Documents/GitHub/token-dashboard/node_modules/react-dom/cjs/react-dom.development.js:14985:18)
          at mountIndeterminateComponent (/Users/leonardosaturnino/Documents/GitHub/token-dashboard/node_modules/react-dom/cjs/react-dom.development.js:17811:13)
          at beginWork (/Users/leonardosaturnino/Documents/GitHub/token-dashboard/node_modules/react-dom/cjs/react-dom.development.js:19049:16)
          at HTMLUnknownElement.callCallback (/Users/leonardosaturnino/Documents/GitHub/token-dashboard/node_modules/react-dom/cjs/react-dom.development.js:3945:14)
          at HTMLUnknownElement.callTheUserObjectsOperation (/Users/leonardosaturnino/Documents/GitHub/token-dashboard/node_modules/jsdom/lib/jsdom/living/generated/EventListener.js:26:30)
          at innerInvokeEventListeners (/Users/leonardosaturnino/Documents/GitHub/token-dashboard/node_modules/jsdom/lib/jsdom/living/events/EventTarget-impl.js:338:25)
          at invokeEventListeners (/Users/leonardosaturnino/Documents/GitHub/token-dashboard/node_modules/jsdom/lib/jsdom/living/events/EventTarget-impl.js:274:3)
          at HTMLUnknownElementImpl._dispatch (/Users/leonardosaturnino/Documents/GitHub/token-dashboard/node_modules/jsdom/lib/jsdom/living/events/EventTarget-impl.js:221:9)
          at HTMLUnknownElementImpl.dispatchEvent (/Users/leonardosaturnino/Documents/GitHub/token-dashboard/node_modules/jsdom/lib/jsdom/living/events/EventTarget-impl.js:94:17)
          at HTMLUnknownElement.dispatchEvent (/Users/leonardosaturnino/Documents/GitHub/token-dashboard/node_modules/jsdom/lib/jsdom/living/generated/EventTarget.js:231:34)
          at Object.invokeGuardedCallbackDev (/Users/leonardosaturnino/Documents/GitHub/token-dashboard/node_modules/react-dom/cjs/react-dom.development.js:3994:16)
          at invokeGuardedCallback (/Users/leonardosaturnino/Documents/GitHub/token-dashboard/node_modules/react-dom/cjs/react-dom.development.js:4056:31)
          at beginWork$1 (/Users/leonardosaturnino/Documents/GitHub/token-dashboard/node_modules/react-dom/cjs/react-dom.development.js:23964:7)
          at performUnitOfWork (/Users/leonardosaturnino/Documents/GitHub/token-dashboard/node_modules/react-dom/cjs/react-dom.development.js:22779:12)
          at workLoopSync (/Users/leonardosaturnino/Documents/GitHub/token-dashboard/node_modules/react-dom/cjs/react-dom.development.js:22707:5)
          at renderRootSync (/Users/leonardosaturnino/Documents/GitHub/token-dashboard/node_modules/react-dom/cjs/react-dom.development.js:22670:7)
          at performSyncWorkOnRoot (/Users/leonardosaturnino/Documents/GitHub/token-dashboard/node_modules/react-dom/cjs/react-dom.development.js:22293:18)
          at scheduleUpdateOnFiber (/Users/leonardosaturnino/Documents/GitHub/token-dashboard/node_modules/react-dom/cjs/react-dom.development.js:21881:7)
          at updateContainer (/Users/leonardosaturnino/Documents/GitHub/token-dashboard/node_modules/react-dom/cjs/react-dom.development.js:25482:3)
          at /Users/leonardosaturnino/Documents/GitHub/token-dashboard/node_modules/react-dom/cjs/react-dom.development.js:26021:7
          at unbatchedUpdates (/Users/leonardosaturnino/Documents/GitHub/token-dashboard/node_modules/react-dom/cjs/react-dom.development.js:22431:12)
          at legacyRenderSubtreeIntoContainer (/Users/leonardosaturnino/Documents/GitHub/token-dashboard/node_modules/react-dom/cjs/react-dom.development.js:26020:5)
          at Object.render (/Users/leonardosaturnino/Documents/GitHub/token-dashboard/node_modules/react-dom/cjs/react-dom.development.js:26103:10)
          at /Users/leonardosaturnino/Documents/GitHub/token-dashboard/node_modules/@testing-library/react/dist/pure.js:101:25
          at batchedUpdates$1 (/Users/leonardosaturnino/Documents/GitHub/token-dashboard/node_modules/react-dom/cjs/react-dom.development.js:22380:12)
          at act (/Users/leonardosaturnino/Documents/GitHub/token-dashboard/node_modules/react-dom/cjs/react-dom-test-utils.development.js:1042:14)
          at render (/Users/leonardosaturnino/Documents/GitHub/token-dashboard/node_modules/@testing-library/react/dist/pure.js:97:26)
          at Object.<anonymous> (/Users/leonardosaturnino/Documents/GitHub/token-dashboard/src/pages/tBTC/Bridge/__tests__/DepositDetails.test.tsx:131:29)
          at Promise.then.completed (/Users/leonardosaturnino/Documents/GitHub/token-dashboard/node_modules/jest-circus/build/utils.js:276:28)
          at new Promise (<anonymous>)
          at callAsyncCircusFn (/Users/leonardosaturnino/Documents/GitHub/token-dashboard/node_modules/jest-circus/build/utils.js:216:10)
          at _callCircusTest (/Users/leonardosaturnino/Documents/GitHub/token-dashboard/node_modules/jest-circus/build/run.js:212:40)
          at processTicksAndRejections (node:internal/process/task_queues:105:5)
          at _runTest (/Users/leonardosaturnino/Documents/GitHub/token-dashboard/node_modules/jest-circus/build/run.js:149:3)
          at _runTestsForDescribeBlock (/Users/leonardosaturnino/Documents/GitHub/token-dashboard/node_modules/jest-circus/build/run.js:63:9)
          at _runTestsForDescribeBlock (/Users/leonardosaturnino/Documents/GitHub/token-dashboard/node_modules/jest-circus/build/run.js:57:9)
          at run (/Users/leonardosaturnino/Documents/GitHub/token-dashboard/node_modules/jest-circus/build/run.js:25:3)
          at runAndTransformResultsToJestFormat (/Users/leonardosaturnino/Documents/GitHub/token-dashboard/node_modules/jest-circus/build/legacy-code-todo-rewrite/jestAdapterInit.js:176:21)
          at jestAdapter (/Users/leonardosaturnino/Documents/GitHub/token-dashboard/node_modules/jest-circus/build/legacy-code-todo-rewrite/jestAdapter.js:109:19)
          at runTestInternal (/Users/leonardosaturnino/Documents/GitHub/token-dashboard/node_modules/jest-runner/build/runTest.js:380:16)
          at runTest (/Users/leonardosaturnino/Documents/GitHub/token-dashboard/node_modules/jest-runner/build/runTest.js:472:34)
          at Object.worker (/Users/leonardosaturnino/Documents/GitHub/token-dashboard/node_modules/jest-runner/build/testWorker.js:133:12)

      at VirtualConsole.<anonymous> (node_modules/jsdom/lib/jsdom/virtual-console.js:29:45)
      at reportException (node_modules/jsdom/lib/jsdom/living/helpers/runtime-script-errors.js:70:28)
      at innerInvokeEventListeners (node_modules/jsdom/lib/jsdom/living/events/EventTarget-impl.js:341:9)
      at invokeEventListeners (node_modules/jsdom/lib/jsdom/living/events/EventTarget-impl.js:274:3)
      at HTMLUnknownElementImpl._dispatch (node_modules/jsdom/lib/jsdom/living/events/EventTarget-impl.js:221:9)
      at HTMLUnknownElementImpl.dispatchEvent (node_modules/jsdom/lib/jsdom/living/events/EventTarget-impl.js:94:17)
      at HTMLUnknownElement.dispatchEvent (node_modules/jsdom/lib/jsdom/living/generated/EventTarget.js:231:34)

    console.error
      The above error occurred in the <DepositDetails> component:
      
          at DepositDetails (/Users/leonardosaturnino/Documents/GitHub/token-dashboard/src/pages/tBTC/Bridge/DepositDetails.tsx:81:11)
          at Provider (/Users/leonardosaturnino/Documents/GitHub/token-dashboard/node_modules/react-redux/lib/components/Provider.js:21:20)
      
      Consider adding an error boundary to your tree to customize error handling behavior.
      Visit https://reactjs.org/link/error-boundaries to learn more about error boundaries.

      at logCapturedError (node_modules/react-dom/cjs/react-dom.development.js:20085:23)
      at update.callback (node_modules/react-dom/cjs/react-dom.development.js:20118:5)
      at callCallback (node_modules/react-dom/cjs/react-dom.development.js:12318:12)
      at commitUpdateQueue (node_modules/react-dom/cjs/react-dom.development.js:12339:9)
      at commitLifeCycles (node_modules/react-dom/cjs/react-dom.development.js:20736:11)
      at commitLayoutEffects (node_modules/react-dom/cjs/react-dom.development.js:23426:7)
      at HTMLUnknownElement.callCallback (node_modules/react-dom/cjs/react-dom.development.js:3945:14)
      at HTMLUnknownElement.callTheUserObjectsOperation (node_modules/jsdom/lib/jsdom/living/generated/EventListener.js:26:30)

    console.error
      Error: Uncaught [TypeError: Cannot destructure property 'depositKey' of '(0 , _reactRouter.useParams)(...)' as it is undefined.]
          at reportException (/Users/leonardosaturnino/Documents/GitHub/token-dashboard/node_modules/jsdom/lib/jsdom/living/helpers/runtime-script-errors.js:66:24)
          at innerInvokeEventListeners (/Users/leonardosaturnino/Documents/GitHub/token-dashboard/node_modules/jsdom/lib/jsdom/living/events/EventTarget-impl.js:341:9)
          at invokeEventListeners (/Users/leonardosaturnino/Documents/GitHub/token-dashboard/node_modules/jsdom/lib/jsdom/living/events/EventTarget-impl.js:274:3)
          at HTMLUnknownElementImpl._dispatch (/Users/leonardosaturnino/Documents/GitHub/token-dashboard/node_modules/jsdom/lib/jsdom/living/events/EventTarget-impl.js:221:9)
          at HTMLUnknownElementImpl.dispatchEvent (/Users/leonardosaturnino/Documents/GitHub/token-dashboard/node_modules/jsdom/lib/jsdom/living/events/EventTarget-impl.js:94:17)
          at HTMLUnknownElement.dispatchEvent (/Users/leonardosaturnino/Documents/GitHub/token-dashboard/node_modules/jsdom/lib/jsdom/living/generated/EventTarget.js:231:34)
          at Object.invokeGuardedCallbackDev (/Users/leonardosaturnino/Documents/GitHub/token-dashboard/node_modules/react-dom/cjs/react-dom.development.js:3994:16)
          at invokeGuardedCallback (/Users/leonardosaturnino/Documents/GitHub/token-dashboard/node_modules/react-dom/cjs/react-dom.development.js:4056:31)
          at beginWork$1 (/Users/leonardosaturnino/Documents/GitHub/token-dashboard/node_modules/react-dom/cjs/react-dom.development.js:23964:7)
          at performUnitOfWork (/Users/leonardosaturnino/Documents/GitHub/token-dashboard/node_modules/react-dom/cjs/react-dom.development.js:22779:12) TypeError: Cannot destructure property 'depositKey' of '(0 , _reactRouter.useParams)(...)' as it is undefined.
          at DepositDetails (/Users/leonardosaturnino/Documents/GitHub/token-dashboard/src/pages/tBTC/Bridge/DepositDetails.tsx:81:11)
          at renderWithHooks (/Users/leonardosaturnino/Documents/GitHub/token-dashboard/node_modules/react-dom/cjs/react-dom.development.js:14985:18)
          at mountIndeterminateComponent (/Users/leonardosaturnino/Documents/GitHub/token-dashboard/node_modules/react-dom/cjs/react-dom.development.js:17811:13)
          at beginWork (/Users/leonardosaturnino/Documents/GitHub/token-dashboard/node_modules/react-dom/cjs/react-dom.development.js:19049:16)
          at HTMLUnknownElement.callCallback (/Users/leonardosaturnino/Documents/GitHub/token-dashboard/node_modules/react-dom/cjs/react-dom.development.js:3945:14)
          at HTMLUnknownElement.callTheUserObjectsOperation (/Users/leonardosaturnino/Documents/GitHub/token-dashboard/node_modules/jsdom/lib/jsdom/living/generated/EventListener.js:26:30)
          at innerInvokeEventListeners (/Users/leonardosaturnino/Documents/GitHub/token-dashboard/node_modules/jsdom/lib/jsdom/living/events/EventTarget-impl.js:338:25)
          at invokeEventListeners (/Users/leonardosaturnino/Documents/GitHub/token-dashboard/node_modules/jsdom/lib/jsdom/living/events/EventTarget-impl.js:274:3)
          at HTMLUnknownElementImpl._dispatch (/Users/leonardosaturnino/Documents/GitHub/token-dashboard/node_modules/jsdom/lib/jsdom/living/events/EventTarget-impl.js:221:9)
          at HTMLUnknownElementImpl.dispatchEvent (/Users/leonardosaturnino/Documents/GitHub/token-dashboard/node_modules/jsdom/lib/jsdom/living/events/EventTarget-impl.js:94:17)
          at HTMLUnknownElement.dispatchEvent (/Users/leonardosaturnino/Documents/GitHub/token-dashboard/node_modules/jsdom/lib/jsdom/living/generated/EventTarget.js:231:34)
          at Object.invokeGuardedCallbackDev (/Users/leonardosaturnino/Documents/GitHub/token-dashboard/node_modules/react-dom/cjs/react-dom.development.js:3994:16)
          at invokeGuardedCallback (/Users/leonardosaturnino/Documents/GitHub/token-dashboard/node_modules/react-dom/cjs/react-dom.development.js:4056:31)
          at beginWork$1 (/Users/leonardosaturnino/Documents/GitHub/token-dashboard/node_modules/react-dom/cjs/react-dom.development.js:23964:7)
          at performUnitOfWork (/Users/leonardosaturnino/Documents/GitHub/token-dashboard/node_modules/react-dom/cjs/react-dom.development.js:22779:12)
          at workLoopSync (/Users/leonardosaturnino/Documents/GitHub/token-dashboard/node_modules/react-dom/cjs/react-dom.development.js:22707:5)
          at renderRootSync (/Users/leonardosaturnino/Documents/GitHub/token-dashboard/node_modules/react-dom/cjs/react-dom.development.js:22670:7)
          at performSyncWorkOnRoot (/Users/leonardosaturnino/Documents/GitHub/token-dashboard/node_modules/react-dom/cjs/react-dom.development.js:22293:18)
          at scheduleUpdateOnFiber (/Users/leonardosaturnino/Documents/GitHub/token-dashboard/node_modules/react-dom/cjs/react-dom.development.js:21881:7)
          at updateContainer (/Users/leonardosaturnino/Documents/GitHub/token-dashboard/node_modules/react-dom/cjs/react-dom.development.js:25482:3)
          at /Users/leonardosaturnino/Documents/GitHub/token-dashboard/node_modules/react-dom/cjs/react-dom.development.js:26021:7
          at unbatchedUpdates (/Users/leonardosaturnino/Documents/GitHub/token-dashboard/node_modules/react-dom/cjs/react-dom.development.js:22431:12)
          at legacyRenderSubtreeIntoContainer (/Users/leonardosaturnino/Documents/GitHub/token-dashboard/node_modules/react-dom/cjs/react-dom.development.js:26020:5)
          at Object.render (/Users/leonardosaturnino/Documents/GitHub/token-dashboard/node_modules/react-dom/cjs/react-dom.development.js:26103:10)
          at /Users/leonardosaturnino/Documents/GitHub/token-dashboard/node_modules/@testing-library/react/dist/pure.js:101:25
          at batchedUpdates$1 (/Users/leonardosaturnino/Documents/GitHub/token-dashboard/node_modules/react-dom/cjs/react-dom.development.js:22380:12)
          at act (/Users/leonardosaturnino/Documents/GitHub/token-dashboard/node_modules/react-dom/cjs/react-dom-test-utils.development.js:1042:14)
          at render (/Users/leonardosaturnino/Documents/GitHub/token-dashboard/node_modules/@testing-library/react/dist/pure.js:97:26)
          at Object.<anonymous> (/Users/leonardosaturnino/Documents/GitHub/token-dashboard/src/pages/tBTC/Bridge/__tests__/DepositDetails.test.tsx:161:27)
          at Promise.then.completed (/Users/leonardosaturnino/Documents/GitHub/token-dashboard/node_modules/jest-circus/build/utils.js:276:28)
          at new Promise (<anonymous>)
          at callAsyncCircusFn (/Users/leonardosaturnino/Documents/GitHub/token-dashboard/node_modules/jest-circus/build/utils.js:216:10)
          at _callCircusTest (/Users/leonardosaturnino/Documents/GitHub/token-dashboard/node_modules/jest-circus/build/run.js:212:40)
          at processTicksAndRejections (node:internal/process/task_queues:105:5)
          at _runTest (/Users/leonardosaturnino/Documents/GitHub/token-dashboard/node_modules/jest-circus/build/run.js:149:3)
          at _runTestsForDescribeBlock (/Users/leonardosaturnino/Documents/GitHub/token-dashboard/node_modules/jest-circus/build/run.js:63:9)
          at _runTestsForDescribeBlock (/Users/leonardosaturnino/Documents/GitHub/token-dashboard/node_modules/jest-circus/build/run.js:57:9)
          at run (/Users/leonardosaturnino/Documents/GitHub/token-dashboard/node_modules/jest-circus/build/run.js:25:3)
          at runAndTransformResultsToJestFormat (/Users/leonardosaturnino/Documents/GitHub/token-dashboard/node_modules/jest-circus/build/legacy-code-todo-rewrite/jestAdapterInit.js:176:21)
          at jestAdapter (/Users/leonardosaturnino/Documents/GitHub/token-dashboard/node_modules/jest-circus/build/legacy-code-todo-rewrite/jestAdapter.js:109:19)
          at runTestInternal (/Users/leonardosaturnino/Documents/GitHub/token-dashboard/node_modules/jest-runner/build/runTest.js:380:16)
          at runTest (/Users/leonardosaturnino/Documents/GitHub/token-dashboard/node_modules/jest-runner/build/runTest.js:472:34)
          at Object.worker (/Users/leonardosaturnino/Documents/GitHub/token-dashboard/node_modules/jest-runner/build/testWorker.js:133:12)

      at VirtualConsole.<anonymous> (node_modules/jsdom/lib/jsdom/virtual-console.js:29:45)
      at reportException (node_modules/jsdom/lib/jsdom/living/helpers/runtime-script-errors.js:70:28)
      at innerInvokeEventListeners (node_modules/jsdom/lib/jsdom/living/events/EventTarget-impl.js:341:9)
      at invokeEventListeners (node_modules/jsdom/lib/jsdom/living/events/EventTarget-impl.js:274:3)
      at HTMLUnknownElementImpl._dispatch (node_modules/jsdom/lib/jsdom/living/events/EventTarget-impl.js:221:9)
      at HTMLUnknownElementImpl.dispatchEvent (node_modules/jsdom/lib/jsdom/living/events/EventTarget-impl.js:94:17)
      at HTMLUnknownElement.dispatchEvent (node_modules/jsdom/lib/jsdom/living/generated/EventTarget.js:231:34)

    console.error
      The above error occurred in the <DepositDetails> component:
      
          at DepositDetails (/Users/leonardosaturnino/Documents/GitHub/token-dashboard/src/pages/tBTC/Bridge/DepositDetails.tsx:81:11)
          at Provider (/Users/leonardosaturnino/Documents/GitHub/token-dashboard/node_modules/react-redux/lib/components/Provider.js:21:20)
      
      Consider adding an error boundary to your tree to customize error handling behavior.
      Visit https://reactjs.org/link/error-boundaries to learn more about error boundaries.

      at logCapturedError (node_modules/react-dom/cjs/react-dom.development.js:20085:23)
      at update.callback (node_modules/react-dom/cjs/react-dom.development.js:20118:5)
      at callCallback (node_modules/react-dom/cjs/react-dom.development.js:12318:12)
      at commitUpdateQueue (node_modules/react-dom/cjs/react-dom.development.js:12339:9)
      at commitLifeCycles (node_modules/react-dom/cjs/react-dom.development.js:20736:11)
      at commitLayoutEffects (node_modules/react-dom/cjs/react-dom.development.js:23426:7)
      at HTMLUnknownElement.callCallback (node_modules/react-dom/cjs/react-dom.development.js:3945:14)
      at HTMLUnknownElement.callTheUserObjectsOperation (node_modules/jsdom/lib/jsdom/living/generated/EventListener.js:26:30)

    console.error
      Error: Uncaught [TypeError: Cannot destructure property 'depositKey' of '(0 , _reactRouter.useParams)(...)' as it is undefined.]
          at reportException (/Users/leonardosaturnino/Documents/GitHub/token-dashboard/node_modules/jsdom/lib/jsdom/living/helpers/runtime-script-errors.js:66:24)
          at innerInvokeEventListeners (/Users/leonardosaturnino/Documents/GitHub/token-dashboard/node_modules/jsdom/lib/jsdom/living/events/EventTarget-impl.js:341:9)
          at invokeEventListeners (/Users/leonardosaturnino/Documents/GitHub/token-dashboard/node_modules/jsdom/lib/jsdom/living/events/EventTarget-impl.js:274:3)
          at HTMLUnknownElementImpl._dispatch (/Users/leonardosaturnino/Documents/GitHub/token-dashboard/node_modules/jsdom/lib/jsdom/living/events/EventTarget-impl.js:221:9)
          at HTMLUnknownElementImpl.dispatchEvent (/Users/leonardosaturnino/Documents/GitHub/token-dashboard/node_modules/jsdom/lib/jsdom/living/events/EventTarget-impl.js:94:17)
          at HTMLUnknownElement.dispatchEvent (/Users/leonardosaturnino/Documents/GitHub/token-dashboard/node_modules/jsdom/lib/jsdom/living/generated/EventTarget.js:231:34)
          at Object.invokeGuardedCallbackDev (/Users/leonardosaturnino/Documents/GitHub/token-dashboard/node_modules/react-dom/cjs/react-dom.development.js:3994:16)
          at invokeGuardedCallback (/Users/leonardosaturnino/Documents/GitHub/token-dashboard/node_modules/react-dom/cjs/react-dom.development.js:4056:31)
          at beginWork$1 (/Users/leonardosaturnino/Documents/GitHub/token-dashboard/node_modules/react-dom/cjs/react-dom.development.js:23964:7)
          at performUnitOfWork (/Users/leonardosaturnino/Documents/GitHub/token-dashboard/node_modules/react-dom/cjs/react-dom.development.js:22779:12) TypeError: Cannot destructure property 'depositKey' of '(0 , _reactRouter.useParams)(...)' as it is undefined.
          at DepositDetails (/Users/leonardosaturnino/Documents/GitHub/token-dashboard/src/pages/tBTC/Bridge/DepositDetails.tsx:81:11)
          at renderWithHooks (/Users/leonardosaturnino/Documents/GitHub/token-dashboard/node_modules/react-dom/cjs/react-dom.development.js:14985:18)
          at mountIndeterminateComponent (/Users/leonardosaturnino/Documents/GitHub/token-dashboard/node_modules/react-dom/cjs/react-dom.development.js:17811:13)
          at beginWork (/Users/leonardosaturnino/Documents/GitHub/token-dashboard/node_modules/react-dom/cjs/react-dom.development.js:19049:16)
          at HTMLUnknownElement.callCallback (/Users/leonardosaturnino/Documents/GitHub/token-dashboard/node_modules/react-dom/cjs/react-dom.development.js:3945:14)
          at HTMLUnknownElement.callTheUserObjectsOperation (/Users/leonardosaturnino/Documents/GitHub/token-dashboard/node_modules/jsdom/lib/jsdom/living/generated/EventListener.js:26:30)
          at innerInvokeEventListeners (/Users/leonardosaturnino/Documents/GitHub/token-dashboard/node_modules/jsdom/lib/jsdom/living/events/EventTarget-impl.js:338:25)
          at invokeEventListeners (/Users/leonardosaturnino/Documents/GitHub/token-dashboard/node_modules/jsdom/lib/jsdom/living/events/EventTarget-impl.js:274:3)
          at HTMLUnknownElementImpl._dispatch (/Users/leonardosaturnino/Documents/GitHub/token-dashboard/node_modules/jsdom/lib/jsdom/living/events/EventTarget-impl.js:221:9)
          at HTMLUnknownElementImpl.dispatchEvent (/Users/leonardosaturnino/Documents/GitHub/token-dashboard/node_modules/jsdom/lib/jsdom/living/events/EventTarget-impl.js:94:17)
          at HTMLUnknownElement.dispatchEvent (/Users/leonardosaturnino/Documents/GitHub/token-dashboard/node_modules/jsdom/lib/jsdom/living/generated/EventTarget.js:231:34)
          at Object.invokeGuardedCallbackDev (/Users/leonardosaturnino/Documents/GitHub/token-dashboard/node_modules/react-dom/cjs/react-dom.development.js:3994:16)
          at invokeGuardedCallback (/Users/leonardosaturnino/Documents/GitHub/token-dashboard/node_modules/react-dom/cjs/react-dom.development.js:4056:31)
          at beginWork$1 (/Users/leonardosaturnino/Documents/GitHub/token-dashboard/node_modules/react-dom/cjs/react-dom.development.js:23964:7)
          at performUnitOfWork (/Users/leonardosaturnino/Documents/GitHub/token-dashboard/node_modules/react-dom/cjs/react-dom.development.js:22779:12)
          at workLoopSync (/Users/leonardosaturnino/Documents/GitHub/token-dashboard/node_modules/react-dom/cjs/react-dom.development.js:22707:5)
          at renderRootSync (/Users/leonardosaturnino/Documents/GitHub/token-dashboard/node_modules/react-dom/cjs/react-dom.development.js:22670:7)
          at performSyncWorkOnRoot (/Users/leonardosaturnino/Documents/GitHub/token-dashboard/node_modules/react-dom/cjs/react-dom.development.js:22293:18)
          at scheduleUpdateOnFiber (/Users/leonardosaturnino/Documents/GitHub/token-dashboard/node_modules/react-dom/cjs/react-dom.development.js:21881:7)
          at updateContainer (/Users/leonardosaturnino/Documents/GitHub/token-dashboard/node_modules/react-dom/cjs/react-dom.development.js:25482:3)
          at /Users/leonardosaturnino/Documents/GitHub/token-dashboard/node_modules/react-dom/cjs/react-dom.development.js:26021:7
          at unbatchedUpdates (/Users/leonardosaturnino/Documents/GitHub/token-dashboard/node_modules/react-dom/cjs/react-dom.development.js:22431:12)
          at legacyRenderSubtreeIntoContainer (/Users/leonardosaturnino/Documents/GitHub/token-dashboard/node_modules/react-dom/cjs/react-dom.development.js:26020:5)
          at Object.render (/Users/leonardosaturnino/Documents/GitHub/token-dashboard/node_modules/react-dom/cjs/react-dom.development.js:26103:10)
          at /Users/leonardosaturnino/Documents/GitHub/token-dashboard/node_modules/@testing-library/react/dist/pure.js:101:25
          at batchedUpdates$1 (/Users/leonardosaturnino/Documents/GitHub/token-dashboard/node_modules/react-dom/cjs/react-dom.development.js:22380:12)
          at act (/Users/leonardosaturnino/Documents/GitHub/token-dashboard/node_modules/react-dom/cjs/react-dom-test-utils.development.js:1042:14)
          at render (/Users/leonardosaturnino/Documents/GitHub/token-dashboard/node_modules/@testing-library/react/dist/pure.js:97:26)
          at Object.<anonymous> (/Users/leonardosaturnino/Documents/GitHub/token-dashboard/src/pages/tBTC/Bridge/__tests__/DepositDetails.test.tsx:208:27)
          at Promise.then.completed (/Users/leonardosaturnino/Documents/GitHub/token-dashboard/node_modules/jest-circus/build/utils.js:276:28)
          at new Promise (<anonymous>)
          at callAsyncCircusFn (/Users/leonardosaturnino/Documents/GitHub/token-dashboard/node_modules/jest-circus/build/utils.js:216:10)
          at _callCircusTest (/Users/leonardosaturnino/Documents/GitHub/token-dashboard/node_modules/jest-circus/build/run.js:212:40)
          at processTicksAndRejections (node:internal/process/task_queues:105:5)
          at _runTest (/Users/leonardosaturnino/Documents/GitHub/token-dashboard/node_modules/jest-circus/build/run.js:149:3)
          at _runTestsForDescribeBlock (/Users/leonardosaturnino/Documents/GitHub/token-dashboard/node_modules/jest-circus/build/run.js:63:9)
          at _runTestsForDescribeBlock (/Users/leonardosaturnino/Documents/GitHub/token-dashboard/node_modules/jest-circus/build/run.js:57:9)
          at run (/Users/leonardosaturnino/Documents/GitHub/token-dashboard/node_modules/jest-circus/build/run.js:25:3)
          at runAndTransformResultsToJestFormat (/Users/leonardosaturnino/Documents/GitHub/token-dashboard/node_modules/jest-circus/build/legacy-code-todo-rewrite/jestAdapterInit.js:176:21)
          at jestAdapter (/Users/leonardosaturnino/Documents/GitHub/token-dashboard/node_modules/jest-circus/build/legacy-code-todo-rewrite/jestAdapter.js:109:19)
          at runTestInternal (/Users/leonardosaturnino/Documents/GitHub/token-dashboard/node_modules/jest-runner/build/runTest.js:380:16)
          at runTest (/Users/leonardosaturnino/Documents/GitHub/token-dashboard/node_modules/jest-runner/build/runTest.js:472:34)
          at Object.worker (/Users/leonardosaturnino/Documents/GitHub/token-dashboard/node_modules/jest-runner/build/testWorker.js:133:12)

      at VirtualConsole.<anonymous> (node_modules/jsdom/lib/jsdom/virtual-console.js:29:45)
      at reportException (node_modules/jsdom/lib/jsdom/living/helpers/runtime-script-errors.js:70:28)
      at innerInvokeEventListeners (node_modules/jsdom/lib/jsdom/living/events/EventTarget-impl.js:341:9)
      at invokeEventListeners (node_modules/jsdom/lib/jsdom/living/events/EventTarget-impl.js:274:3)
      at HTMLUnknownElementImpl._dispatch (node_modules/jsdom/lib/jsdom/living/events/EventTarget-impl.js:221:9)
      at HTMLUnknownElementImpl.dispatchEvent (node_modules/jsdom/lib/jsdom/living/events/EventTarget-impl.js:94:17)
      at HTMLUnknownElement.dispatchEvent (node_modules/jsdom/lib/jsdom/living/generated/EventTarget.js:231:34)

    console.error
      The above error occurred in the <DepositDetails> component:
      
          at DepositDetails (/Users/leonardosaturnino/Documents/GitHub/token-dashboard/src/pages/tBTC/Bridge/DepositDetails.tsx:81:11)
          at Provider (/Users/leonardosaturnino/Documents/GitHub/token-dashboard/node_modules/react-redux/lib/components/Provider.js:21:20)
      
      Consider adding an error boundary to your tree to customize error handling behavior.
      Visit https://reactjs.org/link/error-boundaries to learn more about error boundaries.

      at logCapturedError (node_modules/react-dom/cjs/react-dom.development.js:20085:23)
      at update.callback (node_modules/react-dom/cjs/react-dom.development.js:20118:5)
      at callCallback (node_modules/react-dom/cjs/react-dom.development.js:12318:12)
      at commitUpdateQueue (node_modules/react-dom/cjs/react-dom.development.js:12339:9)
      at commitLifeCycles (node_modules/react-dom/cjs/react-dom.development.js:20736:11)
      at commitLayoutEffects (node_modules/react-dom/cjs/react-dom.development.js:23426:7)
      at HTMLUnknownElement.callCallback (node_modules/react-dom/cjs/react-dom.development.js:3945:14)
      at HTMLUnknownElement.callTheUserObjectsOperation (node_modules/jsdom/lib/jsdom/living/generated/EventListener.js:26:30)

    console.error
      Error: Uncaught [TypeError: Cannot destructure property 'depositKey' of '(0 , _reactRouter.useParams)(...)' as it is undefined.]
          at reportException (/Users/leonardosaturnino/Documents/GitHub/token-dashboard/node_modules/jsdom/lib/jsdom/living/helpers/runtime-script-errors.js:66:24)
          at innerInvokeEventListeners (/Users/leonardosaturnino/Documents/GitHub/token-dashboard/node_modules/jsdom/lib/jsdom/living/events/EventTarget-impl.js:341:9)
          at invokeEventListeners (/Users/leonardosaturnino/Documents/GitHub/token-dashboard/node_modules/jsdom/lib/jsdom/living/events/EventTarget-impl.js:274:3)
          at HTMLUnknownElementImpl._dispatch (/Users/leonardosaturnino/Documents/GitHub/token-dashboard/node_modules/jsdom/lib/jsdom/living/events/EventTarget-impl.js:221:9)
          at HTMLUnknownElementImpl.dispatchEvent (/Users/leonardosaturnino/Documents/GitHub/token-dashboard/node_modules/jsdom/lib/jsdom/living/events/EventTarget-impl.js:94:17)
          at HTMLUnknownElement.dispatchEvent (/Users/leonardosaturnino/Documents/GitHub/token-dashboard/node_modules/jsdom/lib/jsdom/living/generated/EventTarget.js:231:34)
          at Object.invokeGuardedCallbackDev (/Users/leonardosaturnino/Documents/GitHub/token-dashboard/node_modules/react-dom/cjs/react-dom.development.js:3994:16)
          at invokeGuardedCallback (/Users/leonardosaturnino/Documents/GitHub/token-dashboard/node_modules/react-dom/cjs/react-dom.development.js:4056:31)
          at beginWork$1 (/Users/leonardosaturnino/Documents/GitHub/token-dashboard/node_modules/react-dom/cjs/react-dom.development.js:23964:7)
          at performUnitOfWork (/Users/leonardosaturnino/Documents/GitHub/token-dashboard/node_modules/react-dom/cjs/react-dom.development.js:22779:12) TypeError: Cannot destructure property 'depositKey' of '(0 , _reactRouter.useParams)(...)' as it is undefined.
          at DepositDetails (/Users/leonardosaturnino/Documents/GitHub/token-dashboard/src/pages/tBTC/Bridge/DepositDetails.tsx:81:11)
          at renderWithHooks (/Users/leonardosaturnino/Documents/GitHub/token-dashboard/node_modules/react-dom/cjs/react-dom.development.js:14985:18)
          at mountIndeterminateComponent (/Users/leonardosaturnino/Documents/GitHub/token-dashboard/node_modules/react-dom/cjs/react-dom.development.js:17811:13)
          at beginWork (/Users/leonardosaturnino/Documents/GitHub/token-dashboard/node_modules/react-dom/cjs/react-dom.development.js:19049:16)
          at HTMLUnknownElement.callCallback (/Users/leonardosaturnino/Documents/GitHub/token-dashboard/node_modules/react-dom/cjs/react-dom.development.js:3945:14)
          at HTMLUnknownElement.callTheUserObjectsOperation (/Users/leonardosaturnino/Documents/GitHub/token-dashboard/node_modules/jsdom/lib/jsdom/living/generated/EventListener.js:26:30)
          at innerInvokeEventListeners (/Users/leonardosaturnino/Documents/GitHub/token-dashboard/node_modules/jsdom/lib/jsdom/living/events/EventTarget-impl.js:338:25)
          at invokeEventListeners (/Users/leonardosaturnino/Documents/GitHub/token-dashboard/node_modules/jsdom/lib/jsdom/living/events/EventTarget-impl.js:274:3)
          at HTMLUnknownElementImpl._dispatch (/Users/leonardosaturnino/Documents/GitHub/token-dashboard/node_modules/jsdom/lib/jsdom/living/events/EventTarget-impl.js:221:9)
          at HTMLUnknownElementImpl.dispatchEvent (/Users/leonardosaturnino/Documents/GitHub/token-dashboard/node_modules/jsdom/lib/jsdom/living/events/EventTarget-impl.js:94:17)
          at HTMLUnknownElement.dispatchEvent (/Users/leonardosaturnino/Documents/GitHub/token-dashboard/node_modules/jsdom/lib/jsdom/living/generated/EventTarget.js:231:34)
          at Object.invokeGuardedCallbackDev (/Users/leonardosaturnino/Documents/GitHub/token-dashboard/node_modules/react-dom/cjs/react-dom.development.js:3994:16)
          at invokeGuardedCallback (/Users/leonardosaturnino/Documents/GitHub/token-dashboard/node_modules/react-dom/cjs/react-dom.development.js:4056:31)
          at beginWork$1 (/Users/leonardosaturnino/Documents/GitHub/token-dashboard/node_modules/react-dom/cjs/react-dom.development.js:23964:7)
          at performUnitOfWork (/Users/leonardosaturnino/Documents/GitHub/token-dashboard/node_modules/react-dom/cjs/react-dom.development.js:22779:12)
          at workLoopSync (/Users/leonardosaturnino/Documents/GitHub/token-dashboard/node_modules/react-dom/cjs/react-dom.development.js:22707:5)
          at renderRootSync (/Users/leonardosaturnino/Documents/GitHub/token-dashboard/node_modules/react-dom/cjs/react-dom.development.js:22670:7)
          at performSyncWorkOnRoot (/Users/leonardosaturnino/Documents/GitHub/token-dashboard/node_modules/react-dom/cjs/react-dom.development.js:22293:18)
          at scheduleUpdateOnFiber (/Users/leonardosaturnino/Documents/GitHub/token-dashboard/node_modules/react-dom/cjs/react-dom.development.js:21881:7)
          at updateContainer (/Users/leonardosaturnino/Documents/GitHub/token-dashboard/node_modules/react-dom/cjs/react-dom.development.js:25482:3)
          at /Users/leonardosaturnino/Documents/GitHub/token-dashboard/node_modules/react-dom/cjs/react-dom.development.js:26021:7
          at unbatchedUpdates (/Users/leonardosaturnino/Documents/GitHub/token-dashboard/node_modules/react-dom/cjs/react-dom.development.js:22431:12)
          at legacyRenderSubtreeIntoContainer (/Users/leonardosaturnino/Documents/GitHub/token-dashboard/node_modules/react-dom/cjs/react-dom.development.js:26020:5)
          at Object.render (/Users/leonardosaturnino/Documents/GitHub/token-dashboard/node_modules/react-dom/cjs/react-dom.development.js:26103:10)
          at /Users/leonardosaturnino/Documents/GitHub/token-dashboard/node_modules/@testing-library/react/dist/pure.js:101:25
          at batchedUpdates$1 (/Users/leonardosaturnino/Documents/GitHub/token-dashboard/node_modules/react-dom/cjs/react-dom.development.js:22380:12)
          at act (/Users/leonardosaturnino/Documents/GitHub/token-dashboard/node_modules/react-dom/cjs/react-dom-test-utils.development.js:1042:14)
          at render (/Users/leonardosaturnino/Documents/GitHub/token-dashboard/node_modules/@testing-library/react/dist/pure.js:97:26)
          at Object.<anonymous> (/Users/leonardosaturnino/Documents/GitHub/token-dashboard/src/pages/tBTC/Bridge/__tests__/DepositDetails.test.tsx:244:27)
          at Promise.then.completed (/Users/leonardosaturnino/Documents/GitHub/token-dashboard/node_modules/jest-circus/build/utils.js:276:28)
          at new Promise (<anonymous>)
          at callAsyncCircusFn (/Users/leonardosaturnino/Documents/GitHub/token-dashboard/node_modules/jest-circus/build/utils.js:216:10)
          at _callCircusTest (/Users/leonardosaturnino/Documents/GitHub/token-dashboard/node_modules/jest-circus/build/run.js:212:40)
          at processTicksAndRejections (node:internal/process/task_queues:105:5)
          at _runTest (/Users/leonardosaturnino/Documents/GitHub/token-dashboard/node_modules/jest-circus/build/run.js:149:3)
          at _runTestsForDescribeBlock (/Users/leonardosaturnino/Documents/GitHub/token-dashboard/node_modules/jest-circus/build/run.js:63:9)
          at _runTestsForDescribeBlock (/Users/leonardosaturnino/Documents/GitHub/token-dashboard/node_modules/jest-circus/build/run.js:57:9)
          at run (/Users/leonardosaturnino/Documents/GitHub/token-dashboard/node_modules/jest-circus/build/run.js:25:3)
          at runAndTransformResultsToJestFormat (/Users/leonardosaturnino/Documents/GitHub/token-dashboard/node_modules/jest-circus/build/legacy-code-todo-rewrite/jestAdapterInit.js:176:21)
          at jestAdapter (/Users/leonardosaturnino/Documents/GitHub/token-dashboard/node_modules/jest-circus/build/legacy-code-todo-rewrite/jestAdapter.js:109:19)
          at runTestInternal (/Users/leonardosaturnino/Documents/GitHub/token-dashboard/node_modules/jest-runner/build/runTest.js:380:16)
          at runTest (/Users/leonardosaturnino/Documents/GitHub/token-dashboard/node_modules/jest-runner/build/runTest.js:472:34)
          at Object.worker (/Users/leonardosaturnino/Documents/GitHub/token-dashboard/node_modules/jest-runner/build/testWorker.js:133:12)

      at VirtualConsole.<anonymous> (node_modules/jsdom/lib/jsdom/virtual-console.js:29:45)
      at reportException (node_modules/jsdom/lib/jsdom/living/helpers/runtime-script-errors.js:70:28)
      at innerInvokeEventListeners (node_modules/jsdom/lib/jsdom/living/events/EventTarget-impl.js:341:9)
      at invokeEventListeners (node_modules/jsdom/lib/jsdom/living/events/EventTarget-impl.js:274:3)
      at HTMLUnknownElementImpl._dispatch (node_modules/jsdom/lib/jsdom/living/events/EventTarget-impl.js:221:9)
      at HTMLUnknownElementImpl.dispatchEvent (node_modules/jsdom/lib/jsdom/living/events/EventTarget-impl.js:94:17)
      at HTMLUnknownElement.dispatchEvent (node_modules/jsdom/lib/jsdom/living/generated/EventTarget.js:231:34)

    console.error
      The above error occurred in the <DepositDetails> component:
      
          at DepositDetails (/Users/leonardosaturnino/Documents/GitHub/token-dashboard/src/pages/tBTC/Bridge/DepositDetails.tsx:81:11)
          at Provider (/Users/leonardosaturnino/Documents/GitHub/token-dashboard/node_modules/react-redux/lib/components/Provider.js:21:20)
      
      Consider adding an error boundary to your tree to customize error handling behavior.
      Visit https://reactjs.org/link/error-boundaries to learn more about error boundaries.

      at logCapturedError (node_modules/react-dom/cjs/react-dom.development.js:20085:23)
      at update.callback (node_modules/react-dom/cjs/react-dom.development.js:20118:5)
      at callCallback (node_modules/react-dom/cjs/react-dom.development.js:12318:12)
      at commitUpdateQueue (node_modules/react-dom/cjs/react-dom.development.js:12339:9)
      at commitLifeCycles (node_modules/react-dom/cjs/react-dom.development.js:20736:11)
      at commitLayoutEffects (node_modules/react-dom/cjs/react-dom.development.js:23426:7)
      at HTMLUnknownElement.callCallback (node_modules/react-dom/cjs/react-dom.development.js:3945:14)
      at HTMLUnknownElement.callTheUserObjectsOperation (node_modules/jsdom/lib/jsdom/living/generated/EventListener.js:26:30)

    console.error
      Error: Uncaught [TypeError: Cannot destructure property 'depositKey' of '(0 , _reactRouter.useParams)(...)' as it is undefined.]
          at reportException (/Users/leonardosaturnino/Documents/GitHub/token-dashboard/node_modules/jsdom/lib/jsdom/living/helpers/runtime-script-errors.js:66:24)
          at innerInvokeEventListeners (/Users/leonardosaturnino/Documents/GitHub/token-dashboard/node_modules/jsdom/lib/jsdom/living/events/EventTarget-impl.js:341:9)
          at invokeEventListeners (/Users/leonardosaturnino/Documents/GitHub/token-dashboard/node_modules/jsdom/lib/jsdom/living/events/EventTarget-impl.js:274:3)
          at HTMLUnknownElementImpl._dispatch (/Users/leonardosaturnino/Documents/GitHub/token-dashboard/node_modules/jsdom/lib/jsdom/living/events/EventTarget-impl.js:221:9)
          at HTMLUnknownElementImpl.dispatchEvent (/Users/leonardosaturnino/Documents/GitHub/token-dashboard/node_modules/jsdom/lib/jsdom/living/events/EventTarget-impl.js:94:17)
          at HTMLUnknownElement.dispatchEvent (/Users/leonardosaturnino/Documents/GitHub/token-dashboard/node_modules/jsdom/lib/jsdom/living/generated/EventTarget.js:231:34)
          at Object.invokeGuardedCallbackDev (/Users/leonardosaturnino/Documents/GitHub/token-dashboard/node_modules/react-dom/cjs/react-dom.development.js:3994:16)
          at invokeGuardedCallback (/Users/leonardosaturnino/Documents/GitHub/token-dashboard/node_modules/react-dom/cjs/react-dom.development.js:4056:31)
          at beginWork$1 (/Users/leonardosaturnino/Documents/GitHub/token-dashboard/node_modules/react-dom/cjs/react-dom.development.js:23964:7)
          at performUnitOfWork (/Users/leonardosaturnino/Documents/GitHub/token-dashboard/node_modules/react-dom/cjs/react-dom.development.js:22779:12) TypeError: Cannot destructure property 'depositKey' of '(0 , _reactRouter.useParams)(...)' as it is undefined.
          at DepositDetails (/Users/leonardosaturnino/Documents/GitHub/token-dashboard/src/pages/tBTC/Bridge/DepositDetails.tsx:81:11)
          at renderWithHooks (/Users/leonardosaturnino/Documents/GitHub/token-dashboard/node_modules/react-dom/cjs/react-dom.development.js:14985:18)
          at mountIndeterminateComponent (/Users/leonardosaturnino/Documents/GitHub/token-dashboard/node_modules/react-dom/cjs/react-dom.development.js:17811:13)
          at beginWork (/Users/leonardosaturnino/Documents/GitHub/token-dashboard/node_modules/react-dom/cjs/react-dom.development.js:19049:16)
          at HTMLUnknownElement.callCallback (/Users/leonardosaturnino/Documents/GitHub/token-dashboard/node_modules/react-dom/cjs/react-dom.development.js:3945:14)
          at HTMLUnknownElement.callTheUserObjectsOperation (/Users/leonardosaturnino/Documents/GitHub/token-dashboard/node_modules/jsdom/lib/jsdom/living/generated/EventListener.js:26:30)
          at innerInvokeEventListeners (/Users/leonardosaturnino/Documents/GitHub/token-dashboard/node_modules/jsdom/lib/jsdom/living/events/EventTarget-impl.js:338:25)
          at invokeEventListeners (/Users/leonardosaturnino/Documents/GitHub/token-dashboard/node_modules/jsdom/lib/jsdom/living/events/EventTarget-impl.js:274:3)
          at HTMLUnknownElementImpl._dispatch (/Users/leonardosaturnino/Documents/GitHub/token-dashboard/node_modules/jsdom/lib/jsdom/living/events/EventTarget-impl.js:221:9)
          at HTMLUnknownElementImpl.dispatchEvent (/Users/leonardosaturnino/Documents/GitHub/token-dashboard/node_modules/jsdom/lib/jsdom/living/events/EventTarget-impl.js:94:17)
          at HTMLUnknownElement.dispatchEvent (/Users/leonardosaturnino/Documents/GitHub/token-dashboard/node_modules/jsdom/lib/jsdom/living/generated/EventTarget.js:231:34)
          at Object.invokeGuardedCallbackDev (/Users/leonardosaturnino/Documents/GitHub/token-dashboard/node_modules/react-dom/cjs/react-dom.development.js:3994:16)
          at invokeGuardedCallback (/Users/leonardosaturnino/Documents/GitHub/token-dashboard/node_modules/react-dom/cjs/react-dom.development.js:4056:31)
          at beginWork$1 (/Users/leonardosaturnino/Documents/GitHub/token-dashboard/node_modules/react-dom/cjs/react-dom.development.js:23964:7)
          at performUnitOfWork (/Users/leonardosaturnino/Documents/GitHub/token-dashboard/node_modules/react-dom/cjs/react-dom.development.js:22779:12)
          at workLoopSync (/Users/leonardosaturnino/Documents/GitHub/token-dashboard/node_modules/react-dom/cjs/react-dom.development.js:22707:5)
          at renderRootSync (/Users/leonardosaturnino/Documents/GitHub/token-dashboard/node_modules/react-dom/cjs/react-dom.development.js:22670:7)
          at performSyncWorkOnRoot (/Users/leonardosaturnino/Documents/GitHub/token-dashboard/node_modules/react-dom/cjs/react-dom.development.js:22293:18)
          at scheduleUpdateOnFiber (/Users/leonardosaturnino/Documents/GitHub/token-dashboard/node_modules/react-dom/cjs/react-dom.development.js:21881:7)
          at updateContainer (/Users/leonardosaturnino/Documents/GitHub/token-dashboard/node_modules/react-dom/cjs/react-dom.development.js:25482:3)
          at /Users/leonardosaturnino/Documents/GitHub/token-dashboard/node_modules/react-dom/cjs/react-dom.development.js:26021:7
          at unbatchedUpdates (/Users/leonardosaturnino/Documents/GitHub/token-dashboard/node_modules/react-dom/cjs/react-dom.development.js:22431:12)
          at legacyRenderSubtreeIntoContainer (/Users/leonardosaturnino/Documents/GitHub/token-dashboard/node_modules/react-dom/cjs/react-dom.development.js:26020:5)
          at Object.render (/Users/leonardosaturnino/Documents/GitHub/token-dashboard/node_modules/react-dom/cjs/react-dom.development.js:26103:10)
          at /Users/leonardosaturnino/Documents/GitHub/token-dashboard/node_modules/@testing-library/react/dist/pure.js:101:25
          at batchedUpdates$1 (/Users/leonardosaturnino/Documents/GitHub/token-dashboard/node_modules/react-dom/cjs/react-dom.development.js:22380:12)
          at act (/Users/leonardosaturnino/Documents/GitHub/token-dashboard/node_modules/react-dom/cjs/react-dom-test-utils.development.js:1042:14)
          at render (/Users/leonardosaturnino/Documents/GitHub/token-dashboard/node_modules/@testing-library/react/dist/pure.js:97:26)
          at Object.<anonymous> (/Users/leonardosaturnino/Documents/GitHub/token-dashboard/src/pages/tBTC/Bridge/__tests__/DepositDetails.test.tsx:274:27)
          at Promise.then.completed (/Users/leonardosaturnino/Documents/GitHub/token-dashboard/node_modules/jest-circus/build/utils.js:276:28)
          at new Promise (<anonymous>)
          at callAsyncCircusFn (/Users/leonardosaturnino/Documents/GitHub/token-dashboard/node_modules/jest-circus/build/utils.js:216:10)
          at _callCircusTest (/Users/leonardosaturnino/Documents/GitHub/token-dashboard/node_modules/jest-circus/build/run.js:212:40)
          at processTicksAndRejections (node:internal/process/task_queues:105:5)
          at _runTest (/Users/leonardosaturnino/Documents/GitHub/token-dashboard/node_modules/jest-circus/build/run.js:149:3)
          at _runTestsForDescribeBlock (/Users/leonardosaturnino/Documents/GitHub/token-dashboard/node_modules/jest-circus/build/run.js:63:9)
          at _runTestsForDescribeBlock (/Users/leonardosaturnino/Documents/GitHub/token-dashboard/node_modules/jest-circus/build/run.js:57:9)
          at run (/Users/leonardosaturnino/Documents/GitHub/token-dashboard/node_modules/jest-circus/build/run.js:25:3)
          at runAndTransformResultsToJestFormat (/Users/leonardosaturnino/Documents/GitHub/token-dashboard/node_modules/jest-circus/build/legacy-code-todo-rewrite/jestAdapterInit.js:176:21)
          at jestAdapter (/Users/leonardosaturnino/Documents/GitHub/token-dashboard/node_modules/jest-circus/build/legacy-code-todo-rewrite/jestAdapter.js:109:19)
          at runTestInternal (/Users/leonardosaturnino/Documents/GitHub/token-dashboard/node_modules/jest-runner/build/runTest.js:380:16)
          at runTest (/Users/leonardosaturnino/Documents/GitHub/token-dashboard/node_modules/jest-runner/build/runTest.js:472:34)
          at Object.worker (/Users/leonardosaturnino/Documents/GitHub/token-dashboard/node_modules/jest-runner/build/testWorker.js:133:12)

      at VirtualConsole.<anonymous> (node_modules/jsdom/lib/jsdom/virtual-console.js:29:45)
      at reportException (node_modules/jsdom/lib/jsdom/living/helpers/runtime-script-errors.js:70:28)
      at innerInvokeEventListeners (node_modules/jsdom/lib/jsdom/living/events/EventTarget-impl.js:341:9)
      at invokeEventListeners (node_modules/jsdom/lib/jsdom/living/events/EventTarget-impl.js:274:3)
      at HTMLUnknownElementImpl._dispatch (node_modules/jsdom/lib/jsdom/living/events/EventTarget-impl.js:221:9)
      at HTMLUnknownElementImpl.dispatchEvent (node_modules/jsdom/lib/jsdom/living/events/EventTarget-impl.js:94:17)
      at HTMLUnknownElement.dispatchEvent (node_modules/jsdom/lib/jsdom/living/generated/EventTarget.js:231:34)

    console.error
      The above error occurred in the <DepositDetails> component:
      
          at DepositDetails (/Users/leonardosaturnino/Documents/GitHub/token-dashboard/src/pages/tBTC/Bridge/DepositDetails.tsx:81:11)
          at Provider (/Users/leonardosaturnino/Documents/GitHub/token-dashboard/node_modules/react-redux/lib/components/Provider.js:21:20)
      
      Consider adding an error boundary to your tree to customize error handling behavior.
      Visit https://reactjs.org/link/error-boundaries to learn more about error boundaries.

      at logCapturedError (node_modules/react-dom/cjs/react-dom.development.js:20085:23)
      at update.callback (node_modules/react-dom/cjs/react-dom.development.js:20118:5)
      at callCallback (node_modules/react-dom/cjs/react-dom.development.js:12318:12)
      at commitUpdateQueue (node_modules/react-dom/cjs/react-dom.development.js:12339:9)
      at commitLifeCycles (node_modules/react-dom/cjs/react-dom.development.js:20736:11)
      at commitLayoutEffects (node_modules/react-dom/cjs/react-dom.development.js:23426:7)
      at HTMLUnknownElement.callCallback (node_modules/react-dom/cjs/react-dom.development.js:3945:14)
      at HTMLUnknownElement.callTheUserObjectsOperation (node_modules/jsdom/lib/jsdom/living/generated/EventListener.js:26:30)

  ● DepositDetails StarkNet › should display StarkNet deposit info when deposit is for StarkNet

    TypeError: Cannot destructure property 'depositKey' of '(0 , _reactRouter.useParams)(...)' as it is undefined.

      79 |
      80 | export const DepositDetails: PageComponent = () => {
    > 81 |   const { depositKey } = useParams()
         |           ^
      82 |   const { state } = useLocation()
      83 |   const navigate = useNavigate()
      84 |   const dispatch = useAppDispatch()

      at DepositDetails (src/pages/tBTC/Bridge/DepositDetails.tsx:81:11)
      at renderWithHooks (node_modules/react-dom/cjs/react-dom.development.js:14985:18)
      at mountIndeterminateComponent (node_modules/react-dom/cjs/react-dom.development.js:17811:13)
      at beginWork (node_modules/react-dom/cjs/react-dom.development.js:19049:16)
      at HTMLUnknownElement.callCallback (node_modules/react-dom/cjs/react-dom.development.js:3945:14)
      at HTMLUnknownElement.callTheUserObjectsOperation (node_modules/jsdom/lib/jsdom/living/generated/EventListener.js:26:30)
      at innerInvokeEventListeners (node_modules/jsdom/lib/jsdom/living/events/EventTarget-impl.js:338:25)
      at invokeEventListeners (node_modules/jsdom/lib/jsdom/living/events/EventTarget-impl.js:274:3)
      at HTMLUnknownElementImpl._dispatch (node_modules/jsdom/lib/jsdom/living/events/EventTarget-impl.js:221:9)
      at HTMLUnknownElementImpl.dispatchEvent (node_modules/jsdom/lib/jsdom/living/events/EventTarget-impl.js:94:17)
      at HTMLUnknownElement.dispatchEvent (node_modules/jsdom/lib/jsdom/living/generated/EventTarget.js:231:34)
      at Object.invokeGuardedCallbackDev (node_modules/react-dom/cjs/react-dom.development.js:3994:16)
      at invokeGuardedCallback (node_modules/react-dom/cjs/react-dom.development.js:4056:31)
      at beginWork$1 (node_modules/react-dom/cjs/react-dom.development.js:23964:7)
      at performUnitOfWork (node_modules/react-dom/cjs/react-dom.development.js:22779:12)
      at workLoopSync (node_modules/react-dom/cjs/react-dom.development.js:22707:5)
      at renderRootSync (node_modules/react-dom/cjs/react-dom.development.js:22670:7)
      at performSyncWorkOnRoot (node_modules/react-dom/cjs/react-dom.development.js:22293:18)
      at scheduleUpdateOnFiber (node_modules/react-dom/cjs/react-dom.development.js:21881:7)
      at updateContainer (node_modules/react-dom/cjs/react-dom.development.js:25482:3)
      at node_modules/react-dom/cjs/react-dom.development.js:26021:7
      at unbatchedUpdates (node_modules/react-dom/cjs/react-dom.development.js:22431:12)
      at legacyRenderSubtreeIntoContainer (node_modules/react-dom/cjs/react-dom.development.js:26020:5)
      at Object.render (node_modules/react-dom/cjs/react-dom.development.js:26103:10)
      at node_modules/@testing-library/react/dist/pure.js:101:25
      at batchedUpdates$1 (node_modules/react-dom/cjs/react-dom.development.js:22380:12)
      at act (node_modules/react-dom/cjs/react-dom-test-utils.development.js:1042:14)
      at render (node_modules/@testing-library/react/dist/pure.js:97:26)
      at Object.<anonymous> (src/pages/tBTC/Bridge/__tests__/DepositDetails.test.tsx:100:27)

  ● DepositDetails StarkNet › should not display StarkNet info for non-StarkNet deposits

    TypeError: Cannot destructure property 'depositKey' of '(0 , _reactRouter.useParams)(...)' as it is undefined.

      79 |
      80 | export const DepositDetails: PageComponent = () => {
    > 81 |   const { depositKey } = useParams()
         |           ^
      82 |   const { state } = useLocation()
      83 |   const navigate = useNavigate()
      84 |   const dispatch = useAppDispatch()

      at DepositDetails (src/pages/tBTC/Bridge/DepositDetails.tsx:81:11)
      at renderWithHooks (node_modules/react-dom/cjs/react-dom.development.js:14985:18)
      at mountIndeterminateComponent (node_modules/react-dom/cjs/react-dom.development.js:17811:13)
      at beginWork (node_modules/react-dom/cjs/react-dom.development.js:19049:16)
      at HTMLUnknownElement.callCallback (node_modules/react-dom/cjs/react-dom.development.js:3945:14)
      at HTMLUnknownElement.callTheUserObjectsOperation (node_modules/jsdom/lib/jsdom/living/generated/EventListener.js:26:30)
      at innerInvokeEventListeners (node_modules/jsdom/lib/jsdom/living/events/EventTarget-impl.js:338:25)
      at invokeEventListeners (node_modules/jsdom/lib/jsdom/living/events/EventTarget-impl.js:274:3)
      at HTMLUnknownElementImpl._dispatch (node_modules/jsdom/lib/jsdom/living/events/EventTarget-impl.js:221:9)
      at HTMLUnknownElementImpl.dispatchEvent (node_modules/jsdom/lib/jsdom/living/events/EventTarget-impl.js:94:17)
      at HTMLUnknownElement.dispatchEvent (node_modules/jsdom/lib/jsdom/living/generated/EventTarget.js:231:34)
      at Object.invokeGuardedCallbackDev (node_modules/react-dom/cjs/react-dom.development.js:3994:16)
      at invokeGuardedCallback (node_modules/react-dom/cjs/react-dom.development.js:4056:31)
      at beginWork$1 (node_modules/react-dom/cjs/react-dom.development.js:23964:7)
      at performUnitOfWork (node_modules/react-dom/cjs/react-dom.development.js:22779:12)
      at workLoopSync (node_modules/react-dom/cjs/react-dom.development.js:22707:5)
      at renderRootSync (node_modules/react-dom/cjs/react-dom.development.js:22670:7)
      at performSyncWorkOnRoot (node_modules/react-dom/cjs/react-dom.development.js:22293:18)
      at scheduleUpdateOnFiber (node_modules/react-dom/cjs/react-dom.development.js:21881:7)
      at updateContainer (node_modules/react-dom/cjs/react-dom.development.js:25482:3)
      at node_modules/react-dom/cjs/react-dom.development.js:26021:7
      at unbatchedUpdates (node_modules/react-dom/cjs/react-dom.development.js:22431:12)
      at legacyRenderSubtreeIntoContainer (node_modules/react-dom/cjs/react-dom.development.js:26020:5)
      at Object.render (node_modules/react-dom/cjs/react-dom.development.js:26103:10)
      at node_modules/@testing-library/react/dist/pure.js:101:25
      at batchedUpdates$1 (node_modules/react-dom/cjs/react-dom.development.js:22380:12)
      at act (node_modules/react-dom/cjs/react-dom-test-utils.development.js:1042:14)
      at render (node_modules/@testing-library/react/dist/pure.js:97:26)
      at Object.<anonymous> (src/pages/tBTC/Bridge/__tests__/DepositDetails.test.tsx:131:29)

  ● DepositDetails StarkNet › should link to correct StarkNet explorer for mainnet

    TypeError: Cannot destructure property 'depositKey' of '(0 , _reactRouter.useParams)(...)' as it is undefined.

      79 |
      80 | export const DepositDetails: PageComponent = () => {
    > 81 |   const { depositKey } = useParams()
         |           ^
      82 |   const { state } = useLocation()
      83 |   const navigate = useNavigate()
      84 |   const dispatch = useAppDispatch()

      at DepositDetails (src/pages/tBTC/Bridge/DepositDetails.tsx:81:11)
      at renderWithHooks (node_modules/react-dom/cjs/react-dom.development.js:14985:18)
      at mountIndeterminateComponent (node_modules/react-dom/cjs/react-dom.development.js:17811:13)
      at beginWork (node_modules/react-dom/cjs/react-dom.development.js:19049:16)
      at HTMLUnknownElement.callCallback (node_modules/react-dom/cjs/react-dom.development.js:3945:14)
      at HTMLUnknownElement.callTheUserObjectsOperation (node_modules/jsdom/lib/jsdom/living/generated/EventListener.js:26:30)
      at innerInvokeEventListeners (node_modules/jsdom/lib/jsdom/living/events/EventTarget-impl.js:338:25)
      at invokeEventListeners (node_modules/jsdom/lib/jsdom/living/events/EventTarget-impl.js:274:3)
      at HTMLUnknownElementImpl._dispatch (node_modules/jsdom/lib/jsdom/living/events/EventTarget-impl.js:221:9)
      at HTMLUnknownElementImpl.dispatchEvent (node_modules/jsdom/lib/jsdom/living/events/EventTarget-impl.js:94:17)
      at HTMLUnknownElement.dispatchEvent (node_modules/jsdom/lib/jsdom/living/generated/EventTarget.js:231:34)
      at Object.invokeGuardedCallbackDev (node_modules/react-dom/cjs/react-dom.development.js:3994:16)
      at invokeGuardedCallback (node_modules/react-dom/cjs/react-dom.development.js:4056:31)
      at beginWork$1 (node_modules/react-dom/cjs/react-dom.development.js:23964:7)
      at performUnitOfWork (node_modules/react-dom/cjs/react-dom.development.js:22779:12)
      at workLoopSync (node_modules/react-dom/cjs/react-dom.development.js:22707:5)
      at renderRootSync (node_modules/react-dom/cjs/react-dom.development.js:22670:7)
      at performSyncWorkOnRoot (node_modules/react-dom/cjs/react-dom.development.js:22293:18)
      at scheduleUpdateOnFiber (node_modules/react-dom/cjs/react-dom.development.js:21881:7)
      at updateContainer (node_modules/react-dom/cjs/react-dom.development.js:25482:3)
      at node_modules/react-dom/cjs/react-dom.development.js:26021:7
      at unbatchedUpdates (node_modules/react-dom/cjs/react-dom.development.js:22431:12)
      at legacyRenderSubtreeIntoContainer (node_modules/react-dom/cjs/react-dom.development.js:26020:5)
      at Object.render (node_modules/react-dom/cjs/react-dom.development.js:26103:10)
      at node_modules/@testing-library/react/dist/pure.js:101:25
      at batchedUpdates$1 (node_modules/react-dom/cjs/react-dom.development.js:22380:12)
      at act (node_modules/react-dom/cjs/react-dom-test-utils.development.js:1042:14)
      at render (node_modules/@testing-library/react/dist/pure.js:97:26)
      at Object.<anonymous> (src/pages/tBTC/Bridge/__tests__/DepositDetails.test.tsx:161:27)

  ● DepositDetails StarkNet › should link to correct StarkNet explorer for testnet

    TypeError: Cannot destructure property 'depositKey' of '(0 , _reactRouter.useParams)(...)' as it is undefined.

      79 |
      80 | export const DepositDetails: PageComponent = () => {
    > 81 |   const { depositKey } = useParams()
         |           ^
      82 |   const { state } = useLocation()
      83 |   const navigate = useNavigate()
      84 |   const dispatch = useAppDispatch()

      at DepositDetails (src/pages/tBTC/Bridge/DepositDetails.tsx:81:11)
      at renderWithHooks (node_modules/react-dom/cjs/react-dom.development.js:14985:18)
      at mountIndeterminateComponent (node_modules/react-dom/cjs/react-dom.development.js:17811:13)
      at beginWork (node_modules/react-dom/cjs/react-dom.development.js:19049:16)
      at HTMLUnknownElement.callCallback (node_modules/react-dom/cjs/react-dom.development.js:3945:14)
      at HTMLUnknownElement.callTheUserObjectsOperation (node_modules/jsdom/lib/jsdom/living/generated/EventListener.js:26:30)
      at innerInvokeEventListeners (node_modules/jsdom/lib/jsdom/living/events/EventTarget-impl.js:338:25)
      at invokeEventListeners (node_modules/jsdom/lib/jsdom/living/events/EventTarget-impl.js:274:3)
      at HTMLUnknownElementImpl._dispatch (node_modules/jsdom/lib/jsdom/living/events/EventTarget-impl.js:221:9)
      at HTMLUnknownElementImpl.dispatchEvent (node_modules/jsdom/lib/jsdom/living/events/EventTarget-impl.js:94:17)
      at HTMLUnknownElement.dispatchEvent (node_modules/jsdom/lib/jsdom/living/generated/EventTarget.js:231:34)
      at Object.invokeGuardedCallbackDev (node_modules/react-dom/cjs/react-dom.development.js:3994:16)
      at invokeGuardedCallback (node_modules/react-dom/cjs/react-dom.development.js:4056:31)
      at beginWork$1 (node_modules/react-dom/cjs/react-dom.development.js:23964:7)
      at performUnitOfWork (node_modules/react-dom/cjs/react-dom.development.js:22779:12)
      at workLoopSync (node_modules/react-dom/cjs/react-dom.development.js:22707:5)
      at renderRootSync (node_modules/react-dom/cjs/react-dom.development.js:22670:7)
      at performSyncWorkOnRoot (node_modules/react-dom/cjs/react-dom.development.js:22293:18)
      at scheduleUpdateOnFiber (node_modules/react-dom/cjs/react-dom.development.js:21881:7)
      at updateContainer (node_modules/react-dom/cjs/react-dom.development.js:25482:3)
      at node_modules/react-dom/cjs/react-dom.development.js:26021:7
      at unbatchedUpdates (node_modules/react-dom/cjs/react-dom.development.js:22431:12)
      at legacyRenderSubtreeIntoContainer (node_modules/react-dom/cjs/react-dom.development.js:26020:5)
      at Object.render (node_modules/react-dom/cjs/react-dom.development.js:26103:10)
      at node_modules/@testing-library/react/dist/pure.js:101:25
      at batchedUpdates$1 (node_modules/react-dom/cjs/react-dom.development.js:22380:12)
      at act (node_modules/react-dom/cjs/react-dom-test-utils.development.js:1042:14)
      at render (node_modules/@testing-library/react/dist/pure.js:97:26)
      at Object.<anonymous> (src/pages/tBTC/Bridge/__tests__/DepositDetails.test.tsx:208:27)

  ● DepositDetails StarkNet › should display shortened StarkNet address

    TypeError: Cannot destructure property 'depositKey' of '(0 , _reactRouter.useParams)(...)' as it is undefined.

      79 |
      80 | export const DepositDetails: PageComponent = () => {
    > 81 |   const { depositKey } = useParams()
         |           ^
      82 |   const { state } = useLocation()
      83 |   const navigate = useNavigate()
      84 |   const dispatch = useAppDispatch()

      at DepositDetails (src/pages/tBTC/Bridge/DepositDetails.tsx:81:11)
      at renderWithHooks (node_modules/react-dom/cjs/react-dom.development.js:14985:18)
      at mountIndeterminateComponent (node_modules/react-dom/cjs/react-dom.development.js:17811:13)
      at beginWork (node_modules/react-dom/cjs/react-dom.development.js:19049:16)
      at HTMLUnknownElement.callCallback (node_modules/react-dom/cjs/react-dom.development.js:3945:14)
      at HTMLUnknownElement.callTheUserObjectsOperation (node_modules/jsdom/lib/jsdom/living/generated/EventListener.js:26:30)
      at innerInvokeEventListeners (node_modules/jsdom/lib/jsdom/living/events/EventTarget-impl.js:338:25)
      at invokeEventListeners (node_modules/jsdom/lib/jsdom/living/events/EventTarget-impl.js:274:3)
      at HTMLUnknownElementImpl._dispatch (node_modules/jsdom/lib/jsdom/living/events/EventTarget-impl.js:221:9)
      at HTMLUnknownElementImpl.dispatchEvent (node_modules/jsdom/lib/jsdom/living/events/EventTarget-impl.js:94:17)
      at HTMLUnknownElement.dispatchEvent (node_modules/jsdom/lib/jsdom/living/generated/EventTarget.js:231:34)
      at Object.invokeGuardedCallbackDev (node_modules/react-dom/cjs/react-dom.development.js:3994:16)
      at invokeGuardedCallback (node_modules/react-dom/cjs/react-dom.development.js:4056:31)
      at beginWork$1 (node_modules/react-dom/cjs/react-dom.development.js:23964:7)
      at performUnitOfWork (node_modules/react-dom/cjs/react-dom.development.js:22779:12)
      at workLoopSync (node_modules/react-dom/cjs/react-dom.development.js:22707:5)
      at renderRootSync (node_modules/react-dom/cjs/react-dom.development.js:22670:7)
      at performSyncWorkOnRoot (node_modules/react-dom/cjs/react-dom.development.js:22293:18)
      at scheduleUpdateOnFiber (node_modules/react-dom/cjs/react-dom.development.js:21881:7)
      at updateContainer (node_modules/react-dom/cjs/react-dom.development.js:25482:3)
      at node_modules/react-dom/cjs/react-dom.development.js:26021:7
      at unbatchedUpdates (node_modules/react-dom/cjs/react-dom.development.js:22431:12)
      at legacyRenderSubtreeIntoContainer (node_modules/react-dom/cjs/react-dom.development.js:26020:5)
      at Object.render (node_modules/react-dom/cjs/react-dom.development.js:26103:10)
      at node_modules/@testing-library/react/dist/pure.js:101:25
      at batchedUpdates$1 (node_modules/react-dom/cjs/react-dom.development.js:22380:12)
      at act (node_modules/react-dom/cjs/react-dom-test-utils.development.js:1042:14)
      at render (node_modules/@testing-library/react/dist/pure.js:97:26)
      at Object.<anonymous> (src/pages/tBTC/Bridge/__tests__/DepositDetails.test.tsx:244:27)

  ● DepositDetails StarkNet › should show deposit type label for StarkNet

    TypeError: Cannot destructure property 'depositKey' of '(0 , _reactRouter.useParams)(...)' as it is undefined.

      79 |
      80 | export const DepositDetails: PageComponent = () => {
    > 81 |   const { depositKey } = useParams()
         |           ^
      82 |   const { state } = useLocation()
      83 |   const navigate = useNavigate()
      84 |   const dispatch = useAppDispatch()

      at DepositDetails (src/pages/tBTC/Bridge/DepositDetails.tsx:81:11)
      at renderWithHooks (node_modules/react-dom/cjs/react-dom.development.js:14985:18)
      at mountIndeterminateComponent (node_modules/react-dom/cjs/react-dom.development.js:17811:13)
      at beginWork (node_modules/react-dom/cjs/react-dom.development.js:19049:16)
      at HTMLUnknownElement.callCallback (node_modules/react-dom/cjs/react-dom.development.js:3945:14)
      at HTMLUnknownElement.callTheUserObjectsOperation (node_modules/jsdom/lib/jsdom/living/generated/EventListener.js:26:30)
      at innerInvokeEventListeners (node_modules/jsdom/lib/jsdom/living/events/EventTarget-impl.js:338:25)
      at invokeEventListeners (node_modules/jsdom/lib/jsdom/living/events/EventTarget-impl.js:274:3)
      at HTMLUnknownElementImpl._dispatch (node_modules/jsdom/lib/jsdom/living/events/EventTarget-impl.js:221:9)
      at HTMLUnknownElementImpl.dispatchEvent (node_modules/jsdom/lib/jsdom/living/events/EventTarget-impl.js:94:17)
      at HTMLUnknownElement.dispatchEvent (node_modules/jsdom/lib/jsdom/living/generated/EventTarget.js:231:34)
      at Object.invokeGuardedCallbackDev (node_modules/react-dom/cjs/react-dom.development.js:3994:16)
      at invokeGuardedCallback (node_modules/react-dom/cjs/react-dom.development.js:4056:31)
      at beginWork$1 (node_modules/react-dom/cjs/react-dom.development.js:23964:7)
      at performUnitOfWork (node_modules/react-dom/cjs/react-dom.development.js:22779:12)
      at workLoopSync (node_modules/react-dom/cjs/react-dom.development.js:22707:5)
      at renderRootSync (node_modules/react-dom/cjs/react-dom.development.js:22670:7)
      at performSyncWorkOnRoot (node_modules/react-dom/cjs/react-dom.development.js:22293:18)
      at scheduleUpdateOnFiber (node_modules/react-dom/cjs/react-dom.development.js:21881:7)
      at updateContainer (node_modules/react-dom/cjs/react-dom.development.js:25482:3)
      at node_modules/react-dom/cjs/react-dom.development.js:26021:7
      at unbatchedUpdates (node_modules/react-dom/cjs/react-dom.development.js:22431:12)
      at legacyRenderSubtreeIntoContainer (node_modules/react-dom/cjs/react-dom.development.js:26020:5)
      at Object.render (node_modules/react-dom/cjs/react-dom.development.js:26103:10)
      at node_modules/@testing-library/react/dist/pure.js:101:25
      at batchedUpdates$1 (node_modules/react-dom/cjs/react-dom.development.js:22380:12)
      at act (node_modules/react-dom/cjs/react-dom-test-utils.development.js:1042:14)
      at render (node_modules/@testing-library/react/dist/pure.js:97:26)
      at Object.<anonymous> (src/pages/tBTC/Bridge/__tests__/DepositDetails.test.tsx:274:27)

FAIL src/threshold-ts/tbtc/__test__/tbtc.test.ts
  ● Test suite failed to run

    Cannot find module '@keep-network/tbtc-v2.ts/dist/src/bitcoin' from 'src/threshold-ts/tbtc/__test__/tbtc.test.ts'

      3 | import TBTCToken from "@keep-network/tbtc-v2/artifacts/TBTC.json"
      4 | import { BigNumber, providers } from "ethers"
    > 5 | import {
        | ^
      6 |   computeHash160,
      7 |   decodeBitcoinAddress,
      8 |   TransactionHash,

      at Resolver.resolveModule (node_modules/jest-resolve/build/index.js:306:11)
      at Object.<anonymous> (src/threshold-ts/tbtc/__test__/tbtc.test.ts:5:1)

FAIL src/web3/hooks/__tests__/useContract.test.ts
  ● Test suite failed to run

    invalid signer or provider (argument="signerOrProvider", value={}, code=INVALID_ARGUMENT, version=contracts/5.6.2)

      163 |       ? providerOrSigner
      164 |       : (getProviderOrSigner(providerOrSigner as any, account) as any)
    > 165 |   return new Contract(address, abi, _providerOrSigner)
          |          ^
      166 | }
      167 |
      168 | interface EventFilterOptions {

      at Logger.Object.<anonymous>.Logger.makeError (node_modules/@ethersproject/logger/src.ts/index.ts:269:28)
      at Logger.Object.<anonymous>.Logger.throwError (node_modules/@ethersproject/logger/src.ts/index.ts:281:20)
      at Logger.Object.<anonymous>.Logger.throwArgumentError (node_modules/@ethersproject/logger/src.ts/index.ts:285:21)
      at Contract.BaseContract (node_modules/@ethersproject/contracts/src.ts/index.ts:674:20)
      at new Contract (node_modules/@ethersproject/contracts/lib/index.js:1053:42)
      at getContract (src/threshold-ts/utils/contract.ts:165:10)
      at new Multicall (src/threshold-ts/multicall/index.ts:61:9)
      at Threshold._initialize (src/threshold-ts/index.ts:24:22)
      at new Threshold (src/threshold-ts/index.ts:17:10)
      at getThresholdLib (src/utils/getThresholdLib.ts:70:10)
      at Object.<anonymous> (src/utils/getThresholdLib.ts:76:26)
      at Object.<anonymous> (src/web3/hooks/useContract.ts:4:1)
      at Object.<anonymous> (src/web3/hooks/__tests__/useContract.test.ts:4:1)

FAIL src/web3/hooks/__tests__/useSendTransaction.test.ts
  ● Test suite failed to run

    TypeError: Cannot read properties of undefined (reading 'base16')

    > 1 | import WalletConnectProvider from "@walletconnect/ethereum-provider"
        | ^
      2 | import { AbstractConnector } from "@web3-react/abstract-connector"
      3 | import { ConnectorUpdate } from "@web3-react/types"
      4 | import { EnvVariable } from "../../enums"

      at Object.<anonymous> (node_modules/uint8arrays/cjs/src/util/bases.js:42:21)
      at Object.<anonymous> (node_modules/uint8arrays/cjs/src/from-string.js:5:13)
      at Object.<anonymous> (node_modules/uint8arrays/cjs/src/index.js:8:18)
      at Object.<anonymous> (node_modules/@walletconnect/utils/dist/index.cjs.js:1:331)
      at Object.<anonymous> (node_modules/@walletconnect/ethereum-provider/dist/index.cjs.js:1:184)
      at Object.<anonymous> (src/web3/connectors/walletConnect.ts:1:1)
      at Object.<anonymous> (src/web3/connectors/index.ts:3:1)
      at Object.<anonymous> (src/web3/utils/connectors.ts:2:1)
      at Object.<anonymous> (src/hooks/posthog/useCaptureWalletConnectedEvent.ts:5:1)
      at Object.<anonymous> (src/hooks/posthog/usePosthog.ts:5:1)
      at Object.<anonymous> (src/hooks/posthog/index.ts:1:1)
      at Object.<anonymous> (src/hooks/useModal.ts:12:1)
      at src/web3/hooks/__tests__/useSendTransaction.test.ts:19:12
      at Object.<anonymous> (src/web3/hooks/useSendTransaction.ts:5:1)
      at Object.<anonymous> (src/web3/hooks/__tests__/useSendTransaction.test.ts:4:1)

FAIL src/components/Navbar/__tests__/NavbarStarknetIntegration.test.tsx
  ● Test suite failed to run

    TypeError: Cannot read properties of undefined (reading 'base16')

    > 1 | import WalletConnectProvider from "@walletconnect/ethereum-provider"
        | ^
      2 | import { AbstractConnector } from "@web3-react/abstract-connector"
      3 | import { ConnectorUpdate } from "@web3-react/types"
      4 | import { EnvVariable } from "../../enums"

      at Object.<anonymous> (node_modules/uint8arrays/cjs/src/util/bases.js:42:21)
      at Object.<anonymous> (node_modules/uint8arrays/cjs/src/from-string.js:5:13)
      at Object.<anonymous> (node_modules/uint8arrays/cjs/src/index.js:8:18)
      at Object.<anonymous> (node_modules/@walletconnect/utils/dist/index.cjs.js:1:331)
      at Object.<anonymous> (node_modules/@walletconnect/ethereum-provider/dist/index.cjs.js:1:184)
      at Object.<anonymous> (src/web3/connectors/walletConnect.ts:1:1)
      at Object.<anonymous> (src/web3/connectors/index.ts:3:1)
      at Object.<anonymous> (src/web3/utils/connectors.ts:2:1)
      at Object.<anonymous> (src/hooks/posthog/useCaptureWalletConnectedEvent.ts:5:1)
      at Object.<anonymous> (src/hooks/posthog/usePosthog.ts:5:1)
      at Object.<anonymous> (src/hooks/posthog/index.ts:1:1)
      at Object.<anonymous> (src/components/Navbar/AccountButton.tsx:11:1)
      at Object.<anonymous> (src/components/Navbar/NavbarComponent.tsx:17:1)
      at Object.<anonymous> (src/components/Navbar/__tests__/NavbarStarknetIntegration.test.tsx:5:1)

FAIL src/hooks/__tests__/useFetchTvl.test.tsx
  ● Test suite failed to run

    TypeError: Cannot read properties of undefined (reading 'base16')

    > 1 | import WalletConnectProvider from "@walletconnect/ethereum-provider"
        | ^
      2 | import { AbstractConnector } from "@web3-react/abstract-connector"
      3 | import { ConnectorUpdate } from "@web3-react/types"
      4 | import { EnvVariable } from "../../enums"

      at Object.<anonymous> (node_modules/uint8arrays/cjs/src/util/bases.js:42:21)
      at Object.<anonymous> (node_modules/uint8arrays/cjs/src/from-string.js:5:13)
      at Object.<anonymous> (node_modules/uint8arrays/cjs/src/index.js:8:18)
      at Object.<anonymous> (node_modules/@walletconnect/utils/dist/index.cjs.js:1:331)
      at Object.<anonymous> (node_modules/@walletconnect/ethereum-provider/dist/index.cjs.js:1:184)
      at Object.<anonymous> (src/web3/connectors/walletConnect.ts:1:1)
      at Object.<anonymous> (src/web3/connectors/index.ts:3:1)
      at Object.<anonymous> (src/web3/utils/connectors.ts:2:1)
      at Object.<anonymous> (src/hooks/posthog/useCaptureWalletConnectedEvent.ts:5:1)
      at Object.<anonymous> (src/hooks/posthog/usePosthog.ts:5:1)
      at Object.<anonymous> (src/hooks/posthog/index.ts:1:1)
      at Object.<anonymous> (src/hooks/useModal.ts:12:1)
      at Object.<anonymous> (src/web3/hooks/useSendTransaction.ts:5:1)
      at Object.<anonymous> (src/web3/hooks/index.ts:6:1)
      at src/hooks/__tests__/useFetchTvl.test.tsx:20:12
      at Object.<anonymous> (src/hooks/__tests__/useFetchTvl.test.tsx:4:1)

FAIL src/pages/tBTC/Bridge/Minting/__tests__/ProvideData.test.tsx
  ● Test suite failed to run

    TypeError: Cannot read properties of undefined (reading 'base16')

    > 1 | import WalletConnectProvider from "@walletconnect/ethereum-provider"
        | ^
      2 | import { AbstractConnector } from "@web3-react/abstract-connector"
      3 | import { ConnectorUpdate } from "@web3-react/types"
      4 | import { EnvVariable } from "../../enums"

      at Object.<anonymous> (node_modules/uint8arrays/cjs/src/util/bases.js:42:21)
      at Object.<anonymous> (node_modules/uint8arrays/cjs/src/from-string.js:5:13)
      at Object.<anonymous> (node_modules/uint8arrays/cjs/src/index.js:8:18)
      at Object.<anonymous> (node_modules/@walletconnect/utils/dist/index.cjs.js:1:331)
      at Object.<anonymous> (node_modules/@walletconnect/ethereum-provider/dist/index.cjs.js:1:184)
      at Object.<anonymous> (src/web3/connectors/walletConnect.ts:1:1)
      at Object.<anonymous> (src/web3/connectors/index.ts:3:1)
      at Object.<anonymous> (src/web3/utils/connectors.ts:2:1)
      at Object.<anonymous> (src/hooks/posthog/useCaptureWalletConnectedEvent.ts:5:1)
      at Object.<anonymous> (src/hooks/posthog/usePosthog.ts:5:1)
      at Object.<anonymous> (src/hooks/posthog/index.ts:1:1)
      at Object.<anonymous> (src/hooks/useModal.ts:12:1)
      at Object.<anonymous> (src/hooks/useConnectWallet.ts:5:1)
      at Object.<anonymous> (src/components/SubmitTxButton.tsx:4:1)
      at Object.<anonymous> (src/components/Forms/TokenAmountForm.tsx:11:1)
      at Object.<anonymous> (src/components/Forms/index.ts:1:1)
      at Object.<anonymous> (src/pages/tBTC/Bridge/Minting/ProvideData.tsx:8:1)
      at Object.<anonymous> (src/pages/tBTC/Bridge/Minting/__tests__/ProvideData.test.tsx:3:1)

FAIL src/components/Modal/SelectWalletModal/__tests__/ConnectStarknet.test.tsx
  ● Test suite failed to run

    TypeError: Cannot read properties of undefined (reading 'components')

      18 |
      19 | const variants = {
    > 20 |   ...defaultTheme.components.Badge.variants,
         |                   ^
      21 |   magic: variantMagic,
      22 |   subtle: (props: any) => {
      23 |     const { colorScheme: c, theme } = props

      at Object.<anonymous> (src/theme/Badge.ts:20:19)
      at Object.<anonymous> (src/theme/index.ts:8:1)
      at Object.<anonymous> (src/components/Modal/SelectWalletModal/__tests__/ConnectStarknet.test.tsx:6:1)

FAIL src/threshold-ts/__tests__/starknet-integration.test.ts
  ● Test suite failed to run

    Jest encountered an unexpected token

    This usually means that you are trying to import a file which Jest cannot parse, e.g. it's not plain JavaScript.

    By default, if Jest sees a Babel config, it will use that to transform your files, ignoring "node_modules".

    Here's what you can do:
     • If you are trying to use ECMAScript Modules, see https://jestjs.io/docs/en/ecmascript-modules for how to enable it.
     • To have some of your "node_modules" files transformed, you can specify a custom "transformIgnorePatterns" in your config.
     • If you need a custom transformation specify a "transform" option in your config.
     • If you simply want to mock your non-JS modules (e.g. binary assets) you can stub them out with the "moduleNameMapper" config option.

    You'll find more details and examples of these config options in the docs:
    https://jestjs.io/docs/en/configuration.html

    Details:

    /Users/leonardosaturnino/Documents/GitHub/tbtc-v2/typescript/node_modules/axios/index.js:1
    ({"Object.<anonymous>":function(module,exports,require,__dirname,__filename,global,jest){import axios from './lib/axios.js';
                                                                                             ^^^^^^

    SyntaxError: Cannot use import statement outside a module

      11 | import { Hex } from "../utils"
      12 | import { packRevealDepositParameters } from "../ethereum"
    > 13 | import axios from "axios"
         | ^
      14 |
      15 | /**
      16 |  * Configuration for StarkNetDepositor

      at Runtime.createScriptFromCode (node_modules/jest-runtime/build/index.js:1350:14)
      at Object.<anonymous> (../tbtc-v2/typescript/src/lib/starknet/starknet-depositor.ts:13:1)

FAIL src/pages/tBTC/Bridge/__tests__/TbtcBalanceCard.test.tsx
  ● Test suite failed to run

    TypeError: Cannot read properties of undefined (reading 'base16')

    > 1 | import WalletConnectProvider from "@walletconnect/ethereum-provider"
        | ^
      2 | import { AbstractConnector } from "@web3-react/abstract-connector"
      3 | import { ConnectorUpdate } from "@web3-react/types"
      4 | import { EnvVariable } from "../../enums"

      at Object.<anonymous> (node_modules/uint8arrays/cjs/src/util/bases.js:42:21)
      at Object.<anonymous> (node_modules/uint8arrays/cjs/src/from-string.js:5:13)
      at Object.<anonymous> (node_modules/uint8arrays/cjs/src/index.js:8:18)
      at Object.<anonymous> (node_modules/@walletconnect/utils/dist/index.cjs.js:1:331)
      at Object.<anonymous> (node_modules/@walletconnect/ethereum-provider/dist/index.cjs.js:1:184)
      at Object.<anonymous> (src/web3/connectors/walletConnect.ts:1:1)
      at Object.<anonymous> (src/web3/connectors/index.ts:3:1)
      at Object.<anonymous> (src/web3/utils/connectors.ts:2:1)
      at Object.<anonymous> (src/hooks/posthog/useCaptureWalletConnectedEvent.ts:5:1)
      at Object.<anonymous> (src/hooks/posthog/usePosthog.ts:5:1)
      at Object.<anonymous> (src/hooks/posthog/index.ts:1:1)
      at Object.<anonymous> (src/hooks/useModal.ts:12:1)
      at Object.<anonymous> (src/web3/hooks/useSendTransaction.ts:5:1)
      at Object.<anonymous> (src/web3/hooks/index.ts:6:1)
      at Object.<anonymous> (src/contexts/TokenContext.tsx:11:1)
      at Object.<anonymous> (src/hooks/useToken.ts:2:1)
      at Object.<anonymous> (src/pages/tBTC/Bridge/__tests__/TbtcBalanceCard.test.tsx:4:1)

FAIL src/hooks/tbtc/__tests__/useStarknetTBTCBalance.test.ts
  ● Console

    console.error
      Failed to fetch StarkNet tBTC balance: Error: Failed to fetch balance
          at Object.<anonymous> (/Users/leonardosaturnino/Documents/GitHub/token-dashboard/src/hooks/tbtc/__tests__/useStarknetTBTCBalance.test.ts:90:23)
          at Promise.then.completed (/Users/leonardosaturnino/Documents/GitHub/token-dashboard/node_modules/jest-circus/build/utils.js:276:28)
          at new Promise (<anonymous>)
          at callAsyncCircusFn (/Users/leonardosaturnino/Documents/GitHub/token-dashboard/node_modules/jest-circus/build/utils.js:216:10)
          at _callCircusTest (/Users/leonardosaturnino/Documents/GitHub/token-dashboard/node_modules/jest-circus/build/run.js:212:40)
          at _runTest (/Users/leonardosaturnino/Documents/GitHub/token-dashboard/node_modules/jest-circus/build/run.js:149:3)
          at _runTestsForDescribeBlock (/Users/leonardosaturnino/Documents/GitHub/token-dashboard/node_modules/jest-circus/build/run.js:63:9)
          at _runTestsForDescribeBlock (/Users/leonardosaturnino/Documents/GitHub/token-dashboard/node_modules/jest-circus/build/run.js:57:9)
          at run (/Users/leonardosaturnino/Documents/GitHub/token-dashboard/node_modules/jest-circus/build/run.js:25:3)
          at runAndTransformResultsToJestFormat (/Users/leonardosaturnino/Documents/GitHub/token-dashboard/node_modules/jest-circus/build/legacy-code-todo-rewrite/jestAdapterInit.js:176:21)
          at jestAdapter (/Users/leonardosaturnino/Documents/GitHub/token-dashboard/node_modules/jest-circus/build/legacy-code-todo-rewrite/jestAdapter.js:109:19)
          at runTestInternal (/Users/leonardosaturnino/Documents/GitHub/token-dashboard/node_modules/jest-runner/build/runTest.js:380:16)
          at runTest (/Users/leonardosaturnino/Documents/GitHub/token-dashboard/node_modules/jest-runner/build/runTest.js:472:34)
          at Object.worker (/Users/leonardosaturnino/Documents/GitHub/token-dashboard/node_modules/jest-runner/build/testWorker.js:133:12)

      76 |       setError(null)
      77 |     } catch (err) {
    > 78 |       console.error("Failed to fetch StarkNet tBTC balance:", err)
         |               ^
      79 |       setError(err instanceof Error ? err.message : "Failed to fetch balance")
      80 |       setBalance("0")
      81 |     } finally {

      at console.error (node_modules/@testing-library/react-hooks/lib/core/console.js:19:7)
      at fetchBalance (src/hooks/tbtc/useStarknetTBTCBalance.ts:78:15)

    console.warn
      tBTC token not initialized yet, will retry on next render

      46 |         // Check again after waiting
      47 |         if (!threshold.tbtc.l2TbtcToken) {
    > 48 |           console.warn(
         |                   ^
      49 |             "tBTC token not initialized yet, will retry on next render"
      50 |           )
      51 |           setBalance("0")

      at fetchBalance (src/hooks/tbtc/useStarknetTBTCBalance.ts:48:19)

  ● useStarknetTBTCBalance › should handle l2TbtcToken not being available

    expect(received).toBe(expected) // Object.is equality

    Expected: false
    Received: true

    [36m<html>[39m
      [36m<head />[39m
      [36m<body />[39m
    [36m</html>[39m

      184 |
      185 |     await waitFor(() => {
    > 186 |       expect(result.current.isLoading).toBe(false)
          |                                        ^
      187 |     })
      188 |
      189 |     expect(result.current.balance).toBe("0")

      at src/hooks/tbtc/__tests__/useStarknetTBTCBalance.test.ts:186:40
      at runWithExpensiveErrorDiagnosticsDisabled (node_modules/@testing-library/dom/dist/config.js:51:12)
      at checkCallback (node_modules/@testing-library/dom/dist/wait-for.js:127:77)
      at checkRealTimersCallback (node_modules/@testing-library/dom/dist/wait-for.js:119:16)
      at Timeout.task [as _onTimeout] (node_modules/jsdom/lib/jsdom/browser/Window.js:516:19)

Summary of all failing tests
FAIL src/__tests__/setup/dependencies.test.ts
  ● Starknet Dependencies › should import @starknet-react/chains without errors

    Jest encountered an unexpected token

    This usually means that you are trying to import a file which Jest cannot parse, e.g. it's not plain JavaScript.

    By default, if Jest sees a Babel config, it will use that to transform your files, ignoring "node_modules".

    Here's what you can do:
     • If you are trying to use ECMAScript Modules, see https://jestjs.io/docs/en/ecmascript-modules for how to enable it.
     • To have some of your "node_modules" files transformed, you can specify a custom "transformIgnorePatterns" in your config.
     • If you need a custom transformation specify a "transform" option in your config.
     • If you simply want to mock your non-JS modules (e.g. binary assets) you can stub them out with the "moduleNameMapper" config option.

    You'll find more details and examples of these config options in the docs:
    https://jestjs.io/docs/en/configuration.html

    Details:

    /Users/leonardosaturnino/Documents/GitHub/token-dashboard/node_modules/@starknet-react/chains/dist/index.js:142
    export {
    ^^^^^^

    SyntaxError: Unexpected token 'export'

      16 |
      17 |   it("should import @starknet-react/chains without errors", async () => {
    > 18 |     const chains = await import("@starknet-react/chains")
         |                    ^
      19 |     expect(chains).toBeDefined()
      20 |     expect(chains.mainnet).toBeDefined()
      21 |     // Note: goerli was deprecated, checking for sepolia instead

      at Runtime.createScriptFromCode (node_modules/jest-runtime/build/index.js:1350:14)
      at src/__tests__/setup/dependencies.test.ts:18:20
      at Object.<anonymous> (src/__tests__/setup/dependencies.test.ts:18:20)

  ● Starknet Dependencies › should import @starknet-react/core without errors

    Jest encountered an unexpected token

    This usually means that you are trying to import a file which Jest cannot parse, e.g. it's not plain JavaScript.

    By default, if Jest sees a Babel config, it will use that to transform your files, ignoring "node_modules".

    Here's what you can do:
     • If you are trying to use ECMAScript Modules, see https://jestjs.io/docs/en/ecmascript-modules for how to enable it.
     • To have some of your "node_modules" files transformed, you can specify a custom "transformIgnorePatterns" in your config.
     • If you need a custom transformation specify a "transform" option in your config.
     • If you simply want to mock your non-JS modules (e.g. binary assets) you can stub them out with the "moduleNameMapper" config option.

    You'll find more details and examples of these config options in the docs:
    https://jestjs.io/docs/en/configuration.html

    Details:

    /Users/leonardosaturnino/Documents/GitHub/token-dashboard/node_modules/@starknet-react/core/dist/index.js:6
    import EventEmitter from "eventemitter3";
    ^^^^^^

    SyntaxError: Cannot use import statement outside a module

      24 |
      25 |   it("should import @starknet-react/core without errors", async () => {
    > 26 |     const core = await import("@starknet-react/core")
         |                  ^
      27 |     expect(core).toBeDefined()
      28 |     expect(core.StarknetConfig).toBeDefined()
      29 |     expect(core.useAccount).toBeDefined()

      at Runtime.createScriptFromCode (node_modules/jest-runtime/build/index.js:1350:14)
      at src/__tests__/setup/dependencies.test.ts:26:18
      at Object.<anonymous> (src/__tests__/setup/dependencies.test.ts:26:18)

FAIL src/components/Navbar/__tests__/NavbarComponent.test.tsx
  ● NavbarComponent › should render basic navbar components

    Element type is invalid: expected a string (for built-in components) or a class/function (for composite components) but got: undefined. You likely forgot to export your component from the file it's defined in, or you might have mixed up default and named imports.

      64 |     starknetValue = { isConnected: false }
      65 |   ) => {
    > 66 |     return render(
         |            ^
      67 |       <ChakraProvider>
      68 |         <MemoryRouter>
      69 |           <MockStarknetProvider value={starknetValue}>

      at createFiberFromTypeAndProps (node_modules/react-dom/cjs/react-dom.development.js:25058:21)
      at createFiberFromElement (node_modules/react-dom/cjs/react-dom.development.js:25086:15)
      at reconcileSingleElement (node_modules/react-dom/cjs/react-dom.development.js:14052:23)
      at reconcileChildFibers (node_modules/react-dom/cjs/react-dom.development.js:14112:35)
      at reconcileChildren (node_modules/react-dom/cjs/react-dom.development.js:16990:28)
      at updateContextProvider (node_modules/react-dom/cjs/react-dom.development.js:18699:3)
      at beginWork (node_modules/react-dom/cjs/react-dom.development.js:19111:14)
      at HTMLUnknownElement.callCallback (node_modules/react-dom/cjs/react-dom.development.js:3945:14)
      at HTMLUnknownElement.callTheUserObjectsOperation (node_modules/jsdom/lib/jsdom/living/generated/EventListener.js:26:30)
      at innerInvokeEventListeners (node_modules/jsdom/lib/jsdom/living/events/EventTarget-impl.js:338:25)
      at invokeEventListeners (node_modules/jsdom/lib/jsdom/living/events/EventTarget-impl.js:274:3)
      at HTMLUnknownElementImpl._dispatch (node_modules/jsdom/lib/jsdom/living/events/EventTarget-impl.js:221:9)
      at HTMLUnknownElementImpl.dispatchEvent (node_modules/jsdom/lib/jsdom/living/events/EventTarget-impl.js:94:17)
      at HTMLUnknownElement.dispatchEvent (node_modules/jsdom/lib/jsdom/living/generated/EventTarget.js:231:34)
      at Object.invokeGuardedCallbackDev (node_modules/react-dom/cjs/react-dom.development.js:3994:16)
      at invokeGuardedCallback (node_modules/react-dom/cjs/react-dom.development.js:4056:31)
      at beginWork$1 (node_modules/react-dom/cjs/react-dom.development.js:23964:7)
      at performUnitOfWork (node_modules/react-dom/cjs/react-dom.development.js:22779:12)
      at workLoopSync (node_modules/react-dom/cjs/react-dom.development.js:22707:5)
      at renderRootSync (node_modules/react-dom/cjs/react-dom.development.js:22670:7)
      at performSyncWorkOnRoot (node_modules/react-dom/cjs/react-dom.development.js:22293:18)
      at scheduleUpdateOnFiber (node_modules/react-dom/cjs/react-dom.development.js:21881:7)
      at updateContainer (node_modules/react-dom/cjs/react-dom.development.js:25482:3)
      at node_modules/react-dom/cjs/react-dom.development.js:26021:7
      at unbatchedUpdates (node_modules/react-dom/cjs/react-dom.development.js:22431:12)
      at legacyRenderSubtreeIntoContainer (node_modules/react-dom/cjs/react-dom.development.js:26020:5)
      at Object.render (node_modules/react-dom/cjs/react-dom.development.js:26103:10)
      at node_modules/@testing-library/react/dist/pure.js:101:25
      at batchedUpdates$1 (node_modules/react-dom/cjs/react-dom.development.js:22380:12)
      at act (node_modules/react-dom/cjs/react-dom-test-utils.development.js:1042:14)
      at render (node_modules/@testing-library/react/dist/pure.js:97:26)
      at renderComponent (src/components/Navbar/__tests__/NavbarComponent.test.tsx:66:12)
      at Object.<anonymous> (src/components/Navbar/__tests__/NavbarComponent.test.tsx:82:5)

  ● NavbarComponent › should not render StarknetWalletStatus when Starknet is not connected

    Element type is invalid: expected a string (for built-in components) or a class/function (for composite components) but got: undefined. You likely forgot to export your component from the file it's defined in, or you might have mixed up default and named imports.

      64 |     starknetValue = { isConnected: false }
      65 |   ) => {
    > 66 |     return render(
         |            ^
      67 |       <ChakraProvider>
      68 |         <MemoryRouter>
      69 |           <MockStarknetProvider value={starknetValue}>

      at createFiberFromTypeAndProps (node_modules/react-dom/cjs/react-dom.development.js:25058:21)
      at createFiberFromElement (node_modules/react-dom/cjs/react-dom.development.js:25086:15)
      at reconcileSingleElement (node_modules/react-dom/cjs/react-dom.development.js:14052:23)
      at reconcileChildFibers (node_modules/react-dom/cjs/react-dom.development.js:14112:35)
      at reconcileChildren (node_modules/react-dom/cjs/react-dom.development.js:16990:28)
      at updateContextProvider (node_modules/react-dom/cjs/react-dom.development.js:18699:3)
      at beginWork (node_modules/react-dom/cjs/react-dom.development.js:19111:14)
      at HTMLUnknownElement.callCallback (node_modules/react-dom/cjs/react-dom.development.js:3945:14)
      at HTMLUnknownElement.callTheUserObjectsOperation (node_modules/jsdom/lib/jsdom/living/generated/EventListener.js:26:30)
      at innerInvokeEventListeners (node_modules/jsdom/lib/jsdom/living/events/EventTarget-impl.js:338:25)
      at invokeEventListeners (node_modules/jsdom/lib/jsdom/living/events/EventTarget-impl.js:274:3)
      at HTMLUnknownElementImpl._dispatch (node_modules/jsdom/lib/jsdom/living/events/EventTarget-impl.js:221:9)
      at HTMLUnknownElementImpl.dispatchEvent (node_modules/jsdom/lib/jsdom/living/events/EventTarget-impl.js:94:17)
      at HTMLUnknownElement.dispatchEvent (node_modules/jsdom/lib/jsdom/living/generated/EventTarget.js:231:34)
      at Object.invokeGuardedCallbackDev (node_modules/react-dom/cjs/react-dom.development.js:3994:16)
      at invokeGuardedCallback (node_modules/react-dom/cjs/react-dom.development.js:4056:31)
      at beginWork$1 (node_modules/react-dom/cjs/react-dom.development.js:23964:7)
      at performUnitOfWork (node_modules/react-dom/cjs/react-dom.development.js:22779:12)
      at workLoopSync (node_modules/react-dom/cjs/react-dom.development.js:22707:5)
      at renderRootSync (node_modules/react-dom/cjs/react-dom.development.js:22670:7)
      at performSyncWorkOnRoot (node_modules/react-dom/cjs/react-dom.development.js:22293:18)
      at scheduleUpdateOnFiber (node_modules/react-dom/cjs/react-dom.development.js:21881:7)
      at updateContainer (node_modules/react-dom/cjs/react-dom.development.js:25482:3)
      at node_modules/react-dom/cjs/react-dom.development.js:26021:7
      at unbatchedUpdates (node_modules/react-dom/cjs/react-dom.development.js:22431:12)
      at legacyRenderSubtreeIntoContainer (node_modules/react-dom/cjs/react-dom.development.js:26020:5)
      at Object.render (node_modules/react-dom/cjs/react-dom.development.js:26103:10)
      at node_modules/@testing-library/react/dist/pure.js:101:25
      at batchedUpdates$1 (node_modules/react-dom/cjs/react-dom.development.js:22380:12)
      at act (node_modules/react-dom/cjs/react-dom-test-utils.development.js:1042:14)
      at render (node_modules/@testing-library/react/dist/pure.js:97:26)
      at renderComponent (src/components/Navbar/__tests__/NavbarComponent.test.tsx:66:12)
      at Object.<anonymous> (src/components/Navbar/__tests__/NavbarComponent.test.tsx:90:5)

  ● NavbarComponent › should render StarknetWalletStatus when Starknet is connected

    Element type is invalid: expected a string (for built-in components) or a class/function (for composite components) but got: undefined. You likely forgot to export your component from the file it's defined in, or you might have mixed up default and named imports.

      64 |     starknetValue = { isConnected: false }
      65 |   ) => {
    > 66 |     return render(
         |            ^
      67 |       <ChakraProvider>
      68 |         <MemoryRouter>
      69 |           <MockStarknetProvider value={starknetValue}>

      at createFiberFromTypeAndProps (node_modules/react-dom/cjs/react-dom.development.js:25058:21)
      at createFiberFromElement (node_modules/react-dom/cjs/react-dom.development.js:25086:15)
      at reconcileSingleElement (node_modules/react-dom/cjs/react-dom.development.js:14052:23)
      at reconcileChildFibers (node_modules/react-dom/cjs/react-dom.development.js:14112:35)
      at reconcileChildren (node_modules/react-dom/cjs/react-dom.development.js:16990:28)
      at updateContextProvider (node_modules/react-dom/cjs/react-dom.development.js:18699:3)
      at beginWork (node_modules/react-dom/cjs/react-dom.development.js:19111:14)
      at HTMLUnknownElement.callCallback (node_modules/react-dom/cjs/react-dom.development.js:3945:14)
      at HTMLUnknownElement.callTheUserObjectsOperation (node_modules/jsdom/lib/jsdom/living/generated/EventListener.js:26:30)
      at innerInvokeEventListeners (node_modules/jsdom/lib/jsdom/living/events/EventTarget-impl.js:338:25)
      at invokeEventListeners (node_modules/jsdom/lib/jsdom/living/events/EventTarget-impl.js:274:3)
      at HTMLUnknownElementImpl._dispatch (node_modules/jsdom/lib/jsdom/living/events/EventTarget-impl.js:221:9)
      at HTMLUnknownElementImpl.dispatchEvent (node_modules/jsdom/lib/jsdom/living/events/EventTarget-impl.js:94:17)
      at HTMLUnknownElement.dispatchEvent (node_modules/jsdom/lib/jsdom/living/generated/EventTarget.js:231:34)
      at Object.invokeGuardedCallbackDev (node_modules/react-dom/cjs/react-dom.development.js:3994:16)
      at invokeGuardedCallback (node_modules/react-dom/cjs/react-dom.development.js:4056:31)
      at beginWork$1 (node_modules/react-dom/cjs/react-dom.development.js:23964:7)
      at performUnitOfWork (node_modules/react-dom/cjs/react-dom.development.js:22779:12)
      at workLoopSync (node_modules/react-dom/cjs/react-dom.development.js:22707:5)
      at renderRootSync (node_modules/react-dom/cjs/react-dom.development.js:22670:7)
      at performSyncWorkOnRoot (node_modules/react-dom/cjs/react-dom.development.js:22293:18)
      at scheduleUpdateOnFiber (node_modules/react-dom/cjs/react-dom.development.js:21881:7)
      at updateContainer (node_modules/react-dom/cjs/react-dom.development.js:25482:3)
      at node_modules/react-dom/cjs/react-dom.development.js:26021:7
      at unbatchedUpdates (node_modules/react-dom/cjs/react-dom.development.js:22431:12)
      at legacyRenderSubtreeIntoContainer (node_modules/react-dom/cjs/react-dom.development.js:26020:5)
      at Object.render (node_modules/react-dom/cjs/react-dom.development.js:26103:10)
      at node_modules/@testing-library/react/dist/pure.js:101:25
      at batchedUpdates$1 (node_modules/react-dom/cjs/react-dom.development.js:22380:12)
      at act (node_modules/react-dom/cjs/react-dom-test-utils.development.js:1042:14)
      at render (node_modules/@testing-library/react/dist/pure.js:97:26)
      at renderComponent (src/components/Navbar/__tests__/NavbarComponent.test.tsx:66:12)
      at Object.<anonymous> (src/components/Navbar/__tests__/NavbarComponent.test.tsx:96:5)

  ● NavbarComponent › should render both AccountButton and StarknetWalletStatus when both wallets are connected

    Element type is invalid: expected a string (for built-in components) or a class/function (for composite components) but got: undefined. You likely forgot to export your component from the file it's defined in, or you might have mixed up default and named imports.

      64 |     starknetValue = { isConnected: false }
      65 |   ) => {
    > 66 |     return render(
         |            ^
      67 |       <ChakraProvider>
      68 |         <MemoryRouter>
      69 |           <MockStarknetProvider value={starknetValue}>

      at createFiberFromTypeAndProps (node_modules/react-dom/cjs/react-dom.development.js:25058:21)
      at createFiberFromElement (node_modules/react-dom/cjs/react-dom.development.js:25086:15)
      at reconcileSingleElement (node_modules/react-dom/cjs/react-dom.development.js:14052:23)
      at reconcileChildFibers (node_modules/react-dom/cjs/react-dom.development.js:14112:35)
      at reconcileChildren (node_modules/react-dom/cjs/react-dom.development.js:16990:28)
      at updateContextProvider (node_modules/react-dom/cjs/react-dom.development.js:18699:3)
      at beginWork (node_modules/react-dom/cjs/react-dom.development.js:19111:14)
      at HTMLUnknownElement.callCallback (node_modules/react-dom/cjs/react-dom.development.js:3945:14)
      at HTMLUnknownElement.callTheUserObjectsOperation (node_modules/jsdom/lib/jsdom/living/generated/EventListener.js:26:30)
      at innerInvokeEventListeners (node_modules/jsdom/lib/jsdom/living/events/EventTarget-impl.js:338:25)
      at invokeEventListeners (node_modules/jsdom/lib/jsdom/living/events/EventTarget-impl.js:274:3)
      at HTMLUnknownElementImpl._dispatch (node_modules/jsdom/lib/jsdom/living/events/EventTarget-impl.js:221:9)
      at HTMLUnknownElementImpl.dispatchEvent (node_modules/jsdom/lib/jsdom/living/events/EventTarget-impl.js:94:17)
      at HTMLUnknownElement.dispatchEvent (node_modules/jsdom/lib/jsdom/living/generated/EventTarget.js:231:34)
      at Object.invokeGuardedCallbackDev (node_modules/react-dom/cjs/react-dom.development.js:3994:16)
      at invokeGuardedCallback (node_modules/react-dom/cjs/react-dom.development.js:4056:31)
      at beginWork$1 (node_modules/react-dom/cjs/react-dom.development.js:23964:7)
      at performUnitOfWork (node_modules/react-dom/cjs/react-dom.development.js:22779:12)
      at workLoopSync (node_modules/react-dom/cjs/react-dom.development.js:22707:5)
      at renderRootSync (node_modules/react-dom/cjs/react-dom.development.js:22670:7)
      at performSyncWorkOnRoot (node_modules/react-dom/cjs/react-dom.development.js:22293:18)
      at scheduleUpdateOnFiber (node_modules/react-dom/cjs/react-dom.development.js:21881:7)
      at updateContainer (node_modules/react-dom/cjs/react-dom.development.js:25482:3)
      at node_modules/react-dom/cjs/react-dom.development.js:26021:7
      at unbatchedUpdates (node_modules/react-dom/cjs/react-dom.development.js:22431:12)
      at legacyRenderSubtreeIntoContainer (node_modules/react-dom/cjs/react-dom.development.js:26020:5)
      at Object.render (node_modules/react-dom/cjs/react-dom.development.js:26103:10)
      at node_modules/@testing-library/react/dist/pure.js:101:25
      at batchedUpdates$1 (node_modules/react-dom/cjs/react-dom.development.js:22380:12)
      at act (node_modules/react-dom/cjs/react-dom-test-utils.development.js:1042:14)
      at render (node_modules/@testing-library/react/dist/pure.js:97:26)
      at renderComponent (src/components/Navbar/__tests__/NavbarComponent.test.tsx:66:12)
      at Object.<anonymous> (src/components/Navbar/__tests__/NavbarComponent.test.tsx:102:5)

  ● NavbarComponent › should not render NetworkButton when chainId is not provided

    Element type is invalid: expected a string (for built-in components) or a class/function (for composite components) but got: undefined. You likely forgot to export your component from the file it's defined in, or you might have mixed up default and named imports.

      64 |     starknetValue = { isConnected: false }
      65 |   ) => {
    > 66 |     return render(
         |            ^
      67 |       <ChakraProvider>
      68 |         <MemoryRouter>
      69 |           <MockStarknetProvider value={starknetValue}>

      at createFiberFromTypeAndProps (node_modules/react-dom/cjs/react-dom.development.js:25058:21)
      at createFiberFromElement (node_modules/react-dom/cjs/react-dom.development.js:25086:15)
      at reconcileSingleElement (node_modules/react-dom/cjs/react-dom.development.js:14052:23)
      at reconcileChildFibers (node_modules/react-dom/cjs/react-dom.development.js:14112:35)
      at reconcileChildren (node_modules/react-dom/cjs/react-dom.development.js:16990:28)
      at updateContextProvider (node_modules/react-dom/cjs/react-dom.development.js:18699:3)
      at beginWork (node_modules/react-dom/cjs/react-dom.development.js:19111:14)
      at HTMLUnknownElement.callCallback (node_modules/react-dom/cjs/react-dom.development.js:3945:14)
      at HTMLUnknownElement.callTheUserObjectsOperation (node_modules/jsdom/lib/jsdom/living/generated/EventListener.js:26:30)
      at innerInvokeEventListeners (node_modules/jsdom/lib/jsdom/living/events/EventTarget-impl.js:338:25)
      at invokeEventListeners (node_modules/jsdom/lib/jsdom/living/events/EventTarget-impl.js:274:3)
      at HTMLUnknownElementImpl._dispatch (node_modules/jsdom/lib/jsdom/living/events/EventTarget-impl.js:221:9)
      at HTMLUnknownElementImpl.dispatchEvent (node_modules/jsdom/lib/jsdom/living/events/EventTarget-impl.js:94:17)
      at HTMLUnknownElement.dispatchEvent (node_modules/jsdom/lib/jsdom/living/generated/EventTarget.js:231:34)
      at Object.invokeGuardedCallbackDev (node_modules/react-dom/cjs/react-dom.development.js:3994:16)
      at invokeGuardedCallback (node_modules/react-dom/cjs/react-dom.development.js:4056:31)
      at beginWork$1 (node_modules/react-dom/cjs/react-dom.development.js:23964:7)
      at performUnitOfWork (node_modules/react-dom/cjs/react-dom.development.js:22779:12)
      at workLoopSync (node_modules/react-dom/cjs/react-dom.development.js:22707:5)
      at renderRootSync (node_modules/react-dom/cjs/react-dom.development.js:22670:7)
      at performSyncWorkOnRoot (node_modules/react-dom/cjs/react-dom.development.js:22293:18)
      at scheduleUpdateOnFiber (node_modules/react-dom/cjs/react-dom.development.js:21881:7)
      at updateContainer (node_modules/react-dom/cjs/react-dom.development.js:25482:3)
      at node_modules/react-dom/cjs/react-dom.development.js:26021:7
      at unbatchedUpdates (node_modules/react-dom/cjs/react-dom.development.js:22431:12)
      at legacyRenderSubtreeIntoContainer (node_modules/react-dom/cjs/react-dom.development.js:26020:5)
      at Object.render (node_modules/react-dom/cjs/react-dom.development.js:26103:10)
      at node_modules/@testing-library/react/dist/pure.js:101:25
      at batchedUpdates$1 (node_modules/react-dom/cjs/react-dom.development.js:22380:12)
      at act (node_modules/react-dom/cjs/react-dom-test-utils.development.js:1042:14)
      at render (node_modules/@testing-library/react/dist/pure.js:97:26)
      at renderComponent (src/components/Navbar/__tests__/NavbarComponent.test.tsx:66:12)
      at Object.<anonymous> (src/components/Navbar/__tests__/NavbarComponent.test.tsx:109:5)

  ● NavbarComponent › should render wallet connection alerts

    Element type is invalid: expected a string (for built-in components) or a class/function (for composite components) but got: undefined. You likely forgot to export your component from the file it's defined in, or you might have mixed up default and named imports.

      64 |     starknetValue = { isConnected: false }
      65 |   ) => {
    > 66 |     return render(
         |            ^
      67 |       <ChakraProvider>
      68 |         <MemoryRouter>
      69 |           <MockStarknetProvider value={starknetValue}>

      at createFiberFromTypeAndProps (node_modules/react-dom/cjs/react-dom.development.js:25058:21)
      at createFiberFromElement (node_modules/react-dom/cjs/react-dom.development.js:25086:15)
      at reconcileSingleElement (node_modules/react-dom/cjs/react-dom.development.js:14052:23)
      at reconcileChildFibers (node_modules/react-dom/cjs/react-dom.development.js:14112:35)
      at reconcileChildren (node_modules/react-dom/cjs/react-dom.development.js:16990:28)
      at updateContextProvider (node_modules/react-dom/cjs/react-dom.development.js:18699:3)
      at beginWork (node_modules/react-dom/cjs/react-dom.development.js:19111:14)
      at HTMLUnknownElement.callCallback (node_modules/react-dom/cjs/react-dom.development.js:3945:14)
      at HTMLUnknownElement.callTheUserObjectsOperation (node_modules/jsdom/lib/jsdom/living/generated/EventListener.js:26:30)
      at innerInvokeEventListeners (node_modules/jsdom/lib/jsdom/living/events/EventTarget-impl.js:338:25)
      at invokeEventListeners (node_modules/jsdom/lib/jsdom/living/events/EventTarget-impl.js:274:3)
      at HTMLUnknownElementImpl._dispatch (node_modules/jsdom/lib/jsdom/living/events/EventTarget-impl.js:221:9)
      at HTMLUnknownElementImpl.dispatchEvent (node_modules/jsdom/lib/jsdom/living/events/EventTarget-impl.js:94:17)
      at HTMLUnknownElement.dispatchEvent (node_modules/jsdom/lib/jsdom/living/generated/EventTarget.js:231:34)
      at Object.invokeGuardedCallbackDev (node_modules/react-dom/cjs/react-dom.development.js:3994:16)
      at invokeGuardedCallback (node_modules/react-dom/cjs/react-dom.development.js:4056:31)
      at beginWork$1 (node_modules/react-dom/cjs/react-dom.development.js:23964:7)
      at performUnitOfWork (node_modules/react-dom/cjs/react-dom.development.js:22779:12)
      at workLoopSync (node_modules/react-dom/cjs/react-dom.development.js:22707:5)
      at renderRootSync (node_modules/react-dom/cjs/react-dom.development.js:22670:7)
      at performSyncWorkOnRoot (node_modules/react-dom/cjs/react-dom.development.js:22293:18)
      at scheduleUpdateOnFiber (node_modules/react-dom/cjs/react-dom.development.js:21881:7)
      at updateContainer (node_modules/react-dom/cjs/react-dom.development.js:25482:3)
      at node_modules/react-dom/cjs/react-dom.development.js:26021:7
      at unbatchedUpdates (node_modules/react-dom/cjs/react-dom.development.js:22431:12)
      at legacyRenderSubtreeIntoContainer (node_modules/react-dom/cjs/react-dom.development.js:26020:5)
      at Object.render (node_modules/react-dom/cjs/react-dom.development.js:26103:10)
      at node_modules/@testing-library/react/dist/pure.js:101:25
      at batchedUpdates$1 (node_modules/react-dom/cjs/react-dom.development.js:22380:12)
      at act (node_modules/react-dom/cjs/react-dom-test-utils.development.js:1042:14)
      at render (node_modules/@testing-library/react/dist/pure.js:97:26)
      at renderComponent (src/components/Navbar/__tests__/NavbarComponent.test.tsx:66:12)
      at Object.<anonymous> (src/components/Navbar/__tests__/NavbarComponent.test.tsx:115:5)

FAIL src/threshold-ts/mas/__test__/mas.test.ts
  ● Multi app staking test › should create the service correctly

    expect(jest.fn()).toHaveBeenCalledTimes(expected)

    Expected number of calls: 2
    Received number of calls: 3

      49 |
      50 |   test("should create the service correctly", () => {
    > 51 |     expect(Application).toHaveBeenCalledTimes(2)
         |                         ^
      52 |     expect(Application).toHaveBeenNthCalledWith(1, staking, multicall, {
      53 |       address: RandomBeacon.address,
      54 |       abi: RandomBeacon.abi,

      at Object.<anonymous> (src/threshold-ts/mas/__test__/mas.test.ts:51:25)

  ● Multi app staking test › should return the supported apps authroziation parameters

    TypeError: Cannot read properties of undefined (reading 'interface')

      101 |     if (this.taco) {
      102 |       calls.push({
    > 103 |         interface: this.taco.contract.interface,
          |                                       ^
      104 |         address: this.taco.address,
      105 |         method: "authorizationParameters",
      106 |         args: [],

      at MultiAppStaking.getSupportedAppsAuthParameters (src/threshold-ts/mas/index.ts:103:39)
      at Object.<anonymous> (src/threshold-ts/mas/__test__/mas.test.ts:83:30)

  ● Multi app staking test › should return mapped operators for given staking provider

    TypeError: Cannot read properties of undefined (reading 'interface')

      153 |     if (this.taco) {
      154 |       calls.push({
    > 155 |         interface: this.taco.contract.interface,
          |                                       ^
      156 |         address: this.taco.address,
      157 |         method: "stakingProviderToOperator",
      158 |         args: [stakingProvider],

      at MultiAppStaking.getMappedOperatorsForStakingProvider (src/threshold-ts/mas/index.ts:155:39)
      at Object.<anonymous> (src/threshold-ts/mas/__test__/mas.test.ts:121:30)

FAIL src/hooks/__tests__/useNonEVMConnection.test.ts
  ● useNonEVMConnection › extensibility › should be designed to support future non-EVM chains

    TypeError: Cannot destructure property 'isConnected' of '(0 , _useStarknetConnection.useStarknetConnection)(...)' as it is undefined.

      23 |   // Get Starknet connection data
      24 |   const {
    > 25 |     isConnected: isStarknetConnected,
         |                  ^
      26 |     isConnecting: isStarknetConnecting,
      27 |     address: starknetAddress,
      28 |     provider: starknetProvider,

      at useNonEVMConnection (src/hooks/useNonEVMConnection.ts:25:18)
      at src/hooks/__tests__/useNonEVMConnection.test.ts:193:43
      at TestComponent (node_modules/@testing-library/react-hooks/lib/helpers/createTestHarness.js:25:14)
      at renderWithHooks (node_modules/react-dom/cjs/react-dom.development.js:14985:18)
      at mountIndeterminateComponent (node_modules/react-dom/cjs/react-dom.development.js:17811:13)
      at beginWork (node_modules/react-dom/cjs/react-dom.development.js:19049:16)
      at HTMLUnknownElement.callCallback (node_modules/react-dom/cjs/react-dom.development.js:3945:14)
      at HTMLUnknownElement.callTheUserObjectsOperation (node_modules/jsdom/lib/jsdom/living/generated/EventListener.js:26:30)
      at innerInvokeEventListeners (node_modules/jsdom/lib/jsdom/living/events/EventTarget-impl.js:338:25)
      at invokeEventListeners (node_modules/jsdom/lib/jsdom/living/events/EventTarget-impl.js:274:3)
      at HTMLUnknownElementImpl._dispatch (node_modules/jsdom/lib/jsdom/living/events/EventTarget-impl.js:221:9)
      at HTMLUnknownElementImpl.dispatchEvent (node_modules/jsdom/lib/jsdom/living/events/EventTarget-impl.js:94:17)
      at HTMLUnknownElement.dispatchEvent (node_modules/jsdom/lib/jsdom/living/generated/EventTarget.js:231:34)
      at Object.invokeGuardedCallbackDev (node_modules/react-dom/cjs/react-dom.development.js:3994:16)
      at invokeGuardedCallback (node_modules/react-dom/cjs/react-dom.development.js:4056:31)
      at beginWork$1 (node_modules/react-dom/cjs/react-dom.development.js:23964:7)
      at performUnitOfWork (node_modules/react-dom/cjs/react-dom.development.js:22779:12)
      at workLoopSync (node_modules/react-dom/cjs/react-dom.development.js:22707:5)
      at renderRootSync (node_modules/react-dom/cjs/react-dom.development.js:22670:7)
      at performSyncWorkOnRoot (node_modules/react-dom/cjs/react-dom.development.js:22293:18)
      at scheduleUpdateOnFiber (node_modules/react-dom/cjs/react-dom.development.js:21881:7)
      at updateContainer (node_modules/react-dom/cjs/react-dom.development.js:25482:3)
      at node_modules/react-dom/cjs/react-dom.development.js:26021:7
      at unbatchedUpdates (node_modules/react-dom/cjs/react-dom.development.js:22431:12)
      at legacyRenderSubtreeIntoContainer (node_modules/react-dom/cjs/react-dom.development.js:26020:5)
      at Object.render (node_modules/react-dom/cjs/react-dom.development.js:26103:10)
      at node_modules/@testing-library/react-hooks/lib/dom/pure.js:80:18
      at batchedUpdates$1 (node_modules/react-dom/cjs/react-dom.development.js:22380:12)
      at act (node_modules/react-dom/cjs/react-dom-test-utils.development.js:1042:14)
      at render (node_modules/@testing-library/react-hooks/lib/dom/pure.js:79:26)
      at renderHook (node_modules/@testing-library/react-hooks/lib/core/index.js:114:5)
      at Object.<anonymous> (src/hooks/__tests__/useNonEVMConnection.test.ts:193:26)

FAIL src/threshold-ts/staking/__test__/staking.test.ts
  ● Staking test › should create the staking instance correctly

    expect(jest.fn()).toHaveBeenNthCalledWith(n, ...expected)

    n: 1
    Expected: "0x6A55B762689Ba514569E565E439699aBC731f156", [], {}, "0x0000000000000000000000000000000000000000"
    Received
    ->     1
              "0x01B67b1194C75264d06F808A921228a95C765dd7",
            - Array []
            + Array [
            +   Object {
            +     "inputs": Array [
            +       Object {
            +         "internalType": "contract T",
            +         "name": "_token",
            +         "type": "address",
            +       },
            +       Object {
            +         "internalType": "contract IKeepTokenStaking",
            +         "name": "_keepStakingContract",
            +         "type": "address",
            +       },
            +       Object {
            +         "internalType": "contract INuCypherStakingEscrow",
            +         "name": "_nucypherStakingContract",
            +         "type": "address",
            +       },
            +       Object {
            +         "internalType": "contract VendingMachine",
            +         "name": "_keepVendingMachine",
            +         "type": "address",
            +       },
            +       Object {
            +         "internalType": "contract VendingMachine",
            +         "name": "_nucypherVendingMachine",
            +         "type": "address",
            +       },
            +       Object {
            +         "internalType": "contract KeepStake",
            +         "name": "_keepStake",
            +         "type": "address",
            +       },
            +     ],
            +     "stateMutability": "nonpayable",
            +     "type": "constructor",
            +   },
            +   Object {
            +     "anonymous": false,
            +     "inputs": Array [
            +       Object {
            +         "indexed": true,
            +         "internalType": "address",
            +         "name": "application",
            +         "type": "address",
            +       },
            +       Object {
            +         "indexed": true,
            +         "internalType": "enum TokenStaking.ApplicationStatus",
            +         "name": "newStatus",
            +         "type": "uint8",
            +       },
            +     ],
            +     "name": "ApplicationStatusChanged",
            +     "type": "event",
            +   },
            +   Object {
            +     "anonymous": false,
            +     "inputs": Array [
            +       Object {
            +         "indexed": false,
            +         "internalType": "uint256",
            +         "name": "ceiling",
            +         "type": "uint256",
            +       },
            +     ],
            +     "name": "AuthorizationCeilingSet",
            +     "type": "event",
            +   },
            +   Object {
            +     "anonymous": false,
            +     "inputs": Array [
            +       Object {
            +         "indexed": true,
            +         "internalType": "address",
            +         "name": "stakingProvider",
            +         "type": "address",
            +       },
            +       Object {
            +         "indexed": true,
            +         "internalType": "address",
            +         "name": "application",
            +         "type": "address",
            +       },
            +       Object {
            +         "indexed": false,
            +         "internalType": "uint96",
            +         "name": "fromAmount",
            +         "type": "uint96",
            +       },
            +       Object {
            +         "indexed": false,
            +         "internalType": "uint96",
            +         "name": "toAmount",
            +         "type": "uint96",
            +       },
            +     ],
            +     "name": "AuthorizationDecreaseApproved",
            +     "type": "event",
            +   },
            +   Object {
            +     "anonymous": false,
            +     "inputs": Array [
            +       Object {
            +         "indexed": true,
            +         "internalType": "address",
            +         "name": "stakingProvider",
            +         "type": "address",
            +       },
            +       Object {
            +         "indexed": true,
            +         "internalType": "address",
            +         "name": "application",
            +         "type": "address",
            +       },
            +       Object {
            +         "indexed": false,
            +         "internalType": "uint96",
            +         "name": "fromAmount",
            +         "type": "uint96",
            +       },
            +       Object {
            +         "indexed": false,
            +         "internalType": "uint96",
            +         "name": "toAmount",
            +         "type": "uint96",
            +       },
            +     ],
            +     "name": "AuthorizationDecreaseRequested",
            +     "type": "event",
            +   },
            +   Object {
            +     "anonymous": false,
            +     "inputs": Array [
            +       Object {
            +         "indexed": true,
            +         "internalType": "address",
            +         "name": "stakingProvider",
            +         "type": "address",
            +       },
            +       Object {
            +         "indexed": true,
            +         "internalType": "address",
            +         "name": "application",
            +         "type": "address",
            +       },
            +       Object {
            +         "indexed": false,
            +         "internalType": "uint96",
            +         "name": "fromAmount",
            +         "type": "uint96",
            +       },
            +       Object {
            +         "indexed": false,
            +         "internalType": "uint96",
            +         "name": "toAmount",
            +         "type": "uint96",
            +       },
            +     ],
            +     "name": "AuthorizationIncreased",
            +     "type": "event",
            +   },
            +   Object {
            +     "anonymous": false,
            +     "inputs": Array [
            +       Object {
            +         "indexed": true,
            +         "internalType": "address",
            +         "name": "stakingProvider",
            +         "type": "address",
            +       },
            +       Object {
            +         "indexed": true,
            +         "internalType": "address",
            +         "name": "application",
            +         "type": "address",
            +       },
            +       Object {
            +         "indexed": false,
            +         "internalType": "uint96",
            +         "name": "fromAmount",
            +         "type": "uint96",
            +       },
            +       Object {
            +         "indexed": false,
            +         "internalType": "uint96",
            +         "name": "toAmount",
            +         "type": "uint96",
            +       },
            +       Object {
            +         "indexed": true,
            +         "internalType": "bool",
            +         "name": "successfulCall",
            +         "type": "bool",
            +       },
            +     ],
            +     "name": "AuthorizationInvoluntaryDecreased",
            +     "type": "event",
            +   },
            +   Object {
            +     "anonymous": false,
            +     "inputs": Array [
            +       Object {
            +         "indexed": true,
            +         "internalType": "address",
            +         "name": "delegator",
            +         "type": "address",
            +       },
            +       Object {
            +         "indexed": true,
            +         "internalType": "address",
            +         "name": "fromDelegate",
            +         "type": "address",
            +       },
            +       Object {
            +         "indexed": true,
            +         "internalType": "address",
            +         "name": "toDelegate",
            +         "type": "address",
            +       },
            +     ],
            +     "name": "DelegateChanged",
            +     "type": "event",
            +   },
            +   Object {
            +     "anonymous": false,
            +     "inputs": Array [
            +       Object {
            +         "indexed": true,
            +         "internalType": "address",
            +         "name": "delegate",
            +         "type": "address",
            +       },
            +       Object {
            +         "indexed": false,
            +         "internalType": "uint256",
            +         "name": "previousBalance",
            +         "type": "uint256",
            +       },
            +       Object {
            +         "indexed": false,
            +         "internalType": "uint256",
            +         "name": "newBalance",
            +         "type": "uint256",
            +       },
            +     ],
            +     "name": "DelegateVotesChanged",
            +     "type": "event",
            +   },
            +   Object {
            +     "anonymous": false,
            +     "inputs": Array [
            +       Object {
            +         "indexed": false,
            +         "internalType": "address",
            +         "name": "oldGovernance",
            +         "type": "address",
            +       },
            +       Object {
            +         "indexed": false,
            +         "internalType": "address",
            +         "name": "newGovernance",
            +         "type": "address",
            +       },
            +     ],
            +     "name": "GovernanceTransferred",
            +     "type": "event",
            +   },
            +   Object {
            +     "anonymous": false,
            +     "inputs": Array [
            +       Object {
            +         "indexed": false,
            +         "internalType": "uint96",
            +         "name": "amount",
            +         "type": "uint96",
            +       },
            +     ],
            +     "name": "MinimumStakeAmountSet",
            +     "type": "event",
            +   },
            +   Object {
            +     "anonymous": false,
            +     "inputs": Array [
            +       Object {
            +         "indexed": false,
            +         "internalType": "uint96",
            +         "name": "reward",
            +         "type": "uint96",
            +       },
            +     ],
            +     "name": "NotificationRewardPushed",
            +     "type": "event",
            +   },
            +   Object {
            +     "anonymous": false,
            +     "inputs": Array [
            +       Object {
            +         "indexed": false,
            +         "internalType": "uint96",
            +         "name": "reward",
            +         "type": "uint96",
            +       },
            +     ],
            +     "name": "NotificationRewardSet",
            +     "type": "event",
            +   },
            +   Object {
            +     "anonymous": false,
            +     "inputs": Array [
            +       Object {
            +         "indexed": false,
            +         "internalType": "address",
            +         "name": "recipient",
            +         "type": "address",
            +       },
            +       Object {
            +         "indexed": false,
            +         "internalType": "uint96",
            +         "name": "amount",
            +         "type": "uint96",
            +       },
            +     ],
            +     "name": "NotificationRewardWithdrawn",
            +     "type": "event",
            +   },
            +   Object {
            +     "anonymous": false,
            +     "inputs": Array [
            +       Object {
            +         "indexed": true,
            +         "internalType": "address",
            +         "name": "notifier",
            +         "type": "address",
            +       },
            +       Object {
            +         "indexed": false,
            +         "internalType": "uint256",
            +         "name": "amount",
            +         "type": "uint256",
            +       },
            +     ],
            +     "name": "NotifierRewarded",
            +     "type": "event",
            +   },
            +   Object {
            +     "anonymous": false,
            +     "inputs": Array [
            +       Object {
            +         "indexed": true,
            +         "internalType": "address",
            +         "name": "stakingProvider",
            +         "type": "address",
            +       },
            +       Object {
            +         "indexed": true,
            +         "internalType": "address",
            +         "name": "oldOwner",
            +         "type": "address",
            +       },
            +       Object {
            +         "indexed": true,
            +         "internalType": "address",
            +         "name": "newOwner",
            +         "type": "address",
            +       },
            +     ],
            +     "name": "OwnerRefreshed",
            +     "type": "event",
            +   },
            +   Object {
            +     "anonymous": false,
            +     "inputs": Array [
            +       Object {
            +         "indexed": true,
            +         "internalType": "address",
            +         "name": "application",
            +         "type": "address",
            +       },
            +       Object {
            +         "indexed": true,
            +         "internalType": "address",
            +         "name": "panicButton",
            +         "type": "address",
            +       },
            +     ],
            +     "name": "PanicButtonSet",
            +     "type": "event",
            +   },
            +   Object {
            +     "anonymous": false,
            +     "inputs": Array [
            +       Object {
            +         "indexed": true,
            +         "internalType": "address",
            +         "name": "caller",
            +         "type": "address",
            +       },
            +       Object {
            +         "indexed": false,
            +         "internalType": "uint256",
            +         "name": "count",
            +         "type": "uint256",
            +       },
            +       Object {
            +         "indexed": false,
            +         "internalType": "uint256",
            +         "name": "tAmount",
            +         "type": "uint256",
            +       },
            +     ],
            +     "name": "SlashingProcessed",
            +     "type": "event",
            +   },
            +   Object {
            +     "anonymous": false,
            +     "inputs": Array [
            +       Object {
            +         "indexed": false,
            +         "internalType": "uint96",
            +         "name": "penalty",
            +         "type": "uint96",
            +       },
            +       Object {
            +         "indexed": false,
            +         "internalType": "uint256",
            +         "name": "rewardMultiplier",
            +         "type": "uint256",
            +       },
            +     ],
            +     "name": "StakeDiscrepancyPenaltySet",
            +     "type": "event",
            +   },
            +   Object {
            +     "anonymous": false,
            +     "inputs": Array [
            +       Object {
            +         "indexed": true,
            +         "internalType": "enum IStaking.StakeType",
            +         "name": "stakeType",
            +         "type": "uint8",
            +       },
            +       Object {
            +         "indexed": true,
            +         "internalType": "address",
            +         "name": "owner",
            +         "type": "address",
            +       },
            +       Object {
            +         "indexed": true,
            +         "internalType": "address",
            +         "name": "stakingProvider",
            +         "type": "address",
            +       },
            +       Object {
            +         "indexed": false,
            +         "internalType": "address",
            +         "name": "beneficiary",
            +         "type": "address",
            +       },
            +       Object {
            +         "indexed": false,
            +         "internalType": "address",
            +         "name": "authorizer",
            +         "type": "address",
            +       },
            +       Object {
            +         "indexed": false,
            +         "internalType": "uint96",
            +         "name": "amount",
            +         "type": "uint96",
            +       },
            +     ],
            +     "name": "Staked",
            +     "type": "event",
            +   },
            +   Object {
            +     "anonymous": false,
            +     "inputs": Array [
            +       Object {
            +         "indexed": true,
            +         "internalType": "address",
            +         "name": "stakingProvider",
            +         "type": "address",
            +       },
            +       Object {
            +         "indexed": false,
            +         "internalType": "uint96",
            +         "name": "amount",
            +         "type": "uint96",
            +       },
            +       Object {
            +         "indexed": true,
            +         "internalType": "bool",
            +         "name": "discrepancy",
            +         "type": "bool",
            +       },
            +     ],
            +     "name": "TokensSeized",
            +     "type": "event",
            +   },
            +   Object {
            +     "anonymous": false,
            +     "inputs": Array [
            +       Object {
            +         "indexed": true,
            +         "internalType": "address",
            +         "name": "stakingProvider",
            +         "type": "address",
            +       },
            +       Object {
            +         "indexed": false,
            +         "internalType": "uint96",
            +         "name": "amount",
            +         "type": "uint96",
            +       },
            +     ],
            +     "name": "ToppedUp",
            +     "type": "event",
            +   },
            +   Object {
            +     "anonymous": false,
            +     "inputs": Array [
            +       Object {
            +         "indexed": true,
            +         "internalType": "address",
            +         "name": "stakingProvider",
            +         "type": "address",
            +       },
            +       Object {
            +         "indexed": false,
            +         "internalType": "uint96",
            +         "name": "amount",
            +         "type": "uint96",
            +       },
            +     ],
            +     "name": "Unstaked",
            +     "type": "event",
            +   },
            +   Object {
            +     "inputs": Array [
            +       Object {
            +         "internalType": "address",
            +         "name": "",
            +         "type": "address",
            +       },
            +     ],
            +     "name": "applicationInfo",
            +     "outputs": Array [
            +       Object {
            +         "internalType": "enum TokenStaking.ApplicationStatus",
            +         "name": "status",
            +         "type": "uint8",
            +       },
            +       Object {
            +         "internalType": "address",
            +         "name": "panicButton",
            +         "type": "address",
            +       },
            +     ],
            +     "stateMutability": "view",
            +     "type": "function",
            +   },
            +   Object {
            +     "inputs": Array [
            +       Object {
            +         "internalType": "uint256",
            +         "name": "",
            +         "type": "uint256",
            +       },
            +     ],
            +     "name": "applications",
            +     "outputs": Array [
            +       Object {
            +         "internalType": "address",
            +         "name": "",
            +         "type": "address",
            +       },
            +     ],
            +     "stateMutability": "view",
            +     "type": "function",
            +   },
            +   Object {
            +     "inputs": Array [
            +       Object {
            +         "internalType": "address",
            +         "name": "application",
            +         "type": "address",
            +       },
            +     ],
            +     "name": "approveApplication",
            +     "outputs": Array [],
            +     "stateMutability": "nonpayable",
            +     "type": "function",
            +   },
            +   Object {
            +     "inputs": Array [
            +       Object {
            +         "internalType": "address",
            +         "name": "stakingProvider",
            +         "type": "address",
            +       },
            +     ],
            +     "name": "approveAuthorizationDecrease",
            +     "outputs": Array [
            +       Object {
            +         "internalType": "uint96",
            +         "name": "",
            +         "type": "uint96",
            +       },
            +     ],
            +     "stateMutability": "nonpayable",
            +     "type": "function",
            +   },
            +   Object {
            +     "inputs": Array [],
            +     "name": "authorizationCeiling",
            +     "outputs": Array [
            +       Object {
            +         "internalType": "uint256",
            +         "name": "",
            +         "type": "uint256",
            +       },
            +     ],
            +     "stateMutability": "view",
            +     "type": "function",
            +   },
            +   Object {
            +     "inputs": Array [
            +       Object {
            +         "internalType": "address",
            +         "name": "stakingProvider",
            +         "type": "address",
            +       },
            +       Object {
            +         "internalType": "address",
            +         "name": "application",
            +         "type": "address",
            +       },
            +     ],
            +     "name": "authorizedStake",
            +     "outputs": Array [
            +       Object {
            +         "internalType": "uint96",
            +         "name": "",
            +         "type": "uint96",
            +       },
            +     ],
            +     "stateMutability": "view",
            +     "type": "function",
            +   },
            +   Object {
            +     "inputs": Array [
            +       Object {
            +         "internalType": "address",
            +         "name": "account",
            +         "type": "address",
            +       },
            +       Object {
            +         "internalType": "uint32",
            +         "name": "pos",
            +         "type": "uint32",
            +       },
            +     ],
            +     "name": "checkpoints",
            +     "outputs": Array [
            +       Object {
            +         "components": Array [
            +           Object {
            +             "internalType": "uint32",
            +             "name": "fromBlock",
            +             "type": "uint32",
            +           },
            +           Object {
            +             "internalType": "uint96",
            +             "name": "votes",
            +             "type": "uint96",
            +           },
            +         ],
            +         "internalType": "struct Checkpoints.Checkpoint",
            +         "name": "checkpoint",
            +         "type": "tuple",
            +       },
            +     ],
            +     "stateMutability": "view",
            +     "type": "function",
            +   },
            +   Object {
            +     "inputs": Array [
            +       Object {
            +         "internalType": "address",
            +         "name": "stakingProvider",
            +         "type": "address",
            +       },
            +       Object {
            +         "internalType": "address",
            +         "name": "delegatee",
            +         "type": "address",
            +       },
            +     ],
            +     "name": "delegateVoting",
            +     "outputs": Array [],
            +     "stateMutability": "nonpayable",
            +     "type": "function",
            +   },
            +   Object {
            +     "inputs": Array [
            +       Object {
            +         "internalType": "address",
            +         "name": "account",
            +         "type": "address",
            +       },
            +     ],
            +     "name": "delegates",
            +     "outputs": Array [
            +       Object {
            +         "internalType": "address",
            +         "name": "",
            +         "type": "address",
            +       },
            +     ],
            +     "stateMutability": "view",
            +     "type": "function",
            +   },
            +   Object {
            +     "inputs": Array [
            +       Object {
            +         "internalType": "address",
            +         "name": "application",
            +         "type": "address",
            +       },
            +     ],
            +     "name": "disableApplication",
            +     "outputs": Array [],
            +     "stateMutability": "nonpayable",
            +     "type": "function",
            +   },
            +   Object {
            +     "inputs": Array [
            +       Object {
            +         "internalType": "address",
            +         "name": "stakingProvider",
            +         "type": "address",
            +       },
            +       Object {
            +         "internalType": "address",
            +         "name": "application",
            +         "type": "address",
            +       },
            +     ],
            +     "name": "forceDecreaseAuthorization",
            +     "outputs": Array [],
            +     "stateMutability": "nonpayable",
            +     "type": "function",
            +   },
            +   Object {
            +     "inputs": Array [],
            +     "name": "getApplicationsLength",
            +     "outputs": Array [
            +       Object {
            +         "internalType": "uint256",
            +         "name": "",
            +         "type": "uint256",
            +       },
            +     ],
            +     "stateMutability": "view",
            +     "type": "function",
            +   },
            +   Object {
            +     "inputs": Array [
            +       Object {
            +         "internalType": "address",
            +         "name": "stakingProvider",
            +         "type": "address",
            +       },
            +       Object {
            +         "internalType": "address",
            +         "name": "application",
            +         "type": "address",
            +       },
            +     ],
            +     "name": "getAvailableToAuthorize",
            +     "outputs": Array [
            +       Object {
            +         "internalType": "uint96",
            +         "name": "availableTValue",
            +         "type": "uint96",
            +       },
            +     ],
            +     "stateMutability": "view",
            +     "type": "function",
            +   },
            +   Object {
            +     "inputs": Array [
            +       Object {
            +         "internalType": "address",
            +         "name": "stakingProvider",
            +         "type": "address",
            +       },
            +       Object {
            +         "internalType": "enum IStaking.StakeType",
            +         "name": "stakeTypes",
            +         "type": "uint8",
            +       },
            +     ],
            +     "name": "getMinStaked",
            +     "outputs": Array [
            +       Object {
            +         "internalType": "uint96",
            +         "name": "",
            +         "type": "uint96",
            +       },
            +     ],
            +     "stateMutability": "view",
            +     "type": "function",
            +   },
            +   Object {
            +     "inputs": Array [
            +       Object {
            +         "internalType": "uint256",
            +         "name": "blockNumber",
            +         "type": "uint256",
            +       },
            +     ],
            +     "name": "getPastTotalSupply",
            +     "outputs": Array [
            +       Object {
            +         "internalType": "uint96",
            +         "name": "",
            +         "type": "uint96",
            +       },
            +     ],
            +     "stateMutability": "view",
            +     "type": "function",
            +   },
            +   Object {
            +     "inputs": Array [
            +       Object {
            +         "internalType": "address",
            +         "name": "account",
            +         "type": "address",
            +       },
            +       Object {
            +         "internalType": "uint256",
            +         "name": "blockNumber",
            +         "type": "uint256",
            +       },
            +     ],
            +     "name": "getPastVotes",
            +     "outputs": Array [
            +       Object {
            +         "internalType": "uint96",
            +         "name": "",
            +         "type": "uint96",
            +       },
            +     ],
            +     "stateMutability": "view",
            +     "type": "function",
            +   },
            +   Object {
            +     "inputs": Array [],
            +     "name": "getSlashingQueueLength",
            +     "outputs": Array [
            +       Object {
            +         "internalType": "uint256",
            +         "name": "",
            +         "type": "uint256",
            +       },
            +     ],
            +     "stateMutability": "view",
            +     "type": "function",
            +   },
            +   Object {
            +     "inputs": Array [
            +       Object {
            +         "internalType": "address",
            +         "name": "stakingProvider",
            +         "type": "address",
            +       },
            +     ],
            +     "name": "getStartStakingTimestamp",
            +     "outputs": Array [
            +       Object {
            +         "internalType": "uint256",
            +         "name": "",
            +         "type": "uint256",
            +       },
            +     ],
            +     "stateMutability": "view",
            +     "type": "function",
            +   },
            +   Object {
            +     "inputs": Array [
            +       Object {
            +         "internalType": "address",
            +         "name": "account",
            +         "type": "address",
            +       },
            +     ],
            +     "name": "getVotes",
            +     "outputs": Array [
            +       Object {
            +         "internalType": "uint96",
            +         "name": "",
            +         "type": "uint96",
            +       },
            +     ],
            +     "stateMutability": "view",
            +     "type": "function",
            +   },
            +   Object {
            +     "inputs": Array [],
            +     "name": "governance",
            +     "outputs": Array [
            +       Object {
            +         "internalType": "address",
            +         "name": "",
            +         "type": "address",
            +       },
            +     ],
            +     "stateMutability": "view",
            +     "type": "function",
            +   },
            +   Object {
            +     "inputs": Array [
            +       Object {
            +         "internalType": "address",
            +         "name": "stakingProvider",
            +         "type": "address",
            +       },
            +       Object {
            +         "internalType": "address",
            +         "name": "application",
            +         "type": "address",
            +       },
            +       Object {
            +         "internalType": "uint96",
            +         "name": "amount",
            +         "type": "uint96",
            +       },
            +     ],
            +     "name": "increaseAuthorization",
            +     "outputs": Array [],
            +     "stateMutability": "nonpayable",
            +     "type": "function",
            +   },
            +   Object {
            +     "inputs": Array [],
            +     "name": "initialize",
            +     "outputs": Array [],
            +     "stateMutability": "nonpayable",
            +     "type": "function",
            +   },
            +   Object {
            +     "inputs": Array [],
            +     "name": "minTStakeAmount",
            +     "outputs": Array [
            +       Object {
            +         "internalType": "uint96",
            +         "name": "",
            +         "type": "uint96",
            +       },
            +     ],
            +     "stateMutability": "view",
            +     "type": "function",
            +   },
            +   Object {
            +     "inputs": Array [],
            +     "name": "notificationReward",
            +     "outputs": Array [
            +       Object {
            +         "internalType": "uint256",
            +         "name": "",
            +         "type": "uint256",
            +       },
            +     ],
            +     "stateMutability": "view",
            +     "type": "function",
            +   },
            +   Object {
            +     "inputs": Array [],
            +     "name": "notifiersTreasury",
            +     "outputs": Array [
            +       Object {
            +         "internalType": "uint256",
            +         "name": "",
            +         "type": "uint256",
            +       },
            +     ],
            +     "stateMutability": "view",
            +     "type": "function",
            +   },
            +   Object {
            +     "inputs": Array [
            +       Object {
            +         "internalType": "address",
            +         "name": "stakingProvider",
            +         "type": "address",
            +       },
            +     ],
            +     "name": "notifyKeepStakeDiscrepancy",
            +     "outputs": Array [],
            +     "stateMutability": "nonpayable",
            +     "type": "function",
            +   },
            +   Object {
            +     "inputs": Array [
            +       Object {
            +         "internalType": "address",
            +         "name": "stakingProvider",
            +         "type": "address",
            +       },
            +     ],
            +     "name": "notifyNuStakeDiscrepancy",
            +     "outputs": Array [],
            +     "stateMutability": "nonpayable",
            +     "type": "function",
            +   },
            +   Object {
            +     "inputs": Array [
            +       Object {
            +         "internalType": "address",
            +         "name": "account",
            +         "type": "address",
            +       },
            +     ],
            +     "name": "numCheckpoints",
            +     "outputs": Array [
            +       Object {
            +         "internalType": "uint32",
            +         "name": "",
            +         "type": "uint32",
            +       },
            +     ],
            +     "stateMutability": "view",
            +     "type": "function",
            +   },
            +   Object {
            +     "inputs": Array [
            +       Object {
            +         "internalType": "address",
            +         "name": "application",
            +         "type": "address",
            +       },
            +     ],
            +     "name": "pauseApplication",
            +     "outputs": Array [],
            +     "stateMutability": "nonpayable",
            +     "type": "function",
            +   },
            +   Object {
            +     "inputs": Array [
            +       Object {
            +         "internalType": "uint256",
            +         "name": "count",
            +         "type": "uint256",
            +       },
            +     ],
            +     "name": "processSlashing",
            +     "outputs": Array [],
            +     "stateMutability": "nonpayable",
            +     "type": "function",
            +   },
            +   Object {
            +     "inputs": Array [
            +       Object {
            +         "internalType": "uint96",
            +         "name": "reward",
            +         "type": "uint96",
            +       },
            +     ],
            +     "name": "pushNotificationReward",
            +     "outputs": Array [],
            +     "stateMutability": "nonpayable",
            +     "type": "function",
            +   },
            +   Object {
            +     "inputs": Array [
            +       Object {
            +         "internalType": "address",
            +         "name": "stakingProvider",
            +         "type": "address",
            +       },
            +     ],
            +     "name": "refreshKeepStakeOwner",
            +     "outputs": Array [],
            +     "stateMutability": "nonpayable",
            +     "type": "function",
            +   },
            +   Object {
            +     "inputs": Array [
            +       Object {
            +         "internalType": "address",
            +         "name": "stakingProvider",
            +         "type": "address",
            +       },
            +       Object {
            +         "internalType": "address",
            +         "name": "application",
            +         "type": "address",
            +       },
            +       Object {
            +         "internalType": "uint96",
            +         "name": "amount",
            +         "type": "uint96",
            +       },
            +     ],
            +     "name": "requestAuthorizationDecrease",
            +     "outputs": Array [],
            +     "stateMutability": "nonpayable",
            +     "type": "function",
            +   },
            +   Object {
            +     "inputs": Array [
            +       Object {
            +         "internalType": "address",
            +         "name": "stakingProvider",
            +         "type": "address",
            +       },
            +     ],
            +     "name": "requestAuthorizationDecrease",
            +     "outputs": Array [],
            +     "stateMutability": "nonpayable",
            +     "type": "function",
            +   },
            +   Object {
            +     "inputs": Array [
            +       Object {
            +         "internalType": "address",
            +         "name": "stakingProvider",
            +         "type": "address",
            +       },
            +     ],
            +     "name": "rolesOf",
            +     "outputs": Array [
            +       Object {
            +         "internalType": "address",
            +         "name": "owner",
            +         "type": "address",
            +       },
            +       Object {
            +         "internalType": "address payable",
            +         "name": "beneficiary",
            +         "type": "address",
            +       },
            +       Object {
            +         "internalType": "address",
            +         "name": "authorizer",
            +         "type": "address",
            +       },
            +     ],
            +     "stateMutability": "view",
            +     "type": "function",
            +   },
            +   Object {
            +     "inputs": Array [
            +       Object {
            +         "internalType": "uint96",
            +         "name": "amount",
            +         "type": "uint96",
            +       },
            +       Object {
            +         "internalType": "uint256",
            +         "name": "rewardMultiplier",
            +         "type": "uint256",
            +       },
            +       Object {
            +         "internalType": "address",
            +         "name": "notifier",
            +         "type": "address",
            +       },
            +       Object {
            +         "internalType": "address[]",
            +         "name": "_stakingProviders",
            +         "type": "address[]",
            +       },
            +     ],
            +     "name": "seize",
            +     "outputs": Array [],
            +     "stateMutability": "nonpayable",
            +     "type": "function",
            +   },
            +   Object {
            +     "inputs": Array [
            +       Object {
            +         "internalType": "uint256",
            +         "name": "ceiling",
            +         "type": "uint256",
            +       },
            +     ],
            +     "name": "setAuthorizationCeiling",
            +     "outputs": Array [],
            +     "stateMutability": "nonpayable",
            +     "type": "function",
            +   },
            +   Object {
            +     "inputs": Array [
            +       Object {
            +         "internalType": "uint96",
            +         "name": "amount",
            +         "type": "uint96",
            +       },
            +     ],
            +     "name": "setMinimumStakeAmount",
            +     "outputs": Array [],
            +     "stateMutability": "nonpayable",
            +     "type": "function",
            +   },
            +   Object {
            +     "inputs": Array [
            +       Object {
            +         "internalType": "uint96",
            +         "name": "reward",
            +         "type": "uint96",
            +       },
            +     ],
            +     "name": "setNotificationReward",
            +     "outputs": Array [],
            +     "stateMutability": "nonpayable",
            +     "type": "function",
            +   },
            +   Object {
            +     "inputs": Array [
            +       Object {
            +         "internalType": "address",
            +         "name": "application",
            +         "type": "address",
            +       },
            +       Object {
            +         "internalType": "address",
            +         "name": "panicButton",
            +         "type": "address",
            +       },
            +     ],
            +     "name": "setPanicButton",
            +     "outputs": Array [],
            +     "stateMutability": "nonpayable",
            +     "type": "function",
            +   },
            +   Object {
            +     "inputs": Array [
            +       Object {
            +         "internalType": "uint96",
            +         "name": "penalty",
            +         "type": "uint96",
            +       },
            +       Object {
            +         "internalType": "uint256",
            +         "name": "rewardMultiplier",
            +         "type": "uint256",
            +       },
            +     ],
            +     "name": "setStakeDiscrepancyPenalty",
            +     "outputs": Array [],
            +     "stateMutability": "nonpayable",
            +     "type": "function",
            +   },
            +   Object {
            +     "inputs": Array [
            +       Object {
            +         "internalType": "uint96",
            +         "name": "amount",
            +         "type": "uint96",
            +       },
            +       Object {
            +         "internalType": "address[]",
            +         "name": "_stakingProviders",
            +         "type": "address[]",
            +       },
            +     ],
            +     "name": "slash",
            +     "outputs": Array [],
            +     "stateMutability": "nonpayable",
            +     "type": "function",
            +   },
            +   Object {
            +     "inputs": Array [
            +       Object {
            +         "internalType": "uint256",
            +         "name": "",
            +         "type": "uint256",
            +       },
            +     ],
            +     "name": "slashingQueue",
            +     "outputs": Array [
            +       Object {
            +         "internalType": "address",
            +         "name": "stakingProvider",
            +         "type": "address",
            +       },
            +       Object {
            +         "internalType": "uint96",
            +         "name": "amount",
            +         "type": "uint96",
            +       },
            +     ],
            +     "stateMutability": "view",
            +     "type": "function",
            +   },
            +   Object {
            +     "inputs": Array [],
            +     "name": "slashingQueueIndex",
            +     "outputs": Array [
            +       Object {
            +         "internalType": "uint256",
            +         "name": "",
            +         "type": "uint256",
            +       },
            +     ],
            +     "stateMutability": "view",
            +     "type": "function",
            +   },
            +   Object {
            +     "inputs": Array [
            +       Object {
            +         "internalType": "address",
            +         "name": "stakingProvider",
            +         "type": "address",
            +       },
            +       Object {
            +         "internalType": "address payable",
            +         "name": "beneficiary",
            +         "type": "address",
            +       },
            +       Object {
            +         "internalType": "address",
            +         "name": "authorizer",
            +         "type": "address",
            +       },
            +       Object {
            +         "internalType": "uint96",
            +         "name": "amount",
            +         "type": "uint96",
            +       },
            +     ],
            +     "name": "stake",
            +     "outputs": Array [],
            +     "stateMutability": "nonpayable",
            +     "type": "function",
            +   },
            +   Object {
            +     "inputs": Array [],
            +     "name": "stakeDiscrepancyPenalty",
            +     "outputs": Array [
            +       Object {
            +         "internalType": "uint96",
            +         "name": "",
            +         "type": "uint96",
            +       },
            +     ],
            +     "stateMutability": "view",
            +     "type": "function",
            +   },
            +   Object {
            +     "inputs": Array [],
            +     "name": "stakeDiscrepancyRewardMultiplier",
            +     "outputs": Array [
            +       Object {
            +         "internalType": "uint256",
            +         "name": "",
            +         "type": "uint256",
            +       },
            +     ],
            +     "stateMutability": "view",
            +     "type": "function",
            +   },
            +   Object {
            +     "inputs": Array [
            +       Object {
            +         "internalType": "address",
            +         "name": "stakingProvider",
            +         "type": "address",
            +       },
            +     ],
            +     "name": "stakeKeep",
            +     "outputs": Array [],
            +     "stateMutability": "nonpayable",
            +     "type": "function",
            +   },
            +   Object {
            +     "inputs": Array [
            +       Object {
            +         "internalType": "address",
            +         "name": "stakingProvider",
            +         "type": "address",
            +       },
            +       Object {
            +         "internalType": "address payable",
            +         "name": "beneficiary",
            +         "type": "address",
            +       },
            +       Object {
            +         "internalType": "address",
            +         "name": "authorizer",
            +         "type": "address",
            +       },
            +     ],
            +     "name": "stakeNu",
            +     "outputs": Array [],
            +     "stateMutability": "nonpayable",
            +     "type": "function",
            +   },
            +   Object {
            +     "inputs": Array [
            +       Object {
            +         "internalType": "address",
            +         "name": "stakingProvider",
            +         "type": "address",
            +       },
            +     ],
            +     "name": "stakedNu",
            +     "outputs": Array [
            +       Object {
            +         "internalType": "uint256",
            +         "name": "nuAmount",
            +         "type": "uint256",
            +       },
            +     ],
            +     "stateMutability": "view",
            +     "type": "function",
            +   },
            +   Object {
            +     "inputs": Array [
            +       Object {
            +         "internalType": "address",
            +         "name": "stakingProvider",
            +         "type": "address",
            +       },
            +     ],
            +     "name": "stakes",
            +     "outputs": Array [
            +       Object {
            +         "internalType": "uint96",
            +         "name": "tStake",
            +         "type": "uint96",
            +       },
            +       Object {
            +         "internalType": "uint96",
            +         "name": "keepInTStake",
            +         "type": "uint96",
            +       },
            +       Object {
            +         "internalType": "uint96",
            +         "name": "nuInTStake",
            +         "type": "uint96",
            +       },
            +     ],
            +     "stateMutability": "view",
            +     "type": "function",
            +   },
            +   Object {
            +     "inputs": Array [
            +       Object {
            +         "internalType": "address",
            +         "name": "stakingProvider",
            +         "type": "address",
            +       },
            +       Object {
            +         "internalType": "uint96",
            +         "name": "amount",
            +         "type": "uint96",
            +       },
            +     ],
            +     "name": "topUp",
            +     "outputs": Array [],
            +     "stateMutability": "nonpayable",
            +     "type": "function",
            +   },
            +   Object {
            +     "inputs": Array [
            +       Object {
            +         "internalType": "address",
            +         "name": "stakingProvider",
            +         "type": "address",
            +       },
            +     ],
            +     "name": "topUpKeep",
            +     "outputs": Array [],
            +     "stateMutability": "nonpayable",
            +     "type": "function",
            +   },
            +   Object {
            +     "inputs": Array [
            +       Object {
            +         "internalType": "address",
            +         "name": "stakingProvider",
            +         "type": "address",
            +       },
            +     ],
            +     "name": "topUpNu",
            +     "outputs": Array [],
            +     "stateMutability": "nonpayable",
            +     "type": "function",
            +   },
            +   Object {
            +     "inputs": Array [
            +       Object {
            +         "internalType": "address",
            +         "name": "newGuvnor",
            +         "type": "address",
            +       },
            +     ],
            +     "name": "transferGovernance",
            +     "outputs": Array [],
            +     "stateMutability": "nonpayable",
            +     "type": "function",
            +   },
            +   Object {
            +     "inputs": Array [
            +       Object {
            +         "internalType": "address",
            +         "name": "stakingProvider",
            +         "type": "address",
            +       },
            +     ],
            +     "name": "unstakeAll",
            +     "outputs": Array [],
            +     "stateMutability": "nonpayable",
            +     "type": "function",
            +   },
            +   Object {
            +     "inputs": Array [
            +       Object {
            +         "internalType": "address",
            +         "name": "stakingProvider",
            +         "type": "address",
            +       },
            +     ],
            +     "name": "unstakeKeep",
            +     "outputs": Array [],
            +     "stateMutability": "nonpayable",
            +     "type": "function",
            +   },
            +   Object {
            +     "inputs": Array [
            +       Object {
            +         "internalType": "address",
            +         "name": "stakingProvider",
            +         "type": "address",
            +       },
            +       Object {
            +         "internalType": "uint96",
            +         "name": "amount",
            +         "type": "uint96",
            +       },
            +     ],
            +     "name": "unstakeNu",
            +     "outputs": Array [],
            +     "stateMutability": "nonpayable",
            +     "type": "function",
            +   },
            +   Object {
            +     "inputs": Array [
            +       Object {
            +         "internalType": "address",
            +         "name": "stakingProvider",
            +         "type": "address",
            +       },
            +       Object {
            +         "internalType": "uint96",
            +         "name": "amount",
            +         "type": "uint96",
            +       },
            +     ],
            +     "name": "unstakeT",
            +     "outputs": Array [],
            +     "stateMutability": "nonpayable",
            +     "type": "function",
            +   },
            +   Object {
            +     "inputs": Array [
            +       Object {
            +         "internalType": "address",
            +         "name": "recipient",
            +         "type": "address",
            +       },
            +       Object {
            +         "internalType": "uint96",
            +         "name": "amount",
            +         "type": "uint96",
            +       },
            +     ],
            +     "name": "withdrawNotificationReward",
            +     "outputs": Array [],
            +     "stateMutability": "nonpayable",
            +     "type": "function",
            +   },
            + ],
              {},
              "0x0000000000000000000000000000000000000000",
           2: "0x1293a54e160D1cd7075487898d65266081A15458", [{"inputs": [Array], "payable": false, "stateMutability": "nonpayable", "type": "constructor"}, {"anonymous": false, "inputs": [Array], "name": "ExpiredLockReleased", "type": "event"}, {"anonymous": false, "inputs": [Array], "name": "LockReleased", "type": "event"}, {"anonymous": false, "inputs": [Array], "name": "OperatorStaked", "type": "event"}, {"anonymous": false, "inputs": [Array], "name": "RecoveredStake", "type": "event"}, {"anonymous": false, "inputs": [Array], "name": "StakeDelegated", "type": "event"}, {"anonymous": false, "inputs": [Array], "name": "StakeLocked", "type": "event"}, {"anonymous": false, "inputs": [Array], "name": "StakeOwnershipTransferred", "type": "event"}, {"anonymous": false, "inputs": [Array], "name": "TokensSeized", "type": "event"}, {"anonymous": false, "inputs": [Array], "name": "TokensSlashed", "type": "event"}, {"anonymous": false, "inputs": [Array], "name": "TopUpCompleted", "type": "event"}, {"anonymous": false, "inputs": [Array], "name": "TopUpInitiated", "type": "event"}, {"anonymous": false, "inputs": [Array], "name": "Undelegated", "type": "event"}, {"constant": true, "inputs": [Array], "name": "activeStake", "outputs": [Array], "payable": false, "stateMutability": "view", "type": "function"}, {"constant": false, "inputs": [Array], "name": "authorizeOperatorContract", "outputs": [Array], "payable": false, "stateMutability": "nonpayable", "type": "function"}, {"constant": true, "inputs": [Array], "name": "authorizerOf", "outputs": [Array], "payable": false, "stateMutability": "view", "type": "function"}, {"constant": true, "inputs": [Array], "name": "balanceOf", "outputs": [Array], "payable": false, "stateMutability": "view", "type": "function"}, {"constant": true, "inputs": [Array], "name": "beneficiaryOf", "outputs": [Array], "payable": false, "stateMutability": "view", "type": "function"}, {"constant": false, "inputs": [Array], "name": "cancelStake", "outputs": [Array], "payable": false, "stateMutability": "nonpayable", "type": "function"}, {"constant": false, "inputs": [Array], "name": "claimDelegatedAuthority", "outputs": [Array], "payable": false, "stateMutability": "nonpayable", "type": "function"}, {"constant": false, "inputs": [Array], "name": "commitTopUp", "outputs": [Array], "payable": false, "stateMutability": "nonpayable", "type": "function"}, {"constant": true, "inputs": [Array], "name": "deployedAt", "outputs": [Array], "payable": false, "stateMutability": "view", "type": "function"}, {"constant": true, "inputs": [Array], "name": "eligibleStake", "outputs": [Array], "payable": false, "stateMutability": "view", "type": "function"}, {"constant": true, "inputs": [Array], "name": "getAuthoritySource", "outputs": [Array], "payable": false, "stateMutability": "view", "type": "function"}, {"constant": true, "inputs": [Array], "name": "getDelegationInfo", "outputs": [Array], "payable": false, "stateMutability": "view", "type": "function"}, {"constant": true, "inputs": [Array], "name": "getLocks", "outputs": [Array], "payable": false, "stateMutability": "view", "type": "function"}, {"constant": true, "inputs": [Array], "name": "hasMinimumStake", "outputs": [Array], "payable": false, "stateMutability": "view", "type": "function"}, {"constant": true, "inputs": [Array], "name": "initializationPeriod", "outputs": [Array], "payable": false, "stateMutability": "view", "type": "function"}, {"constant": true, "inputs": [Array], "name": "isApprovedOperatorContract", "outputs": [Array], "payable": false, "stateMutability": "view", "type": "function"}, {"constant": true, "inputs": [Array], "name": "isAuthorizedForOperator", "outputs": [Array], "payable": false, "stateMutability": "view", "type": "function"}, {"constant": true, "inputs": [Array], "name": "isStakeLocked", "outputs": [Array], "payable": false, "stateMutability": "view", "type": "function"}, {"constant": false, "inputs": [Array], "name": "lockStake", "outputs": [Array], "payable": false, "stateMutability": "nonpayable", "type": "function"}, {"constant": true, "inputs": [Array], "name": "minimumStake", "outputs": [Array], "payable": false, "stateMutability": "view", "type": "function"}, {"constant": true, "inputs": [Array], "name": "ownerOf", "outputs": [Array], "payable": false, "stateMutability": "view", "type": "function"}, {"constant": false, "inputs": [Array], "name": "receiveApproval", "outputs": [Array], "payable": false, "stateMutability": "nonpayable", "type": "function"}, {"constant": false, "inputs": [Array], "name": "recoverStake", "outputs": [Array], "payable": false, "stateMutability": "nonpayable", "type": "function"}, {"constant": false, "inputs": [Array], "name": "releaseExpiredLock", "outputs": [Array], "payable": false, "stateMutability": "nonpayable", "type": "function"}, {"constant": false, "inputs": [Array], "name": "seize", "outputs": [Array], "payable": false, "stateMutability": "nonpayable", "type": "function"}, {"constant": false, "inputs": [Array], "name": "slash", "outputs": [Array], "payable": false, "stateMutability": "nonpayable", "type": "function"}, {"constant": false, "inputs": [Array], "name": "transferStakeOwnership", "outputs": [Array], "payable": false, "stateMutability": "nonpayable", "type": "function"}, {"constant": false, "inputs": [Array], "name": "undelegate", "outputs": [Array], "payable": false, "stateMutability": "nonpayable", "type": "function"}, {"constant": false, "inputs": [Array], "name": "undelegateAt", "outputs": [Array], "payable": false, "stateMutability": "nonpayable", "type": "function"}, {"constant": true, "inputs": [Array], "name": "undelegationPeriod", "outputs": [Array], "payable": false, "stateMutability": "view", "type": "function"}, {"constant": false, "inputs": [Array], "name": "unlockStake", "outputs": [Array], "payable": false, "stateMutability": "nonpayable", "type": "function"}], {}, "0x0000000000000000000000000000000000000000"

    Number of calls: 3

      101 |
      102 |   test("should create the staking instance correctly", () => {
    > 103 |     expect(getContract).toHaveBeenNthCalledWith(
          |                         ^
      104 |       1,
      105 |       TokenStaking.address,
      106 |       TokenStaking.abi,

      at Object.<anonymous> (src/threshold-ts/staking/__test__/staking.test.ts:103:25)

  ● Staking test › findRefreshedKeepStakes test › should return empty arrays if the owner was never updated

    expect(jest.fn()).toHaveBeenCalledWith(...expected)

    Expected: []

    Number of calls: 0

      325 |       stakingProviders: string[]
      326 |     ) => {
    > 327 |       expect(aggregateSpyOn).toHaveBeenCalledWith(
          |                              ^
      328 |         stakingProviders.map((stakingProvider) => ({
      329 |           address: staking.stakingContract.address,
      330 |           interface: staking.stakingContract.interface,

      at expectRolesOfMulticall (src/threshold-ts/staking/__test__/staking.test.ts:327:30)
      at Object.<anonymous> (src/threshold-ts/staking/__test__/staking.test.ts:347:7)

FAIL src/web3/utils/__tests__/address.test.ts
  ● Address utilities › isSameAddress › should return true for same Ethereum addresses

    expect(received).toBe(expected) // Object.is equality

    Expected: true
    Received: false

      69 |       const addr1 = "0x742d35Cc6634C0532925a3b844Bc9e7595f2BD4E"
      70 |       const addr2 = "0x742d35cc6634c0532925a3b844bc9e7595f2bd4e" // lowercase
    > 71 |       expect(isSameAddress(addr1, addr2)).toBe(true)
         |                                           ^
      72 |     })
      73 |
      74 |     it("should return true for same Starknet addresses", () => {

      at Object.<anonymous> (src/web3/utils/__tests__/address.test.ts:71:43)

  ● Address utilities › isEthereumAddress › should return true for valid Ethereum address

    expect(received).toBe(expected) // Object.is equality

    Expected: true
    Received: false

      100 |     it("should return true for valid Ethereum address", () => {
      101 |       const validAddress = "0x742d35Cc6634C0532925a3b844Bc9e7595f2BD4E"
    > 102 |       expect(isEthereumAddress(validAddress)).toBe(true)
          |                                               ^
      103 |     })
      104 |
      105 |     it("should return false for Starknet address", () => {

      at Object.<anonymous> (src/web3/utils/__tests__/address.test.ts:102:47)

  ● Address utilities › isSameETHAddress › should return true for same ETH addresses with different case

    bad address checksum (argument="address", value="0x742d35Cc6634C0532925a3b844Bc9e7595f2BD4E", code=INVALID_ARGUMENT, version=address/5.6.1)

       6 | export { unprefixedAndUncheckedAddress } from "../../threshold-ts/utils"
       7 |
    >  8 | export const getAddress = (address: string) => ethersGetAddress(address)
         |                                                ^
       9 |
      10 | export const isEthereumAddress = (address: string): boolean =>
      11 |   ethersIsAddress(address)

      at Logger.Object.<anonymous>.Logger.makeError (node_modules/@ethersproject/logger/src.ts/index.ts:269:28)
      at Logger.Object.<anonymous>.Logger.throwError (node_modules/@ethersproject/logger/src.ts/index.ts:281:20)
      at Logger.Object.<anonymous>.Logger.throwArgumentError (node_modules/@ethersproject/logger/src.ts/index.ts:285:21)
      at getAddress (node_modules/@ethersproject/address/src.ts/index.ts:93:20)
      at getAddress (src/web3/utils/address.ts:8:48)
      at isSameETHAddress (src/web3/utils/address.ts:30:10)
      at Object.<anonymous> (src/web3/utils/__tests__/address.test.ts:115:14)

  ● Address utilities › isSameETHAddress › should return false for different ETH addresses

    bad address checksum (argument="address", value="0x742d35Cc6634C0532925a3b844Bc9e7595f2BD4E", code=INVALID_ARGUMENT, version=address/5.6.1)

       6 | export { unprefixedAndUncheckedAddress } from "../../threshold-ts/utils"
       7 |
    >  8 | export const getAddress = (address: string) => ethersGetAddress(address)
         |                                                ^
       9 |
      10 | export const isEthereumAddress = (address: string): boolean =>
      11 |   ethersIsAddress(address)

      at Logger.Object.<anonymous>.Logger.makeError (node_modules/@ethersproject/logger/src.ts/index.ts:269:28)
      at Logger.Object.<anonymous>.Logger.throwError (node_modules/@ethersproject/logger/src.ts/index.ts:281:20)
      at Logger.Object.<anonymous>.Logger.throwArgumentError (node_modules/@ethersproject/logger/src.ts/index.ts:285:21)
      at getAddress (node_modules/@ethersproject/address/src.ts/index.ts:93:20)
      at getAddress (src/web3/utils/address.ts:8:48)
      at isSameETHAddress (src/web3/utils/address.ts:30:10)
      at Object.<anonymous> (src/web3/utils/__tests__/address.test.ts:121:14)

FAIL src/__tests__/compatibility/backwards-compatibility.test.tsx
  ● Backwards Compatibility Suite › Arbitrum Deposits › should map Arbitrum chainId exactly as before

    expect(received).toBe(expected) // Object.is equality

    Expected: "Arbitrum"
    Received: "Unsupported"

      23 |     it("should map Arbitrum chainId exactly as before", () => {
      24 |       // Test numeric chainId
    > 25 |       expect(getChainIdToNetworkName(42161)).toBe("Arbitrum")
         |                                              ^
      26 |       // Test string chainId
      27 |       expect(getChainIdToNetworkName("42161")).toBe("Arbitrum")
      28 |       // Test hex chainId

      at Object.<anonymous> (src/__tests__/compatibility/backwards-compatibility.test.tsx:25:46)

  ● Backwards Compatibility Suite › Base Deposits › should map Base chainId exactly as before

    expect(received).toBe(expected) // Object.is equality

    Expected: "Base"
    Received: "Unsupported"

      50 |     it("should map Base chainId exactly as before", () => {
      51 |       // Test numeric chainId
    > 52 |       expect(getChainIdToNetworkName(8453)).toBe("Base")
         |                                             ^
      53 |       // Test string chainId
      54 |       expect(getChainIdToNetworkName("8453")).toBe("Base")
      55 |       // Test hex chainId

      at Object.<anonymous> (src/__tests__/compatibility/backwards-compatibility.test.tsx:52:45)

  ● Backwards Compatibility Suite › Ethereum Standard Minting › should map Ethereum mainnet exactly as before

    expect(received).toBe(expected) // Object.is equality

    Expected: "Ethereum"
    Received: "Unsupported"

      72 |       }))
      73 |
    > 74 |       expect(getChainIdToNetworkName(1)).toBe("Ethereum")
         |                                          ^
      75 |       expect(getChainIdToNetworkName("1")).toBe("Ethereum")
      76 |       expect(getChainIdToNetworkName("0x1")).toBe("Ethereum")
      77 |     })

      at Object.<anonymous> (src/__tests__/compatibility/backwards-compatibility.test.tsx:74:42)

  ● Backwards Compatibility Suite › StarkNet New Functionality › should check network compatibility correctly

    expect(received).toContain(expected) // indexOf

    Expected substring: "Network mismatch"
    Received string:    "Wrong StarkNet network. Expected StarkNet, but connected to different network."

      149 |       )
      150 |       expect(mismatchResult.compatible).toBe(false)
    > 151 |       expect(mismatchResult.error).toContain("Network mismatch")
          |                                    ^
      152 |     })
      153 |   })
      154 |

      at Object.<anonymous> (src/__tests__/compatibility/backwards-compatibility.test.tsx:151:36)

FAIL src/web3/hooks/__tests__/useVendingMachineContract.test.ts
  ● Test `useVendingMachineContract` hook › should return the vending machine contract instance for KEEP token

    expect(jest.fn()).toHaveBeenCalledWith(...expected)

    Expected: "0x1", []

    Number of calls: 0

      37 |       renderHook(() => useVendingMachineContract(token))
      38 |
    > 39 |       expect(useContract).toHaveBeenCalledWith(
         |                           ^
      40 |         contractArtifact.address,
      41 |         contractArtifact.abi
      42 |       )

      at src/web3/hooks/__tests__/useVendingMachineContract.test.ts:39:27

  ● Test `useVendingMachineContract` hook › should return the vending machine contract instance for NU token

    expect(jest.fn()).toHaveBeenCalledWith(...expected)

    Expected: "0x2", []

    Number of calls: 0

      37 |       renderHook(() => useVendingMachineContract(token))
      38 |
    > 39 |       expect(useContract).toHaveBeenCalledWith(
         |                           ^
      40 |         contractArtifact.address,
      41 |         contractArtifact.abi
      42 |       )

      at src/web3/hooks/__tests__/useVendingMachineContract.test.ts:39:27

FAIL src/contexts/__tests__/StarknetWalletProvider.test.tsx
  ● StarknetWalletProvider › should connect wallet successfully

    expect(jest.fn()).toHaveBeenCalledWith(...expected)

    - Expected
    + Received

      Object {
    -   "connectors": Any<Array>,
        "modalMode": "alwaysAsk",
      },

    Number of calls: 1

      142 |     })
      143 |
    > 144 |     expect(mockConnect).toHaveBeenCalledWith({
          |                         ^
      145 |       modalMode: "alwaysAsk",
      146 |       connectors: expect.any(Array),
      147 |     })

      at Object.<anonymous> (src/contexts/__tests__/StarknetWalletProvider.test.tsx:144:25)

  ● StarknetWalletProvider › should auto-reconnect on mount if wallet was previously connected

    expect(jest.fn()).toHaveBeenCalledWith(...expected)

    - Expected
    + Received

      Object {
    -   "connectors": Any<Array>,
        "modalMode": "neverAsk",
      },

    Number of calls: 1

      243 |     })
      244 |
    > 245 |     expect(mockConnect).toHaveBeenCalledWith({
          |                         ^
      246 |       modalMode: "neverAsk",
      247 |       connectors: expect.any(Array),
      248 |     })

      at Object.<anonymous> (src/contexts/__tests__/StarknetWalletProvider.test.tsx:245:25)

FAIL src/components/__tests__/StarknetWalletStatus.test.tsx
  ● StarknetWalletStatus › should render wallet status when connected

    TypeError: (0 , _shortenAddress.default) is not a function

      73 |               >
      74 |                 <Text fontSize="xs" color="gray.500">
    > 75 |                   {shortenAddress(address)}
         |                    ^
      76 |                 </Text>
      77 |               </CopyToClipboard>
      78 |             </HStack>

      at StarknetWalletStatus (src/components/StarknetWalletStatus.tsx:75:20)
      at renderWithHooks (node_modules/react-dom/cjs/react-dom.development.js:14985:18)
      at mountIndeterminateComponent (node_modules/react-dom/cjs/react-dom.development.js:17811:13)
      at beginWork (node_modules/react-dom/cjs/react-dom.development.js:19049:16)
      at HTMLUnknownElement.callCallback (node_modules/react-dom/cjs/react-dom.development.js:3945:14)
      at HTMLUnknownElement.callTheUserObjectsOperation (node_modules/jsdom/lib/jsdom/living/generated/EventListener.js:26:30)
      at innerInvokeEventListeners (node_modules/jsdom/lib/jsdom/living/events/EventTarget-impl.js:338:25)
      at invokeEventListeners (node_modules/jsdom/lib/jsdom/living/events/EventTarget-impl.js:274:3)
      at HTMLUnknownElementImpl._dispatch (node_modules/jsdom/lib/jsdom/living/events/EventTarget-impl.js:221:9)
      at HTMLUnknownElementImpl.dispatchEvent (node_modules/jsdom/lib/jsdom/living/events/EventTarget-impl.js:94:17)
      at HTMLUnknownElement.dispatchEvent (node_modules/jsdom/lib/jsdom/living/generated/EventTarget.js:231:34)
      at Object.invokeGuardedCallbackDev (node_modules/react-dom/cjs/react-dom.development.js:3994:16)
      at invokeGuardedCallback (node_modules/react-dom/cjs/react-dom.development.js:4056:31)
      at beginWork$1 (node_modules/react-dom/cjs/react-dom.development.js:23964:7)
      at performUnitOfWork (node_modules/react-dom/cjs/react-dom.development.js:22779:12)
      at workLoopSync (node_modules/react-dom/cjs/react-dom.development.js:22707:5)
      at renderRootSync (node_modules/react-dom/cjs/react-dom.development.js:22670:7)
      at performSyncWorkOnRoot (node_modules/react-dom/cjs/react-dom.development.js:22293:18)
      at scheduleUpdateOnFiber (node_modules/react-dom/cjs/react-dom.development.js:21881:7)
      at updateContainer (node_modules/react-dom/cjs/react-dom.development.js:25482:3)
      at node_modules/react-dom/cjs/react-dom.development.js:26021:7
      at unbatchedUpdates (node_modules/react-dom/cjs/react-dom.development.js:22431:12)
      at legacyRenderSubtreeIntoContainer (node_modules/react-dom/cjs/react-dom.development.js:26020:5)
      at Object.render (node_modules/react-dom/cjs/react-dom.development.js:26103:10)
      at node_modules/@testing-library/react/dist/pure.js:101:25
      at batchedUpdates$1 (node_modules/react-dom/cjs/react-dom.development.js:22380:12)
      at act (node_modules/react-dom/cjs/react-dom-test-utils.development.js:1042:14)
      at render (node_modules/@testing-library/react/dist/pure.js:97:26)
      at renderWithChakra (src/components/__tests__/StarknetWalletStatus.test.tsx:29:10)
      at Object.<anonymous> (src/components/__tests__/StarknetWalletStatus.test.tsx:73:5)

  ● StarknetWalletStatus › should show testnet for sepolia chain ID

    TypeError: (0 , _shortenAddress.default) is not a function

      73 |               >
      74 |                 <Text fontSize="xs" color="gray.500">
    > 75 |                   {shortenAddress(address)}
         |                    ^
      76 |                 </Text>
      77 |               </CopyToClipboard>
      78 |             </HStack>

      at StarknetWalletStatus (src/components/StarknetWalletStatus.tsx:75:20)
      at renderWithHooks (node_modules/react-dom/cjs/react-dom.development.js:14985:18)
      at mountIndeterminateComponent (node_modules/react-dom/cjs/react-dom.development.js:17811:13)
      at beginWork (node_modules/react-dom/cjs/react-dom.development.js:19049:16)
      at HTMLUnknownElement.callCallback (node_modules/react-dom/cjs/react-dom.development.js:3945:14)
      at HTMLUnknownElement.callTheUserObjectsOperation (node_modules/jsdom/lib/jsdom/living/generated/EventListener.js:26:30)
      at innerInvokeEventListeners (node_modules/jsdom/lib/jsdom/living/events/EventTarget-impl.js:338:25)
      at invokeEventListeners (node_modules/jsdom/lib/jsdom/living/events/EventTarget-impl.js:274:3)
      at HTMLUnknownElementImpl._dispatch (node_modules/jsdom/lib/jsdom/living/events/EventTarget-impl.js:221:9)
      at HTMLUnknownElementImpl.dispatchEvent (node_modules/jsdom/lib/jsdom/living/events/EventTarget-impl.js:94:17)
      at HTMLUnknownElement.dispatchEvent (node_modules/jsdom/lib/jsdom/living/generated/EventTarget.js:231:34)
      at Object.invokeGuardedCallbackDev (node_modules/react-dom/cjs/react-dom.development.js:3994:16)
      at invokeGuardedCallback (node_modules/react-dom/cjs/react-dom.development.js:4056:31)
      at beginWork$1 (node_modules/react-dom/cjs/react-dom.development.js:23964:7)
      at performUnitOfWork (node_modules/react-dom/cjs/react-dom.development.js:22779:12)
      at workLoopSync (node_modules/react-dom/cjs/react-dom.development.js:22707:5)
      at renderRootSync (node_modules/react-dom/cjs/react-dom.development.js:22670:7)
      at performSyncWorkOnRoot (node_modules/react-dom/cjs/react-dom.development.js:22293:18)
      at scheduleUpdateOnFiber (node_modules/react-dom/cjs/react-dom.development.js:21881:7)
      at updateContainer (node_modules/react-dom/cjs/react-dom.development.js:25482:3)
      at node_modules/react-dom/cjs/react-dom.development.js:26021:7
      at unbatchedUpdates (node_modules/react-dom/cjs/react-dom.development.js:22431:12)
      at legacyRenderSubtreeIntoContainer (node_modules/react-dom/cjs/react-dom.development.js:26020:5)
      at Object.render (node_modules/react-dom/cjs/react-dom.development.js:26103:10)
      at node_modules/@testing-library/react/dist/pure.js:101:25
      at batchedUpdates$1 (node_modules/react-dom/cjs/react-dom.development.js:22380:12)
      at act (node_modules/react-dom/cjs/react-dom-test-utils.development.js:1042:14)
      at render (node_modules/@testing-library/react/dist/pure.js:97:26)
      at renderWithChakra (src/components/__tests__/StarknetWalletStatus.test.tsx:29:10)
      at Object.<anonymous> (src/components/__tests__/StarknetWalletStatus.test.tsx:110:5)

  ● StarknetWalletStatus › should show unknown network for unknown chain ID

    TypeError: (0 , _shortenAddress.default) is not a function

      73 |               >
      74 |                 <Text fontSize="xs" color="gray.500">
    > 75 |                   {shortenAddress(address)}
         |                    ^
      76 |                 </Text>
      77 |               </CopyToClipboard>
      78 |             </HStack>

      at StarknetWalletStatus (src/components/StarknetWalletStatus.tsx:75:20)
      at renderWithHooks (node_modules/react-dom/cjs/react-dom.development.js:14985:18)
      at mountIndeterminateComponent (node_modules/react-dom/cjs/react-dom.development.js:17811:13)
      at beginWork (node_modules/react-dom/cjs/react-dom.development.js:19049:16)
      at HTMLUnknownElement.callCallback (node_modules/react-dom/cjs/react-dom.development.js:3945:14)
      at HTMLUnknownElement.callTheUserObjectsOperation (node_modules/jsdom/lib/jsdom/living/generated/EventListener.js:26:30)
      at innerInvokeEventListeners (node_modules/jsdom/lib/jsdom/living/events/EventTarget-impl.js:338:25)
      at invokeEventListeners (node_modules/jsdom/lib/jsdom/living/events/EventTarget-impl.js:274:3)
      at HTMLUnknownElementImpl._dispatch (node_modules/jsdom/lib/jsdom/living/events/EventTarget-impl.js:221:9)
      at HTMLUnknownElementImpl.dispatchEvent (node_modules/jsdom/lib/jsdom/living/events/EventTarget-impl.js:94:17)
      at HTMLUnknownElement.dispatchEvent (node_modules/jsdom/lib/jsdom/living/generated/EventTarget.js:231:34)
      at Object.invokeGuardedCallbackDev (node_modules/react-dom/cjs/react-dom.development.js:3994:16)
      at invokeGuardedCallback (node_modules/react-dom/cjs/react-dom.development.js:4056:31)
      at beginWork$1 (node_modules/react-dom/cjs/react-dom.development.js:23964:7)
      at performUnitOfWork (node_modules/react-dom/cjs/react-dom.development.js:22779:12)
      at workLoopSync (node_modules/react-dom/cjs/react-dom.development.js:22707:5)
      at renderRootSync (node_modules/react-dom/cjs/react-dom.development.js:22670:7)
      at performSyncWorkOnRoot (node_modules/react-dom/cjs/react-dom.development.js:22293:18)
      at scheduleUpdateOnFiber (node_modules/react-dom/cjs/react-dom.development.js:21881:7)
      at updateContainer (node_modules/react-dom/cjs/react-dom.development.js:25482:3)
      at node_modules/react-dom/cjs/react-dom.development.js:26021:7
      at unbatchedUpdates (node_modules/react-dom/cjs/react-dom.development.js:22431:12)
      at legacyRenderSubtreeIntoContainer (node_modules/react-dom/cjs/react-dom.development.js:26020:5)
      at Object.render (node_modules/react-dom/cjs/react-dom.development.js:26103:10)
      at node_modules/@testing-library/react/dist/pure.js:101:25
      at batchedUpdates$1 (node_modules/react-dom/cjs/react-dom.development.js:22380:12)
      at act (node_modules/react-dom/cjs/react-dom-test-utils.development.js:1042:14)
      at render (node_modules/@testing-library/react/dist/pure.js:97:26)
      at renderWithChakra (src/components/__tests__/StarknetWalletStatus.test.tsx:29:10)
      at Object.<anonymous> (src/components/__tests__/StarknetWalletStatus.test.tsx:130:5)

  ● StarknetWalletStatus › should handle disconnect when button is clicked

    TypeError: (0 , _shortenAddress.default) is not a function

      73 |               >
      74 |                 <Text fontSize="xs" color="gray.500">
    > 75 |                   {shortenAddress(address)}
         |                    ^
      76 |                 </Text>
      77 |               </CopyToClipboard>
      78 |             </HStack>

      at StarknetWalletStatus (src/components/StarknetWalletStatus.tsx:75:20)
      at renderWithHooks (node_modules/react-dom/cjs/react-dom.development.js:14985:18)
      at mountIndeterminateComponent (node_modules/react-dom/cjs/react-dom.development.js:17811:13)
      at beginWork (node_modules/react-dom/cjs/react-dom.development.js:19049:16)
      at HTMLUnknownElement.callCallback (node_modules/react-dom/cjs/react-dom.development.js:3945:14)
      at HTMLUnknownElement.callTheUserObjectsOperation (node_modules/jsdom/lib/jsdom/living/generated/EventListener.js:26:30)
      at innerInvokeEventListeners (node_modules/jsdom/lib/jsdom/living/events/EventTarget-impl.js:338:25)
      at invokeEventListeners (node_modules/jsdom/lib/jsdom/living/events/EventTarget-impl.js:274:3)
      at HTMLUnknownElementImpl._dispatch (node_modules/jsdom/lib/jsdom/living/events/EventTarget-impl.js:221:9)
      at HTMLUnknownElementImpl.dispatchEvent (node_modules/jsdom/lib/jsdom/living/events/EventTarget-impl.js:94:17)
      at HTMLUnknownElement.dispatchEvent (node_modules/jsdom/lib/jsdom/living/generated/EventTarget.js:231:34)
      at Object.invokeGuardedCallbackDev (node_modules/react-dom/cjs/react-dom.development.js:3994:16)
      at invokeGuardedCallback (node_modules/react-dom/cjs/react-dom.development.js:4056:31)
      at beginWork$1 (node_modules/react-dom/cjs/react-dom.development.js:23964:7)
      at performUnitOfWork (node_modules/react-dom/cjs/react-dom.development.js:22779:12)
      at workLoopSync (node_modules/react-dom/cjs/react-dom.development.js:22707:5)
      at renderRootSync (node_modules/react-dom/cjs/react-dom.development.js:22670:7)
      at performSyncWorkOnRoot (node_modules/react-dom/cjs/react-dom.development.js:22293:18)
      at scheduleUpdateOnFiber (node_modules/react-dom/cjs/react-dom.development.js:21881:7)
      at updateContainer (node_modules/react-dom/cjs/react-dom.development.js:25482:3)
      at node_modules/react-dom/cjs/react-dom.development.js:26021:7
      at unbatchedUpdates (node_modules/react-dom/cjs/react-dom.development.js:22431:12)
      at legacyRenderSubtreeIntoContainer (node_modules/react-dom/cjs/react-dom.development.js:26020:5)
      at Object.render (node_modules/react-dom/cjs/react-dom.development.js:26103:10)
      at node_modules/@testing-library/react/dist/pure.js:101:25
      at batchedUpdates$1 (node_modules/react-dom/cjs/react-dom.development.js:22380:12)
      at act (node_modules/react-dom/cjs/react-dom-test-utils.development.js:1042:14)
      at render (node_modules/@testing-library/react/dist/pure.js:97:26)
      at renderWithChakra (src/components/__tests__/StarknetWalletStatus.test.tsx:29:10)
      at Object.<anonymous> (src/components/__tests__/StarknetWalletStatus.test.tsx:150:5)

  ● StarknetWalletStatus › should show default wallet name when walletName is not provided

    TypeError: (0 , _shortenAddress.default) is not a function

      73 |               >
      74 |                 <Text fontSize="xs" color="gray.500">
    > 75 |                   {shortenAddress(address)}
         |                    ^
      76 |                 </Text>
      77 |               </CopyToClipboard>
      78 |             </HStack>

      at StarknetWalletStatus (src/components/StarknetWalletStatus.tsx:75:20)
      at renderWithHooks (node_modules/react-dom/cjs/react-dom.development.js:14985:18)
      at mountIndeterminateComponent (node_modules/react-dom/cjs/react-dom.development.js:17811:13)
      at beginWork (node_modules/react-dom/cjs/react-dom.development.js:19049:16)
      at HTMLUnknownElement.callCallback (node_modules/react-dom/cjs/react-dom.development.js:3945:14)
      at HTMLUnknownElement.callTheUserObjectsOperation (node_modules/jsdom/lib/jsdom/living/generated/EventListener.js:26:30)
      at innerInvokeEventListeners (node_modules/jsdom/lib/jsdom/living/events/EventTarget-impl.js:338:25)
      at invokeEventListeners (node_modules/jsdom/lib/jsdom/living/events/EventTarget-impl.js:274:3)
      at HTMLUnknownElementImpl._dispatch (node_modules/jsdom/lib/jsdom/living/events/EventTarget-impl.js:221:9)
      at HTMLUnknownElementImpl.dispatchEvent (node_modules/jsdom/lib/jsdom/living/events/EventTarget-impl.js:94:17)
      at HTMLUnknownElement.dispatchEvent (node_modules/jsdom/lib/jsdom/living/generated/EventTarget.js:231:34)
      at Object.invokeGuardedCallbackDev (node_modules/react-dom/cjs/react-dom.development.js:3994:16)
      at invokeGuardedCallback (node_modules/react-dom/cjs/react-dom.development.js:4056:31)
      at beginWork$1 (node_modules/react-dom/cjs/react-dom.development.js:23964:7)
      at performUnitOfWork (node_modules/react-dom/cjs/react-dom.development.js:22779:12)
      at workLoopSync (node_modules/react-dom/cjs/react-dom.development.js:22707:5)
      at renderRootSync (node_modules/react-dom/cjs/react-dom.development.js:22670:7)
      at performSyncWorkOnRoot (node_modules/react-dom/cjs/react-dom.development.js:22293:18)
      at scheduleUpdateOnFiber (node_modules/react-dom/cjs/react-dom.development.js:21881:7)
      at updateContainer (node_modules/react-dom/cjs/react-dom.development.js:25482:3)
      at node_modules/react-dom/cjs/react-dom.development.js:26021:7
      at unbatchedUpdates (node_modules/react-dom/cjs/react-dom.development.js:22431:12)
      at legacyRenderSubtreeIntoContainer (node_modules/react-dom/cjs/react-dom.development.js:26020:5)
      at Object.render (node_modules/react-dom/cjs/react-dom.development.js:26103:10)
      at node_modules/@testing-library/react/dist/pure.js:101:25
      at batchedUpdates$1 (node_modules/react-dom/cjs/react-dom.development.js:22380:12)
      at act (node_modules/react-dom/cjs/react-dom-test-utils.development.js:1042:14)
      at render (node_modules/@testing-library/react/dist/pure.js:97:26)
      at renderWithChakra (src/components/__tests__/StarknetWalletStatus.test.tsx:29:10)
      at Object.<anonymous> (src/components/__tests__/StarknetWalletStatus.test.tsx:175:5)

  ● StarknetWalletStatus › should use Argent icon for Argent wallets

    TypeError: (0 , _shortenAddress.default) is not a function

      73 |               >
      74 |                 <Text fontSize="xs" color="gray.500">
    > 75 |                   {shortenAddress(address)}
         |                    ^
      76 |                 </Text>
      77 |               </CopyToClipboard>
      78 |             </HStack>

      at StarknetWalletStatus (src/components/StarknetWalletStatus.tsx:75:20)
      at renderWithHooks (node_modules/react-dom/cjs/react-dom.development.js:14985:18)
      at mountIndeterminateComponent (node_modules/react-dom/cjs/react-dom.development.js:17811:13)
      at beginWork (node_modules/react-dom/cjs/react-dom.development.js:19049:16)
      at HTMLUnknownElement.callCallback (node_modules/react-dom/cjs/react-dom.development.js:3945:14)
      at HTMLUnknownElement.callTheUserObjectsOperation (node_modules/jsdom/lib/jsdom/living/generated/EventListener.js:26:30)
      at innerInvokeEventListeners (node_modules/jsdom/lib/jsdom/living/events/EventTarget-impl.js:338:25)
      at invokeEventListeners (node_modules/jsdom/lib/jsdom/living/events/EventTarget-impl.js:274:3)
      at HTMLUnknownElementImpl._dispatch (node_modules/jsdom/lib/jsdom/living/events/EventTarget-impl.js:221:9)
      at HTMLUnknownElementImpl.dispatchEvent (node_modules/jsdom/lib/jsdom/living/events/EventTarget-impl.js:94:17)
      at HTMLUnknownElement.dispatchEvent (node_modules/jsdom/lib/jsdom/living/generated/EventTarget.js:231:34)
      at Object.invokeGuardedCallbackDev (node_modules/react-dom/cjs/react-dom.development.js:3994:16)
      at invokeGuardedCallback (node_modules/react-dom/cjs/react-dom.development.js:4056:31)
      at beginWork$1 (node_modules/react-dom/cjs/react-dom.development.js:23964:7)
      at performUnitOfWork (node_modules/react-dom/cjs/react-dom.development.js:22779:12)
      at workLoopSync (node_modules/react-dom/cjs/react-dom.development.js:22707:5)
      at renderRootSync (node_modules/react-dom/cjs/react-dom.development.js:22670:7)
      at performSyncWorkOnRoot (node_modules/react-dom/cjs/react-dom.development.js:22293:18)
      at scheduleUpdateOnFiber (node_modules/react-dom/cjs/react-dom.development.js:21881:7)
      at updateContainer (node_modules/react-dom/cjs/react-dom.development.js:25482:3)
      at node_modules/react-dom/cjs/react-dom.development.js:26021:7
      at unbatchedUpdates (node_modules/react-dom/cjs/react-dom.development.js:22431:12)
      at legacyRenderSubtreeIntoContainer (node_modules/react-dom/cjs/react-dom.development.js:26020:5)
      at Object.render (node_modules/react-dom/cjs/react-dom.development.js:26103:10)
      at node_modules/@testing-library/react/dist/pure.js:101:25
      at batchedUpdates$1 (node_modules/react-dom/cjs/react-dom.development.js:22380:12)
      at act (node_modules/react-dom/cjs/react-dom-test-utils.development.js:1042:14)
      at render (node_modules/@testing-library/react/dist/pure.js:97:26)
      at renderWithChakra (src/components/__tests__/StarknetWalletStatus.test.tsx:29:10)
      at Object.<anonymous> (src/components/__tests__/StarknetWalletStatus.test.tsx:195:27)

  ● StarknetWalletStatus › should use Starknet icon for non-Argent wallets

    TypeError: (0 , _shortenAddress.default) is not a function

      73 |               >
      74 |                 <Text fontSize="xs" color="gray.500">
    > 75 |                   {shortenAddress(address)}
         |                    ^
      76 |                 </Text>
      77 |               </CopyToClipboard>
      78 |             </HStack>

      at StarknetWalletStatus (src/components/StarknetWalletStatus.tsx:75:20)
      at renderWithHooks (node_modules/react-dom/cjs/react-dom.development.js:14985:18)
      at mountIndeterminateComponent (node_modules/react-dom/cjs/react-dom.development.js:17811:13)
      at beginWork (node_modules/react-dom/cjs/react-dom.development.js:19049:16)
      at HTMLUnknownElement.callCallback (node_modules/react-dom/cjs/react-dom.development.js:3945:14)
      at HTMLUnknownElement.callTheUserObjectsOperation (node_modules/jsdom/lib/jsdom/living/generated/EventListener.js:26:30)
      at innerInvokeEventListeners (node_modules/jsdom/lib/jsdom/living/events/EventTarget-impl.js:338:25)
      at invokeEventListeners (node_modules/jsdom/lib/jsdom/living/events/EventTarget-impl.js:274:3)
      at HTMLUnknownElementImpl._dispatch (node_modules/jsdom/lib/jsdom/living/events/EventTarget-impl.js:221:9)
      at HTMLUnknownElementImpl.dispatchEvent (node_modules/jsdom/lib/jsdom/living/events/EventTarget-impl.js:94:17)
      at HTMLUnknownElement.dispatchEvent (node_modules/jsdom/lib/jsdom/living/generated/EventTarget.js:231:34)
      at Object.invokeGuardedCallbackDev (node_modules/react-dom/cjs/react-dom.development.js:3994:16)
      at invokeGuardedCallback (node_modules/react-dom/cjs/react-dom.development.js:4056:31)
      at beginWork$1 (node_modules/react-dom/cjs/react-dom.development.js:23964:7)
      at performUnitOfWork (node_modules/react-dom/cjs/react-dom.development.js:22779:12)
      at workLoopSync (node_modules/react-dom/cjs/react-dom.development.js:22707:5)
      at renderRootSync (node_modules/react-dom/cjs/react-dom.development.js:22670:7)
      at performSyncWorkOnRoot (node_modules/react-dom/cjs/react-dom.development.js:22293:18)
      at scheduleUpdateOnFiber (node_modules/react-dom/cjs/react-dom.development.js:21881:7)
      at updateContainer (node_modules/react-dom/cjs/react-dom.development.js:25482:3)
      at node_modules/react-dom/cjs/react-dom.development.js:26021:7
      at unbatchedUpdates (node_modules/react-dom/cjs/react-dom.development.js:22431:12)
      at legacyRenderSubtreeIntoContainer (node_modules/react-dom/cjs/react-dom.development.js:26020:5)
      at Object.render (node_modules/react-dom/cjs/react-dom.development.js:26103:10)
      at node_modules/@testing-library/react/dist/pure.js:101:25
      at batchedUpdates$1 (node_modules/react-dom/cjs/react-dom.development.js:22380:12)
      at act (node_modules/react-dom/cjs/react-dom-test-utils.development.js:1042:14)
      at render (node_modules/@testing-library/react/dist/pure.js:97:26)
      at renderWithChakra (src/components/__tests__/StarknetWalletStatus.test.tsx:29:10)
      at Object.<anonymous> (src/components/__tests__/StarknetWalletStatus.test.tsx:217:27)

  ● StarknetWalletStatus › should have proper tooltip on disconnect button

    TypeError: (0 , _shortenAddress.default) is not a function

      73 |               >
      74 |                 <Text fontSize="xs" color="gray.500">
    > 75 |                   {shortenAddress(address)}
         |                    ^
      76 |                 </Text>
      77 |               </CopyToClipboard>
      78 |             </HStack>

      at StarknetWalletStatus (src/components/StarknetWalletStatus.tsx:75:20)
      at renderWithHooks (node_modules/react-dom/cjs/react-dom.development.js:14985:18)
      at mountIndeterminateComponent (node_modules/react-dom/cjs/react-dom.development.js:17811:13)
      at beginWork (node_modules/react-dom/cjs/react-dom.development.js:19049:16)
      at HTMLUnknownElement.callCallback (node_modules/react-dom/cjs/react-dom.development.js:3945:14)
      at HTMLUnknownElement.callTheUserObjectsOperation (node_modules/jsdom/lib/jsdom/living/generated/EventListener.js:26:30)
      at innerInvokeEventListeners (node_modules/jsdom/lib/jsdom/living/events/EventTarget-impl.js:338:25)
      at invokeEventListeners (node_modules/jsdom/lib/jsdom/living/events/EventTarget-impl.js:274:3)
      at HTMLUnknownElementImpl._dispatch (node_modules/jsdom/lib/jsdom/living/events/EventTarget-impl.js:221:9)
      at HTMLUnknownElementImpl.dispatchEvent (node_modules/jsdom/lib/jsdom/living/events/EventTarget-impl.js:94:17)
      at HTMLUnknownElement.dispatchEvent (node_modules/jsdom/lib/jsdom/living/generated/EventTarget.js:231:34)
      at Object.invokeGuardedCallbackDev (node_modules/react-dom/cjs/react-dom.development.js:3994:16)
      at invokeGuardedCallback (node_modules/react-dom/cjs/react-dom.development.js:4056:31)
      at beginWork$1 (node_modules/react-dom/cjs/react-dom.development.js:23964:7)
      at performUnitOfWork (node_modules/react-dom/cjs/react-dom.development.js:22779:12)
      at workLoopSync (node_modules/react-dom/cjs/react-dom.development.js:22707:5)
      at renderRootSync (node_modules/react-dom/cjs/react-dom.development.js:22670:7)
      at performSyncWorkOnRoot (node_modules/react-dom/cjs/react-dom.development.js:22293:18)
      at scheduleUpdateOnFiber (node_modules/react-dom/cjs/react-dom.development.js:21881:7)
      at updateContainer (node_modules/react-dom/cjs/react-dom.development.js:25482:3)
      at node_modules/react-dom/cjs/react-dom.development.js:26021:7
      at unbatchedUpdates (node_modules/react-dom/cjs/react-dom.development.js:22431:12)
      at legacyRenderSubtreeIntoContainer (node_modules/react-dom/cjs/react-dom.development.js:26020:5)
      at Object.render (node_modules/react-dom/cjs/react-dom.development.js:26103:10)
      at node_modules/@testing-library/react/dist/pure.js:101:25
      at batchedUpdates$1 (node_modules/react-dom/cjs/react-dom.development.js:22380:12)
      at act (node_modules/react-dom/cjs/react-dom-test-utils.development.js:1042:14)
      at render (node_modules/@testing-library/react/dist/pure.js:97:26)
      at renderWithChakra (src/components/__tests__/StarknetWalletStatus.test.tsx:29:10)
      at Object.<anonymous> (src/components/__tests__/StarknetWalletStatus.test.tsx:239:5)

FAIL src/pages/tBTC/Bridge/Minting/__tests__/InitiateMinting.test.tsx
  ● InitiateMinting StarkNet Support › TDD - Expected StarkNet behavior › should show StarkNet-specific UI content when it's a StarkNet deposit

    TypeError: Cannot destructure property 'closeModal' of '(0 , _useModal.useModal)(...)' as it is undefined.

      26 |   const { tBTCMintAmount, updateState } = useTbtcState()
      27 |   const threshold = useThreshold()
    > 28 |   const { closeModal } = useModal()
         |           ^
      29 |   const { isNonEVMActive, nonEVMChainName } = useNonEVMConnection()
      30 |
      31 |   const isStarkNetDeposit =

      at InitiateMintingComponent (src/pages/tBTC/Bridge/Minting/InitiateMinting.tsx:28:11)
      at renderWithHooks (node_modules/react-dom/cjs/react-dom.development.js:14985:18)
      at mountIndeterminateComponent (node_modules/react-dom/cjs/react-dom.development.js:17811:13)
      at beginWork (node_modules/react-dom/cjs/react-dom.development.js:19049:16)
      at HTMLUnknownElement.callCallback (node_modules/react-dom/cjs/react-dom.development.js:3945:14)
      at HTMLUnknownElement.callTheUserObjectsOperation (node_modules/jsdom/lib/jsdom/living/generated/EventListener.js:26:30)
      at innerInvokeEventListeners (node_modules/jsdom/lib/jsdom/living/events/EventTarget-impl.js:338:25)
      at invokeEventListeners (node_modules/jsdom/lib/jsdom/living/events/EventTarget-impl.js:274:3)
      at HTMLUnknownElementImpl._dispatch (node_modules/jsdom/lib/jsdom/living/events/EventTarget-impl.js:221:9)
      at HTMLUnknownElementImpl.dispatchEvent (node_modules/jsdom/lib/jsdom/living/events/EventTarget-impl.js:94:17)
      at HTMLUnknownElement.dispatchEvent (node_modules/jsdom/lib/jsdom/living/generated/EventTarget.js:231:34)
      at Object.invokeGuardedCallbackDev (node_modules/react-dom/cjs/react-dom.development.js:3994:16)
      at invokeGuardedCallback (node_modules/react-dom/cjs/react-dom.development.js:4056:31)
      at beginWork$1 (node_modules/react-dom/cjs/react-dom.development.js:23964:7)
      at performUnitOfWork (node_modules/react-dom/cjs/react-dom.development.js:22779:12)
      at workLoopSync (node_modules/react-dom/cjs/react-dom.development.js:22707:5)
      at renderRootSync (node_modules/react-dom/cjs/react-dom.development.js:22670:7)
      at performSyncWorkOnRoot (node_modules/react-dom/cjs/react-dom.development.js:22293:18)
      at scheduleUpdateOnFiber (node_modules/react-dom/cjs/react-dom.development.js:21881:7)
      at updateContainer (node_modules/react-dom/cjs/react-dom.development.js:25482:3)
      at node_modules/react-dom/cjs/react-dom.development.js:26021:7
      at unbatchedUpdates (node_modules/react-dom/cjs/react-dom.development.js:22431:12)
      at legacyRenderSubtreeIntoContainer (node_modules/react-dom/cjs/react-dom.development.js:26020:5)
      at Object.render (node_modules/react-dom/cjs/react-dom.development.js:26103:10)
      at node_modules/@testing-library/react/dist/pure.js:101:25
      at batchedUpdates$1 (node_modules/react-dom/cjs/react-dom.development.js:22380:12)
      at act (node_modules/react-dom/cjs/react-dom-test-utils.development.js:1042:14)
      at render (node_modules/@testing-library/react/dist/pure.js:97:26)
      at Object.<anonymous> (src/pages/tBTC/Bridge/Minting/__tests__/InitiateMinting.test.tsx:116:29)

  ● InitiateMinting StarkNet Support › TDD - Expected StarkNet behavior › should show standard minting UI for non-StarkNet deposits

    TypeError: Cannot destructure property 'closeModal' of '(0 , _useModal.useModal)(...)' as it is undefined.

      26 |   const { tBTCMintAmount, updateState } = useTbtcState()
      27 |   const threshold = useThreshold()
    > 28 |   const { closeModal } = useModal()
         |           ^
      29 |   const { isNonEVMActive, nonEVMChainName } = useNonEVMConnection()
      30 |
      31 |   const isStarkNetDeposit =

      at InitiateMintingComponent (src/pages/tBTC/Bridge/Minting/InitiateMinting.tsx:28:11)
      at renderWithHooks (node_modules/react-dom/cjs/react-dom.development.js:14985:18)
      at mountIndeterminateComponent (node_modules/react-dom/cjs/react-dom.development.js:17811:13)
      at beginWork (node_modules/react-dom/cjs/react-dom.development.js:19049:16)
      at HTMLUnknownElement.callCallback (node_modules/react-dom/cjs/react-dom.development.js:3945:14)
      at HTMLUnknownElement.callTheUserObjectsOperation (node_modules/jsdom/lib/jsdom/living/generated/EventListener.js:26:30)
      at innerInvokeEventListeners (node_modules/jsdom/lib/jsdom/living/events/EventTarget-impl.js:338:25)
      at invokeEventListeners (node_modules/jsdom/lib/jsdom/living/events/EventTarget-impl.js:274:3)
      at HTMLUnknownElementImpl._dispatch (node_modules/jsdom/lib/jsdom/living/events/EventTarget-impl.js:221:9)
      at HTMLUnknownElementImpl.dispatchEvent (node_modules/jsdom/lib/jsdom/living/events/EventTarget-impl.js:94:17)
      at HTMLUnknownElement.dispatchEvent (node_modules/jsdom/lib/jsdom/living/generated/EventTarget.js:231:34)
      at Object.invokeGuardedCallbackDev (node_modules/react-dom/cjs/react-dom.development.js:3994:16)
      at invokeGuardedCallback (node_modules/react-dom/cjs/react-dom.development.js:4056:31)
      at beginWork$1 (node_modules/react-dom/cjs/react-dom.development.js:23964:7)
      at performUnitOfWork (node_modules/react-dom/cjs/react-dom.development.js:22779:12)
      at workLoopSync (node_modules/react-dom/cjs/react-dom.development.js:22707:5)
      at renderRootSync (node_modules/react-dom/cjs/react-dom.development.js:22670:7)
      at performSyncWorkOnRoot (node_modules/react-dom/cjs/react-dom.development.js:22293:18)
      at scheduleUpdateOnFiber (node_modules/react-dom/cjs/react-dom.development.js:21881:7)
      at updateContainer (node_modules/react-dom/cjs/react-dom.development.js:25482:3)
      at node_modules/react-dom/cjs/react-dom.development.js:26021:7
      at unbatchedUpdates (node_modules/react-dom/cjs/react-dom.development.js:22431:12)
      at legacyRenderSubtreeIntoContainer (node_modules/react-dom/cjs/react-dom.development.js:26020:5)
      at Object.render (node_modules/react-dom/cjs/react-dom.development.js:26103:10)
      at node_modules/@testing-library/react/dist/pure.js:101:25
      at batchedUpdates$1 (node_modules/react-dom/cjs/react-dom.development.js:22380:12)
      at act (node_modules/react-dom/cjs/react-dom-test-utils.development.js:1042:14)
      at render (node_modules/@testing-library/react/dist/pure.js:97:26)
      at Object.<anonymous> (src/pages/tBTC/Bridge/Minting/__tests__/InitiateMinting.test.tsx:149:42)

  ● InitiateMinting StarkNet Support › TDD - Expected StarkNet behavior › should display cross-chain bridging explanation for StarkNet

    TypeError: Cannot destructure property 'closeModal' of '(0 , _useModal.useModal)(...)' as it is undefined.

      26 |   const { tBTCMintAmount, updateState } = useTbtcState()
      27 |   const threshold = useThreshold()
    > 28 |   const { closeModal } = useModal()
         |           ^
      29 |   const { isNonEVMActive, nonEVMChainName } = useNonEVMConnection()
      30 |
      31 |   const isStarkNetDeposit =

      at InitiateMintingComponent (src/pages/tBTC/Bridge/Minting/InitiateMinting.tsx:28:11)
      at renderWithHooks (node_modules/react-dom/cjs/react-dom.development.js:14985:18)
      at mountIndeterminateComponent (node_modules/react-dom/cjs/react-dom.development.js:17811:13)
      at beginWork (node_modules/react-dom/cjs/react-dom.development.js:19049:16)
      at HTMLUnknownElement.callCallback (node_modules/react-dom/cjs/react-dom.development.js:3945:14)
      at HTMLUnknownElement.callTheUserObjectsOperation (node_modules/jsdom/lib/jsdom/living/generated/EventListener.js:26:30)
      at innerInvokeEventListeners (node_modules/jsdom/lib/jsdom/living/events/EventTarget-impl.js:338:25)
      at invokeEventListeners (node_modules/jsdom/lib/jsdom/living/events/EventTarget-impl.js:274:3)
      at HTMLUnknownElementImpl._dispatch (node_modules/jsdom/lib/jsdom/living/events/EventTarget-impl.js:221:9)
      at HTMLUnknownElementImpl.dispatchEvent (node_modules/jsdom/lib/jsdom/living/events/EventTarget-impl.js:94:17)
      at HTMLUnknownElement.dispatchEvent (node_modules/jsdom/lib/jsdom/living/generated/EventTarget.js:231:34)
      at Object.invokeGuardedCallbackDev (node_modules/react-dom/cjs/react-dom.development.js:3994:16)
      at invokeGuardedCallback (node_modules/react-dom/cjs/react-dom.development.js:4056:31)
      at beginWork$1 (node_modules/react-dom/cjs/react-dom.development.js:23964:7)
      at performUnitOfWork (node_modules/react-dom/cjs/react-dom.development.js:22779:12)
      at workLoopSync (node_modules/react-dom/cjs/react-dom.development.js:22707:5)
      at renderRootSync (node_modules/react-dom/cjs/react-dom.development.js:22670:7)
      at performSyncWorkOnRoot (node_modules/react-dom/cjs/react-dom.development.js:22293:18)
      at scheduleUpdateOnFiber (node_modules/react-dom/cjs/react-dom.development.js:21881:7)
      at updateContainer (node_modules/react-dom/cjs/react-dom.development.js:25482:3)
      at node_modules/react-dom/cjs/react-dom.development.js:26021:7
      at unbatchedUpdates (node_modules/react-dom/cjs/react-dom.development.js:22431:12)
      at legacyRenderSubtreeIntoContainer (node_modules/react-dom/cjs/react-dom.development.js:26020:5)
      at Object.render (node_modules/react-dom/cjs/react-dom.development.js:26103:10)
      at node_modules/@testing-library/react/dist/pure.js:101:25
      at batchedUpdates$1 (node_modules/react-dom/cjs/react-dom.development.js:22380:12)
      at act (node_modules/react-dom/cjs/react-dom-test-utils.development.js:1042:14)
      at render (node_modules/@testing-library/react/dist/pure.js:97:26)
      at Object.<anonymous> (src/pages/tBTC/Bridge/Minting/__tests__/InitiateMinting.test.tsx:182:29)

  ● InitiateMinting StarkNet Support › TDD - Expected StarkNet behavior › should show proper button text for StarkNet

    TypeError: Cannot destructure property 'closeModal' of '(0 , _useModal.useModal)(...)' as it is undefined.

      26 |   const { tBTCMintAmount, updateState } = useTbtcState()
      27 |   const threshold = useThreshold()
    > 28 |   const { closeModal } = useModal()
         |           ^
      29 |   const { isNonEVMActive, nonEVMChainName } = useNonEVMConnection()
      30 |
      31 |   const isStarkNetDeposit =

      at InitiateMintingComponent (src/pages/tBTC/Bridge/Minting/InitiateMinting.tsx:28:11)
      at renderWithHooks (node_modules/react-dom/cjs/react-dom.development.js:14985:18)
      at mountIndeterminateComponent (node_modules/react-dom/cjs/react-dom.development.js:17811:13)
      at beginWork (node_modules/react-dom/cjs/react-dom.development.js:19049:16)
      at HTMLUnknownElement.callCallback (node_modules/react-dom/cjs/react-dom.development.js:3945:14)
      at HTMLUnknownElement.callTheUserObjectsOperation (node_modules/jsdom/lib/jsdom/living/generated/EventListener.js:26:30)
      at innerInvokeEventListeners (node_modules/jsdom/lib/jsdom/living/events/EventTarget-impl.js:338:25)
      at invokeEventListeners (node_modules/jsdom/lib/jsdom/living/events/EventTarget-impl.js:274:3)
      at HTMLUnknownElementImpl._dispatch (node_modules/jsdom/lib/jsdom/living/events/EventTarget-impl.js:221:9)
      at HTMLUnknownElementImpl.dispatchEvent (node_modules/jsdom/lib/jsdom/living/events/EventTarget-impl.js:94:17)
      at HTMLUnknownElement.dispatchEvent (node_modules/jsdom/lib/jsdom/living/generated/EventTarget.js:231:34)
      at Object.invokeGuardedCallbackDev (node_modules/react-dom/cjs/react-dom.development.js:3994:16)
      at invokeGuardedCallback (node_modules/react-dom/cjs/react-dom.development.js:4056:31)
      at beginWork$1 (node_modules/react-dom/cjs/react-dom.development.js:23964:7)
      at performUnitOfWork (node_modules/react-dom/cjs/react-dom.development.js:22779:12)
      at workLoopSync (node_modules/react-dom/cjs/react-dom.development.js:22707:5)
      at renderRootSync (node_modules/react-dom/cjs/react-dom.development.js:22670:7)
      at performSyncWorkOnRoot (node_modules/react-dom/cjs/react-dom.development.js:22293:18)
      at scheduleUpdateOnFiber (node_modules/react-dom/cjs/react-dom.development.js:21881:7)
      at updateContainer (node_modules/react-dom/cjs/react-dom.development.js:25482:3)
      at node_modules/react-dom/cjs/react-dom.development.js:26021:7
      at unbatchedUpdates (node_modules/react-dom/cjs/react-dom.development.js:22431:12)
      at legacyRenderSubtreeIntoContainer (node_modules/react-dom/cjs/react-dom.development.js:26020:5)
      at Object.render (node_modules/react-dom/cjs/react-dom.development.js:26103:10)
      at node_modules/@testing-library/react/dist/pure.js:101:25
      at batchedUpdates$1 (node_modules/react-dom/cjs/react-dom.development.js:22380:12)
      at act (node_modules/react-dom/cjs/react-dom-test-utils.development.js:1042:14)
      at render (node_modules/@testing-library/react/dist/pure.js:97:26)
      at Object.<anonymous> (src/pages/tBTC/Bridge/Minting/__tests__/InitiateMinting.test.tsx:215:29)

FAIL src/threshold-ts/multicall/__test__/multicall.test.ts
  ● Multicall test › should throw an error if pass unsupported chain id to constructor

    expect(received).toThrowError(expected)

    Expected substring: "Unsupported chain id"

    Received function did not throw

      48 |     expect(() => {
      49 |       new Multicall({ chainId: 123456, providerOrSigner: mockProvider })
    > 50 |     }).toThrowError("Unsupported chain id")
         |        ^
      51 |   })
      52 |
      53 |   test("should agregate contract calls into a single result", async () => {

      at Object.<anonymous> (src/threshold-ts/multicall/__test__/multicall.test.ts:50:8)

FAIL src/utils/__tests__/getStakingAppLabel.test.ts
  ● Staking app label utils tests › returns correct app label if app address is given

    Invalid hook call. Hooks can only be called inside of the body of a function component. This could happen for one of the following reasons:
    1. You might have mismatching versions of React and the renderer (such as React DOM)
    2. You might be breaking the Rules of Hooks
    3. You might have more than one copy of React in the same app
    See https://reactjs.org/link/invalid-hook-call for tips about how to debug and fix this problem.

      33 |
      34 | export const useThreshold = () => {
    > 35 |   return useContext(ThresholdContext)
         |          ^
      36 | }
      37 |
      38 | /**

      at resolveDispatcher (node_modules/react/cjs/react.development.js:1476:13)
      at useContext (node_modules/react/cjs/react.development.js:1484:20)
      at useThreshold (src/contexts/ThresholdContext.tsx:35:10)
      at getStakingAppNameFromAppAddress (src/utils/getStakingAppLabel.ts:11:21)
      at getStakingAppLabelFromAppAddress (src/utils/getStakingAppLabel.ts:40:19)
      at Object.<anonymous> (src/utils/__tests__/getStakingAppLabel.test.ts:30:29)

  ● Staking app label utils tests › returns correct app name if address is given

    Invalid hook call. Hooks can only be called inside of the body of a function component. This could happen for one of the following reasons:
    1. You might have mismatching versions of React and the renderer (such as React DOM)
    2. You might be breaking the Rules of Hooks
    3. You might have more than one copy of React in the same app
    See https://reactjs.org/link/invalid-hook-call for tips about how to debug and fix this problem.

      33 |
      34 | export const useThreshold = () => {
    > 35 |   return useContext(ThresholdContext)
         |          ^
      36 | }
      37 |
      38 | /**

      at resolveDispatcher (node_modules/react/cjs/react.development.js:1476:13)
      at useContext (node_modules/react/cjs/react.development.js:1484:20)
      at useThreshold (src/contexts/ThresholdContext.tsx:35:10)
      at getStakingAppNameFromAppAddress (src/utils/getStakingAppLabel.ts:11:21)
      at Object.<anonymous> (src/utils/__tests__/getStakingAppLabel.test.ts:59:28)

FAIL src/pages/tBTC/Bridge/__tests__/DepositDetails.test.tsx
  ● DepositDetails StarkNet › should display StarkNet deposit info when deposit is for StarkNet

    TypeError: Cannot destructure property 'depositKey' of '(0 , _reactRouter.useParams)(...)' as it is undefined.

      79 |
      80 | export const DepositDetails: PageComponent = () => {
    > 81 |   const { depositKey } = useParams()
         |           ^
      82 |   const { state } = useLocation()
      83 |   const navigate = useNavigate()
      84 |   const dispatch = useAppDispatch()

      at DepositDetails (src/pages/tBTC/Bridge/DepositDetails.tsx:81:11)
      at renderWithHooks (node_modules/react-dom/cjs/react-dom.development.js:14985:18)
      at mountIndeterminateComponent (node_modules/react-dom/cjs/react-dom.development.js:17811:13)
      at beginWork (node_modules/react-dom/cjs/react-dom.development.js:19049:16)
      at HTMLUnknownElement.callCallback (node_modules/react-dom/cjs/react-dom.development.js:3945:14)
      at HTMLUnknownElement.callTheUserObjectsOperation (node_modules/jsdom/lib/jsdom/living/generated/EventListener.js:26:30)
      at innerInvokeEventListeners (node_modules/jsdom/lib/jsdom/living/events/EventTarget-impl.js:338:25)
      at invokeEventListeners (node_modules/jsdom/lib/jsdom/living/events/EventTarget-impl.js:274:3)
      at HTMLUnknownElementImpl._dispatch (node_modules/jsdom/lib/jsdom/living/events/EventTarget-impl.js:221:9)
      at HTMLUnknownElementImpl.dispatchEvent (node_modules/jsdom/lib/jsdom/living/events/EventTarget-impl.js:94:17)
      at HTMLUnknownElement.dispatchEvent (node_modules/jsdom/lib/jsdom/living/generated/EventTarget.js:231:34)
      at Object.invokeGuardedCallbackDev (node_modules/react-dom/cjs/react-dom.development.js:3994:16)
      at invokeGuardedCallback (node_modules/react-dom/cjs/react-dom.development.js:4056:31)
      at beginWork$1 (node_modules/react-dom/cjs/react-dom.development.js:23964:7)
      at performUnitOfWork (node_modules/react-dom/cjs/react-dom.development.js:22779:12)
      at workLoopSync (node_modules/react-dom/cjs/react-dom.development.js:22707:5)
      at renderRootSync (node_modules/react-dom/cjs/react-dom.development.js:22670:7)
      at performSyncWorkOnRoot (node_modules/react-dom/cjs/react-dom.development.js:22293:18)
      at scheduleUpdateOnFiber (node_modules/react-dom/cjs/react-dom.development.js:21881:7)
      at updateContainer (node_modules/react-dom/cjs/react-dom.development.js:25482:3)
      at node_modules/react-dom/cjs/react-dom.development.js:26021:7
      at unbatchedUpdates (node_modules/react-dom/cjs/react-dom.development.js:22431:12)
      at legacyRenderSubtreeIntoContainer (node_modules/react-dom/cjs/react-dom.development.js:26020:5)
      at Object.render (node_modules/react-dom/cjs/react-dom.development.js:26103:10)
      at node_modules/@testing-library/react/dist/pure.js:101:25
      at batchedUpdates$1 (node_modules/react-dom/cjs/react-dom.development.js:22380:12)
      at act (node_modules/react-dom/cjs/react-dom-test-utils.development.js:1042:14)
      at render (node_modules/@testing-library/react/dist/pure.js:97:26)
      at Object.<anonymous> (src/pages/tBTC/Bridge/__tests__/DepositDetails.test.tsx:100:27)

  ● DepositDetails StarkNet › should not display StarkNet info for non-StarkNet deposits

    TypeError: Cannot destructure property 'depositKey' of '(0 , _reactRouter.useParams)(...)' as it is undefined.

      79 |
      80 | export const DepositDetails: PageComponent = () => {
    > 81 |   const { depositKey } = useParams()
         |           ^
      82 |   const { state } = useLocation()
      83 |   const navigate = useNavigate()
      84 |   const dispatch = useAppDispatch()

      at DepositDetails (src/pages/tBTC/Bridge/DepositDetails.tsx:81:11)
      at renderWithHooks (node_modules/react-dom/cjs/react-dom.development.js:14985:18)
      at mountIndeterminateComponent (node_modules/react-dom/cjs/react-dom.development.js:17811:13)
      at beginWork (node_modules/react-dom/cjs/react-dom.development.js:19049:16)
      at HTMLUnknownElement.callCallback (node_modules/react-dom/cjs/react-dom.development.js:3945:14)
      at HTMLUnknownElement.callTheUserObjectsOperation (node_modules/jsdom/lib/jsdom/living/generated/EventListener.js:26:30)
      at innerInvokeEventListeners (node_modules/jsdom/lib/jsdom/living/events/EventTarget-impl.js:338:25)
      at invokeEventListeners (node_modules/jsdom/lib/jsdom/living/events/EventTarget-impl.js:274:3)
      at HTMLUnknownElementImpl._dispatch (node_modules/jsdom/lib/jsdom/living/events/EventTarget-impl.js:221:9)
      at HTMLUnknownElementImpl.dispatchEvent (node_modules/jsdom/lib/jsdom/living/events/EventTarget-impl.js:94:17)
      at HTMLUnknownElement.dispatchEvent (node_modules/jsdom/lib/jsdom/living/generated/EventTarget.js:231:34)
      at Object.invokeGuardedCallbackDev (node_modules/react-dom/cjs/react-dom.development.js:3994:16)
      at invokeGuardedCallback (node_modules/react-dom/cjs/react-dom.development.js:4056:31)
      at beginWork$1 (node_modules/react-dom/cjs/react-dom.development.js:23964:7)
      at performUnitOfWork (node_modules/react-dom/cjs/react-dom.development.js:22779:12)
      at workLoopSync (node_modules/react-dom/cjs/react-dom.development.js:22707:5)
      at renderRootSync (node_modules/react-dom/cjs/react-dom.development.js:22670:7)
      at performSyncWorkOnRoot (node_modules/react-dom/cjs/react-dom.development.js:22293:18)
      at scheduleUpdateOnFiber (node_modules/react-dom/cjs/react-dom.development.js:21881:7)
      at updateContainer (node_modules/react-dom/cjs/react-dom.development.js:25482:3)
      at node_modules/react-dom/cjs/react-dom.development.js:26021:7
      at unbatchedUpdates (node_modules/react-dom/cjs/react-dom.development.js:22431:12)
      at legacyRenderSubtreeIntoContainer (node_modules/react-dom/cjs/react-dom.development.js:26020:5)
      at Object.render (node_modules/react-dom/cjs/react-dom.development.js:26103:10)
      at node_modules/@testing-library/react/dist/pure.js:101:25
      at batchedUpdates$1 (node_modules/react-dom/cjs/react-dom.development.js:22380:12)
      at act (node_modules/react-dom/cjs/react-dom-test-utils.development.js:1042:14)
      at render (node_modules/@testing-library/react/dist/pure.js:97:26)
      at Object.<anonymous> (src/pages/tBTC/Bridge/__tests__/DepositDetails.test.tsx:131:29)

  ● DepositDetails StarkNet › should link to correct StarkNet explorer for mainnet

    TypeError: Cannot destructure property 'depositKey' of '(0 , _reactRouter.useParams)(...)' as it is undefined.

      79 |
      80 | export const DepositDetails: PageComponent = () => {
    > 81 |   const { depositKey } = useParams()
         |           ^
      82 |   const { state } = useLocation()
      83 |   const navigate = useNavigate()
      84 |   const dispatch = useAppDispatch()

      at DepositDetails (src/pages/tBTC/Bridge/DepositDetails.tsx:81:11)
      at renderWithHooks (node_modules/react-dom/cjs/react-dom.development.js:14985:18)
      at mountIndeterminateComponent (node_modules/react-dom/cjs/react-dom.development.js:17811:13)
      at beginWork (node_modules/react-dom/cjs/react-dom.development.js:19049:16)
      at HTMLUnknownElement.callCallback (node_modules/react-dom/cjs/react-dom.development.js:3945:14)
      at HTMLUnknownElement.callTheUserObjectsOperation (node_modules/jsdom/lib/jsdom/living/generated/EventListener.js:26:30)
      at innerInvokeEventListeners (node_modules/jsdom/lib/jsdom/living/events/EventTarget-impl.js:338:25)
      at invokeEventListeners (node_modules/jsdom/lib/jsdom/living/events/EventTarget-impl.js:274:3)
      at HTMLUnknownElementImpl._dispatch (node_modules/jsdom/lib/jsdom/living/events/EventTarget-impl.js:221:9)
      at HTMLUnknownElementImpl.dispatchEvent (node_modules/jsdom/lib/jsdom/living/events/EventTarget-impl.js:94:17)
      at HTMLUnknownElement.dispatchEvent (node_modules/jsdom/lib/jsdom/living/generated/EventTarget.js:231:34)
      at Object.invokeGuardedCallbackDev (node_modules/react-dom/cjs/react-dom.development.js:3994:16)
      at invokeGuardedCallback (node_modules/react-dom/cjs/react-dom.development.js:4056:31)
      at beginWork$1 (node_modules/react-dom/cjs/react-dom.development.js:23964:7)
      at performUnitOfWork (node_modules/react-dom/cjs/react-dom.development.js:22779:12)
      at workLoopSync (node_modules/react-dom/cjs/react-dom.development.js:22707:5)
      at renderRootSync (node_modules/react-dom/cjs/react-dom.development.js:22670:7)
      at performSyncWorkOnRoot (node_modules/react-dom/cjs/react-dom.development.js:22293:18)
      at scheduleUpdateOnFiber (node_modules/react-dom/cjs/react-dom.development.js:21881:7)
      at updateContainer (node_modules/react-dom/cjs/react-dom.development.js:25482:3)
      at node_modules/react-dom/cjs/react-dom.development.js:26021:7
      at unbatchedUpdates (node_modules/react-dom/cjs/react-dom.development.js:22431:12)
      at legacyRenderSubtreeIntoContainer (node_modules/react-dom/cjs/react-dom.development.js:26020:5)
      at Object.render (node_modules/react-dom/cjs/react-dom.development.js:26103:10)
      at node_modules/@testing-library/react/dist/pure.js:101:25
      at batchedUpdates$1 (node_modules/react-dom/cjs/react-dom.development.js:22380:12)
      at act (node_modules/react-dom/cjs/react-dom-test-utils.development.js:1042:14)
      at render (node_modules/@testing-library/react/dist/pure.js:97:26)
      at Object.<anonymous> (src/pages/tBTC/Bridge/__tests__/DepositDetails.test.tsx:161:27)

  ● DepositDetails StarkNet › should link to correct StarkNet explorer for testnet

    TypeError: Cannot destructure property 'depositKey' of '(0 , _reactRouter.useParams)(...)' as it is undefined.

      79 |
      80 | export const DepositDetails: PageComponent = () => {
    > 81 |   const { depositKey } = useParams()
         |           ^
      82 |   const { state } = useLocation()
      83 |   const navigate = useNavigate()
      84 |   const dispatch = useAppDispatch()

      at DepositDetails (src/pages/tBTC/Bridge/DepositDetails.tsx:81:11)
      at renderWithHooks (node_modules/react-dom/cjs/react-dom.development.js:14985:18)
      at mountIndeterminateComponent (node_modules/react-dom/cjs/react-dom.development.js:17811:13)
      at beginWork (node_modules/react-dom/cjs/react-dom.development.js:19049:16)
      at HTMLUnknownElement.callCallback (node_modules/react-dom/cjs/react-dom.development.js:3945:14)
      at HTMLUnknownElement.callTheUserObjectsOperation (node_modules/jsdom/lib/jsdom/living/generated/EventListener.js:26:30)
      at innerInvokeEventListeners (node_modules/jsdom/lib/jsdom/living/events/EventTarget-impl.js:338:25)
      at invokeEventListeners (node_modules/jsdom/lib/jsdom/living/events/EventTarget-impl.js:274:3)
      at HTMLUnknownElementImpl._dispatch (node_modules/jsdom/lib/jsdom/living/events/EventTarget-impl.js:221:9)
      at HTMLUnknownElementImpl.dispatchEvent (node_modules/jsdom/lib/jsdom/living/events/EventTarget-impl.js:94:17)
      at HTMLUnknownElement.dispatchEvent (node_modules/jsdom/lib/jsdom/living/generated/EventTarget.js:231:34)
      at Object.invokeGuardedCallbackDev (node_modules/react-dom/cjs/react-dom.development.js:3994:16)
      at invokeGuardedCallback (node_modules/react-dom/cjs/react-dom.development.js:4056:31)
      at beginWork$1 (node_modules/react-dom/cjs/react-dom.development.js:23964:7)
      at performUnitOfWork (node_modules/react-dom/cjs/react-dom.development.js:22779:12)
      at workLoopSync (node_modules/react-dom/cjs/react-dom.development.js:22707:5)
      at renderRootSync (node_modules/react-dom/cjs/react-dom.development.js:22670:7)
      at performSyncWorkOnRoot (node_modules/react-dom/cjs/react-dom.development.js:22293:18)
      at scheduleUpdateOnFiber (node_modules/react-dom/cjs/react-dom.development.js:21881:7)
      at updateContainer (node_modules/react-dom/cjs/react-dom.development.js:25482:3)
      at node_modules/react-dom/cjs/react-dom.development.js:26021:7
      at unbatchedUpdates (node_modules/react-dom/cjs/react-dom.development.js:22431:12)
      at legacyRenderSubtreeIntoContainer (node_modules/react-dom/cjs/react-dom.development.js:26020:5)
      at Object.render (node_modules/react-dom/cjs/react-dom.development.js:26103:10)
      at node_modules/@testing-library/react/dist/pure.js:101:25
      at batchedUpdates$1 (node_modules/react-dom/cjs/react-dom.development.js:22380:12)
      at act (node_modules/react-dom/cjs/react-dom-test-utils.development.js:1042:14)
      at render (node_modules/@testing-library/react/dist/pure.js:97:26)
      at Object.<anonymous> (src/pages/tBTC/Bridge/__tests__/DepositDetails.test.tsx:208:27)

  ● DepositDetails StarkNet › should display shortened StarkNet address

    TypeError: Cannot destructure property 'depositKey' of '(0 , _reactRouter.useParams)(...)' as it is undefined.

      79 |
      80 | export const DepositDetails: PageComponent = () => {
    > 81 |   const { depositKey } = useParams()
         |           ^
      82 |   const { state } = useLocation()
      83 |   const navigate = useNavigate()
      84 |   const dispatch = useAppDispatch()

      at DepositDetails (src/pages/tBTC/Bridge/DepositDetails.tsx:81:11)
      at renderWithHooks (node_modules/react-dom/cjs/react-dom.development.js:14985:18)
      at mountIndeterminateComponent (node_modules/react-dom/cjs/react-dom.development.js:17811:13)
      at beginWork (node_modules/react-dom/cjs/react-dom.development.js:19049:16)
      at HTMLUnknownElement.callCallback (node_modules/react-dom/cjs/react-dom.development.js:3945:14)
      at HTMLUnknownElement.callTheUserObjectsOperation (node_modules/jsdom/lib/jsdom/living/generated/EventListener.js:26:30)
      at innerInvokeEventListeners (node_modules/jsdom/lib/jsdom/living/events/EventTarget-impl.js:338:25)
      at invokeEventListeners (node_modules/jsdom/lib/jsdom/living/events/EventTarget-impl.js:274:3)
      at HTMLUnknownElementImpl._dispatch (node_modules/jsdom/lib/jsdom/living/events/EventTarget-impl.js:221:9)
      at HTMLUnknownElementImpl.dispatchEvent (node_modules/jsdom/lib/jsdom/living/events/EventTarget-impl.js:94:17)
      at HTMLUnknownElement.dispatchEvent (node_modules/jsdom/lib/jsdom/living/generated/EventTarget.js:231:34)
      at Object.invokeGuardedCallbackDev (node_modules/react-dom/cjs/react-dom.development.js:3994:16)
      at invokeGuardedCallback (node_modules/react-dom/cjs/react-dom.development.js:4056:31)
      at beginWork$1 (node_modules/react-dom/cjs/react-dom.development.js:23964:7)
      at performUnitOfWork (node_modules/react-dom/cjs/react-dom.development.js:22779:12)
      at workLoopSync (node_modules/react-dom/cjs/react-dom.development.js:22707:5)
      at renderRootSync (node_modules/react-dom/cjs/react-dom.development.js:22670:7)
      at performSyncWorkOnRoot (node_modules/react-dom/cjs/react-dom.development.js:22293:18)
      at scheduleUpdateOnFiber (node_modules/react-dom/cjs/react-dom.development.js:21881:7)
      at updateContainer (node_modules/react-dom/cjs/react-dom.development.js:25482:3)
      at node_modules/react-dom/cjs/react-dom.development.js:26021:7
      at unbatchedUpdates (node_modules/react-dom/cjs/react-dom.development.js:22431:12)
      at legacyRenderSubtreeIntoContainer (node_modules/react-dom/cjs/react-dom.development.js:26020:5)
      at Object.render (node_modules/react-dom/cjs/react-dom.development.js:26103:10)
      at node_modules/@testing-library/react/dist/pure.js:101:25
      at batchedUpdates$1 (node_modules/react-dom/cjs/react-dom.development.js:22380:12)
      at act (node_modules/react-dom/cjs/react-dom-test-utils.development.js:1042:14)
      at render (node_modules/@testing-library/react/dist/pure.js:97:26)
      at Object.<anonymous> (src/pages/tBTC/Bridge/__tests__/DepositDetails.test.tsx:244:27)

  ● DepositDetails StarkNet › should show deposit type label for StarkNet

    TypeError: Cannot destructure property 'depositKey' of '(0 , _reactRouter.useParams)(...)' as it is undefined.

      79 |
      80 | export const DepositDetails: PageComponent = () => {
    > 81 |   const { depositKey } = useParams()
         |           ^
      82 |   const { state } = useLocation()
      83 |   const navigate = useNavigate()
      84 |   const dispatch = useAppDispatch()

      at DepositDetails (src/pages/tBTC/Bridge/DepositDetails.tsx:81:11)
      at renderWithHooks (node_modules/react-dom/cjs/react-dom.development.js:14985:18)
      at mountIndeterminateComponent (node_modules/react-dom/cjs/react-dom.development.js:17811:13)
      at beginWork (node_modules/react-dom/cjs/react-dom.development.js:19049:16)
      at HTMLUnknownElement.callCallback (node_modules/react-dom/cjs/react-dom.development.js:3945:14)
      at HTMLUnknownElement.callTheUserObjectsOperation (node_modules/jsdom/lib/jsdom/living/generated/EventListener.js:26:30)
      at innerInvokeEventListeners (node_modules/jsdom/lib/jsdom/living/events/EventTarget-impl.js:338:25)
      at invokeEventListeners (node_modules/jsdom/lib/jsdom/living/events/EventTarget-impl.js:274:3)
      at HTMLUnknownElementImpl._dispatch (node_modules/jsdom/lib/jsdom/living/events/EventTarget-impl.js:221:9)
      at HTMLUnknownElementImpl.dispatchEvent (node_modules/jsdom/lib/jsdom/living/events/EventTarget-impl.js:94:17)
      at HTMLUnknownElement.dispatchEvent (node_modules/jsdom/lib/jsdom/living/generated/EventTarget.js:231:34)
      at Object.invokeGuardedCallbackDev (node_modules/react-dom/cjs/react-dom.development.js:3994:16)
      at invokeGuardedCallback (node_modules/react-dom/cjs/react-dom.development.js:4056:31)
      at beginWork$1 (node_modules/react-dom/cjs/react-dom.development.js:23964:7)
      at performUnitOfWork (node_modules/react-dom/cjs/react-dom.development.js:22779:12)
      at workLoopSync (node_modules/react-dom/cjs/react-dom.development.js:22707:5)
      at renderRootSync (node_modules/react-dom/cjs/react-dom.development.js:22670:7)
      at performSyncWorkOnRoot (node_modules/react-dom/cjs/react-dom.development.js:22293:18)
      at scheduleUpdateOnFiber (node_modules/react-dom/cjs/react-dom.development.js:21881:7)
      at updateContainer (node_modules/react-dom/cjs/react-dom.development.js:25482:3)
      at node_modules/react-dom/cjs/react-dom.development.js:26021:7
      at unbatchedUpdates (node_modules/react-dom/cjs/react-dom.development.js:22431:12)
      at legacyRenderSubtreeIntoContainer (node_modules/react-dom/cjs/react-dom.development.js:26020:5)
      at Object.render (node_modules/react-dom/cjs/react-dom.development.js:26103:10)
      at node_modules/@testing-library/react/dist/pure.js:101:25
      at batchedUpdates$1 (node_modules/react-dom/cjs/react-dom.development.js:22380:12)
      at act (node_modules/react-dom/cjs/react-dom-test-utils.development.js:1042:14)
      at render (node_modules/@testing-library/react/dist/pure.js:97:26)
      at Object.<anonymous> (src/pages/tBTC/Bridge/__tests__/DepositDetails.test.tsx:274:27)

FAIL src/threshold-ts/tbtc/__test__/tbtc.test.ts
  ● Test suite failed to run

    Cannot find module '@keep-network/tbtc-v2.ts/dist/src/bitcoin' from 'src/threshold-ts/tbtc/__test__/tbtc.test.ts'

      3 | import TBTCToken from "@keep-network/tbtc-v2/artifacts/TBTC.json"
      4 | import { BigNumber, providers } from "ethers"
    > 5 | import {
        | ^
      6 |   computeHash160,
      7 |   decodeBitcoinAddress,
      8 |   TransactionHash,

      at Resolver.resolveModule (node_modules/jest-resolve/build/index.js:306:11)
      at Object.<anonymous> (src/threshold-ts/tbtc/__test__/tbtc.test.ts:5:1)

FAIL src/web3/hooks/__tests__/useContract.test.ts
  ● Test suite failed to run

    invalid signer or provider (argument="signerOrProvider", value={}, code=INVALID_ARGUMENT, version=contracts/5.6.2)

      163 |       ? providerOrSigner
      164 |       : (getProviderOrSigner(providerOrSigner as any, account) as any)
    > 165 |   return new Contract(address, abi, _providerOrSigner)
          |          ^
      166 | }
      167 |
      168 | interface EventFilterOptions {

      at Logger.Object.<anonymous>.Logger.makeError (node_modules/@ethersproject/logger/src.ts/index.ts:269:28)
      at Logger.Object.<anonymous>.Logger.throwError (node_modules/@ethersproject/logger/src.ts/index.ts:281:20)
      at Logger.Object.<anonymous>.Logger.throwArgumentError (node_modules/@ethersproject/logger/src.ts/index.ts:285:21)
      at Contract.BaseContract (node_modules/@ethersproject/contracts/src.ts/index.ts:674:20)
      at new Contract (node_modules/@ethersproject/contracts/lib/index.js:1053:42)
      at getContract (src/threshold-ts/utils/contract.ts:165:10)
      at new Multicall (src/threshold-ts/multicall/index.ts:61:9)
      at Threshold._initialize (src/threshold-ts/index.ts:24:22)
      at new Threshold (src/threshold-ts/index.ts:17:10)
      at getThresholdLib (src/utils/getThresholdLib.ts:70:10)
      at Object.<anonymous> (src/utils/getThresholdLib.ts:76:26)
      at Object.<anonymous> (src/web3/hooks/useContract.ts:4:1)
      at Object.<anonymous> (src/web3/hooks/__tests__/useContract.test.ts:4:1)

FAIL src/web3/hooks/__tests__/useSendTransaction.test.ts
  ● Test suite failed to run

    TypeError: Cannot read properties of undefined (reading 'base16')

    > 1 | import WalletConnectProvider from "@walletconnect/ethereum-provider"
        | ^
      2 | import { AbstractConnector } from "@web3-react/abstract-connector"
      3 | import { ConnectorUpdate } from "@web3-react/types"
      4 | import { EnvVariable } from "../../enums"

      at Object.<anonymous> (node_modules/uint8arrays/cjs/src/util/bases.js:42:21)
      at Object.<anonymous> (node_modules/uint8arrays/cjs/src/from-string.js:5:13)
      at Object.<anonymous> (node_modules/uint8arrays/cjs/src/index.js:8:18)
      at Object.<anonymous> (node_modules/@walletconnect/utils/dist/index.cjs.js:1:331)
      at Object.<anonymous> (node_modules/@walletconnect/ethereum-provider/dist/index.cjs.js:1:184)
      at Object.<anonymous> (src/web3/connectors/walletConnect.ts:1:1)
      at Object.<anonymous> (src/web3/connectors/index.ts:3:1)
      at Object.<anonymous> (src/web3/utils/connectors.ts:2:1)
      at Object.<anonymous> (src/hooks/posthog/useCaptureWalletConnectedEvent.ts:5:1)
      at Object.<anonymous> (src/hooks/posthog/usePosthog.ts:5:1)
      at Object.<anonymous> (src/hooks/posthog/index.ts:1:1)
      at Object.<anonymous> (src/hooks/useModal.ts:12:1)
      at src/web3/hooks/__tests__/useSendTransaction.test.ts:19:12
      at Object.<anonymous> (src/web3/hooks/useSendTransaction.ts:5:1)
      at Object.<anonymous> (src/web3/hooks/__tests__/useSendTransaction.test.ts:4:1)

FAIL src/components/Navbar/__tests__/NavbarStarknetIntegration.test.tsx
  ● Test suite failed to run

    TypeError: Cannot read properties of undefined (reading 'base16')

    > 1 | import WalletConnectProvider from "@walletconnect/ethereum-provider"
        | ^
      2 | import { AbstractConnector } from "@web3-react/abstract-connector"
      3 | import { ConnectorUpdate } from "@web3-react/types"
      4 | import { EnvVariable } from "../../enums"

      at Object.<anonymous> (node_modules/uint8arrays/cjs/src/util/bases.js:42:21)
      at Object.<anonymous> (node_modules/uint8arrays/cjs/src/from-string.js:5:13)
      at Object.<anonymous> (node_modules/uint8arrays/cjs/src/index.js:8:18)
      at Object.<anonymous> (node_modules/@walletconnect/utils/dist/index.cjs.js:1:331)
      at Object.<anonymous> (node_modules/@walletconnect/ethereum-provider/dist/index.cjs.js:1:184)
      at Object.<anonymous> (src/web3/connectors/walletConnect.ts:1:1)
      at Object.<anonymous> (src/web3/connectors/index.ts:3:1)
      at Object.<anonymous> (src/web3/utils/connectors.ts:2:1)
      at Object.<anonymous> (src/hooks/posthog/useCaptureWalletConnectedEvent.ts:5:1)
      at Object.<anonymous> (src/hooks/posthog/usePosthog.ts:5:1)
      at Object.<anonymous> (src/hooks/posthog/index.ts:1:1)
      at Object.<anonymous> (src/components/Navbar/AccountButton.tsx:11:1)
      at Object.<anonymous> (src/components/Navbar/NavbarComponent.tsx:17:1)
      at Object.<anonymous> (src/components/Navbar/__tests__/NavbarStarknetIntegration.test.tsx:5:1)

FAIL src/hooks/__tests__/useFetchTvl.test.tsx
  ● Test suite failed to run

    TypeError: Cannot read properties of undefined (reading 'base16')

    > 1 | import WalletConnectProvider from "@walletconnect/ethereum-provider"
        | ^
      2 | import { AbstractConnector } from "@web3-react/abstract-connector"
      3 | import { ConnectorUpdate } from "@web3-react/types"
      4 | import { EnvVariable } from "../../enums"

      at Object.<anonymous> (node_modules/uint8arrays/cjs/src/util/bases.js:42:21)
      at Object.<anonymous> (node_modules/uint8arrays/cjs/src/from-string.js:5:13)
      at Object.<anonymous> (node_modules/uint8arrays/cjs/src/index.js:8:18)
      at Object.<anonymous> (node_modules/@walletconnect/utils/dist/index.cjs.js:1:331)
      at Object.<anonymous> (node_modules/@walletconnect/ethereum-provider/dist/index.cjs.js:1:184)
      at Object.<anonymous> (src/web3/connectors/walletConnect.ts:1:1)
      at Object.<anonymous> (src/web3/connectors/index.ts:3:1)
      at Object.<anonymous> (src/web3/utils/connectors.ts:2:1)
      at Object.<anonymous> (src/hooks/posthog/useCaptureWalletConnectedEvent.ts:5:1)
      at Object.<anonymous> (src/hooks/posthog/usePosthog.ts:5:1)
      at Object.<anonymous> (src/hooks/posthog/index.ts:1:1)
      at Object.<anonymous> (src/hooks/useModal.ts:12:1)
      at Object.<anonymous> (src/web3/hooks/useSendTransaction.ts:5:1)
      at Object.<anonymous> (src/web3/hooks/index.ts:6:1)
      at src/hooks/__tests__/useFetchTvl.test.tsx:20:12
      at Object.<anonymous> (src/hooks/__tests__/useFetchTvl.test.tsx:4:1)

FAIL src/pages/tBTC/Bridge/Minting/__tests__/ProvideData.test.tsx
  ● Test suite failed to run

    TypeError: Cannot read properties of undefined (reading 'base16')

    > 1 | import WalletConnectProvider from "@walletconnect/ethereum-provider"
        | ^
      2 | import { AbstractConnector } from "@web3-react/abstract-connector"
      3 | import { ConnectorUpdate } from "@web3-react/types"
      4 | import { EnvVariable } from "../../enums"

      at Object.<anonymous> (node_modules/uint8arrays/cjs/src/util/bases.js:42:21)
      at Object.<anonymous> (node_modules/uint8arrays/cjs/src/from-string.js:5:13)
      at Object.<anonymous> (node_modules/uint8arrays/cjs/src/index.js:8:18)
      at Object.<anonymous> (node_modules/@walletconnect/utils/dist/index.cjs.js:1:331)
      at Object.<anonymous> (node_modules/@walletconnect/ethereum-provider/dist/index.cjs.js:1:184)
      at Object.<anonymous> (src/web3/connectors/walletConnect.ts:1:1)
      at Object.<anonymous> (src/web3/connectors/index.ts:3:1)
      at Object.<anonymous> (src/web3/utils/connectors.ts:2:1)
      at Object.<anonymous> (src/hooks/posthog/useCaptureWalletConnectedEvent.ts:5:1)
      at Object.<anonymous> (src/hooks/posthog/usePosthog.ts:5:1)
      at Object.<anonymous> (src/hooks/posthog/index.ts:1:1)
      at Object.<anonymous> (src/hooks/useModal.ts:12:1)
      at Object.<anonymous> (src/hooks/useConnectWallet.ts:5:1)
      at Object.<anonymous> (src/components/SubmitTxButton.tsx:4:1)
      at Object.<anonymous> (src/components/Forms/TokenAmountForm.tsx:11:1)
      at Object.<anonymous> (src/components/Forms/index.ts:1:1)
      at Object.<anonymous> (src/pages/tBTC/Bridge/Minting/ProvideData.tsx:8:1)
      at Object.<anonymous> (src/pages/tBTC/Bridge/Minting/__tests__/ProvideData.test.tsx:3:1)

FAIL src/components/Modal/SelectWalletModal/__tests__/ConnectStarknet.test.tsx
  ● Test suite failed to run

    TypeError: Cannot read properties of undefined (reading 'components')

      18 |
      19 | const variants = {
    > 20 |   ...defaultTheme.components.Badge.variants,
         |                   ^
      21 |   magic: variantMagic,
      22 |   subtle: (props: any) => {
      23 |     const { colorScheme: c, theme } = props

      at Object.<anonymous> (src/theme/Badge.ts:20:19)
      at Object.<anonymous> (src/theme/index.ts:8:1)
      at Object.<anonymous> (src/components/Modal/SelectWalletModal/__tests__/ConnectStarknet.test.tsx:6:1)

FAIL src/threshold-ts/__tests__/starknet-integration.test.ts
  ● Test suite failed to run

    Jest encountered an unexpected token

    This usually means that you are trying to import a file which Jest cannot parse, e.g. it's not plain JavaScript.

    By default, if Jest sees a Babel config, it will use that to transform your files, ignoring "node_modules".

    Here's what you can do:
     • If you are trying to use ECMAScript Modules, see https://jestjs.io/docs/en/ecmascript-modules for how to enable it.
     • To have some of your "node_modules" files transformed, you can specify a custom "transformIgnorePatterns" in your config.
     • If you need a custom transformation specify a "transform" option in your config.
     • If you simply want to mock your non-JS modules (e.g. binary assets) you can stub them out with the "moduleNameMapper" config option.

    You'll find more details and examples of these config options in the docs:
    https://jestjs.io/docs/en/configuration.html

    Details:

    /Users/leonardosaturnino/Documents/GitHub/tbtc-v2/typescript/node_modules/axios/index.js:1
    ({"Object.<anonymous>":function(module,exports,require,__dirname,__filename,global,jest){import axios from './lib/axios.js';
                                                                                             ^^^^^^

    SyntaxError: Cannot use import statement outside a module

      11 | import { Hex } from "../utils"
      12 | import { packRevealDepositParameters } from "../ethereum"
    > 13 | import axios from "axios"
         | ^
      14 |
      15 | /**
      16 |  * Configuration for StarkNetDepositor

      at Runtime.createScriptFromCode (node_modules/jest-runtime/build/index.js:1350:14)
      at Object.<anonymous> (../tbtc-v2/typescript/src/lib/starknet/starknet-depositor.ts:13:1)

FAIL src/pages/tBTC/Bridge/__tests__/TbtcBalanceCard.test.tsx
  ● Test suite failed to run

    TypeError: Cannot read properties of undefined (reading 'base16')

    > 1 | import WalletConnectProvider from "@walletconnect/ethereum-provider"
        | ^
      2 | import { AbstractConnector } from "@web3-react/abstract-connector"
      3 | import { ConnectorUpdate } from "@web3-react/types"
      4 | import { EnvVariable } from "../../enums"

      at Object.<anonymous> (node_modules/uint8arrays/cjs/src/util/bases.js:42:21)
      at Object.<anonymous> (node_modules/uint8arrays/cjs/src/from-string.js:5:13)
      at Object.<anonymous> (node_modules/uint8arrays/cjs/src/index.js:8:18)
      at Object.<anonymous> (node_modules/@walletconnect/utils/dist/index.cjs.js:1:331)
      at Object.<anonymous> (node_modules/@walletconnect/ethereum-provider/dist/index.cjs.js:1:184)
      at Object.<anonymous> (src/web3/connectors/walletConnect.ts:1:1)
      at Object.<anonymous> (src/web3/connectors/index.ts:3:1)
      at Object.<anonymous> (src/web3/utils/connectors.ts:2:1)
      at Object.<anonymous> (src/hooks/posthog/useCaptureWalletConnectedEvent.ts:5:1)
      at Object.<anonymous> (src/hooks/posthog/usePosthog.ts:5:1)
      at Object.<anonymous> (src/hooks/posthog/index.ts:1:1)
      at Object.<anonymous> (src/hooks/useModal.ts:12:1)
      at Object.<anonymous> (src/web3/hooks/useSendTransaction.ts:5:1)
      at Object.<anonymous> (src/web3/hooks/index.ts:6:1)
      at Object.<anonymous> (src/contexts/TokenContext.tsx:11:1)
      at Object.<anonymous> (src/hooks/useToken.ts:2:1)
      at Object.<anonymous> (src/pages/tBTC/Bridge/__tests__/TbtcBalanceCard.test.tsx:4:1)

FAIL src/hooks/tbtc/__tests__/useStarknetTBTCBalance.test.ts
  ● useStarknetTBTCBalance › should handle l2TbtcToken not being available

    expect(received).toBe(expected) // Object.is equality

    Expected: false
    Received: true

    [36m<html>[39m
      [36m<head />[39m
      [36m<body />[39m
    [36m</html>[39m

      184 |
      185 |     await waitFor(() => {
    > 186 |       expect(result.current.isLoading).toBe(false)
          |                                        ^
      187 |     })
      188 |
      189 |     expect(result.current.balance).toBe("0")

      at src/hooks/tbtc/__tests__/useStarknetTBTCBalance.test.ts:186:40
      at runWithExpensiveErrorDiagnosticsDisabled (node_modules/@testing-library/dom/dist/config.js:51:12)
      at checkCallback (node_modules/@testing-library/dom/dist/wait-for.js:127:77)
      at checkRealTimersCallback (node_modules/@testing-library/dom/dist/wait-for.js:119:16)
      at Timeout.task [as _onTimeout] (node_modules/jsdom/lib/jsdom/browser/Window.js:516:19)


Test Suites: 24 failed, 22 passed, 46 total
Tests:       48 failed, 226 passed, 274 total
Snapshots:   0 total
Time:        4.712 s
Ran all test suites.
error Command failed with exit code 1.
info Visit https://yarnpkg.com/en/docs/cli/run for documentation about this command.
